 (1788766204.520575)  can0  701   [1]  00
 (1788766204.546933)  can0  601   [8]  2B 17 10 00 E8 03 00 00
 (1788766204.547299)  can0  581   [8]  60 17 10 00 00 00 00 00
 (1788766205.046124)  can0  701   [1]  7F
 (1788766205.048116)  can0  601   [8]  40 60 60 00 00 00 00 00
 (1788766205.048424)  can0  581   [8]  4F 60 60 00 03 00 00 00
 (1788766205.050084)  can0  601   [8]  40 61 60 00 00 00 00 00
 (1788766205.050356)  can0  581   [8]  4F 61 60 00 03 00 00 00
 (1788766205.052020)  can0  601   [8]  40 FF 60 01 00 00 00 00
 (1788766205.052355)  can0  581   [8]  43 FF 60 01 00 00 00 00
 (1788766205.054074)  can0  601   [8]  40 FF 60 02 00 00 00 00
 (1788766205.054351)  can0  581   [8]  43 FF 60 02 00 00 00 00
 (1788766205.056017)  can0  601   [8]  40 3F 60 00 00 00 00 00
 (1788766205.056344)  can0  581   [8]  43 3F 60 00 00 00 00 00
 (1788766205.058074)  can0  601   [8]  40 6C 60 01 00 00 00 00
 (1788766205.058394)  can0  581   [8]  43 6C 60 01 00 00 00 00
 (1788766205.060069)  can0  601   [8]  40 6C 60 02 00 00 00 00
 (1788766205.060390)  can0  581   [8]  43 6C 60 02 00 00 00 00
 (1788766205.062072)  can0  601   [8]  40 6C 60 03 00 00 00 00
 (1788766205.062387)  can0  581   [8]  43 6C 60 03 00 00 00 00
 (1788766205.064091)  can0  601   [8]  23 FF 60 01 00 00 00 00
 (1788766205.064391)  can0  581   [8]  60 FF 60 01 00 00 00 00
 (1788766205.066014)  can0  601   [8]  40 FF 60 01 00 00 00 00
 (1788766205.066328)  can0  581   [8]  43 FF 60 01 00 00 00 00
 (1788766205.068086)  can0  601   [8]  23 FF 60 02 00 00 00 00
 (1788766205.068382)  can0  581   [8]  60 FF 60 02 00 00 00 00
 (1788766205.070013)  can0  601   [8]  40 FF 60 02 00 00 00 00
 (1788766205.070434)  can0  581   [8]  43 FF 60 02 00 00 00 00
 (1788766205.071965)  can0  000   [2]  01 01
 (1788766205.072363)  can0  181   [8]  00 14 00 14 00 00 00 00
 (1788766205.072406)  can0  281   [0] 
 (1788766205.072561)  can0  381   [0] 
 (1788766205.072602)  can0  481   [0] 
 (1788766205.122317)  can0  181   [8]  00 14 00 14 00 00 00 00
 (1788766205.172268)  can0  181   [8]  00 14 00 14 00 00 00 00
 (1788766205.222216)  can0  181   [8]  00 14 00 14 00 00 00 00
 (1788766205.272168)  can0  181   [8]  00 14 00 14 00 00 00 00
 (1788766205.322118)  can0  181   [8]  00 14 00 14 00 00 00 00
 (1788766205.372068)  can0  181   [8]  00 14 00 14 00 00 00 00
 (1788766205.422019)  can0  181   [8]  00 14 00 14 00 00 00 00
 (1788766205.471968)  can0  181   [8]  00 14 00 14 00 00 00 00
 (1788766205.521919)  can0  181   [8]  00 14 00 14 00 00 00 00
 (1788766205.545241)  can0  701   [1]  05
 (1788766205.547086)  can0  601   [8]  2F 60 60 00 03 00 00 00
 (1788766205.547428)  can0  581   [8]  60 60 60 00 00 00 00 00
 (1788766205.549072)  can0  601   [8]  40 61 60 00 00 00 00 00
 (1788766205.549416)  can0  581   [8]  4F 61 60 00 03 00 00 00
 (1788766205.551086)  can0  601   [8]  2B 40 60 00 06 00 00 00
 (1788766205.551419)  can0  581   [8]  60 40 60 00 00 00 00 00
 (1788766205.571866)  can0  181   [8]  21 14 21 14 00 00 00 00
 (1788766205.574081)  can0  601   [8]  40 6C 60 01 00 00 00 00
 (1788766205.574424)  can0  581   [8]  43 6C 60 01 00 00 00 00
 (1788766205.576069)  can0  601   [8]  40 6C 60 02 00 00 00 00
 (1788766205.576360)  can0  581   [8]  43 6C 60 02 00 00 00 00
 (1788766205.578073)  can0  601   [8]  40 6C 60 03 00 00 00 00
 (1788766205.578414)  can0  581   [8]  43 6C 60 03 00 00 00 00
 (1788766205.580024)  can0  601   [8]  2B 40 60 00 07 00 00 00
 (1788766205.580417)  can0  581   [8]  60 40 60 00 00 00 00 00
 (1788766205.621808)  can0  181   [8]  23 14 23 14 00 00 00 00
 (1788766205.623088)  can0  601   [8]  40 6C 60 01 00 00 00 00
 (1788766205.623429)  can0  581   [8]  43 6C 60 01 00 00 00 00
 (1788766205.625071)  can0  601   [8]  40 6C 60 02 00 00 00 00
 (1788766205.625378)  can0  581   [8]  43 6C 60 02 00 00 00 00
 (1788766205.627071)  can0  601   [8]  40 6C 60 03 00 00 00 00
 (1788766205.627422)  can0  581   [8]  43 6C 60 03 00 00 00 00
 (1788766205.629080)  can0  601   [8]  2B 40 60 00 0F 00 00 00
 (1788766205.629424)  can0  581   [8]  60 40 60 00 00 00 00 00
 (1788766205.671760)  can0  181   [8]  27 14 27 14 00 00 00 00
 (1788766205.674076)  can0  601   [8]  40 6C 60 01 00 00 00 00
 (1788766205.674382)  can0  581   [8]  43 6C 60 01 00 00 00 00
 (1788766205.676069)  can0  601   [8]  40 6C 60 02 00 00 00 00
 (1788766205.676318)  can0  581   [8]  43 6C 60 02 00 00 00 00
 (1788766205.678073)  can0  601   [8]  40 6C 60 03 00 00 00 00
 (1788766205.678380)  can0  581   [8]  43 6C 60 03 00 00 00 00
 (1788766205.680079)  can0  601   [8]  23 FF 60 01 00 00 00 00
 (1788766205.680432)  can0  581   [8]  60 FF 60 01 00 00 00 00
 (1788766205.682063)  can0  601   [8]  40 FF 60 01 00 00 00 00
 (1788766205.682374)  can0  581   [8]  43 FF 60 01 00 00 00 00
 (1788766205.684078)  can0  601   [8]  23 FF 60 02 00 00 00 00
 (1788766205.684365)  can0  581   [8]  60 FF 60 02 00 00 00 00
 (1788766205.686009)  can0  601   [8]  40 FF 60 02 00 00 00 00
 (1788766205.686362)  can0  581   [8]  43 FF 60 02 00 00 00 00
 (1788766205.688074)  can0  601   [8]  2B 40 60 00 06 00 00 00
 (1788766205.688359)  can0  581   [8]  60 40 60 00 00 00 00 00
 (1788766205.721716)  can0  181   [8]  21 14 21 14 00 00 00 00
 (1788766205.722085)  can0  601   [8]  40 6C 60 01 00 00 00 00
 (1788766205.722402)  can0  581   [8]  43 6C 60 01 00 00 00 00
 (1788766205.724065)  can0  601   [8]  40 6C 60 02 00 00 00 00
 (1788766205.724399)  can0  581   [8]  43 6C 60 02 00 00 00 00
 (1788766205.726066)  can0  601   [8]  40 6C 60 03 00 00 00 00
 (1788766205.726336)  can0  581   [8]  43 6C 60 03 00 00 00 00
 (1788766205.727962)  can0  000   [2]  80 01
 (1788766206.044309)  can0  701   [1]  7F
 (1788766206.543380)  can0  701   [1]  7F
 (1788766207.042388)  can0  701   [1]  7F
 (1788766207.541449)  can0  701   [1]  7F
 (1788766208.040515)  can0  701   [1]  7F
 (1788766208.539581)  can0  701   [1]  7F
 (1788766209.038591)  can0  701   [1]  7F
 (1788766209.537653)  can0  701   [1]  7F
 (1788766210.036720)  can0  701   [1]  7F
 (1788766210.535786)  can0  701   [1]  7F
 (1788766211.034795)  can0  701   [1]  7F
 (1788766211.533857)  can0  701   [1]  7F
 (1788766212.032926)  can0  701   [1]  7F
 (1788766212.531991)  can0  701   [1]  7F
 (1788766213.030996)  can0  701   [1]  7F
 (1788766213.530062)  can0  701   [1]  7F
 (1788766214.029127)  can0  701   [1]  7F
 (1788766214.528192)  can0  701   [1]  7F
 (1788766215.027198)  can0  701   [1]  7F
 (1788766215.526263)  can0  701   [1]  7F
 (1788766216.025330)  can0  701   [1]  7F
 (1788766216.524339)  can0  701   [1]  7F
 (1788766217.023400)  can0  701   [1]  7F
 (1788766217.522465)  can0  701   [1]  7F
 (1788766218.021531)  can0  701   [1]  7F
 (1788766218.520536)  can0  701   [1]  7F
 (1788766219.019599)  can0  701   [1]  7F
 (1788766219.518664)  can0  701   [1]  7F
 (1788766220.017730)  can0  701   [1]  7F
 (1788766220.516734)  can0  701   [1]  7F
 (1788766221.015799)  can0  701   [1]  7F
 (1788766221.514865)  can0  701   [1]  7F
 (1788766222.013928)  can0  701   [1]  7F
 (1788766222.512932)  can0  701   [1]  7F
 (1788766223.011997)  can0  701   [1]  7F
 (1788766223.511064)  can0  701   [1]  7F
 (1788766224.010126)  can0  701   [1]  7F
 (1788766224.509131)  can0  701   [1]  7F
 (1788766225.008197)  can0  701   [1]  7F
 (1788766225.507260)  can0  701   [1]  7F
 (1788766226.006272)  can0  701   [1]  7F
 (1788766226.505331)  can0  701   [1]  7F
 (1788766227.004394)  can0  701   [1]  7F
 (1788766227.503462)  can0  701   [1]  7F
 (1788766228.002464)  can0  701   [1]  7F
 (1788766228.501527)  can0  701   [1]  7F
 (1788766229.000591)  can0  701   [1]  7F
 (1788766229.499654)  can0  701   [1]  7F
 (1788766229.998657)  can0  701   [1]  7F
 (1788766230.497722)  can0  701   [1]  7F
 (1788766230.996788)  can0  701   [1]  7F
 (1788766231.495850)  can0  701   [1]  7F
 (1788766231.994854)  can0  701   [1]  7F
 (1788766232.493918)  can0  701   [1]  7F
 (1788766232.992983)  can0  701   [1]  7F
 (1788766233.492046)  can0  701   [1]  7F
 (1788766233.991113)  can0  701   [1]  7F
 (1788766234.490177)  can0  701   [1]  7F
 (1788766234.989239)  can0  701   [1]  7F
 (1788766235.488308)  can0  701   [1]  7F
 (1788766235.987369)  can0  701   [1]  7F
 (1788766236.486431)  can0  701   [1]  7F
 (1788766236.985497)  can0  701   [1]  7F
 (1788766237.484562)  can0  701   [1]  7F
 (1788766237.983624)  can0  701   [1]  7F
 (1788766238.482628)  can0  701   [1]  7F
 (1788766238.981692)  can0  701   [1]  7F
 (1788766239.480756)  can0  701   [1]  7F
 (1788766239.979817)  can0  701   [1]  7F
 (1788766240.478822)  can0  701   [1]  7F
 (1788766240.977888)  can0  701   [1]  7F
 (1788766241.476952)  can0  701   [1]  7F
 (1788766241.975956)  can0  701   [1]  7F
 (1788766242.475018)  can0  701   [1]  7F
 (1788766242.974082)  can0  701   [1]  7F
 (1788766243.473145)  can0  701   [1]  7F
 (1788766243.972148)  can0  701   [1]  7F
 (1788766244.471211)  can0  701   [1]  7F
 (1788766244.970276)  can0  701   [1]  7F
 (1788766245.469338)  can0  701   [1]  7F
 (1788766245.968342)  can0  701   [1]  7F
 (1788766246.467404)  can0  701   [1]  7F
 (1788766246.966468)  can0  701   [1]  7F
 (1788766247.465528)  can0  701   [1]  7F
 (1788766247.964534)  can0  701   [1]  7F
 (1788766248.463599)  can0  701   [1]  7F
 (1788766248.962663)  can0  701   [1]  7F
 (1788766249.461721)  can0  701   [1]  7F
 (1788766249.960727)  can0  701   [1]  7F
 (1788766250.459791)  can0  701   [1]  7F
 (1788766250.958854)  can0  701   [1]  7F
 (1788766251.457858)  can0  701   [1]  7F
 (1788766251.956919)  can0  701   [1]  7F
 (1788766252.455985)  can0  701   [1]  7F
 (1788766252.955048)  can0  701   [1]  7F
 (1788766253.454050)  can0  701   [1]  7F
 (1788766253.953112)  can0  701   [1]  7F
 (1788766254.452175)  can0  701   [1]  7F
 (1788766254.951239)  can0  701   [1]  7F
 (1788766255.450240)  can0  701   [1]  7F
 (1788766255.949304)  can0  701   [1]  7F
 (1788766256.448367)  can0  701   [1]  7F
 (1788766256.947430)  can0  701   [1]  7F
 (1788766257.446494)  can0  701   [1]  7F
 (1788766257.945556)  can0  701   [1]  7F
 (1788766258.444618)  can0  701   [1]  7F
 (1788766258.943623)  can0  701   [1]  7F
 (1788766259.442685)  can0  701   [1]  7F
 (1788766259.941748)  can0  701   [1]  7F
 (1788766260.440756)  can0  701   [1]  7F
 (1788766260.939813)  can0  701   [1]  7F
 (1788766261.438877)  can0  701   [1]  7F
 (1788766261.937939)  can0  701   [1]  7F
 (1788766262.436943)  can0  701   [1]  7F
 (1788766262.936004)  can0  701   [1]  7F
 (1788766263.435067)  can0  701   [1]  7F
 (1788766263.934130)  can0  701   [1]  7F
 (1788766264.433132)  can0  701   [1]  7F
 (1788766264.932194)  can0  701   [1]  7F
 (1788766265.431258)  can0  701   [1]  7F
 (1788766265.930318)  can0  701   [1]  7F
 (1788766266.429321)  can0  701   [1]  7F
 (1788766266.928383)  can0  701   [1]  7F
 (1788766267.427446)  can0  701   [1]  7F
 (1788766267.926506)  can0  701   [1]  7F
 (1788766268.425510)  can0  701   [1]  7F
 (1788766268.924573)  can0  701   [1]  7F
 (1788766269.423640)  can0  701   [1]  7F
 (1788766269.922645)  can0  701   [1]  7F
 (1788766270.421700)  can0  701   [1]  7F
 (1788766270.920761)  can0  701   [1]  7F
 (1788766271.419825)  can0  701   [1]  7F
 (1788766271.918830)  can0  701   [1]  7F
 (1788766272.417889)  can0  701   [1]  7F
 (1788766272.916951)  can0  701   [1]  7F
 (1788766273.416016)  can0  701   [1]  7F
 (1788766273.915015)  can0  701   [1]  7F
 (1788766274.414080)  can0  701   [1]  7F
 (1788766274.913143)  can0  701   [1]  7F
 (1788766275.412202)  can0  701   [1]  7F
 (1788766275.911206)  can0  701   [1]  7F
 (1788766276.410269)  can0  701   [1]  7F
 (1788766276.909331)  can0  701   [1]  7F
 (1788766277.408391)  can0  701   [1]  7F
 (1788766277.907393)  can0  701   [1]  7F
 (1788766278.406456)  can0  701   [1]  7F
 (1788766278.905518)  can0  701   [1]  7F
 (1788766279.404576)  can0  701   [1]  7F
 (1788766279.903583)  can0  701   [1]  7F
 (1788766280.402644)  can0  701   [1]  7F
 (1788766280.901711)  can0  701   [1]  7F
 (1788766281.400767)  can0  701   [1]  7F
 (1788766281.899775)  can0  701   [1]  7F
 (1788766282.398831)  can0  701   [1]  7F
 (1788766282.897894)  can0  701   [1]  7F
 (1788766283.396896)  can0  701   [1]  7F
 (1788766283.895957)  can0  701   [1]  7F
 (1788766284.395019)  can0  701   [1]  7F
 (1788766284.894083)  can0  701   [1]  7F
 (1788766285.393082)  can0  701   [1]  7F
 (1788766285.892146)  can0  701   [1]  7F
 (1788766286.391209)  can0  701   [1]  7F
 (1788766286.890266)  can0  701   [1]  7F
 (1788766287.389272)  can0  701   [1]  7F
 (1788766287.888333)  can0  701   [1]  7F
 (1788766288.387397)  can0  701   [1]  7F
 (1788766288.886452)  can0  701   [1]  7F
 (1788766289.385457)  can0  701   [1]  7F
 (1788766289.884520)  can0  701   [1]  7F
 (1788766290.383581)  can0  701   [1]  7F
 (1788766290.882588)  can0  701   [1]  7F
 (1788766291.381644)  can0  701   [1]  7F
 (1788766291.880707)  can0  701   [1]  7F
 (1788766292.379769)  can0  701   [1]  7F
 (1788766292.878772)  can0  701   [1]  7F
 (1788766293.377837)  can0  701   [1]  7F
 (1788766293.876894)  can0  701   [1]  7F
 (1788766294.375955)  can0  701   [1]  7F
 (1788766294.874956)  can0  701   [1]  7F
 (1788766295.374017)  can0  701   [1]  7F
 (1788766295.873080)  can0  701   [1]  7F
 (1788766296.372139)  can0  701   [1]  7F
 (1788766296.871140)  can0  701   [1]  7F
 (1788766297.370205)  can0  701   [1]  7F
 (1788766297.869268)  can0  701   [1]  7F
 (1788766298.368323)  can0  701   [1]  7F
 (1788766298.867329)  can0  701   [1]  7F
 (1788766299.366391)  can0  701   [1]  7F
 (1788766299.865452)  can0  701   [1]  7F
 (1788766300.364456)  can0  701   [1]  7F
 (1788766300.863515)  can0  701   [1]  7F
 (1788766301.362578)  can0  701   [1]  7F
 (1788766301.861638)  can0  701   [1]  7F
 (1788766302.360639)  can0  701   [1]  7F
 (1788766302.859699)  can0  701   [1]  7F
 (1788766303.358762)  can0  701   [1]  7F
 (1788766303.857823)  can0  701   [1]  7F
 (1788766304.356825)  can0  701   [1]  7F
 (1788766304.855885)  can0  701   [1]  7F
 (1788766305.354947)  can0  701   [1]  7F
 (1788766305.854009)  can0  701   [1]  7F
 (1788766306.353010)  can0  701   [1]  7F
 (1788766306.852068)  can0  701   [1]  7F
 (1788766307.351132)  can0  701   [1]  7F
 (1788766307.850192)  can0  701   [1]  7F
 (1788766308.349193)  can0  701   [1]  7F
 (1788766308.848255)  can0  701   [1]  7F
 (1788766309.347317)  can0  701   [1]  7F
 (1788766309.846322)  can0  701   [1]  7F
 (1788766310.345379)  can0  701   [1]  7F
 (1788766310.844441)  can0  701   [1]  7F
 (1788766311.343502)  can0  701   [1]  7F
 (1788766311.842505)  can0  701   [1]  7F
 (1788766312.341564)  can0  701   [1]  7F
 (1788766312.840626)  can0  701   [1]  7F
 (1788766313.339686)  can0  701   [1]  7F
 (1788766313.838686)  can0  701   [1]  7F
 (1788766314.337748)  can0  701   [1]  7F
 (1788766314.836809)  can0  701   [1]  7F
 (1788766315.335869)  can0  701   [1]  7F
 (1788766315.834934)  can0  701   [1]  7F
 (1788766316.333999)  can0  701   [1]  7F
 (1788766316.833069)  can0  701   [1]  7F
 (1788766317.332124)  can0  701   [1]  7F
 (1788766317.343433)  can0  601   [8]  2B 17 10 00 00 00 00 00
 (1788766317.343783)  can0  581   [8]  60 17 10 00 00 00 00 00
