 (1788863593.401016)  can0  601   [8]  40 17 10 00 00 00 00 00
 (1788863593.401347)  can0  581   [8]  4B 17 10 00 00 00 00 00
 (1788863593.402947)  can0  601   [8]  2B 17 10 00 F4 01 00 00
 (1788863593.403288)  can0  581   [8]  60 17 10 00 00 00 00 00
 (1788863593.404934)  can0  601   [8]  40 17 10 00 00 00 00 00
 (1788863593.405269)  can0  581   [8]  4B 17 10 00 F4 01 00 00
 (1788863593.652725)  can0  701   [1]  7F
 (1788863593.654941)  can0  601   [8]  40 60 60 00 00 00 00 00
 (1788863593.655278)  can0  581   [8]  4F 60 60 00 03 00 00 00
 (1788863593.656939)  can0  601   [8]  40 61 60 00 00 00 00 00
 (1788863593.657276)  can0  581   [8]  4F 61 60 00 03 00 00 00
 (1788863593.658936)  can0  601   [8]  40 FF 60 01 00 00 00 00
 (1788863593.659271)  can0  581   [8]  43 FF 60 01 00 00 00 00
 (1788863593.660937)  can0  601   [8]  40 FF 60 02 00 00 00 00
 (1788863593.661268)  can0  581   [8]  43 FF 60 02 00 00 00 00
 (1788863593.662940)  can0  601   [8]  40 3F 60 00 00 00 00 00
 (1788863593.663267)  can0  581   [8]  43 3F 60 00 00 00 00 00
 (1788863593.664940)  can0  601   [8]  40 6C 60 01 00 00 00 00
 (1788863593.665254)  can0  581   [8]  43 6C 60 01 00 00 00 00
 (1788863593.666939)  can0  601   [8]  40 6C 60 02 00 00 00 00
 (1788863593.667250)  can0  581   [8]  43 6C 60 02 00 00 00 00
 (1788863593.668938)  can0  601   [8]  40 6C 60 03 00 00 00 00
 (1788863593.669250)  can0  581   [8]  43 6C 60 03 00 00 00 00
 (1788863593.670942)  can0  601   [8]  40 0F 20 00 00 00 00 00
 (1788863593.671301)  can0  581   [8]  4B 0F 20 00 01 00 00 00
 (1788863593.672939)  can0  601   [8]  2B 0F 20 00 00 00 00 00
 (1788863593.673307)  can0  581   [8]  60 0F 20 00 00 00 00 00
 (1788863593.674941)  can0  601   [8]  40 0F 20 00 00 00 00 00
 (1788863593.675303)  can0  581   [8]  4B 0F 20 00 00 00 00 00
 (1788863593.676951)  can0  601   [8]  23 FF 60 01 00 00 00 00
 (1788863593.677294)  can0  581   [8]  60 FF 60 01 00 00 00 00
 (1788863593.678936)  can0  601   [8]  40 FF 60 01 00 00 00 00
 (1788863593.679292)  can0  581   [8]  43 FF 60 01 00 00 00 00
 (1788863593.680950)  can0  601   [8]  23 FF 60 02 00 00 00 00
 (1788863593.681286)  can0  581   [8]  60 FF 60 02 00 00 00 00
 (1788863593.682941)  can0  601   [8]  40 FF 60 02 00 00 00 00
 (1788863593.683282)  can0  581   [8]  43 FF 60 02 00 00 00 00
 (1788863593.684833)  can0  000   [2]  01 01
 (1788863593.685159)  can0  181   [8]  21 14 21 14 00 00 00 00
 (1788863593.685254)  can0  281   [0] 
 (1788863593.685356)  can0  381   [0] 
 (1788863593.685453)  can0  481   [0] 
 (1788863593.735160)  can0  181   [8]  21 14 21 14 00 00 00 00
 (1788863593.785111)  can0  181   [8]  21 14 21 14 00 00 00 00
 (1788863593.835062)  can0  181   [8]  21 14 21 14 00 00 00 00
 (1788863593.885013)  can0  181   [8]  21 14 21 14 00 00 00 00
 (1788863593.902291)  can0  701   [1]  05
 (1788863593.903942)  can0  601   [8]  2F 60 60 00 03 00 00 00
 (1788863593.904290)  can0  581   [8]  60 60 60 00 00 00 00 00
 (1788863593.905935)  can0  601   [8]  40 61 60 00 00 00 00 00
 (1788863593.906279)  can0  581   [8]  4F 61 60 00 03 00 00 00
 (1788863593.907948)  can0  601   [8]  2B 40 60 00 06 00 00 00
 (1788863593.908281)  can0  581   [8]  60 40 60 00 00 00 00 00
 (1788863593.934966)  can0  181   [8]  21 14 21 14 00 00 00 00
 (1788863593.936947)  can0  601   [8]  40 6C 60 01 00 00 00 00
 (1788863593.937276)  can0  581   [8]  43 6C 60 01 00 00 00 00
 (1788863593.938937)  can0  601   [8]  40 6C 60 02 00 00 00 00
 (1788863593.939268)  can0  581   [8]  43 6C 60 02 00 00 00 00
 (1788863593.940937)  can0  601   [8]  40 6C 60 03 00 00 00 00
 (1788863593.941261)  can0  581   [8]  43 6C 60 03 00 00 00 00
 (1788863593.942946)  can0  601   [8]  2B 40 60 00 07 00 00 00
 (1788863593.943269)  can0  581   [8]  60 40 60 00 00 00 00 00
 (1788863593.984912)  can0  181   [8]  23 14 23 14 00 00 00 00
 (1788863593.986941)  can0  601   [8]  40 6C 60 01 00 00 00 00
 (1788863593.987283)  can0  581   [8]  43 6C 60 01 00 00 00 00
 (1788863593.988936)  can0  601   [8]  40 6C 60 02 00 00 00 00
 (1788863593.989272)  can0  581   [8]  43 6C 60 02 00 00 00 00
 (1788863593.990938)  can0  601   [8]  40 6C 60 03 00 00 00 00
 (1788863593.991268)  can0  581   [8]  43 6C 60 03 00 00 00 00
 (1788863593.992947)  can0  601   [8]  2B 40 60 00 0F 00 00 00
 (1788863593.993274)  can0  581   [8]  60 40 60 00 00 00 00 00
 (1788863594.034877)  can0  181   [8]  27 14 27 14 00 00 00 00
 (1788863594.036941)  can0  601   [8]  40 6C 60 01 00 00 00 00
 (1788863594.037249)  can0  581   [8]  43 6C 60 01 00 00 00 00
 (1788863594.038935)  can0  601   [8]  40 6C 60 02 00 00 00 00
 (1788863594.039239)  can0  581   [8]  43 6C 60 02 00 00 00 00
 (1788863594.040936)  can0  601   [8]  40 6C 60 03 00 00 00 00
 (1788863594.041283)  can0  581   [8]  43 6C 60 03 00 00 00 00
 (1788863594.042959)  can0  601   [8]  23 FF 60 02 05 00 00 00
 (1788863594.043287)  can0  581   [8]  60 FF 60 02 00 00 00 00
 (1788863594.044936)  can0  601   [8]  40 FF 60 02 00 00 00 00
 (1788863594.045279)  can0  581   [8]  43 FF 60 02 05 00 00 00
 (1788863594.084884)  can0  181   [8]  27 14 27 44 00 00 00 00
 (1788863594.134844)  can0  181   [8]  27 14 27 44 00 00 00 00
 (1788863594.151793)  can0  701   [1]  05
 (1788863594.184853)  can0  181   [8]  27 14 27 44 00 00 00 00
 (1788863594.234809)  can0  181   [8]  27 14 27 44 00 00 00 00
 (1788863594.284810)  can0  181   [8]  27 14 27 44 00 00 00 00
 (1788863594.334711)  can0  181   [8]  27 14 27 44 00 00 00 00
 (1788863594.384661)  can0  181   [8]  27 14 27 44 00 00 00 00
 (1788863594.401359)  can0  701   [1]  05
 (1788863594.434612)  can0  181   [8]  27 14 27 44 00 00 00 00
 (1788863594.484564)  can0  181   [8]  27 14 27 44 00 00 00 00
 (1788863594.534516)  can0  181   [8]  27 14 27 44 00 00 00 00
 (1788863594.584467)  can0  181   [8]  27 14 27 44 00 00 00 00
 (1788863594.634418)  can0  181   [8]  27 14 27 44 00 00 00 00
 (1788863594.650866)  can0  701   [1]  05
 (1788863594.684368)  can0  181   [8]  27 14 27 44 00 00 00 00
 (1788863594.734319)  can0  181   [8]  27 14 27 44 00 00 00 00
 (1788863594.784270)  can0  181   [8]  27 14 27 44 00 00 00 00
 (1788863594.834223)  can0  181   [8]  27 14 27 44 00 00 00 00
 (1788863594.884174)  can0  181   [8]  27 14 27 44 00 00 00 00
 (1788863594.900434)  can0  701   [1]  05
 (1788863594.934126)  can0  181   [8]  27 14 27 44 00 00 00 00
 (1788863594.984075)  can0  181   [8]  27 14 27 44 00 00 00 00
 (1788863595.034026)  can0  181   [8]  27 14 27 44 00 00 00 00
 (1788863595.083977)  can0  181   [8]  27 14 27 44 00 00 00 00
 (1788863595.133930)  can0  181   [8]  27 14 27 44 00 00 00 00
 (1788863595.149940)  can0  701   [1]  05
 (1788863595.183880)  can0  181   [8]  27 14 27 44 00 00 00 00
 (1788863595.233832)  can0  181   [8]  27 14 27 44 00 00 00 00
 (1788863595.283782)  can0  181   [8]  27 14 27 44 00 00 00 00
 (1788863595.333734)  can0  181   [8]  27 14 27 44 00 00 00 00
 (1788863595.383684)  can0  181   [8]  27 14 27 44 00 00 00 00
 (1788863595.399509)  can0  701   [1]  05
 (1788863595.433636)  can0  181   [8]  27 14 27 44 00 00 00 00
 (1788863595.483587)  can0  181   [8]  27 14 27 44 00 00 00 00
 (1788863595.533538)  can0  181   [8]  27 14 27 44 00 00 00 00
 (1788863595.583489)  can0  181   [8]  27 14 27 44 00 00 00 00
 (1788863595.633439)  can0  181   [8]  27 14 27 44 00 00 00 00
 (1788863595.649015)  can0  701   [1]  05
 (1788863595.683390)  can0  181   [8]  27 14 27 44 00 00 00 00
 (1788863595.733342)  can0  181   [8]  27 14 27 44 00 00 00 00
 (1788863595.783292)  can0  181   [8]  27 14 27 44 00 00 00 00
 (1788863595.833245)  can0  181   [8]  27 14 27 44 00 00 00 00
 (1788863595.883195)  can0  181   [8]  27 14 27 44 00 00 00 00
 (1788863595.898581)  can0  701   [1]  05
 (1788863595.933206)  can0  181   [8]  27 14 27 44 00 00 00 00
 (1788863595.983159)  can0  181   [8]  27 14 27 44 00 00 00 00
 (1788863596.033155)  can0  181   [8]  27 14 27 44 00 00 00 00
 (1788863596.043838)  can0  000   [2]  02 01
 (1788863596.148161)  can0  701   [1]  04
 (1788863596.149828)  can0  000   [2]  80 01
 (1788863596.150137)  can0  601   [8]  23 FF 60 01 00 00 00 00
 (1788863596.150400)  can0  581   [8]  60 FF 60 01 00 00 00 00
 (1788863596.151933)  can0  601   [8]  40 FF 60 01 00 00 00 00
 (1788863596.152221)  can0  581   [8]  43 FF 60 01 00 00 00 00
 (1788863596.153945)  can0  601   [8]  23 FF 60 02 00 00 00 00
 (1788863596.154260)  can0  581   [8]  60 FF 60 02 00 00 00 00
 (1788863596.155929)  can0  601   [8]  40 FF 60 02 00 00 00 00
 (1788863596.156217)  can0  581   [8]  43 FF 60 02 00 00 00 00
 (1788863596.397722)  can0  701   [1]  7F
 (1788863596.399825)  can0  000   [2]  01 01
 (1788863596.400160)  can0  181   [8]  27 14 27 14 00 00 00 00
 (1788863596.400256)  can0  281   [0] 
 (1788863596.400356)  can0  381   [0] 
 (1788863596.400454)  can0  481   [0] 
 (1788863596.450115)  can0  181   [8]  27 14 27 14 00 00 00 00
 (1788863596.500068)  can0  181   [8]  27 14 27 14 00 00 00 00
 (1788863596.550017)  can0  181   [8]  27 14 27 14 00 00 00 00
 (1788863596.599968)  can0  181   [8]  27 14 27 14 00 00 00 00
 (1788863596.647225)  can0  701   [1]  05
 (1788863596.648943)  can0  601   [8]  23 FF 60 01 00 00 00 00
 (1788863596.649282)  can0  581   [8]  60 FF 60 01 00 00 00 00
 (1788863596.649918)  can0  181   [8]  27 14 27 14 00 00 00 00
 (1788863596.650283)  can0  601   [8]  40 FF 60 01 00 00 00 00
 (1788863596.650592)  can0  581   [8]  43 FF 60 01 00 00 00 00
 (1788863596.651945)  can0  601   [8]  23 FF 60 02 00 00 00 00
 (1788863596.652275)  can0  581   [8]  60 FF 60 02 00 00 00 00
 (1788863596.653930)  can0  601   [8]  40 FF 60 02 00 00 00 00
 (1788863596.654273)  can0  581   [8]  43 FF 60 02 00 00 00 00
 (1788863596.655938)  can0  601   [8]  2B 40 60 00 06 00 00 00
 (1788863596.656273)  can0  581   [8]  60 40 60 00 00 00 00 00
 (1788863596.699922)  can0  181   [8]  21 14 21 14 00 00 00 00
 (1788863596.701943)  can0  601   [8]  40 6C 60 01 00 00 00 00
 (1788863596.702292)  can0  581   [8]  43 6C 60 01 00 00 00 00
 (1788863596.703929)  can0  601   [8]  40 6C 60 02 00 00 00 00
 (1788863596.704283)  can0  581   [8]  43 6C 60 02 FC FF FF FF
 (1788863596.749874)  can0  181   [8]  21 14 21 14 00 00 00 00
 (1788863596.756930)  can0  601   [8]  40 6C 60 01 00 00 00 00
 (1788863596.757241)  can0  581   [8]  43 6C 60 01 00 00 00 00
 (1788863596.758931)  can0  601   [8]  40 6C 60 02 00 00 00 00
 (1788863596.759288)  can0  581   [8]  43 6C 60 02 00 00 00 00
 (1788863596.760931)  can0  601   [8]  40 6C 60 03 00 00 00 00
 (1788863596.761286)  can0  581   [8]  43 6C 60 03 00 00 00 00
 (1788863596.762825)  can0  000   [2]  80 01
 (1788863596.896801)  can0  701   [1]  7F
 (1788863596.898937)  can0  601   [8]  2B 0F 20 00 01 00 00 00
 (1788863596.899296)  can0  581   [8]  60 0F 20 00 00 00 00 00
 (1788863596.900931)  can0  601   [8]  40 0F 20 00 00 00 00 00
 (1788863596.901288)  can0  581   [8]  4B 0F 20 00 01 00 00 00
 (1788863596.902932)  can0  601   [8]  2B 17 10 00 00 00 00 00
 (1788863596.903290)  can0  581   [8]  60 17 10 00 00 00 00 00
 (1788863596.904927)  can0  601   [8]  40 17 10 00 00 00 00 00
 (1788863596.905279)  can0  581   [8]  4B 17 10 00 00 00 00 00
