 (1789352827.922666)  can0  601   [8]  40 00 20 00 00 00 00 00
 (1789352827.922999)  can0  581   [8]  4B 00 20 00 00 00 00 00
 (1789352827.924519)  can0  601   [8]  40 17 10 00 00 00 00 00
 (1789352827.924865)  can0  581   [8]  4B 17 10 00 00 00 00 00
 (1789352827.926506)  can0  601   [8]  2B 17 10 00 F4 01 00 00
 (1789352827.926867)  can0  581   [8]  60 17 10 00 00 00 00 00
 (1789352827.928495)  can0  601   [8]  40 17 10 00 00 00 00 00
 (1789352827.928850)  can0  581   [8]  4B 17 10 00 F4 01 00 00
 (1789352828.176358)  can0  701   [1]  7F
 (1789352828.177577)  can0  601   [8]  40 00 18 01 00 00 00 00
 (1789352828.177918)  can0  581   [8]  43 00 18 01 81 01 00 00
 (1789352828.179479)  can0  601   [8]  40 00 18 02 00 00 00 00
 (1789352828.179794)  can0  581   [8]  4F 00 18 02 FF 00 00 00
 (1789352828.181477)  can0  601   [8]  40 00 18 05 00 00 00 00
 (1789352828.181790)  can0  581   [8]  4B 00 18 05 64 00 00 00
 (1789352828.183478)  can0  601   [8]  40 00 1A 00 00 00 00 00
 (1789352828.183842)  can0  581   [8]  4F 00 1A 00 02 00 00 00
 (1789352828.185476)  can0  601   [8]  40 00 1A 01 00 00 00 00
 (1789352828.185832)  can0  581   [8]  43 00 1A 01 20 00 41 60
 (1789352828.187480)  can0  601   [8]  40 00 1A 02 00 00 00 00
 (1789352828.187825)  can0  581   [8]  43 00 1A 02 20 03 6C 60
 (1789352828.189478)  can0  601   [8]  40 60 60 00 00 00 00 00
 (1789352828.189825)  can0  581   [8]  4F 60 60 00 03 00 00 00
 (1789352828.191475)  can0  601   [8]  40 61 60 00 00 00 00 00
 (1789352828.191819)  can0  581   [8]  4F 61 60 00 03 00 00 00
 (1789352828.193477)  can0  601   [8]  40 FF 60 01 00 00 00 00
 (1789352828.193819)  can0  581   [8]  43 FF 60 01 00 00 00 00
 (1789352828.195479)  can0  601   [8]  40 FF 60 02 00 00 00 00
 (1789352828.195816)  can0  581   [8]  43 FF 60 02 00 00 00 00
 (1789352828.197479)  can0  601   [8]  40 3F 60 00 00 00 00 00
 (1789352828.197810)  can0  581   [8]  43 3F 60 00 00 00 00 00
 (1789352828.199478)  can0  601   [8]  40 6C 60 01 00 00 00 00
 (1789352828.199802)  can0  581   [8]  43 6C 60 01 00 00 00 00
 (1789352828.201474)  can0  601   [8]  40 6C 60 02 00 00 00 00
 (1789352828.201797)  can0  581   [8]  43 6C 60 02 00 00 00 00
 (1789352828.203476)  can0  601   [8]  40 6C 60 03 00 00 00 00
 (1789352828.203791)  can0  581   [8]  43 6C 60 03 00 00 00 00
 (1789352828.205480)  can0  601   [8]  40 0F 20 00 00 00 00 00
 (1789352828.205791)  can0  581   [8]  4B 0F 20 00 01 00 00 00
 (1789352828.207485)  can0  601   [8]  23 FF 60 03 00 00 00 00
 (1789352828.207851)  can0  581   [8]  60 FF 60 03 00 00 00 00
 (1789352828.209475)  can0  601   [8]  40 FF 60 03 00 00 00 00
 (1789352828.209840)  can0  581   [8]  43 FF 60 03 00 00 00 00
 (1789352828.211479)  can0  601   [8]  23 FF 60 03 00 00 00 00
 (1789352828.211844)  can0  581   [8]  60 FF 60 03 00 00 00 00
 (1789352828.213476)  can0  601   [8]  40 FF 60 03 00 00 00 00
 (1789352828.213836)  can0  581   [8]  43 FF 60 03 00 00 00 00
 (1789352828.215370)  can0  000   [2]  01 01
 (1789352828.215761)  can0  181   [8]  21 14 21 14 00 00 00 00
 (1789352828.215861)  can0  281   [0] 
 (1789352828.215961)  can0  381   [0] 
 (1789352828.216059)  can0  481   [0] 
 (1789352828.265715)  can0  181   [8]  21 14 21 14 00 00 00 00
 (1789352828.315663)  can0  181   [8]  21 14 21 14 00 00 00 00
 (1789352828.365612)  can0  181   [8]  21 14 21 14 00 00 00 00
 (1789352828.415561)  can0  181   [8]  21 14 21 14 00 00 00 00
 (1789352828.425853)  can0  701   [1]  05
 (1789352828.427481)  can0  601   [8]  2F 60 60 00 03 00 00 00
 (1789352828.427798)  can0  581   [8]  60 60 60 00 00 00 00 00
 (1789352828.429475)  can0  601   [8]  40 61 60 00 00 00 00 00
 (1789352828.429784)  can0  581   [8]  4F 61 60 00 03 00 00 00
 (1789352828.431485)  can0  601   [8]  2B 40 60 00 06 00 00 00
 (1789352828.431844)  can0  581   [8]  60 40 60 00 00 00 00 00
 (1789352828.465512)  can0  181   [8]  21 14 21 14 00 00 00 00
 (1789352828.466486)  can0  601   [8]  40 6C 60 01 00 00 00 00
 (1789352828.466821)  can0  581   [8]  43 6C 60 01 00 00 00 00
 (1789352828.468475)  can0  601   [8]  40 6C 60 02 00 00 00 00
 (1789352828.468817)  can0  581   [8]  43 6C 60 02 00 00 00 00
 (1789352828.470475)  can0  601   [8]  40 6C 60 03 00 00 00 00
 (1789352828.470812)  can0  581   [8]  43 6C 60 03 00 00 00 00
 (1789352828.472481)  can0  601   [8]  2B 40 60 00 07 00 00 00
 (1789352828.472814)  can0  581   [8]  60 40 60 00 00 00 00 00
 (1789352828.515516)  can0  181   [8]  23 14 23 14 00 00 00 00
 (1789352828.516484)  can0  601   [8]  40 6C 60 01 00 00 00 00
 (1789352828.516825)  can0  581   [8]  43 6C 60 01 00 00 00 00
 (1789352828.518475)  can0  601   [8]  40 6C 60 02 00 00 00 00
 (1789352828.518820)  can0  581   [8]  43 6C 60 02 00 00 00 00
 (1789352828.520477)  can0  601   [8]  40 6C 60 03 00 00 00 00
 (1789352828.520816)  can0  581   [8]  43 6C 60 03 00 00 00 00
 (1789352828.522479)  can0  601   [8]  2B 40 60 00 0F 00 00 00
 (1789352828.522818)  can0  581   [8]  60 40 60 00 00 00 00 00
 (1789352828.565477)  can0  181   [8]  27 14 27 14 00 00 00 00
 (1789352828.566484)  can0  601   [8]  40 6C 60 01 00 00 00 00
 (1789352828.566790)  can0  581   [8]  43 6C 60 01 00 00 00 00
 (1789352828.568476)  can0  601   [8]  40 6C 60 02 00 00 00 00
 (1789352828.568781)  can0  581   [8]  43 6C 60 02 00 00 00 00
 (1789352828.570475)  can0  601   [8]  40 6C 60 03 00 00 00 00
 (1789352828.570825)  can0  581   [8]  43 6C 60 03 00 00 00 00
 (1789352828.572481)  can0  601   [8]  2B 00 20 00 E8 03 00 00
 (1789352828.572832)  can0  581   [8]  60 00 20 00 00 00 00 00
 (1789352828.574477)  can0  601   [8]  40 00 20 00 00 00 00 00
 (1789352828.574818)  can0  581   [8]  4B 00 20 00 E8 03 00 00
 (1789352828.576482)  can0  601   [8]  23 FF 60 03 00 00 05 00
 (1789352828.576820)  can0  581   [8]  60 FF 60 03 00 00 00 00
 (1789352828.578476)  can0  601   [8]  40 FF 60 03 00 00 00 00
 (1789352828.578814)  can0  581   [8]  43 FF 60 03 00 00 05 00
 (1789352828.615471)  can0  181   [8]  27 14 27 44 00 00 0E 00
 (1789352828.665430)  can0  181   [8]  27 14 27 44 00 00 30 00
 (1789352828.675346)  can0  701   [1]  05
 (1789352828.715435)  can0  181   [8]  27 14 27 44 00 00 35 00
 (1789352828.765394)  can0  181   [8]  27 14 27 44 00 00 2C 00
 (1789352828.777484)  can0  601   [8]  40 6C 60 01 00 00 00 00
 (1789352828.777795)  can0  581   [8]  43 6C 60 01 00 00 00 00
 (1789352828.779474)  can0  601   [8]  40 6C 60 02 00 00 00 00
 (1789352828.779789)  can0  581   [8]  43 6C 60 02 2D 00 00 00
 (1789352828.792476)  can0  601   [8]  40 6C 60 02 00 00 00 00
 (1789352828.792821)  can0  581   [8]  43 6C 60 02 2F 00 00 00
 (1789352828.815397)  can0  181   [8]  27 14 27 44 00 00 30 00
 (1789352828.848475)  can0  601   [8]  40 6C 60 02 00 00 00 00
 (1789352828.848820)  can0  581   [8]  43 6C 60 02 34 00 00 00
 (1789352828.865352)  can0  181   [8]  27 14 27 44 00 00 35 00
 (1789352828.905477)  can0  601   [8]  40 6C 60 02 00 00 00 00
 (1789352828.905814)  can0  581   [8]  43 6C 60 02 32 00 00 00
 (1789352828.915358)  can0  181   [8]  27 14 27 44 00 00 30 00
 (1789352828.924904)  can0  701   [1]  05
 (1789352828.962476)  can0  601   [8]  40 6C 60 02 00 00 00 00
 (1789352828.962811)  can0  581   [8]  43 6C 60 02 32 00 00 00
 (1789352828.965318)  can0  181   [8]  27 14 27 44 00 00 32 00
 (1789352829.015317)  can0  181   [8]  27 14 27 44 00 00 2E 00
 (1789352829.019475)  can0  601   [8]  40 6C 60 02 00 00 00 00
 (1789352829.019806)  can0  581   [8]  43 6C 60 02 2E 00 00 00
 (1789352829.065271)  can0  181   [8]  27 14 27 44 00 00 32 00
 (1789352829.076475)  can0  601   [8]  40 6C 60 02 00 00 00 00
 (1789352829.076802)  can0  581   [8]  43 6C 60 02 33 00 00 00
 (1789352829.115216)  can0  181   [8]  27 14 27 44 00 00 35 00
 (1789352829.133477)  can0  601   [8]  40 6C 60 02 00 00 00 00
 (1789352829.133798)  can0  581   [8]  43 6C 60 02 33 00 00 00
 (1789352829.165164)  can0  181   [8]  27 14 27 44 00 00 2C 00
 (1789352829.174402)  can0  701   [1]  05
 (1789352829.190482)  can0  601   [8]  40 6C 60 02 00 00 00 00
 (1789352829.190794)  can0  581   [8]  43 6C 60 02 2E 00 00 00
 (1789352829.215116)  can0  181   [8]  27 14 27 44 00 00 30 00
 (1789352829.247476)  can0  601   [8]  40 6C 60 02 00 00 00 00
 (1789352829.247794)  can0  581   [8]  43 6C 60 02 33 00 00 00
 (1789352829.265064)  can0  181   [8]  27 14 27 44 00 00 35 00
 (1789352829.304476)  can0  601   [8]  40 6C 60 02 00 00 00 00
 (1789352829.304786)  can0  581   [8]  43 6C 60 02 34 00 00 00
 (1789352829.315010)  can0  181   [8]  27 14 27 44 00 00 31 00
 (1789352829.361475)  can0  601   [8]  40 6C 60 02 00 00 00 00
 (1789352829.361780)  can0  581   [8]  43 6C 60 02 30 00 00 00
 (1789352829.364958)  can0  181   [8]  27 14 27 44 00 00 31 00
 (1789352829.414909)  can0  181   [8]  27 14 27 44 00 00 2F 00
 (1789352829.418475)  can0  601   [8]  40 6C 60 02 00 00 00 00
 (1789352829.418777)  can0  581   [8]  43 6C 60 02 2F 00 00 00
 (1789352829.423960)  can0  701   [1]  05
 (1789352829.464862)  can0  181   [8]  27 14 27 44 00 00 30 00
 (1789352829.474478)  can0  601   [8]  40 6C 60 02 00 00 00 00
 (1789352829.474779)  can0  581   [8]  43 6C 60 02 32 00 00 00
 (1789352829.514808)  can0  181   [8]  27 14 27 44 00 00 34 00
 (1789352829.531476)  can0  601   [8]  40 6C 60 02 00 00 00 00
 (1789352829.531780)  can0  581   [8]  43 6C 60 02 34 00 00 00
 (1789352829.564759)  can0  181   [8]  27 14 27 44 00 00 2E 00
 (1789352829.588475)  can0  601   [8]  40 6C 60 02 00 00 00 00
 (1789352829.588779)  can0  581   [8]  43 6C 60 02 2E 00 00 00
 (1789352829.614709)  can0  181   [8]  27 14 27 44 00 00 30 00
 (1789352829.645476)  can0  601   [8]  40 6C 60 02 00 00 00 00
 (1789352829.645825)  can0  581   [8]  43 6C 60 02 32 00 00 00
 (1789352829.664656)  can0  181   [8]  27 14 27 44 00 00 34 00
 (1789352829.673457)  can0  701   [1]  05
 (1789352829.702475)  can0  601   [8]  40 6C 60 02 00 00 00 00
 (1789352829.702819)  can0  581   [8]  43 6C 60 02 36 00 00 00
 (1789352829.714606)  can0  181   [8]  27 14 27 44 00 00 34 00
 (1789352829.758477)  can0  601   [8]  40 6C 60 02 00 00 00 00
 (1789352829.758818)  can0  581   [8]  43 6C 60 02 30 00 00 00
 (1789352829.764557)  can0  181   [8]  27 14 27 44 00 00 30 00
 (1789352829.814506)  can0  181   [8]  27 14 27 44 00 00 30 00
 (1789352829.814760)  can0  601   [8]  40 6C 60 02 00 00 00 00
 (1789352829.815065)  can0  581   [8]  43 6C 60 02 30 00 00 00
 (1789352829.864455)  can0  181   [8]  27 14 27 44 00 00 30 00
 (1789352829.871476)  can0  601   [8]  40 6C 60 02 00 00 00 00
 (1789352829.871811)  can0  581   [8]  43 6C 60 02 31 00 00 00
 (1789352829.914401)  can0  181   [8]  27 14 27 44 00 00 33 00
 (1789352829.923016)  can0  701   [1]  05
 (1789352829.928476)  can0  601   [8]  40 6C 60 02 00 00 00 00
 (1789352829.928807)  can0  581   [8]  43 6C 60 02 34 00 00 00
 (1789352832.969271)  can0  181   [8]  27 14 27 44 00 00 2E 00
 (1789352832.969506)  can0  181   [8]  27 14 27 44 00 00 30 00
 (1789352832.969742)  can0  181   [8]  27 14 27 44 00 00 34 00
 (1789352833.011381)  can0  181   [8]  27 14 27 14 00 00 00 00
 (1789352833.020627)  can0  601   [8]  23 FF 60 03 00 00 00 00
 (1789352833.020986)  can0  581   [8]  60 FF 60 03 00 00 00 00
 (1789352833.022568)  can0  601   [8]  40 FF 60 03 00 00 00 00
 (1789352833.022861)  can0  581   [8]  43 FF 60 03 00 00 00 00
 (1789352833.024567)  can0  601   [8]  2B 17 10 00 F4 01 00 00
 (1789352833.024918)  can0  581   [8]  60 17 10 00 00 00 00 00
 (1789352833.026498)  can0  601   [8]  40 17 10 00 00 00 00 00
 (1789352833.026902)  can0  581   [8]  4B 17 10 00 F4 01 00 00
 (1789352833.061329)  can0  181   [8]  27 14 27 14 00 00 00 00
 (1789352833.111277)  can0  181   [8]  27 14 27 14 00 00 00 00
 (1789352833.161225)  can0  181   [8]  27 14 27 14 00 00 00 00
 (1789352833.211176)  can0  181   [8]  27 14 27 14 00 00 00 00
 (1789352833.261125)  can0  181   [8]  27 14 27 14 00 00 00 00
 (1789352833.274286)  can0  701   [1]  05
 (1789352833.276462)  can0  000   [2]  80 01
 (1789352833.276765)  can0  601   [8]  23 FF 60 03 00 00 00 00
 (1789352833.277094)  can0  581   [8]  60 FF 60 03 00 00 00 00
 (1789352833.278557)  can0  601   [8]  40 FF 60 03 00 00 00 00
 (1789352833.278899)  can0  581   [8]  43 FF 60 03 00 00 00 00
 (1789352833.280563)  can0  601   [8]  23 FF 60 03 00 00 00 00
 (1789352833.280897)  can0  581   [8]  60 FF 60 03 00 00 00 00
 (1789352833.282554)  can0  601   [8]  40 FF 60 03 00 00 00 00
 (1789352833.282834)  can0  581   [8]  43 FF 60 03 00 00 00 00
 (1789352833.523848)  can0  701   [1]  7F
 (1789352833.525582)  can0  601   [8]  2B 40 60 00 00 00 00 00
 (1789352833.525904)  can0  581   [8]  60 40 60 00 00 00 00 00
 (1789352833.527571)  can0  601   [8]  40 41 60 00 00 00 00 00
 (1789352833.527896)  can0  581   [8]  43 41 60 00 60 14 60 14
 (1789352833.529570)  can0  601   [8]  40 6C 60 01 00 00 00 00
 (1789352833.529896)  can0  581   [8]  43 6C 60 01 00 00 00 00
 (1789352833.531564)  can0  601   [8]  40 6C 60 02 00 00 00 00
 (1789352833.531891)  can0  581   [8]  43 6C 60 02 00 00 00 00
 (1789352833.533565)  can0  601   [8]  40 6C 60 03 00 00 00 00
 (1789352833.533889)  can0  581   [8]  43 6C 60 03 00 00 00 00
 (1789352833.535572)  can0  601   [8]  2B 00 20 00 00 00 00 00
 (1789352833.535836)  can0  581   [8]  60 00 20 00 00 00 00 00
 (1789352833.537559)  can0  601   [8]  40 00 20 00 00 00 00 00
 (1789352833.537828)  can0  581   [8]  4B 00 20 00 00 00 00 00
 (1789352833.539505)  can0  601   [8]  2B 17 10 00 00 00 00 00
 (1789352833.539823)  can0  581   [8]  60 17 10 00 00 00 00 00
 (1789352833.541556)  can0  601   [8]  40 17 10 00 00 00 00 00
 (1789352833.541870)  can0  581   [8]  4B 17 10 00 00 00 00 00
