 (1789438810.387270)  can0  601   [8]  40 17 10 00 00 00 00 00
 (1789438810.387560)  can0  581   [8]  4B 17 10 00 00 00 00 00
 (1789438810.389185)  can0  601   [8]  2B 17 10 00 F4 01 00 00
 (1789438810.389549)  can0  581   [8]  60 17 10 00 00 00 00 00
 (1789438810.391166)  can0  601   [8]  40 17 10 00 00 00 00 00
 (1789438810.391482)  can0  581   [8]  4B 17 10 00 F4 01 00 00
 (1789438810.638930)  can0  701   [1]  7F
 (1789438810.640183)  can0  601   [8]  40 00 18 01 00 00 00 00
 (1789438810.640487)  can0  581   [8]  43 00 18 01 81 01 00 00
 (1789438810.642175)  can0  601   [8]  40 00 18 02 00 00 00 00
 (1789438810.642488)  can0  581   [8]  4F 00 18 02 FF 00 00 00
 (1789438810.644172)  can0  601   [8]  40 00 18 05 00 00 00 00
 (1789438810.644476)  can0  581   [8]  4B 00 18 05 64 00 00 00
 (1789438810.646173)  can0  601   [8]  40 00 1A 00 00 00 00 00
 (1789438810.646538)  can0  581   [8]  4F 00 1A 00 02 00 00 00
 (1789438810.648170)  can0  601   [8]  40 00 1A 01 00 00 00 00
 (1789438810.648526)  can0  581   [8]  43 00 1A 01 20 00 41 60
 (1789438810.650119)  can0  601   [8]  40 00 1A 02 00 00 00 00
 (1789438810.650460)  can0  581   [8]  43 00 1A 02 20 03 6C 60
 (1789438810.652175)  can0  601   [8]  40 60 60 00 00 00 00 00
 (1789438810.652463)  can0  581   [8]  4F 60 60 00 03 00 00 00
 (1789438810.654116)  can0  601   [8]  40 61 60 00 00 00 00 00
 (1789438810.654456)  can0  581   [8]  4F 61 60 00 03 00 00 00
 (1789438810.656173)  can0  601   [8]  40 FF 60 01 00 00 00 00
 (1789438810.656513)  can0  581   [8]  43 FF 60 01 00 00 00 00
 (1789438810.658173)  can0  601   [8]  40 FF 60 02 00 00 00 00
 (1789438810.658512)  can0  581   [8]  43 FF 60 02 00 00 00 00
 (1789438810.660115)  can0  601   [8]  40 3F 60 00 00 00 00 00
 (1789438810.660444)  can0  581   [8]  43 3F 60 00 00 00 00 00
 (1789438810.662177)  can0  601   [8]  40 6C 60 01 00 00 00 00
 (1789438810.662437)  can0  581   [8]  43 6C 60 01 00 00 00 00
 (1789438810.664114)  can0  601   [8]  40 6C 60 02 00 00 00 00
 (1789438810.664432)  can0  581   [8]  43 6C 60 02 00 00 00 00
 (1789438810.666173)  can0  601   [8]  40 6C 60 03 00 00 00 00
 (1789438810.666487)  can0  581   [8]  43 6C 60 03 00 00 00 00
 (1789438810.668177)  can0  601   [8]  40 0F 20 00 00 00 00 00
 (1789438810.668490)  can0  581   [8]  4B 0F 20 00 01 00 00 00
 (1789438810.670189)  can0  601   [8]  23 FF 60 03 00 00 00 00
 (1789438810.670549)  can0  581   [8]  60 FF 60 03 00 00 00 00
 (1789438810.672172)  can0  601   [8]  40 FF 60 03 00 00 00 00
 (1789438810.672535)  can0  581   [8]  43 FF 60 03 00 00 00 00
 (1789438810.674176)  can0  601   [8]  23 FF 60 03 00 00 00 00
 (1789438810.674479)  can0  581   [8]  60 FF 60 03 00 00 00 00
 (1789438810.676111)  can0  601   [8]  40 FF 60 03 00 00 00 00
 (1789438810.676472)  can0  581   [8]  43 FF 60 03 00 00 00 00
 (1789438810.678067)  can0  000   [2]  01 01
 (1789438810.678459)  can0  181   [8]  00 14 00 14 00 00 00 00
 (1789438810.678499)  can0  281   [0] 
 (1789438810.678599)  can0  381   [0] 
 (1789438810.678697)  can0  481   [0] 
 (1789438810.728411)  can0  181   [8]  00 14 00 14 00 00 00 00
 (1789438810.778363)  can0  181   [8]  00 14 00 14 00 00 00 00
 (1789438810.828311)  can0  181   [8]  00 14 00 14 00 00 00 00
 (1789438810.878262)  can0  181   [8]  00 14 00 14 00 00 00 00
 (1789438810.888487)  can0  701   [1]  05
 (1789438810.890182)  can0  601   [8]  2F 60 60 00 03 00 00 00
 (1789438810.890551)  can0  581   [8]  60 60 60 00 00 00 00 00
 (1789438810.892174)  can0  601   [8]  40 61 60 00 00 00 00 00
 (1789438810.892485)  can0  581   [8]  4F 61 60 00 03 00 00 00
 (1789438810.894192)  can0  601   [8]  2B 40 60 00 06 00 00 00
 (1789438810.894484)  can0  581   [8]  60 40 60 00 00 00 00 00
 (1789438810.928207)  can0  181   [8]  21 14 21 14 00 00 00 00
 (1789438810.930179)  can0  601   [8]  40 6C 60 01 00 00 00 00
 (1789438810.930518)  can0  581   [8]  43 6C 60 01 00 00 00 00
 (1789438810.932171)  can0  601   [8]  40 6C 60 02 00 00 00 00
 (1789438810.932512)  can0  581   [8]  43 6C 60 02 00 00 00 00
 (1789438810.934174)  can0  601   [8]  40 6C 60 03 00 00 00 00
 (1789438810.934508)  can0  581   [8]  43 6C 60 03 00 00 00 00
 (1789438810.936182)  can0  601   [8]  2B 40 60 00 07 00 00 00
 (1789438810.936511)  can0  581   [8]  60 40 60 00 00 00 00 00
 (1789438810.978151)  can0  181   [8]  23 14 23 14 00 00 00 00
 (1789438810.980176)  can0  601   [8]  40 6C 60 01 00 00 00 00
 (1789438810.980521)  can0  581   [8]  43 6C 60 01 00 00 00 00
 (1789438810.982171)  can0  601   [8]  40 6C 60 02 00 00 00 00
 (1789438810.982516)  can0  581   [8]  43 6C 60 02 00 00 00 00
 (1789438810.984173)  can0  601   [8]  40 6C 60 03 00 00 00 00
 (1789438810.984512)  can0  581   [8]  43 6C 60 03 00 00 00 00
 (1789438810.986182)  can0  601   [8]  2B 40 60 00 0F 00 00 00
 (1789438810.986514)  can0  581   [8]  60 40 60 00 00 00 00 00
 (1789438811.028100)  can0  181   [8]  27 14 27 14 00 00 00 00
 (1789438811.030173)  can0  601   [8]  40 6C 60 01 00 00 00 00
 (1789438811.030481)  can0  581   [8]  43 6C 60 01 00 00 00 00
 (1789438811.032172)  can0  601   [8]  40 6C 60 02 00 00 00 00
 (1789438811.032475)  can0  581   [8]  43 6C 60 02 00 00 00 00
 (1789438811.034173)  can0  601   [8]  40 6C 60 03 00 00 00 00
 (1789438811.034464)  can0  581   [8]  43 6C 60 03 00 00 00 00
 (1789438811.036194)  can0  601   [8]  23 FF 60 03 00 00 05 00
 (1789438811.036526)  can0  581   [8]  60 FF 60 03 00 00 00 00
 (1789438811.038168)  can0  601   [8]  40 FF 60 03 00 00 00 00
 (1789438811.038516)  can0  581   [8]  43 FF 60 03 00 00 05 00
 (1789438811.077991)  can0  181   [8]  27 14 27 44 00 00 0F 00
 (1789438811.127988)  can0  181   [8]  27 14 27 44 00 00 30 00
 (1789438811.137970)  can0  701   [1]  05
 (1789438811.138326)  can0  601   [8]  40 6C 60 01 00 00 00 00
 (1789438811.138661)  can0  581   [8]  43 6C 60 01 00 00 00 00
 (1789438811.140184)  can0  601   [8]  40 6C 60 02 00 00 00 00
 (1789438811.140473)  can0  581   [8]  43 6C 60 02 31 00 00 00
 (1789438811.142183)  can0  601   [8]  40 6C 60 03 00 00 00 00
 (1789438811.142528)  can0  581   [8]  43 6C 60 03 00 00 31 00
 (1789438811.177949)  can0  181   [8]  27 14 27 44 00 00 35 00
 (1789438811.227897)  can0  181   [8]  27 14 27 44 00 00 2D 00
 (1789438811.277850)  can0  181   [8]  27 14 27 44 00 00 30 00
 (1789438811.327801)  can0  181   [8]  27 14 27 44 00 00 35 00
 (1789438811.377750)  can0  181   [8]  27 14 27 44 00 00 30 00
 (1789438811.387548)  can0  701   [1]  05
 (1789438811.427698)  can0  181   [8]  27 14 27 44 00 00 32 00
 (1789438811.477646)  can0  181   [8]  27 14 27 44 00 00 2E 00
 (1789438811.527594)  can0  181   [8]  27 14 27 44 00 00 31 00
 (1789438811.577548)  can0  181   [8]  27 14 27 44 00 00 35 00
 (1789438811.627495)  can0  181   [8]  27 14 27 44 00 00 2D 00
 (1789438811.637052)  can0  701   [1]  05
 (1789438811.649182)  can0  601   [8]  40 6C 60 01 00 00 00 00
 (1789438811.649513)  can0  581   [8]  43 6C 60 01 00 00 00 00
 (1789438811.651183)  can0  601   [8]  40 6C 60 02 00 00 00 00
 (1789438811.651505)  can0  581   [8]  43 6C 60 02 2E 00 00 00
 (1789438811.653183)  can0  601   [8]  40 6C 60 03 00 00 00 00
 (1789438811.653499)  can0  581   [8]  43 6C 60 03 00 00 2E 00
 (1789438811.677449)  can0  181   [8]  27 14 27 44 00 00 30 00
 (1789438811.727398)  can0  181   [8]  27 14 27 44 00 00 35 00
 (1789438811.777346)  can0  181   [8]  27 14 27 44 00 00 32 00
 (1789438811.827293)  can0  181   [8]  27 14 27 44 00 00 31 00
 (1789438811.877246)  can0  181   [8]  27 14 27 44 00 00 2F 00
 (1789438811.886606)  can0  701   [1]  05
 (1789438811.927195)  can0  181   [8]  27 14 27 44 00 00 30 00
 (1789438811.977145)  can0  181   [8]  27 14 27 44 00 00 34 00
 (1789438812.027095)  can0  181   [8]  27 14 27 44 00 00 2E 00
 (1789438812.077046)  can0  181   [8]  27 14 27 44 00 00 30 00
 (1789438812.126994)  can0  181   [8]  27 14 27 44 00 00 34 00
 (1789438812.136112)  can0  701   [1]  05
 (1789438812.160183)  can0  601   [8]  40 6C 60 01 00 00 00 00
 (1789438812.160429)  can0  581   [8]  43 6C 60 01 00 00 00 00
 (1789438812.162187)  can0  601   [8]  40 6C 60 02 00 00 00 00
 (1789438812.162488)  can0  581   [8]  43 6C 60 02 35 00 00 00
 (1789438812.164182)  can0  601   [8]  40 6C 60 03 00 00 00 00
 (1789438812.164425)  can0  581   [8]  43 6C 60 03 00 00 35 00
 (1789438812.176942)  can0  181   [8]  27 14 27 44 00 00 34 00
 (1789438812.226893)  can0  181   [8]  27 14 27 44 00 00 31 00
 (1789438812.276843)  can0  181   [8]  27 14 27 44 00 00 2F 00
 (1789438812.326796)  can0  181   [8]  27 14 27 44 00 00 30 00
 (1789438812.376741)  can0  181   [8]  27 14 27 44 00 00 33 00
 (1789438812.385668)  can0  701   [1]  05
 (1789438812.426692)  can0  181   [8]  27 14 27 44 00 00 2E 00
 (1789438812.476644)  can0  181   [8]  27 14 27 44 00 00 30 00
 (1789438812.526593)  can0  181   [8]  27 14 27 44 00 00 34 00
 (1789438812.576546)  can0  181   [8]  27 14 27 44 00 00 35 00
 (1789438812.626491)  can0  181   [8]  27 14 27 44 00 00 31 00
 (1789438812.635168)  can0  701   [1]  05
 (1789438812.670180)  can0  601   [8]  40 6C 60 01 00 00 00 00
 (1789438812.670520)  can0  581   [8]  43 6C 60 01 00 00 00 00
 (1789438812.672184)  can0  601   [8]  40 6C 60 02 00 00 00 00
 (1789438812.672513)  can0  581   [8]  43 6C 60 02 33 00 00 00
 (1789438812.674183)  can0  601   [8]  40 6C 60 03 00 00 00 00
 (1789438812.674450)  can0  581   [8]  43 6C 60 03 00 00 32 00
 (1789438812.676442)  can0  181   [8]  27 14 27 44 00 00 32 00
 (1789438812.726391)  can0  181   [8]  27 14 27 44 00 00 2D 00
 (1789438812.776339)  can0  181   [8]  27 14 27 44 00 00 33 00
 (1789438812.826290)  can0  181   [8]  27 14 27 44 00 00 2E 00
 (1789438812.876241)  can0  181   [8]  27 14 27 44 00 00 2F 00
 (1789438812.884730)  can0  701   [1]  05
 (1789438812.926189)  can0  181   [8]  27 14 27 44 00 00 33 00
 (1789438812.976140)  can0  181   [8]  27 14 27 44 00 00 36 00
 (1789438813.026090)  can0  181   [8]  27 14 27 44 00 00 2F 00
 (1789438813.076038)  can0  181   [8]  27 94 27 40 00 00 2C 00
 (1789438813.125990)  can0  181   [8]  27 94 27 14 00 00 FC FF
 (1789438813.134229)  can0  701   [1]  05
 (1789438813.175940)  can0  181   [8]  27 94 27 14 00 00 00 00
 (1789438813.180181)  can0  601   [8]  40 6C 60 01 00 00 00 00
 (1789438813.180495)  can0  581   [8]  43 6C 60 01 00 00 00 00
 (1789438813.182183)  can0  601   [8]  40 6C 60 02 00 00 00 00
 (1789438813.182492)  can0  581   [8]  43 6C 60 02 00 00 00 00
 (1789438813.184183)  can0  601   [8]  40 6C 60 03 00 00 00 00
 (1789438813.184489)  can0  581   [8]  43 6C 60 03 00 00 00 00
 (1789438813.225889)  can0  181   [8]  27 94 27 14 00 00 00 00
 (1789438813.275839)  can0  181   [8]  27 94 27 14 00 00 00 00
 (1789438813.325788)  can0  181   [8]  27 94 27 14 00 00 00 00
 (1789438813.375743)  can0  181   [8]  27 94 27 14 00 00 00 00
 (1789438813.383791)  can0  701   [1]  05
 (1789438813.425689)  can0  181   [8]  27 94 27 14 00 00 00 00
 (1789438813.475639)  can0  181   [8]  27 94 27 14 00 00 00 00
 (1789438813.525587)  can0  181   [8]  27 94 27 14 00 00 00 00
 (1789438813.575538)  can0  181   [8]  27 94 27 14 00 00 00 00
 (1789438813.625489)  can0  181   [8]  27 94 27 14 00 00 00 00
 (1789438813.633290)  can0  701   [1]  05
 (1789438813.675439)  can0  181   [8]  27 94 27 14 00 00 00 00
 (1789438813.690180)  can0  601   [8]  40 6C 60 01 00 00 00 00
 (1789438813.690531)  can0  581   [8]  43 6C 60 01 00 00 00 00
 (1789438813.692183)  can0  601   [8]  40 6C 60 02 00 00 00 00
 (1789438813.692526)  can0  581   [8]  43 6C 60 02 00 00 00 00
 (1789438813.694183)  can0  601   [8]  40 6C 60 03 00 00 00 00
 (1789438813.694522)  can0  581   [8]  43 6C 60 03 00 00 00 00
 (1789438813.725388)  can0  181   [8]  27 94 27 14 00 00 00 00
 (1789438813.775337)  can0  181   [8]  27 94 27 14 00 00 00 00
 (1789438813.825289)  can0  181   [8]  27 94 27 14 00 00 00 00
 (1789438813.875238)  can0  181   [8]  27 94 27 14 00 00 00 00
 (1789438813.882852)  can0  701   [1]  05
 (1789438813.925188)  can0  181   [8]  27 94 27 14 00 00 00 00
 (1789438813.975137)  can0  181   [8]  27 94 27 14 00 00 00 00
 (1789438814.025086)  can0  181   [8]  27 94 27 14 00 00 00 00
 (1789438814.037185)  can0  601   [8]  23 FF 60 03 00 00 00 00
 (1789438814.037506)  can0  581   [8]  60 FF 60 03 00 00 00 00
 (1789438814.039166)  can0  601   [8]  40 FF 60 03 00 00 00 00
 (1789438814.039499)  can0  581   [8]  43 FF 60 03 00 00 00 00
 (1789438814.041179)  can0  601   [8]  23 FF 60 03 00 00 00 00
 (1789438814.041497)  can0  581   [8]  60 FF 60 03 00 00 00 00
 (1789438814.043164)  can0  601   [8]  40 FF 60 03 00 00 00 00
 (1789438814.043431)  can0  581   [8]  43 FF 60 03 00 00 00 00
 (1789438814.045172)  can0  601   [8]  23 FF 60 03 00 00 00 00
 (1789438814.045486)  can0  581   [8]  60 FF 60 03 00 00 00 00
 (1789438814.047165)  can0  601   [8]  40 FF 60 03 00 00 00 00
 (1789438814.047423)  can0  581   [8]  43 FF 60 03 00 00 00 00
 (1789438814.049182)  can0  601   [8]  2B 40 60 00 06 00 00 00
 (1789438814.049539)  can0  581   [8]  60 40 60 00 00 00 00 00
 (1789438814.075039)  can0  181   [8]  21 94 21 14 00 00 00 00
 (1789438814.077175)  can0  601   [8]  40 6C 60 01 00 00 00 00
 (1789438814.077482)  can0  581   [8]  43 6C 60 01 00 00 00 00
 (1789438814.079164)  can0  601   [8]  40 6C 60 02 00 00 00 00
 (1789438814.079470)  can0  581   [8]  43 6C 60 02 00 00 00 00
 (1789438814.081166)  can0  601   [8]  40 6C 60 03 00 00 00 00
 (1789438814.081472)  can0  581   [8]  43 6C 60 03 00 00 00 00
 (1789438814.083062)  can0  000   [2]  80 01
 (1789438814.132354)  can0  701   [1]  7F
 (1789438814.134170)  can0  601   [8]  2B 17 10 00 00 00 00 00
 (1789438814.134482)  can0  581   [8]  60 17 10 00 00 00 00 00
 (1789438814.136163)  can0  601   [8]  40 17 10 00 00 00 00 00
 (1789438814.136469)  can0  581   [8]  4B 17 10 00 00 00 00 00
