 (1789107438.032498)  can0  601   [8]  40 00 20 00 00 00 00 00
 (1789107438.032833)  can0  581   [8]  4B 00 20 00 00 00 00 00
 (1789107438.034435)  can0  601   [8]  40 17 10 00 00 00 00 00
 (1789107438.034762)  can0  581   [8]  4B 17 10 00 00 00 00 00
 (1789107438.036429)  can0  601   [8]  2B 17 10 00 F4 01 00 00
 (1789107438.036762)  can0  581   [8]  60 17 10 00 00 00 00 00
 (1789107438.038428)  can0  601   [8]  40 17 10 00 00 00 00 00
 (1789107438.038747)  can0  581   [8]  4B 17 10 00 F4 01 00 00
 (1789107438.286190)  can0  701   [1]  7F
 (1789107438.288439)  can0  601   [8]  40 00 18 01 00 00 00 00
 (1789107438.288751)  can0  581   [8]  43 00 18 01 81 01 00 00
 (1789107438.290433)  can0  601   [8]  40 00 18 02 00 00 00 00
 (1789107438.290743)  can0  581   [8]  4F 00 18 02 FF 00 00 00
 (1789107438.292433)  can0  601   [8]  40 00 18 05 00 00 00 00
 (1789107438.292743)  can0  581   [8]  4B 00 18 05 64 00 00 00
 (1789107438.294434)  can0  601   [8]  40 00 1A 00 00 00 00 00
 (1789107438.294796)  can0  581   [8]  4F 00 1A 00 02 00 00 00
 (1789107438.296432)  can0  601   [8]  40 00 1A 01 00 00 00 00
 (1789107438.296784)  can0  581   [8]  43 00 1A 01 20 00 41 60
 (1789107438.298436)  can0  601   [8]  40 00 1A 02 00 00 00 00
 (1789107438.298778)  can0  581   [8]  43 00 1A 02 20 03 6C 60
 (1789107438.300434)  can0  601   [8]  40 60 60 00 00 00 00 00
 (1789107438.300779)  can0  581   [8]  4F 60 60 00 03 00 00 00
 (1789107438.302431)  can0  601   [8]  40 61 60 00 00 00 00 00
 (1789107438.302773)  can0  581   [8]  4F 61 60 00 03 00 00 00
 (1789107438.304431)  can0  601   [8]  40 FF 60 01 00 00 00 00
 (1789107438.304772)  can0  581   [8]  43 FF 60 01 00 00 00 00
 (1789107438.306435)  can0  601   [8]  40 FF 60 02 00 00 00 00
 (1789107438.306771)  can0  581   [8]  43 FF 60 02 00 00 00 00
 (1789107438.308432)  can0  601   [8]  40 3F 60 00 00 00 00 00
 (1789107438.308764)  can0  581   [8]  43 3F 60 00 00 00 00 00
 (1789107438.310434)  can0  601   [8]  40 6C 60 01 00 00 00 00
 (1789107438.310754)  can0  581   [8]  43 6C 60 01 00 00 00 00
 (1789107438.312430)  can0  601   [8]  40 6C 60 02 00 00 00 00
 (1789107438.312749)  can0  581   [8]  43 6C 60 02 00 00 00 00
 (1789107438.314432)  can0  601   [8]  40 6C 60 03 00 00 00 00
 (1789107438.314746)  can0  581   [8]  43 6C 60 03 00 00 00 00
 (1789107438.316435)  can0  601   [8]  40 0F 20 00 00 00 00 00
 (1789107438.316745)  can0  581   [8]  4B 0F 20 00 01 00 00 00
 (1789107438.318437)  can0  601   [8]  23 FF 60 03 00 00 00 00
 (1789107438.318800)  can0  581   [8]  60 FF 60 03 00 00 00 00
 (1789107438.320431)  can0  601   [8]  40 FF 60 03 00 00 00 00
 (1789107438.320742)  can0  581   [8]  43 FF 60 03 00 00 00 00
 (1789107438.322436)  can0  601   [8]  23 FF 60 03 00 00 00 00
 (1789107438.322796)  can0  581   [8]  60 FF 60 03 00 00 00 00
 (1789107438.324430)  can0  601   [8]  40 FF 60 03 00 00 00 00
 (1789107438.324789)  can0  581   [8]  43 FF 60 03 00 00 00 00
 (1789107438.326326)  can0  000   [2]  01 01
 (1789107438.326713)  can0  181   [8]  21 14 21 14 00 00 00 00
 (1789107438.326814)  can0  281   [0] 
 (1789107438.326913)  can0  381   [0] 
 (1789107438.327011)  can0  481   [0] 
 (1789107438.376666)  can0  181   [8]  21 14 21 14 00 00 00 00
 (1789107438.426614)  can0  181   [8]  21 14 21 14 00 00 00 00
 (1789107438.476563)  can0  181   [8]  21 14 21 14 00 00 00 00
 (1789107438.526512)  can0  181   [8]  21 14 21 14 00 00 00 00
 (1789107438.535744)  can0  701   [1]  05
 (1789107438.537434)  can0  601   [8]  2F 60 60 00 03 00 00 00
 (1789107438.537751)  can0  581   [8]  60 60 60 00 00 00 00 00
 (1789107438.539432)  can0  601   [8]  40 61 60 00 00 00 00 00
 (1789107438.539739)  can0  581   [8]  4F 61 60 00 03 00 00 00
 (1789107438.541437)  can0  601   [8]  2B 40 60 00 06 00 00 00
 (1789107438.541797)  can0  581   [8]  60 40 60 00 00 00 00 00
 (1789107438.576468)  can0  181   [8]  21 14 21 14 00 00 00 00
 (1789107438.577440)  can0  601   [8]  40 6C 60 01 00 00 00 00
 (1789107438.577769)  can0  581   [8]  43 6C 60 01 00 00 00 00
 (1789107438.579429)  can0  601   [8]  40 6C 60 02 00 00 00 00
 (1789107438.579764)  can0  581   [8]  43 6C 60 02 00 00 00 00
 (1789107438.581431)  can0  601   [8]  40 6C 60 03 00 00 00 00
 (1789107438.581760)  can0  581   [8]  43 6C 60 03 00 00 00 00
 (1789107438.583435)  can0  601   [8]  2B 40 60 00 07 00 00 00
 (1789107438.583762)  can0  581   [8]  60 40 60 00 00 00 00 00
 (1789107438.626465)  can0  181   [8]  23 14 23 14 00 00 00 00
 (1789107438.628433)  can0  601   [8]  40 6C 60 01 00 00 00 00
 (1789107438.628770)  can0  581   [8]  43 6C 60 01 00 00 00 00
 (1789107438.630429)  can0  601   [8]  40 6C 60 02 00 00 00 00
 (1789107438.630766)  can0  581   [8]  43 6C 60 02 00 00 00 00
 (1789107438.632433)  can0  601   [8]  40 6C 60 03 00 00 00 00
 (1789107438.632762)  can0  581   [8]  43 6C 60 03 00 00 00 00
 (1789107438.634434)  can0  601   [8]  2B 40 60 00 0F 00 00 00
 (1789107438.634763)  can0  581   [8]  60 40 60 00 00 00 00 00
 (1789107438.676471)  can0  181   [8]  27 14 27 14 00 00 00 00
 (1789107438.678499)  can0  601   [8]  40 6C 60 01 00 00 00 00
 (1789107438.678781)  can0  581   [8]  43 6C 60 01 00 00 00 00
 (1789107438.680488)  can0  601   [8]  40 6C 60 02 00 00 00 00
 (1789107438.680833)  can0  581   [8]  43 6C 60 02 00 00 00 00
 (1789107438.682490)  can0  601   [8]  40 6C 60 03 00 00 00 00
 (1789107438.682830)  can0  581   [8]  43 6C 60 03 00 00 00 00
 (1789107438.684505)  can0  601   [8]  2B 00 20 00 E8 03 00 00
 (1789107438.684779)  can0  581   [8]  60 00 20 00 00 00 00 00
 (1789107438.686491)  can0  601   [8]  40 00 20 00 00 00 00 00
 (1789107438.686822)  can0  581   [8]  4B 00 20 00 E8 03 00 00
 (1789107438.688442)  can0  601   [8]  23 FF 60 03 00 00 05 00
 (1789107438.688765)  can0  581   [8]  60 FF 60 03 00 00 00 00
 (1789107438.690488)  can0  601   [8]  40 FF 60 03 00 00 00 00
 (1789107438.690759)  can0  581   [8]  43 FF 60 03 00 00 05 00
 (1789107438.726367)  can0  181   [8]  27 14 27 44 00 00 0D 00
 (1789107438.776319)  can0  181   [8]  27 14 27 44 00 00 2D 00
 (1789107438.785233)  can0  701   [1]  05
 (1789107438.826212)  can0  181   [8]  27 14 27 44 00 00 30 00
 (1789107438.876159)  can0  181   [8]  27 14 27 44 00 00 36 00
 (1789107438.889441)  can0  601   [8]  40 6C 60 01 00 00 00 00
 (1789107438.889744)  can0  581   [8]  43 6C 60 01 00 00 00 00
 (1789107438.891430)  can0  601   [8]  40 6C 60 02 00 00 00 00
 (1789107438.891732)  can0  581   [8]  43 6C 60 02 36 00 00 00
 (1789107438.893436)  can0  601   [8]  2B 17 10 00 00 00 00 00
 (1789107438.893746)  can0  581   [8]  60 17 10 00 00 00 00 00
 (1789107438.895428)  can0  601   [8]  40 17 10 00 00 00 00 00
 (1789107438.895733)  can0  581   [8]  4B 17 10 00 00 00 00 00
 (1789107438.926105)  can0  181   [8]  27 14 27 44 00 00 2F 00
 (1789107438.976112)  can0  181   [8]  27 14 27 44 00 00 33 00
 (1789107439.026004)  can0  181   [8]  27 14 27 44 00 00 2E 00
 (1789107439.075951)  can0  181   [8]  27 14 27 44 00 00 32 00
 (1789107439.125900)  can0  181   [8]  27 14 27 44 00 00 34 00
 (1789107439.175846)  can0  181   [8]  27 14 27 44 00 00 2D 00
 (1789107439.225800)  can0  181   [8]  27 14 27 44 00 00 30 00
 (1789107439.275748)  can0  181   [8]  27 14 27 44 00 00 35 00
 (1789107439.290436)  can0  601   [8]  23 FF 60 03 00 00 00 00
 (1789107439.290764)  can0  581   [8]  60 FF 60 03 00 00 00 00
 (1789107439.292430)  can0  601   [8]  40 FF 60 03 00 00 00 00
 (1789107439.292758)  can0  581   [8]  43 FF 60 03 00 00 00 00
 (1789107439.294434)  can0  601   [8]  23 FF 60 03 00 00 00 00
 (1789107439.294755)  can0  581   [8]  60 FF 60 03 00 00 00 00
 (1789107439.296429)  can0  601   [8]  40 FF 60 03 00 00 00 00
 (1789107439.296749)  can0  581   [8]  43 FF 60 03 00 00 00 00
 (1789107439.298435)  can0  601   [8]  40 6C 60 01 00 00 00 00
 (1789107439.298739)  can0  581   [8]  43 6C 60 01 00 00 00 00
 (1789107439.300427)  can0  601   [8]  40 6C 60 02 00 00 00 00
 (1789107439.300733)  can0  581   [8]  43 6C 60 02 36 00 00 00
 (1789107439.325696)  can0  181   [8]  27 14 27 14 00 00 26 00
 (1789107439.353294)  can0  601   [8]  40 6C 60 01 00 00 00 00
 (1789107439.353615)  can0  581   [8]  43 6C 60 01 00 00 00 00
 (1789107439.355289)  can0  601   [8]  40 6C 60 02 00 00 00 00
 (1789107439.355610)  can0  581   [8]  43 6C 60 02 06 00 00 00
 (1789107439.375643)  can0  181   [8]  27 14 27 14 00 00 FD FF
 (1789107439.408294)  can0  601   [8]  40 6C 60 01 00 00 00 00
 (1789107439.408615)  can0  581   [8]  43 6C 60 01 00 00 00 00
 (1789107439.410287)  can0  601   [8]  40 6C 60 02 00 00 00 00
 (1789107439.410614)  can0  581   [8]  43 6C 60 02 02 00 00 00
 (1789107439.425591)  can0  181   [8]  27 14 27 14 00 00 02 00
 (1789107439.463292)  can0  601   [8]  40 6C 60 01 00 00 00 00
 (1789107439.463613)  can0  581   [8]  43 6C 60 01 00 00 00 00
 (1789107439.465288)  can0  601   [8]  40 6C 60 02 00 00 00 00
 (1789107439.465611)  can0  581   [8]  43 6C 60 02 01 00 00 00
 (1789107439.475539)  can0  181   [8]  27 14 27 14 00 00 02 00
 (1789107439.518291)  can0  601   [8]  40 6C 60 01 00 00 00 00
 (1789107439.518615)  can0  581   [8]  43 6C 60 01 00 00 00 00
 (1789107439.520288)  can0  601   [8]  40 6C 60 02 00 00 00 00
 (1789107439.520611)  can0  581   [8]  43 6C 60 02 01 00 00 00
 (1789107439.525490)  can0  181   [8]  27 14 27 14 00 00 00 00
 (1789107439.573291)  can0  601   [8]  40 6C 60 01 00 00 00 00
 (1789107439.573613)  can0  581   [8]  43 6C 60 01 00 00 00 00
 (1789107439.575289)  can0  601   [8]  40 6C 60 02 00 00 00 00
 (1789107439.575535)  can0  181   [8]  27 14 27 14 00 00 00 00
 (1789107439.575775)  can0  581   [8]  43 6C 60 02 00 00 00 00
 (1789107439.577297)  can0  601   [8]  40 6C 60 03 00 00 00 00
 (1789107439.577605)  can0  581   [8]  43 6C 60 03 00 00 00 00
 (1789107439.579295)  can0  601   [8]  2B 17 10 00 F4 01 00 00
 (1789107439.579606)  can0  581   [8]  60 17 10 00 00 00 00 00
 (1789107439.581294)  can0  601   [8]  40 17 10 00 00 00 00 00
 (1789107439.581596)  can0  581   [8]  4B 17 10 00 F4 01 00 00
 (1789107439.625435)  can0  181   [8]  27 14 27 14 00 00 00 00
 (1789107439.675384)  can0  181   [8]  27 14 27 14 00 00 00 00
 (1789107439.725286)  can0  181   [8]  27 14 27 14 00 00 00 00
 (1789107439.775234)  can0  181   [8]  27 14 27 14 00 00 00 00
 (1789107439.825181)  can0  181   [8]  27 14 27 14 00 00 00 00
 (1789107439.828974)  can0  701   [1]  05
 (1789107439.830306)  can0  601   [8]  23 FF 60 03 00 00 00 00
 (1789107439.830657)  can0  581   [8]  60 FF 60 03 00 00 00 00
 (1789107439.832293)  can0  601   [8]  40 FF 60 03 00 00 00 00
 (1789107439.832601)  can0  581   [8]  43 FF 60 03 00 00 00 00
 (1789107439.834301)  can0  601   [8]  23 FF 60 03 00 00 00 00
 (1789107439.834649)  can0  581   [8]  60 FF 60 03 00 00 00 00
 (1789107439.836295)  can0  601   [8]  40 FF 60 03 00 00 00 00
 (1789107439.836643)  can0  581   [8]  43 FF 60 03 00 00 00 00
 (1789107439.838301)  can0  601   [8]  2B 40 60 00 06 00 00 00
 (1789107439.838641)  can0  581   [8]  60 40 60 00 00 00 00 00
 (1789107439.875180)  can0  181   [8]  21 14 21 14 00 00 FC FF
 (1789107439.925130)  can0  181   [8]  21 14 21 14 00 00 00 00
 (1789107439.927302)  can0  601   [8]  40 6C 60 01 00 00 00 00
 (1789107439.927625)  can0  581   [8]  43 6C 60 01 00 00 00 00
 (1789107439.929295)  can0  601   [8]  40 6C 60 02 00 00 00 00
 (1789107439.929621)  can0  581   [8]  43 6C 60 02 00 00 00 00
 (1789107439.931297)  can0  601   [8]  40 6C 60 03 00 00 00 00
 (1789107439.931617)  can0  581   [8]  43 6C 60 03 00 00 00 00
 (1789107439.933191)  can0  000   [2]  80 01
 (1789107440.078532)  can0  701   [1]  7F
 (1789107440.079302)  can0  601   [8]  2B 17 10 00 00 00 00 00
 (1789107440.079658)  can0  581   [8]  60 17 10 00 00 00 00 00
 (1789107440.081294)  can0  601   [8]  40 17 10 00 00 00 00 00
 (1789107440.081650)  can0  581   [8]  4B 17 10 00 00 00 00 00
 (1789107440.083304)  can0  601   [8]  2B 00 20 00 00 00 00 00
 (1789107440.083653)  can0  581   [8]  60 00 20 00 00 00 00 00
 (1789107440.085297)  can0  601   [8]  40 00 20 00 00 00 00 00
 (1789107440.085645)  can0  581   [8]  4B 00 20 00 00 00 00 00
