 (1789381468.548029)  can0  601   [8]  40 00 20 00 00 00 00 00
 (1789381468.548333)  can0  581   [8]  4B 00 20 00 00 00 00 00
 (1789381468.549889)  can0  601   [8]  40 17 10 00 00 00 00 00
 (1789381468.550202)  can0  581   [8]  4B 17 10 00 00 00 00 00
 (1789381468.551927)  can0  601   [8]  2B 17 10 00 F4 01 00 00
 (1789381468.552251)  can0  581   [8]  60 17 10 00 00 00 00 00
 (1789381468.553906)  can0  601   [8]  40 17 10 00 00 00 00 00
 (1789381468.554240)  can0  581   [8]  4B 17 10 00 F4 01 00 00
 (1789381468.801679)  can0  701   [1]  7F
 (1789381468.802907)  can0  601   [8]  40 00 18 01 00 00 00 00
 (1789381468.803241)  can0  581   [8]  43 00 18 01 81 01 00 00
 (1789381468.804938)  can0  601   [8]  40 00 18 02 00 00 00 00
 (1789381468.805295)  can0  581   [8]  4F 00 18 02 FF 00 00 00
 (1789381468.806862)  can0  601   [8]  40 00 18 05 00 00 00 00
 (1789381468.807285)  can0  581   [8]  4B 00 18 05 64 00 00 00
 (1789381468.808919)  can0  601   [8]  40 00 1A 00 00 00 00 00
 (1789381468.809230)  can0  581   [8]  4F 00 1A 00 02 00 00 00
 (1789381468.810860)  can0  601   [8]  40 00 1A 01 00 00 00 00
 (1789381468.811219)  can0  581   [8]  43 00 1A 01 20 00 41 60
 (1789381468.812863)  can0  601   [8]  40 00 1A 02 00 00 00 00
 (1789381468.813213)  can0  581   [8]  43 00 1A 02 20 03 6C 60
 (1789381468.814918)  can0  601   [8]  40 60 60 00 00 00 00 00
 (1789381468.815214)  can0  581   [8]  4F 60 60 00 03 00 00 00
 (1789381468.816860)  can0  601   [8]  40 61 60 00 00 00 00 00
 (1789381468.817266)  can0  581   [8]  4F 61 60 00 03 00 00 00
 (1789381468.818915)  can0  601   [8]  40 FF 60 01 00 00 00 00
 (1789381468.819205)  can0  581   [8]  43 FF 60 01 00 00 00 00
 (1789381468.820919)  can0  601   [8]  40 FF 60 02 00 00 00 00
 (1789381468.821262)  can0  581   [8]  43 FF 60 02 00 00 00 00
 (1789381468.822862)  can0  601   [8]  40 3F 60 00 00 00 00 00
 (1789381468.823196)  can0  581   [8]  43 3F 60 00 00 00 00 00
 (1789381468.824943)  can0  601   [8]  40 6C 60 01 00 00 00 00
 (1789381468.825248)  can0  581   [8]  43 6C 60 01 00 00 00 00
 (1789381468.826857)  can0  601   [8]  40 6C 60 02 00 00 00 00
 (1789381468.827183)  can0  581   [8]  43 6C 60 02 00 00 00 00
 (1789381468.828859)  can0  601   [8]  40 6C 60 03 00 00 00 00
 (1789381468.829179)  can0  581   [8]  43 6C 60 03 00 00 00 00
 (1789381468.830921)  can0  601   [8]  40 0F 20 00 00 00 00 00
 (1789381468.831235)  can0  581   [8]  4B 0F 20 00 01 00 00 00
 (1789381468.832879)  can0  601   [8]  23 FF 60 03 00 00 00 00
 (1789381468.833239)  can0  581   [8]  60 FF 60 03 00 00 00 00
 (1789381468.834913)  can0  601   [8]  40 FF 60 03 00 00 00 00
 (1789381468.835172)  can0  581   [8]  43 FF 60 03 00 00 00 00
 (1789381468.836870)  can0  601   [8]  23 FF 60 03 00 00 00 00
 (1789381468.837287)  can0  581   [8]  60 FF 60 03 00 00 00 00
 (1789381468.838911)  can0  601   [8]  40 FF 60 03 00 00 00 00
 (1789381468.839219)  can0  581   [8]  43 FF 60 03 00 00 00 00
 (1789381468.840808)  can0  000   [2]  01 01
 (1789381468.841153)  can0  181   [8]  00 14 00 14 00 00 00 00
 (1789381468.841251)  can0  281   [0] 
 (1789381468.841352)  can0  381   [0] 
 (1789381468.841450)  can0  481   [0] 
 (1789381468.891169)  can0  181   [8]  00 14 00 14 00 00 00 00
 (1789381468.941232)  can0  181   [8]  00 14 00 14 00 00 00 00
 (1789381468.991245)  can0  181   [8]  00 14 00 14 00 00 00 00
 (1789381469.041252)  can0  181   [8]  00 14 00 14 00 00 00 00
 (1789381469.051175)  can0  701   [1]  05
 (1789381469.051913)  can0  601   [8]  2F 60 60 00 03 00 00 00
 (1789381469.052237)  can0  581   [8]  60 60 60 00 00 00 00 00
 (1789381469.053925)  can0  601   [8]  40 61 60 00 00 00 00 00
 (1789381469.054277)  can0  581   [8]  4F 61 60 00 03 00 00 00
 (1789381469.055950)  can0  601   [8]  2B 40 60 00 06 00 00 00
 (1789381469.056226)  can0  581   [8]  60 40 60 00 00 00 00 00
 (1789381469.091262)  can0  181   [8]  21 14 21 14 00 00 00 00
 (1789381469.092952)  can0  601   [8]  40 6C 60 01 00 00 00 00
 (1789381469.093257)  can0  581   [8]  43 6C 60 01 00 00 00 00
 (1789381469.094925)  can0  601   [8]  40 6C 60 02 00 00 00 00
 (1789381469.095249)  can0  581   [8]  43 6C 60 02 00 00 00 00
 (1789381469.096860)  can0  601   [8]  40 6C 60 03 00 00 00 00
 (1789381469.097242)  can0  581   [8]  43 6C 60 03 00 00 00 00
 (1789381469.098939)  can0  601   [8]  2B 40 60 00 07 00 00 00
 (1789381469.099248)  can0  581   [8]  60 40 60 00 00 00 00 00
 (1789381469.141263)  can0  181   [8]  23 14 23 14 00 00 00 00
 (1789381469.142953)  can0  601   [8]  40 6C 60 01 00 00 00 00
 (1789381469.143199)  can0  581   [8]  43 6C 60 01 00 00 00 00
 (1789381469.144924)  can0  601   [8]  40 6C 60 02 00 00 00 00
 (1789381469.145252)  can0  581   [8]  43 6C 60 02 00 00 00 00
 (1789381469.146860)  can0  601   [8]  40 6C 60 03 00 00 00 00
 (1789381469.147187)  can0  581   [8]  43 6C 60 03 00 00 00 00
 (1789381469.148885)  can0  601   [8]  2B 40 60 00 0F 00 00 00
 (1789381469.149200)  can0  581   [8]  60 40 60 00 00 00 00 00
 (1789381469.191214)  can0  181   [8]  27 14 27 14 00 00 00 00
 (1789381469.192955)  can0  601   [8]  40 6C 60 01 00 00 00 00
 (1789381469.193208)  can0  581   [8]  43 6C 60 01 00 00 00 00
 (1789381469.194927)  can0  601   [8]  40 6C 60 02 00 00 00 00
 (1789381469.195260)  can0  581   [8]  43 6C 60 02 00 00 00 00
 (1789381469.196862)  can0  601   [8]  40 6C 60 03 00 00 00 00
 (1789381469.197199)  can0  581   [8]  43 6C 60 03 00 00 00 00
 (1789381469.198929)  can0  601   [8]  2B 00 20 00 E8 03 00 00
 (1789381469.199204)  can0  581   [8]  60 00 20 00 00 00 00 00
 (1789381469.200915)  can0  601   [8]  40 00 20 00 00 00 00 00
 (1789381469.201243)  can0  581   [8]  4B 00 20 00 E8 03 00 00
 (1789381469.202885)  can0  601   [8]  23 FF 60 03 00 00 05 00
 (1789381469.203199)  can0  581   [8]  60 FF 60 03 00 00 00 00
 (1789381469.204918)  can0  601   [8]  40 FF 60 03 00 00 00 00
 (1789381469.205185)  can0  581   [8]  43 FF 60 03 00 00 05 00
 (1789381469.241156)  can0  181   [8]  27 14 27 44 00 00 0C 00
 (1789381469.291102)  can0  181   [8]  27 14 27 44 00 00 2D 00
 (1789381469.300710)  can0  701   [1]  05
 (1789381469.341051)  can0  181   [8]  27 14 27 44 00 00 34 00
 (1789381469.390996)  can0  181   [8]  27 14 27 44 00 00 36 00
 (1789381469.404013)  can0  601   [8]  40 6C 60 01 00 00 00 00
 (1789381469.404341)  can0  581   [8]  43 6C 60 01 00 00 00 00
 (1789381469.405931)  can0  601   [8]  40 6C 60 02 00 00 00 00
 (1789381469.406211)  can0  581   [8]  43 6C 60 02 30 00 00 00
 (1789381469.418923)  can0  601   [8]  40 6C 60 02 00 00 00 00
 (1789381469.419182)  can0  581   [8]  43 6C 60 02 2D 00 00 00
 (1789381469.440941)  can0  181   [8]  27 14 27 44 00 00 2F 00
 (1789381469.475956)  can0  601   [8]  40 6C 60 02 00 00 00 00
 (1789381469.476237)  can0  581   [8]  43 6C 60 02 34 00 00 00
 (1789381469.490889)  can0  181   [8]  27 14 27 44 00 00 32 00
 (1789381469.532899)  can0  601   [8]  40 6C 60 02 00 00 00 00
 (1789381469.533233)  can0  581   [8]  43 6C 60 02 2F 00 00 00
 (1789381469.540838)  can0  181   [8]  27 14 27 44 00 00 2F 00
 (1789381469.550202)  can0  701   [1]  05
 (1789381469.589956)  can0  601   [8]  40 6C 60 02 00 00 00 00
 (1789381469.590225)  can0  581   [8]  43 6C 60 02 34 00 00 00
 (1789381469.590781)  can0  181   [8]  27 14 27 44 00 00 34 00
 (1789381469.640734)  can0  181   [8]  27 14 27 44 00 00 30 00
 (1789381469.645947)  can0  601   [8]  40 6C 60 02 00 00 00 00
 (1789381469.646222)  can0  581   [8]  43 6C 60 02 2F 00 00 00
 (1789381469.690681)  can0  181   [8]  27 14 27 44 00 00 2E 00
 (1789381469.701953)  can0  601   [8]  40 6C 60 02 00 00 00 00
 (1789381469.702273)  can0  581   [8]  43 6C 60 02 30 00 00 00
 (1789381469.740626)  can0  181   [8]  27 14 27 44 00 00 32 00
 (1789381469.758951)  can0  601   [8]  40 6C 60 02 00 00 00 00
 (1789381469.759212)  can0  581   [8]  43 6C 60 02 35 00 00 00
 (1789381469.790578)  can0  181   [8]  27 14 27 44 00 00 35 00
 (1789381469.799745)  can0  701   [1]  05
 (1789381469.815954)  can0  601   [8]  40 6C 60 02 00 00 00 00
 (1789381469.816205)  can0  581   [8]  43 6C 60 02 30 00 00 00
 (1789381469.840523)  can0  181   [8]  27 14 27 44 00 00 2F 00
 (1789381469.872959)  can0  601   [8]  40 6C 60 02 00 00 00 00
 (1789381469.873203)  can0  581   [8]  43 6C 60 02 32 00 00 00
 (1789381469.890532)  can0  181   [8]  27 14 27 44 00 00 33 00
 (1789381469.929954)  can0  601   [8]  40 6C 60 02 00 00 00 00
 (1789381469.930195)  can0  581   [8]  43 6C 60 02 2D 00 00 00
 (1789381469.940476)  can0  181   [8]  27 14 27 44 00 00 2D 00
 (1789381469.986956)  can0  601   [8]  40 6C 60 02 00 00 00 00
 (1789381469.987257)  can0  581   [8]  43 6C 60 02 33 00 00 00
 (1789381469.990420)  can0  181   [8]  27 14 27 44 00 00 33 00
 (1789381470.040323)  can0  181   [8]  27 14 27 44 00 00 31 00
 (1789381470.043962)  can0  601   [8]  40 6C 60 02 00 00 00 00
 (1789381470.044301)  can0  581   [8]  43 6C 60 02 30 00 00 00
 (1789381470.049357)  can0  701   [1]  05
 (1789381470.090319)  can0  181   [8]  27 14 27 44 00 00 2E 00
 (1789381470.100850)  can0  601   [8]  40 6C 60 02 00 00 00 00
 (1789381470.101175)  can0  581   [8]  43 6C 60 02 2F 00 00 00
 (1789381470.140264)  can0  181   [8]  27 14 27 44 00 00 31 00
 (1789381470.156901)  can0  601   [8]  40 6C 60 02 00 00 00 00
 (1789381470.157291)  can0  581   [8]  43 6C 60 02 34 00 00 00
 (1789381470.190160)  can0  181   [8]  27 14 27 44 00 00 36 00
 (1789381470.213970)  can0  601   [8]  40 6C 60 02 00 00 00 00
 (1789381470.214285)  can0  581   [8]  43 6C 60 02 34 00 00 00
 (1789381470.240108)  can0  181   [8]  27 14 27 44 00 00 30 00
 (1789381470.270970)  can0  601   [8]  40 6C 60 02 00 00 00 00
 (1789381470.271277)  can0  581   [8]  43 6C 60 02 32 00 00 00
 (1789381470.290110)  can0  181   [8]  27 14 27 44 00 00 34 00
 (1789381470.298851)  can0  701   [1]  05
 (1789381470.327955)  can0  601   [8]  40 6C 60 02 00 00 00 00
 (1789381470.328268)  can0  581   [8]  43 6C 60 02 2D 00 00 00
 (1789381470.340056)  can0  181   [8]  27 14 27 44 00 00 2E 00
 (1789381470.383924)  can0  601   [8]  40 6C 60 02 00 00 00 00
 (1789381470.384326)  can0  581   [8]  43 6C 60 02 33 00 00 00
 (1789381470.390001)  can0  181   [8]  27 14 27 44 00 00 33 00
 (1789381470.439954)  can0  181   [8]  27 14 27 44 00 00 31 00
 (1789381470.440294)  can0  601   [8]  40 6C 60 02 00 00 00 00
 (1789381470.440700)  can0  581   [8]  43 6C 60 02 31 00 00 00
 (1789381470.489844)  can0  181   [8]  27 14 27 44 00 00 2E 00
 (1789381470.496954)  can0  601   [8]  40 6C 60 02 00 00 00 00
 (1789381470.497258)  can0  581   [8]  43 6C 60 02 2F 00 00 00
 (1789381470.539845)  can0  181   [8]  27 14 27 44 00 00 31 00
 (1789381470.548399)  can0  701   [1]  05
 (1789381470.553899)  can0  601   [8]  40 6C 60 02 00 00 00 00
 (1789381470.554256)  can0  581   [8]  43 6C 60 02 33 00 00 00
 (1789381470.589737)  can0  181   [8]  27 14 27 44 00 00 36 00
 (1789381470.610954)  can0  601   [8]  40 6C 60 02 00 00 00 00
 (1789381470.611202)  can0  581   [8]  43 6C 60 02 34 00 00 00
 (1789381470.639685)  can0  181   [8]  27 14 27 44 00 00 2F 00
 (1789381470.667957)  can0  601   [8]  40 6C 60 02 00 00 00 00
 (1789381470.668301)  can0  581   [8]  43 6C 60 02 31 00 00 00
 (1789381470.689692)  can0  181   [8]  27 14 27 44 00 00 35 00
 (1789381470.724955)  can0  601   [8]  40 6C 60 02 00 00 00 00
 (1789381470.725294)  can0  581   [8]  43 6C 60 02 2E 00 00 00
 (1789381470.739638)  can0  181   [8]  27 14 27 44 00 00 2B 00
 (1789381470.781895)  can0  601   [8]  40 6C 60 02 00 00 00 00
 (1789381470.782230)  can0  581   [8]  43 6C 60 02 31 00 00 00
 (1789381470.789585)  can0  181   [8]  27 14 27 44 00 00 32 00
 (1789381470.797829)  can0  701   [1]  05
 (1789381470.838954)  can0  601   [8]  40 6C 60 02 00 00 00 00
 (1789381470.839225)  can0  581   [8]  43 6C 60 02 32 00 00 00
 (1789381470.839472)  can0  181   [8]  27 14 27 44 00 00 32 00
 (1789381470.889425)  can0  181   [8]  27 14 27 44 00 00 2E 00
 (1789381470.895954)  can0  601   [8]  40 6C 60 02 00 00 00 00
 (1789381470.896218)  can0  581   [8]  43 6C 60 02 2E 00 00 00
 (1789381470.939432)  can0  181   [8]  27 14 27 44 00 00 30 00
 (1789381470.952956)  can0  601   [8]  40 6C 60 02 00 00 00 00
 (1789381470.953212)  can0  581   [8]  43 6C 60 02 32 00 00 00
 (1789381470.989375)  can0  181   [8]  27 14 27 44 00 00 37 00
 (1789381471.009953)  can0  601   [8]  40 6C 60 02 00 00 00 00
 (1789381471.010205)  can0  581   [8]  43 6C 60 02 37 00 00 00
 (1789381471.039323)  can0  181   [8]  27 14 27 44 00 00 31 00
 (1789381471.047376)  can0  701   [1]  05
 (1789381471.066894)  can0  601   [8]  40 6C 60 02 00 00 00 00
 (1789381471.067200)  can0  581   [8]  43 6C 60 02 2F 00 00 00
 (1789381471.089212)  can0  181   [8]  27 14 27 44 00 00 33 00
 (1789381471.123976)  can0  601   [8]  40 6C 60 02 00 00 00 00
 (1789381471.124254)  can0  581   [8]  43 6C 60 02 31 00 00 00
 (1789381471.139159)  can0  181   [8]  27 14 27 44 00 00 2E 00
 (1789381471.179971)  can0  601   [8]  40 6C 60 02 00 00 00 00
 (1789381471.180250)  can0  581   [8]  43 6C 60 02 31 00 00 00
 (1789381471.189106)  can0  181   [8]  27 14 27 44 00 00 32 00
 (1789381471.236901)  can0  601   [8]  40 6C 60 02 00 00 00 00
 (1789381471.237245)  can0  581   [8]  43 6C 60 02 33 00 00 00
 (1789381471.239108)  can0  181   [8]  27 14 27 44 00 00 33 00
 (1789381471.289061)  can0  181   [8]  27 14 27 44 00 00 2D 00
 (1789381471.293966)  can0  601   [8]  40 6C 60 02 00 00 00 00
 (1789381471.294291)  can0  581   [8]  43 6C 60 02 2E 00 00 00
 (1789381471.296866)  can0  701   [1]  05
 (1789381471.339009)  can0  181   [8]  27 14 27 44 00 00 30 00
 (1789381471.349964)  can0  601   [8]  40 6C 60 02 00 00 00 00
 (1789381471.350235)  can0  581   [8]  43 6C 60 02 31 00 00 00
 (1789381471.388958)  can0  181   [8]  27 14 27 44 00 00 35 00
 (1789381471.406961)  can0  601   [8]  40 6C 60 02 00 00 00 00
 (1789381471.407285)  can0  581   [8]  43 6C 60 02 36 00 00 00
 (1789381471.438900)  can0  181   [8]  27 14 27 44 00 00 31 00
 (1789381471.463962)  can0  601   [8]  40 6C 60 02 00 00 00 00
 (1789381471.464280)  can0  581   [8]  43 6C 60 02 2F 00 00 00
 (1789381471.488850)  can0  181   [8]  27 14 27 44 00 00 32 00
 (1789381471.520961)  can0  601   [8]  40 6C 60 02 00 00 00 00
 (1789381471.521270)  can0  581   [8]  43 6C 60 02 32 00 00 00
 (1789381471.538792)  can0  181   [8]  27 14 27 44 00 00 2D 00
 (1789381471.546473)  can0  701   [1]  05
 (1789381471.577957)  can0  601   [8]  40 6C 60 02 00 00 00 00
 (1789381471.578263)  can0  581   [8]  43 6C 60 02 2F 00 00 00
 (1789381471.588744)  can0  181   [8]  27 14 27 44 00 00 32 00
 (1789381471.634964)  can0  601   [8]  40 6C 60 02 00 00 00 00
 (1789381471.635263)  can0  581   [8]  43 6C 60 02 34 00 00 00
 (1789381471.638688)  can0  181   [8]  27 14 27 44 00 00 34 00
 (1789381471.688636)  can0  181   [8]  27 14 27 44 00 00 2D 00
 (1789381471.691950)  can0  601   [8]  40 6C 60 02 00 00 00 00
 (1789381471.692198)  can0  581   [8]  43 6C 60 02 2D 00 00 00
 (1789381471.738532)  can0  181   [8]  27 14 27 44 00 00 30 00
 (1789381471.748961)  can0  601   [8]  40 6C 60 02 00 00 00 00
 (1789381471.749205)  can0  581   [8]  43 6C 60 02 30 00 00 00
 (1789381471.788535)  can0  181   [8]  27 14 27 44 00 00 34 00
 (1789381471.795902)  can0  701   [1]  05
 (1789381471.805959)  can0  601   [8]  40 6C 60 02 00 00 00 00
 (1789381471.806246)  can0  581   [8]  43 6C 60 02 35 00 00 00
 (1789381471.838483)  can0  181   [8]  27 14 27 44 00 00 33 00
 (1789381471.862898)  can0  601   [8]  40 6C 60 02 00 00 00 00
 (1789381471.863239)  can0  581   [8]  43 6C 60 02 31 00 00 00
 (1789381471.888428)  can0  181   [8]  27 14 27 44 00 00 33 00
 (1789381471.919958)  can0  601   [8]  40 6C 60 02 00 00 00 00
 (1789381471.920234)  can0  581   [8]  43 6C 60 02 33 00 00 00
 (1789381471.938378)  can0  181   [8]  27 14 27 44 00 00 2F 00
 (1789381471.976904)  can0  601   [8]  40 6C 60 02 00 00 00 00
 (1789381471.977227)  can0  581   [8]  43 6C 60 02 2F 00 00 00
 (1789381471.988321)  can0  181   [8]  27 14 27 44 00 00 31 00
 (1789381472.033938)  can0  601   [8]  40 6C 60 02 00 00 00 00
 (1789381472.034278)  can0  581   [8]  43 6C 60 02 35 00 00 00
 (1789381472.038272)  can0  181   [8]  27 14 27 44 00 00 35 00
 (1789381472.045511)  can0  701   [1]  05
 (1789381472.088221)  can0  181   [8]  27 14 27 44 00 00 2B 00
 (1789381472.090954)  can0  601   [8]  40 6C 60 02 00 00 00 00
 (1789381472.091271)  can0  581   [8]  43 6C 60 02 2B 00 00 00
 (1789381472.138167)  can0  181   [8]  27 14 27 44 00 00 2F 00
 (1789381472.147956)  can0  601   [8]  40 6C 60 02 00 00 00 00
 (1789381472.148266)  can0  581   [8]  43 6C 60 02 2F 00 00 00
 (1789381472.188059)  can0  181   [8]  27 14 27 44 00 00 34 00
 (1789381472.204898)  can0  601   [8]  40 6C 60 02 00 00 00 00
 (1789381472.205201)  can0  581   [8]  43 6C 60 02 33 00 00 00
 (1789381472.238005)  can0  181   [8]  27 14 27 44 00 00 32 00
 (1789381472.261961)  can0  601   [8]  40 6C 60 02 00 00 00 00
 (1789381472.262205)  can0  581   [8]  43 6C 60 02 31 00 00 00
 (1789381472.287950)  can0  181   [8]  27 14 27 44 00 00 33 00
 (1789381472.295000)  can0  701   [1]  05
 (1789381472.318960)  can0  601   [8]  40 6C 60 02 00 00 00 00
 (1789381472.319203)  can0  581   [8]  43 6C 60 02 34 00 00 00
 (1789381472.337957)  can0  181   [8]  27 14 27 44 00 00 30 00
 (1789381472.375963)  can0  601   [8]  40 6C 60 02 00 00 00 00
 (1789381472.376251)  can0  581   [8]  43 6C 60 02 2C 00 00 00
 (1789381472.387904)  can0  181   [8]  27 14 27 44 00 00 2F 00
 (1789381472.431898)  can0  601   [8]  40 6C 60 02 00 00 00 00
 (1789381472.432241)  can0  581   [8]  43 6C 60 02 34 00 00 00
 (1789381472.437845)  can0  181   [8]  27 14 27 44 00 00 34 00
 (1789381472.487741)  can0  181   [8]  27 14 27 44 00 00 2D 00
 (1789381472.488077)  can0  601   [8]  40 6C 60 02 00 00 00 00
 (1789381472.488428)  can0  581   [8]  43 6C 60 02 2C 00 00 00
 (1789381472.537749)  can0  181   [8]  27 14 27 44 00 00 2F 00
 (1789381472.544548)  can0  701   [1]  05
 (1789381472.544831)  can0  601   [8]  40 6C 60 02 00 00 00 00
 (1789381472.545168)  can0  581   [8]  43 6C 60 02 2F 00 00 00
 (1789381472.587633)  can0  181   [8]  27 14 27 44 00 00 33 00
 (1789381472.601896)  can0  601   [8]  40 6C 60 02 00 00 00 00
 (1789381472.602163)  can0  581   [8]  43 6C 60 02 33 00 00 00
 (1789381472.637638)  can0  181   [8]  27 14 27 44 00 00 33 00
 (1789381472.658896)  can0  601   [8]  40 6C 60 02 00 00 00 00
 (1789381472.659157)  can0  581   [8]  43 6C 60 02 31 00 00 00
 (1789381472.687581)  can0  181   [8]  27 14 27 44 00 00 31 00
 (1789381472.715896)  can0  601   [8]  40 6C 60 02 00 00 00 00
 (1789381472.716149)  can0  581   [8]  43 6C 60 02 33 00 00 00
 (1789381472.737479)  can0  181   [8]  27 14 27 44 00 00 30 00
 (1789381472.772896)  can0  601   [8]  40 6C 60 02 00 00 00 00
 (1789381472.773144)  can0  581   [8]  43 6C 60 02 2E 00 00 00
 (1789381472.787483)  can0  181   [8]  27 14 27 44 00 00 2F 00
 (1789381472.793977)  can0  701   [1]  05
 (1789381472.829896)  can0  601   [8]  40 6C 60 02 00 00 00 00
 (1789381472.830139)  can0  581   [8]  43 6C 60 02 33 00 00 00
 (1789381472.837367)  can0  181   [8]  27 14 27 44 00 00 33 00
 (1789381472.886896)  can0  601   [8]  40 6C 60 02 00 00 00 00
 (1789381472.887202)  can0  581   [8]  43 6C 60 02 22 00 00 00
 (1789381472.887435)  can0  181   [8]  27 14 27 44 00 00 22 00
 (1789381472.943898)  can0  601   [8]  40 6C 60 02 00 00 00 00
 (1789381482.921785)  can0  701   [1]  00
 (1789381482.924279)  can0  601   [8]  23 FF 60 03 00 00 00 00
 (1789381482.924628)  can0  581   [8]  60 FF 60 03 00 00 00 00
 (1789381482.926252)  can0  601   [8]  40 FF 60 03 00 00 00 00
 (1789381482.926617)  can0  581   [8]  43 FF 60 03 00 00 00 00
 (1789381482.928304)  can0  601   [8]  2B 17 10 00 F4 01 00 00
 (1789381482.928674)  can0  581   [8]  60 17 10 00 00 00 00 00
 (1789381482.930246)  can0  601   [8]  40 17 10 00 00 00 00 00
 (1789381482.930661)  can0  581   [8]  4B 17 10 00 F4 01 00 00
 (1789381483.178101)  can0  701   [1]  7F
 (1789381483.180210)  can0  000   [2]  80 01
 (1789381483.180517)  can0  601   [8]  23 FF 60 03 00 00 00 00
 (1789381483.180845)  can0  581   [8]  60 FF 60 03 00 00 00 00
 (1789381483.182311)  can0  601   [8]  40 FF 60 03 00 00 00 00
 (1789381483.182594)  can0  581   [8]  43 FF 60 03 00 00 00 00
 (1789381483.184314)  can0  601   [8]  23 FF 60 03 00 00 00 00
 (1789381483.184592)  can0  581   [8]  60 FF 60 03 00 00 00 00
 (1789381483.186249)  can0  601   [8]  40 FF 60 03 00 00 00 00
 (1789381483.186583)  can0  581   [8]  43 FF 60 03 00 00 00 00
 (1789381483.427588)  can0  701   [1]  7F
 (1789381483.429328)  can0  601   [8]  2B 40 60 00 00 00 00 00
 (1789381483.429590)  can0  581   [8]  60 40 60 00 00 00 00 00
 (1789381483.431316)  can0  601   [8]  40 41 60 00 00 00 00 00
 (1789381483.431572)  can0  581   [8]  43 41 60 00 40 14 40 14
 (1789381483.433256)  can0  601   [8]  40 6C 60 01 00 00 00 00
 (1789381483.433574)  can0  581   [8]  43 6C 60 01 00 00 00 00
 (1789381483.435247)  can0  601   [8]  40 6C 60 02 00 00 00 00
 (1789381483.435569)  can0  581   [8]  43 6C 60 02 00 00 00 00
 (1789381483.437251)  can0  601   [8]  40 6C 60 03 00 00 00 00
 (1789381483.437565)  can0  581   [8]  43 6C 60 03 00 00 00 00
 (1789381483.439259)  can0  601   [8]  2B 00 20 00 00 00 00 00
 (1789381483.439630)  can0  581   [8]  60 00 20 00 00 00 00 00
 (1789381483.441305)  can0  601   [8]  40 00 20 00 00 00 00 00
 (1789381483.441673)  can0  581   [8]  4B 00 20 00 00 00 00 00
 (1789381483.443254)  can0  601   [8]  2B 17 10 00 00 00 00 00
 (1789381483.443620)  can0  581   [8]  60 17 10 00 00 00 00 00
 (1789381483.445306)  can0  601   [8]  40 17 10 00 00 00 00 00
 (1789381483.445610)  can0  581   [8]  4B 17 10 00 00 00 00 00
