 (1788769182.744418)  can0  701   [1]  00
 (1788769182.757469)  can0  601   [8]  2B 17 10 00 E8 03 00 00
 (1788769182.757801)  can0  581   [8]  60 17 10 00 00 00 00 00
 (1788769183.256748)  can0  701   [1]  7F
 (1788769183.262380)  can0  601   [8]  40 60 60 00 00 00 00 00
 (1788769183.262670)  can0  581   [8]  4F 60 60 00 03 00 00 00
 (1788769183.264349)  can0  601   [8]  40 61 60 00 00 00 00 00
 (1788769183.264658)  can0  581   [8]  4F 61 60 00 03 00 00 00
 (1788769183.266338)  can0  601   [8]  40 FF 60 01 00 00 00 00
 (1788769183.266657)  can0  581   [8]  43 FF 60 01 00 00 00 00
 (1788769183.268340)  can0  601   [8]  40 FF 60 02 00 00 00 00
 (1788769183.268659)  can0  581   [8]  43 FF 60 02 00 00 00 00
 (1788769183.270339)  can0  601   [8]  40 3F 60 00 00 00 00 00
 (1788769183.270655)  can0  581   [8]  43 3F 60 00 00 00 00 00
 (1788769183.272341)  can0  601   [8]  40 6C 60 01 00 00 00 00
 (1788769183.272642)  can0  581   [8]  43 6C 60 01 00 00 00 00
 (1788769183.274336)  can0  601   [8]  40 6C 60 02 00 00 00 00
 (1788769183.274695)  can0  581   [8]  43 6C 60 02 00 00 00 00
 (1788769183.276282)  can0  601   [8]  40 6C 60 03 00 00 00 00
 (1788769183.276692)  can0  581   [8]  43 6C 60 03 00 00 00 00
 (1788769183.278356)  can0  601   [8]  23 FF 60 01 00 00 00 00
 (1788769183.278692)  can0  581   [8]  60 FF 60 01 00 00 00 00
 (1788769183.280338)  can0  601   [8]  40 FF 60 01 00 00 00 00
 (1788769183.280688)  can0  581   [8]  43 FF 60 01 00 00 00 00
 (1788769183.282352)  can0  601   [8]  23 FF 60 02 00 00 00 00
 (1788769183.282626)  can0  581   [8]  60 FF 60 02 00 00 00 00
 (1788769183.284348)  can0  601   [8]  40 FF 60 02 00 00 00 00
 (1788769183.284682)  can0  581   [8]  43 FF 60 02 00 00 00 00
 (1788769183.286232)  can0  000   [2]  01 01
 (1788769183.286606)  can0  181   [8]  00 14 00 14 00 00 00 00
 (1788769183.286719)  can0  281   [0] 
 (1788769183.286749)  can0  381   [0] 
 (1788769183.286903)  can0  481   [0] 
 (1788769183.336561)  can0  181   [8]  00 14 00 14 00 00 00 00
 (1788769183.386510)  can0  181   [8]  00 14 00 14 00 00 00 00
 (1788769183.436463)  can0  181   [8]  00 14 00 14 00 00 00 00
 (1788769183.486415)  can0  181   [8]  00 14 00 14 00 00 00 00
 (1788769183.536364)  can0  181   [8]  00 14 00 14 00 00 00 00
 (1788769183.586314)  can0  181   [8]  00 14 00 14 00 00 00 00
 (1788769183.636271)  can0  181   [8]  00 14 00 14 00 00 00 00
 (1788769183.686282)  can0  181   [8]  00 14 00 14 00 00 00 00
 (1788769183.736228)  can0  181   [8]  00 14 00 14 00 00 00 00
 (1788769183.755810)  can0  701   [1]  05
 (1788769183.757319)  can0  601   [8]  2F 60 60 00 03 00 00 00
 (1788769183.757684)  can0  581   [8]  60 60 60 00 00 00 00 00
 (1788769183.759309)  can0  601   [8]  40 61 60 00 00 00 00 00
 (1788769183.759611)  can0  581   [8]  4F 61 60 00 03 00 00 00
 (1788769183.761319)  can0  601   [8]  2B 40 60 00 06 00 00 00
 (1788769183.761619)  can0  581   [8]  60 40 60 00 00 00 00 00
 (1788769183.786176)  can0  181   [8]  21 14 21 14 00 00 00 00
 (1788769183.787320)  can0  601   [8]  40 6C 60 01 00 00 00 00
 (1788769183.787671)  can0  581   [8]  43 6C 60 01 00 00 00 00
 (1788769183.789310)  can0  601   [8]  40 6C 60 02 00 00 00 00
 (1788769183.789610)  can0  581   [8]  43 6C 60 02 00 00 00 00
 (1788769183.791310)  can0  601   [8]  40 6C 60 03 00 00 00 00
 (1788769183.791663)  can0  581   [8]  43 6C 60 03 00 00 00 00
 (1788769183.793314)  can0  601   [8]  2B 40 60 00 07 00 00 00
 (1788769183.793666)  can0  581   [8]  60 40 60 00 00 00 00 00
 (1788769183.836118)  can0  181   [8]  23 14 23 14 00 00 00 00
 (1788769183.837317)  can0  601   [8]  40 6C 60 01 00 00 00 00
 (1788769183.837623)  can0  581   [8]  43 6C 60 01 00 00 00 00
 (1788769183.839308)  can0  601   [8]  40 6C 60 02 00 00 00 00
 (1788769183.839615)  can0  581   [8]  43 6C 60 02 00 00 00 00
 (1788769183.841312)  can0  601   [8]  40 6C 60 03 00 00 00 00
 (1788769183.841618)  can0  581   [8]  43 6C 60 03 00 00 00 00
 (1788769183.843312)  can0  601   [8]  2B 40 60 00 0F 00 00 00
 (1788769183.843670)  can0  581   [8]  60 40 60 00 00 00 00 00
 (1788769183.886069)  can0  181   [8]  27 14 27 14 00 00 00 00
 (1788769183.888316)  can0  601   [8]  40 6C 60 01 00 00 00 00
 (1788769183.888568)  can0  581   [8]  43 6C 60 01 00 00 00 00
 (1788769183.890310)  can0  601   [8]  40 6C 60 02 00 00 00 00
 (1788769183.890618)  can0  581   [8]  43 6C 60 02 00 00 00 00
 (1788769183.892257)  can0  601   [8]  40 6C 60 03 00 00 00 00
 (1788769183.892616)  can0  581   [8]  43 6C 60 03 00 00 00 00
 (1788769183.894317)  can0  601   [8]  23 FF 60 01 00 00 00 00
 (1788769183.894629)  can0  581   [8]  60 FF 60 01 00 00 00 00
 (1788769183.896308)  can0  601   [8]  40 FF 60 01 00 00 00 00
 (1788769183.896618)  can0  581   [8]  43 FF 60 01 00 00 00 00
 (1788769183.898318)  can0  601   [8]  23 FF 60 02 00 00 00 00
 (1788769183.898672)  can0  581   [8]  60 FF 60 02 00 00 00 00
 (1788769183.900313)  can0  601   [8]  40 FF 60 02 00 00 00 00
 (1788769183.900610)  can0  581   [8]  43 FF 60 02 00 00 00 00
 (1788769183.902258)  can0  601   [8]  2B 40 60 00 06 00 00 00
 (1788769183.902605)  can0  581   [8]  60 40 60 00 00 00 00 00
 (1788769183.914747)  can0  000   [2]  80 01
 (1788769184.254887)  can0  701   [1]  7F
 (1788769184.753957)  can0  701   [1]  7F
 (1788769185.252960)  can0  701   [1]  7F
 (1788769185.752028)  can0  701   [1]  7F
 (1788769186.251102)  can0  701   [1]  7F
 (1788769186.750171)  can0  701   [1]  7F
 (1788769187.249237)  can0  701   [1]  7F
 (1788769187.748305)  can0  701   [1]  7F
 (1788769188.247375)  can0  701   [1]  7F
 (1788769188.746381)  can0  701   [1]  7F
 (1788769189.245454)  can0  701   [1]  7F
 (1788769189.744521)  can0  701   [1]  7F
 (1788769190.243588)  can0  701   [1]  7F
 (1788769190.742596)  can0  701   [1]  7F
 (1788769191.241664)  can0  701   [1]  7F
 (1788769191.740733)  can0  701   [1]  7F
 (1788769192.239798)  can0  701   [1]  7F
 (1788769192.738807)  can0  701   [1]  7F
 (1788769193.237877)  can0  701   [1]  7F
 (1788769193.736944)  can0  701   [1]  7F
 (1788769194.235958)  can0  701   [1]  7F
 (1788769194.735018)  can0  701   [1]  7F
 (1788769195.234086)  can0  701   [1]  7F
 (1788769195.733156)  can0  701   [1]  7F
 (1788769196.232163)  can0  701   [1]  7F
 (1788769196.731227)  can0  701   [1]  7F
 (1788769197.230295)  can0  701   [1]  7F
 (1788769197.729361)  can0  701   [1]  7F
 (1788769198.228368)  can0  701   [1]  7F
 (1788769198.727441)  can0  701   [1]  7F
 (1788769199.226503)  can0  701   [1]  7F
 (1788769199.725569)  can0  701   [1]  7F
 (1788769200.224574)  can0  701   [1]  7F
 (1788769200.723645)  can0  701   [1]  7F
 (1788769201.222711)  can0  701   [1]  7F
 (1788769201.721722)  can0  701   [1]  7F
 (1788769202.220782)  can0  701   [1]  7F
 (1788769202.719849)  can0  701   [1]  7F
 (1788769203.218916)  can0  701   [1]  7F
 (1788769203.717923)  can0  701   [1]  7F
 (1788769204.216988)  can0  701   [1]  7F
 (1788769204.716054)  can0  701   [1]  7F
 (1788769205.215121)  can0  701   [1]  7F
 (1788769205.714126)  can0  701   [1]  7F
 (1788769206.213191)  can0  701   [1]  7F
 (1788769206.712259)  can0  701   [1]  7F
 (1788769207.211272)  can0  701   [1]  7F
 (1788769207.710330)  can0  701   [1]  7F
 (1788769208.209395)  can0  701   [1]  7F
 (1788769208.708462)  can0  701   [1]  7F
 (1788769209.207471)  can0  701   [1]  7F
 (1788769209.706533)  can0  701   [1]  7F
 (1788769210.205599)  can0  701   [1]  7F
 (1788769210.704665)  can0  701   [1]  7F
 (1788769211.203670)  can0  701   [1]  7F
 (1788769211.702735)  can0  701   [1]  7F
 (1788769212.201803)  can0  701   [1]  7F
 (1788769212.700870)  can0  701   [1]  7F
 (1788769213.199875)  can0  701   [1]  7F
 (1788769213.698939)  can0  701   [1]  7F
 (1788769214.198005)  can0  701   [1]  7F
 (1788769214.697068)  can0  701   [1]  7F
 (1788769215.196075)  can0  701   [1]  7F
 (1788769215.695140)  can0  701   [1]  7F
 (1788769216.194206)  can0  701   [1]  7F
 (1788769216.693267)  can0  701   [1]  7F
 (1788769217.192275)  can0  701   [1]  7F
 (1788769217.691341)  can0  701   [1]  7F
 (1788769218.190407)  can0  701   [1]  7F
 (1788769218.689412)  can0  701   [1]  7F
 (1788769219.188476)  can0  701   [1]  7F
 (1788769219.687542)  can0  701   [1]  7F
 (1788769220.186607)  can0  701   [1]  7F
 (1788769220.685609)  can0  701   [1]  7F
 (1788769221.184675)  can0  701   [1]  7F
 (1788769221.683741)  can0  701   [1]  7F
 (1788769222.182806)  can0  701   [1]  7F
 (1788769222.681872)  can0  701   [1]  7F
 (1788769223.180936)  can0  701   [1]  7F
 (1788769223.680000)  can0  701   [1]  7F
 (1788769224.179070)  can0  701   [1]  7F
 (1788769224.678133)  can0  701   [1]  7F
 (1788769225.177196)  can0  701   [1]  7F
 (1788769225.676202)  can0  701   [1]  7F
 (1788769226.175266)  can0  701   [1]  7F
 (1788769226.674331)  can0  701   [1]  7F
 (1788769227.173392)  can0  701   [1]  7F
 (1788769227.672399)  can0  701   [1]  7F
 (1788769228.171463)  can0  701   [1]  7F
 (1788769228.670528)  can0  701   [1]  7F
 (1788769229.169537)  can0  701   [1]  7F
 (1788769229.668595)  can0  701   [1]  7F
 (1788769230.167659)  can0  701   [1]  7F
 (1788769230.666726)  can0  701   [1]  7F
 (1788769231.165731)  can0  701   [1]  7F
 (1788769231.664791)  can0  701   [1]  7F
 (1788769232.163859)  can0  701   [1]  7F
 (1788769232.662923)  can0  701   [1]  7F
 (1788769233.161926)  can0  701   [1]  7F
 (1788769233.660990)  can0  701   [1]  7F
 (1788769234.160054)  can0  701   [1]  7F
 (1788769234.659118)  can0  701   [1]  7F
 (1788769235.158120)  can0  701   [1]  7F
 (1788769235.657184)  can0  701   [1]  7F
 (1788769236.156248)  can0  701   [1]  7F
 (1788769236.655311)  can0  701   [1]  7F
 (1788769237.154314)  can0  701   [1]  7F
 (1788769237.653379)  can0  701   [1]  7F
 (1788769238.152445)  can0  701   [1]  7F
 (1788769238.651504)  can0  701   [1]  7F
 (1788769239.150509)  can0  701   [1]  7F
 (1788769239.649573)  can0  701   [1]  7F
 (1788769240.148638)  can0  701   [1]  7F
 (1788769240.647645)  can0  701   [1]  7F
 (1788769241.146704)  can0  701   [1]  7F
 (1788769241.645767)  can0  701   [1]  7F
 (1788769242.144833)  can0  701   [1]  7F
 (1788769242.643838)  can0  701   [1]  7F
 (1788769243.142896)  can0  701   [1]  7F
 (1788769243.641963)  can0  701   [1]  7F
 (1788769244.141026)  can0  701   [1]  7F
 (1788769244.640028)  can0  701   [1]  7F
 (1788769245.139091)  can0  701   [1]  7F
 (1788769245.638156)  can0  701   [1]  7F
 (1788769246.137219)  can0  701   [1]  7F
 (1788769246.636220)  can0  701   [1]  7F
 (1788769247.135284)  can0  701   [1]  7F
 (1788769247.634348)  can0  701   [1]  7F
 (1788769248.133407)  can0  701   [1]  7F
 (1788769248.632417)  can0  701   [1]  7F
 (1788769249.131476)  can0  701   [1]  7F
 (1788769249.630540)  can0  701   [1]  7F
 (1788769250.129548)  can0  701   [1]  7F
 (1788769250.628605)  can0  701   [1]  7F
 (1788769251.127668)  can0  701   [1]  7F
 (1788769251.626731)  can0  701   [1]  7F
 (1788769252.125736)  can0  701   [1]  7F
 (1788769252.624796)  can0  701   [1]  7F
 (1788769253.123859)  can0  701   [1]  7F
 (1788769253.622924)  can0  701   [1]  7F
 (1788769254.121924)  can0  701   [1]  7F
 (1788769254.620994)  can0  701   [1]  7F
 (1788769255.120055)  can0  701   [1]  7F
 (1788769255.619113)  can0  701   [1]  7F
 (1788769256.118118)  can0  701   [1]  7F
 (1788769256.617179)  can0  701   [1]  7F
 (1788769257.116242)  can0  701   [1]  7F
 (1788769257.615249)  can0  701   [1]  7F
 (1788769258.114307)  can0  701   [1]  7F
 (1788769258.613371)  can0  701   [1]  7F
 (1788769259.112434)  can0  701   [1]  7F
 (1788769259.611434)  can0  701   [1]  7F
 (1788769260.110497)  can0  701   [1]  7F
 (1788769260.609561)  can0  701   [1]  7F
 (1788769261.108624)  can0  701   [1]  7F
 (1788769261.607624)  can0  701   [1]  7F
 (1788769262.106687)  can0  701   [1]  7F
 (1788769262.605749)  can0  701   [1]  7F
 (1788769263.104810)  can0  701   [1]  7F
 (1788769263.603812)  can0  701   [1]  7F
 (1788769264.102882)  can0  701   [1]  7F
 (1788769264.601938)  can0  701   [1]  7F
 (1788769265.100997)  can0  701   [1]  7F
 (1788769265.600004)  can0  701   [1]  7F
 (1788769266.099066)  can0  701   [1]  7F
 (1788769266.598129)  can0  701   [1]  7F
 (1788769267.097134)  can0  701   [1]  7F
 (1788769267.596192)  can0  701   [1]  7F
 (1788769268.095255)  can0  701   [1]  7F
 (1788769268.594317)  can0  701   [1]  7F
 (1788769269.093317)  can0  701   [1]  7F
 (1788769269.592380)  can0  701   [1]  7F
 (1788769270.091442)  can0  701   [1]  7F
 (1788769270.590503)  can0  701   [1]  7F
 (1788769271.089567)  can0  701   [1]  7F
 (1788769271.588630)  can0  701   [1]  7F
 (1788769272.087690)  can0  701   [1]  7F
 (1788769272.586692)  can0  701   [1]  7F
 (1788769273.085754)  can0  701   [1]  7F
 (1788769273.584817)  can0  701   [1]  7F
 (1788769274.083824)  can0  701   [1]  7F
 (1788769274.582879)  can0  701   [1]  7F
 (1788769275.081941)  can0  701   [1]  7F
 (1788769275.581005)  can0  701   [1]  7F
 (1788769276.080007)  can0  701   [1]  7F
 (1788769276.579067)  can0  701   [1]  7F
 (1788769277.078130)  can0  701   [1]  7F
 (1788769277.577191)  can0  701   [1]  7F
 (1788769278.076193)  can0  701   [1]  7F
 (1788769278.575262)  can0  701   [1]  7F
 (1788769279.074318)  can0  701   [1]  7F
 (1788769279.162948)  can0  601   [8]  2B 17 10 00 00 00 00 00
 (1788769279.163365)  can0  581   [8]  60 17 10 00 00 00 00 00
