 (1789116794.143971)  can0  601   [8]  40 17 10 00 00 00 00 00
 (1789116794.144246)  can0  581   [8]  4B 17 10 00 00 00 00 00
 (1789116794.145911)  can0  601   [8]  2B 17 10 00 F4 01 00 00
 (1789116794.146290)  can0  581   [8]  60 17 10 00 00 00 00 00
 (1789116794.147878)  can0  601   [8]  40 17 10 00 00 00 00 00
 (1789116794.148228)  can0  581   [8]  4B 17 10 00 F4 01 00 00
 (1789116794.395667)  can0  701   [1]  7F
 (1789116794.397892)  can0  601   [8]  40 00 18 01 00 00 00 00
 (1789116794.398223)  can0  581   [8]  43 00 18 01 81 01 00 00
 (1789116794.399887)  can0  601   [8]  40 00 18 02 00 00 00 00
 (1789116794.400217)  can0  581   [8]  4F 00 18 02 FF 00 00 00
 (1789116794.401883)  can0  601   [8]  40 00 18 05 00 00 00 00
 (1789116794.402214)  can0  581   [8]  4B 00 18 05 64 00 00 00
 (1789116794.403883)  can0  601   [8]  40 00 1A 00 00 00 00 00
 (1789116794.404156)  can0  581   [8]  4F 00 1A 00 02 00 00 00
 (1789116794.405823)  can0  601   [8]  40 00 1A 01 00 00 00 00
 (1789116794.406201)  can0  581   [8]  43 00 1A 01 20 00 41 60
 (1789116794.407825)  can0  601   [8]  40 00 1A 02 00 00 00 00
 (1789116794.408194)  can0  581   [8]  43 00 1A 02 20 03 6C 60
 (1789116794.409829)  can0  601   [8]  40 60 60 00 00 00 00 00
 (1789116794.410140)  can0  581   [8]  4F 60 60 00 03 00 00 00
 (1789116794.411883)  can0  601   [8]  40 61 60 00 00 00 00 00
 (1789116794.412245)  can0  581   [8]  4F 61 60 00 03 00 00 00
 (1789116794.413881)  can0  601   [8]  40 FF 60 01 00 00 00 00
 (1789116794.414247)  can0  581   [8]  43 FF 60 01 00 00 00 00
 (1789116794.415883)  can0  601   [8]  40 FF 60 02 00 00 00 00
 (1789116794.416247)  can0  581   [8]  43 FF 60 02 00 00 00 00
 (1789116794.417883)  can0  601   [8]  40 3F 60 00 00 00 00 00
 (1789116794.418240)  can0  581   [8]  43 3F 60 00 00 00 00 00
 (1789116794.419885)  can0  601   [8]  40 6C 60 01 00 00 00 00
 (1789116794.420232)  can0  581   [8]  43 6C 60 01 00 00 00 00
 (1789116794.421879)  can0  601   [8]  40 6C 60 02 00 00 00 00
 (1789116794.422227)  can0  581   [8]  43 6C 60 02 00 00 00 00
 (1789116794.423878)  can0  601   [8]  40 6C 60 03 00 00 00 00
 (1789116794.424166)  can0  581   [8]  43 6C 60 03 00 00 00 00
 (1789116794.425887)  can0  601   [8]  40 0F 20 00 00 00 00 00
 (1789116794.426221)  can0  581   [8]  4B 0F 20 00 01 00 00 00
 (1789116794.427898)  can0  601   [8]  23 FF 60 03 00 00 00 00
 (1789116794.428221)  can0  581   [8]  60 FF 60 03 00 00 00 00
 (1789116794.429881)  can0  601   [8]  40 FF 60 03 00 00 00 00
 (1789116794.430213)  can0  581   [8]  43 FF 60 03 00 00 00 00
 (1789116794.431886)  can0  601   [8]  23 FF 60 03 00 00 00 00
 (1789116794.432213)  can0  581   [8]  60 FF 60 03 00 00 00 00
 (1789116794.433878)  can0  601   [8]  40 FF 60 03 00 00 00 00
 (1789116794.434204)  can0  581   [8]  43 FF 60 03 00 00 00 00
 (1789116794.435776)  can0  000   [2]  01 01
 (1789116794.436197)  can0  181   [8]  00 14 00 14 00 00 00 00
 (1789116794.436297)  can0  281   [0] 
 (1789116794.436397)  can0  381   [0] 
 (1789116794.436496)  can0  481   [0] 
 (1789116794.486149)  can0  181   [8]  00 14 00 14 00 00 00 00
 (1789116794.536158)  can0  181   [8]  00 14 00 14 00 00 00 00
 (1789116794.586171)  can0  181   [8]  00 14 00 14 00 00 00 00
 (1789116794.636180)  can0  181   [8]  00 14 00 14 00 00 00 00
 (1789116794.645218)  can0  701   [1]  05
 (1789116794.646889)  can0  601   [8]  2F 60 60 00 03 00 00 00
 (1789116794.647164)  can0  581   [8]  60 60 60 00 00 00 00 00
 (1789116794.648879)  can0  601   [8]  40 61 60 00 00 00 00 00
 (1789116794.649151)  can0  581   [8]  4F 61 60 00 03 00 00 00
 (1789116794.650841)  can0  601   [8]  2B 40 60 00 06 00 00 00
 (1789116794.651208)  can0  581   [8]  60 40 60 00 00 00 00 00
 (1789116794.686188)  can0  181   [8]  21 14 21 14 00 00 00 00
 (1789116794.687888)  can0  601   [8]  40 6C 60 01 00 00 00 00
 (1789116794.688244)  can0  581   [8]  43 6C 60 01 00 00 00 00
 (1789116794.689824)  can0  601   [8]  40 6C 60 02 00 00 00 00
 (1789116794.690182)  can0  581   [8]  43 6C 60 02 00 00 00 00
 (1789116794.691883)  can0  601   [8]  40 6C 60 03 00 00 00 00
 (1789116794.692235)  can0  581   [8]  43 6C 60 03 00 00 00 00
 (1789116794.693892)  can0  601   [8]  2B 40 60 00 07 00 00 00
 (1789116794.694237)  can0  581   [8]  60 40 60 00 00 00 00 00
 (1789116794.736189)  can0  181   [8]  23 14 23 14 00 00 00 00
 (1789116794.737883)  can0  601   [8]  40 6C 60 01 00 00 00 00
 (1789116794.738190)  can0  581   [8]  43 6C 60 01 00 00 00 00
 (1789116794.739879)  can0  601   [8]  40 6C 60 02 00 00 00 00
 (1789116794.740128)  can0  581   [8]  43 6C 60 02 00 00 00 00
 (1789116794.741824)  can0  601   [8]  40 6C 60 03 00 00 00 00
 (1789116794.742128)  can0  581   [8]  43 6C 60 03 00 00 00 00
 (1789116794.743833)  can0  601   [8]  2B 40 60 00 0F 00 00 00
 (1789116794.744182)  can0  581   [8]  60 40 60 00 00 00 00 00
 (1789116794.786145)  can0  181   [8]  27 14 27 14 00 00 00 00
 (1789116794.787885)  can0  601   [8]  40 6C 60 01 00 00 00 00
 (1789116794.788195)  can0  581   [8]  43 6C 60 01 00 00 00 00
 (1789116794.789882)  can0  601   [8]  40 6C 60 02 00 00 00 00
 (1789116794.790188)  can0  581   [8]  43 6C 60 02 00 00 00 00
 (1789116794.791823)  can0  601   [8]  40 6C 60 03 00 00 00 00
 (1789116794.792184)  can0  581   [8]  43 6C 60 03 00 00 00 00
 (1789116794.793847)  can0  601   [8]  23 FF 60 03 00 00 05 00
 (1789116794.794194)  can0  581   [8]  60 FF 60 03 00 00 00 00
 (1789116794.795820)  can0  601   [8]  40 FF 60 03 00 00 00 00
 (1789116794.796131)  can0  581   [8]  43 FF 60 03 00 00 05 00
 (1789116794.836145)  can0  181   [8]  27 14 27 44 00 00 11 00
 (1789116794.886102)  can0  181   [8]  27 14 27 44 00 00 2E 00
 (1789116794.894704)  can0  701   [1]  05
 (1789116794.936099)  can0  181   [8]  27 14 27 44 00 00 33 00
 (1789116794.986051)  can0  181   [8]  27 14 27 44 00 00 31 00
 (1789116795.035997)  can0  181   [8]  27 14 27 44 00 00 2D 00
 (1789116795.085946)  can0  181   [8]  27 14 27 44 00 00 32 00
 (1789116795.135895)  can0  181   [8]  27 14 27 44 00 00 36 00
 (1789116795.144258)  can0  701   [1]  05
 (1789116795.185842)  can0  181   [8]  27 14 27 44 00 00 2F 00
 (1789116795.235790)  can0  181   [8]  27 14 27 44 00 00 33 00
 (1789116795.285736)  can0  181   [8]  27 14 27 44 00 00 2D 00
 (1789116795.335686)  can0  181   [8]  27 14 27 44 00 00 33 00
 (1789116795.385637)  can0  181   [8]  27 14 27 44 00 00 32 00
 (1789116795.393752)  can0  701   [1]  05
 (1789116795.435585)  can0  181   [8]  27 14 27 44 00 00 2E 00
 (1789116795.485530)  can0  181   [8]  27 14 27 44 00 00 31 00
 (1789116795.535480)  can0  181   [8]  27 14 27 44 00 00 36 00
 (1789116795.585430)  can0  181   [8]  27 14 27 44 00 00 30 00
 (1789116795.635377)  can0  181   [8]  27 14 27 44 00 00 34 00
 (1789116795.643305)  can0  701   [1]  05
 (1789116795.685322)  can0  181   [8]  27 14 27 44 00 00 2D 00
 (1789116795.735273)  can0  181   [8]  27 14 27 44 00 00 32 00
 (1789116795.785220)  can0  181   [8]  27 14 27 44 00 00 33 00
 (1789116795.794786)  can0  000   [2]  02 01
 (1789116795.892800)  can0  701   [1]  04
 (1789116795.894780)  can0  000   [2]  80 01
 (1789116795.895083)  can0  601   [8]  23 FF 60 03 00 00 00 00
 (1789116795.895416)  can0  581   [8]  60 FF 60 03 00 00 00 00
 (1789116795.896875)  can0  601   [8]  40 FF 60 03 00 00 00 00
 (1789116795.897225)  can0  581   [8]  43 FF 60 03 00 00 00 00
 (1789116795.898880)  can0  601   [8]  23 FF 60 03 00 00 00 00
 (1789116795.899220)  can0  581   [8]  60 FF 60 03 00 00 00 00
 (1789116795.900869)  can0  601   [8]  40 FF 60 03 00 00 00 00
 (1789116795.901156)  can0  581   [8]  43 FF 60 03 00 00 00 00
 (1789116796.142353)  can0  701   [1]  7F
 (1789116796.143887)  can0  601   [8]  2B 40 60 00 00 00 00 00
 (1789116796.144224)  can0  581   [8]  60 40 60 00 00 00 00 00
 (1789116796.145885)  can0  601   [8]  40 41 60 00 00 00 00 00
 (1789116796.146216)  can0  581   [8]  43 41 60 00 60 14 60 14
 (1789116796.147886)  can0  601   [8]  40 6C 60 01 00 00 00 00
 (1789116796.148215)  can0  581   [8]  43 6C 60 01 00 00 00 00
 (1789116796.149879)  can0  601   [8]  40 6C 60 02 00 00 00 00
 (1789116796.150209)  can0  581   [8]  43 6C 60 02 00 00 00 00
 (1789116796.151879)  can0  601   [8]  40 6C 60 03 00 00 00 00
 (1789116796.152206)  can0  581   [8]  43 6C 60 03 00 00 00 00
 (1789116796.153885)  can0  601   [8]  2B 17 10 00 00 00 00 00
 (1789116796.154208)  can0  581   [8]  60 17 10 00 00 00 00 00
 (1789116796.155870)  can0  601   [8]  40 17 10 00 00 00 00 00
 (1789116796.156198)  can0  581   [8]  4B 17 10 00 00 00 00 00
