INPUT_WAIT: waiting healthy neutral SBUS; turn transmitter ON if needed; release CH6; total window60s
WINDOW_REMAINING: 59
INPUT_WAIT: turn transmitter ON; neutral and release CH6; waiting healthy input
CONTROL_READY: healthy neutral input; press CH6 once then release
WINDOW_REMAINING: 58
WINDOW_REMAINING: 57
ARMING: new neutral authorization received; keep neutral until MOTION_READY
WINDOW_REMAINING: 56
MOTION_READY: right positive only; forward throttle ONLY, steering neutral; hold and wait for POWER_OFF_READY; maximum8s, keep receiver powered
WINDOW_REMAINING: 55
WINDOW_REMAINING: 54
WINDOW_REMAINING: 53
WINDOW_REMAINING: 52
WINDOW_REMAINING: 51
POWER_OFF_READY: positive right feedback observed for1s; long-press transmitter power OFF now; keep receiver powered; hold throttle until OFF then neutral
WINDOW_REMAINING: 50
WINDOW_REMAINING: 49
WINDOW_REMAINING: 48
WINDOW_REMAINING: 47
WINDOW_REMAINING: 46
WINDOW_REMAINING: 45
WINDOW_REMAINING: 44
APPLICATION_STOPPING: no further operator actions; neutral and wait for cleanup
APPLICATION_EXIT: no further stick stimulus; remain neutral; inspect result
event=feedback_review_summary count=2 verdict=pending
event=feedback_review ordinal=7689 ns=290123954614301 phase=stopping wheel=right tenths_rpm=-35 tolerance_tenths_rpm=20 verdict=pending
event=feedback_review ordinal=7724 ns=290124004666947 phase=stopping wheel=right tenths_rpm=-38 tolerance_tenths_rpm=20 verdict=pending
{"passed": true, "arguments": ["--interface", "can0", "--device", "/dev/serial/by-id/usb-1a86_USB_Single_Serial_586D017868-if00", "--duration-ms", "60000", "--right-throttle", "--zero-feedback-tenths-rpm", "20", "--motion-window-ms", "8000"], "artifact_sha256": "cd8bd1c594c9297a9036ff585cdc82e852f99795c3f8a8c27e6bdd453d5df7a1", "operator_prompted": true, "motion_ready": true, "power_off_prompted": true, "stopping_prompted": true, "application_exit": 0, "application_elapsed_ms": 17145.121273992117, "acceptance": "PENDING independent motion/SBUS-loss/feedback/restoration audit"}
