 (1789643202.495687)  can0  601   [8]  40 41 60 00 00 00 00 00
 (1789643202.496039)  can0  581   [8]  43 41 60 00 60 14 60 14
 (1789643202.497426)  can0  601   [8]  40 60 60 00 00 00 00 00
 (1789643202.497787)  can0  581   [8]  4F 60 60 00 03 00 00 00
 (1789643202.499364)  can0  601   [8]  40 61 60 00 00 00 00 00
 (1789643202.499723)  can0  581   [8]  4F 61 60 00 03 00 00 00
 (1789643202.501365)  can0  601   [8]  40 3F 60 00 00 00 00 00
 (1789643202.501721)  can0  581   [8]  43 3F 60 00 00 00 00 00
 (1789643202.503363)  can0  601   [8]  40 FF 60 01 00 00 00 00
 (1789643202.503716)  can0  581   [8]  43 FF 60 01 00 00 00 00
 (1789643202.505364)  can0  601   [8]  40 FF 60 02 00 00 00 00
 (1789643202.505714)  can0  581   [8]  43 FF 60 02 00 00 00 00
 (1789643202.507366)  can0  601   [8]  40 0F 20 00 00 00 00 00
 (1789643202.507706)  can0  581   [8]  4B 0F 20 00 01 00 00 00
 (1789643202.509366)  can0  601   [8]  40 00 20 00 00 00 00 00
 (1789643202.509705)  can0  581   [8]  4B 00 20 00 00 00 00 00
 (1789643202.511362)  can0  601   [8]  40 17 10 00 00 00 00 00
 (1789643202.511696)  can0  581   [8]  4B 17 10 00 00 00 00 00
 (1789643202.513363)  can0  601   [8]  40 00 14 01 00 00 00 00
 (1789643202.513690)  can0  581   [8]  43 00 14 01 01 02 00 00
 (1789643202.515365)  can0  601   [8]  40 00 14 02 00 00 00 00
 (1789643202.515684)  can0  581   [8]  4F 00 14 02 FF 00 00 00
 (1789643202.517363)  can0  601   [8]  40 00 14 05 00 00 00 00
 (1789643202.517680)  can0  581   [8]  4B 00 14 05 E8 03 00 00
 (1789643202.519366)  can0  601   [8]  40 00 16 00 00 00 00 00
 (1789643202.519681)  can0  581   [8]  4F 00 16 00 02 00 00 00
 (1789643202.521362)  can0  601   [8]  40 00 16 01 00 00 00 00
 (1789643202.521669)  can0  581   [8]  43 00 16 01 10 00 40 60
 (1789643202.523362)  can0  601   [8]  40 00 16 02 00 00 00 00
 (1789643202.523671)  can0  581   [8]  43 00 16 02 08 00 60 60
 (1789643202.525365)  can0  601   [8]  40 00 18 01 00 00 00 00
 (1789643202.525727)  can0  581   [8]  43 00 18 01 81 01 00 00
 (1789643202.527361)  can0  601   [8]  40 00 18 02 00 00 00 00
 (1789643202.527722)  can0  581   [8]  4F 00 18 02 FF 00 00 00
 (1789643202.529361)  can0  601   [8]  40 00 18 05 00 00 00 00
 (1789643202.529718)  can0  581   [8]  4B 00 18 05 64 00 00 00
 (1789643202.531365)  can0  601   [8]  40 00 1A 00 00 00 00 00
 (1789643202.531715)  can0  581   [8]  4F 00 1A 00 02 00 00 00
 (1789643202.533362)  can0  601   [8]  40 00 1A 01 00 00 00 00
 (1789643202.533703)  can0  581   [8]  43 00 1A 01 20 00 41 60
 (1789643202.535366)  can0  601   [8]  40 00 1A 02 00 00 00 00
 (1789643202.535697)  can0  581   [8]  43 00 1A 02 20 03 6C 60
 (1789643202.537362)  can0  601   [8]  40 01 18 01 00 00 00 00
 (1789643202.537697)  can0  581   [8]  43 01 18 01 81 02 00 00
 (1789643202.539361)  can0  601   [8]  40 01 18 02 00 00 00 00
 (1789643202.539694)  can0  581   [8]  4F 01 18 02 FF 00 00 00
 (1789643202.541361)  can0  601   [8]  40 01 18 05 00 00 00 00
 (1789643202.541688)  can0  581   [8]  4B 01 18 05 00 00 00 00
 (1789643202.543363)  can0  601   [8]  40 01 1A 00 00 00 00 00
 (1789643202.543686)  can0  581   [8]  4F 01 1A 00 00 00 00 00
 (1789643202.545364)  can0  601   [8]  40 01 1A 01 00 00 00 00
 (1789643202.545678)  can0  581   [8]  43 01 1A 01 00 00 00 00
 (1789643202.547362)  can0  601   [8]  40 01 1A 02 00 00 00 00
 (1789643202.547673)  can0  581   [8]  43 01 1A 02 00 00 00 00
 (1789643202.549366)  can0  601   [8]  40 6C 60 01 00 00 00 00
 (1789643202.549675)  can0  581   [8]  43 6C 60 01 00 00 00 00
 (1789643202.551360)  can0  601   [8]  40 6C 60 02 00 00 00 00
 (1789643202.551669)  can0  581   [8]  43 6C 60 02 00 00 00 00
 (1789643202.553361)  can0  601   [8]  40 6C 60 03 00 00 00 00
 (1789643202.553720)  can0  581   [8]  43 6C 60 03 00 00 00 00
 (1789643202.576363)  can0  601   [8]  40 6C 60 01 00 00 00 00
 (1789643202.576672)  can0  581   [8]  43 6C 60 01 00 00 00 00
 (1789643202.578361)  can0  601   [8]  40 6C 60 02 00 00 00 00
 (1789643202.578670)  can0  581   [8]  43 6C 60 02 00 00 00 00
 (1789643202.580363)  can0  601   [8]  40 6C 60 03 00 00 00 00
 (1789643202.580722)  can0  581   [8]  43 6C 60 03 00 00 00 00
 (1789643202.603365)  can0  601   [8]  40 6C 60 01 00 00 00 00
 (1789643202.603674)  can0  581   [8]  43 6C 60 01 00 00 00 00
 (1789643202.605362)  can0  601   [8]  40 6C 60 02 00 00 00 00
 (1789643202.605671)  can0  581   [8]  43 6C 60 02 00 00 00 00
 (1789643202.607362)  can0  601   [8]  40 6C 60 03 00 00 00 00
 (1789643202.607721)  can0  581   [8]  43 6C 60 03 00 00 00 00
 (1789643202.630370)  can0  601   [8]  40 6C 60 01 00 00 00 00
 (1789643202.630729)  can0  581   [8]  43 6C 60 01 00 00 00 00
 (1789643202.632365)  can0  601   [8]  40 6C 60 02 00 00 00 00
 (1789643202.632724)  can0  581   [8]  43 6C 60 02 00 00 00 00
 (1789643202.634363)  can0  601   [8]  40 6C 60 03 00 00 00 00
 (1789643202.634722)  can0  581   [8]  43 6C 60 03 00 00 00 00
 (1789643202.657367)  can0  601   [8]  40 6C 60 01 00 00 00 00
 (1789643202.657676)  can0  581   [8]  43 6C 60 01 00 00 00 00
 (1789643202.659362)  can0  601   [8]  40 6C 60 02 00 00 00 00
 (1789643202.659672)  can0  581   [8]  43 6C 60 02 00 00 00 00
 (1789643202.661362)  can0  601   [8]  40 6C 60 03 00 00 00 00
 (1789643202.661721)  can0  581   [8]  43 6C 60 03 00 00 00 00
 (1789643202.684362)  can0  601   [8]  40 6C 60 01 00 00 00 00
 (1789643202.684671)  can0  581   [8]  43 6C 60 01 00 00 00 00
 (1789643202.686361)  can0  601   [8]  40 6C 60 02 00 00 00 00
 (1789643202.686670)  can0  581   [8]  43 6C 60 02 00 00 00 00
 (1789643202.688363)  can0  601   [8]  40 6C 60 03 00 00 00 00
 (1789643202.688722)  can0  581   [8]  43 6C 60 03 00 00 00 00
 (1789643202.711363)  can0  601   [8]  40 6C 60 01 00 00 00 00
 (1789643202.711672)  can0  581   [8]  43 6C 60 01 00 00 00 00
 (1789643202.713361)  can0  601   [8]  40 6C 60 02 00 00 00 00
 (1789643202.713670)  can0  581   [8]  43 6C 60 02 00 00 00 00
 (1789643202.715362)  can0  601   [8]  40 6C 60 03 00 00 00 00
 (1789643202.715721)  can0  581   [8]  43 6C 60 03 00 00 00 00
 (1789643202.717374)  can0  601   [8]  2B 17 10 00 F4 01 00 00
 (1789643202.717726)  can0  581   [8]  60 17 10 00 00 00 00 00
 (1789643202.719360)  can0  601   [8]  40 17 10 00 00 00 00 00
 (1789643202.719711)  can0  581   [8]  4B 17 10 00 F4 01 00 00
 (1789643202.967144)  can0  701   [1]  7F
 (1789643202.968267)  can0  000   [2]  80 01
 (1789643203.216691)  can0  701   [1]  7F
 (1789643203.218409)  can0  601   [8]  2B 00 20 00 E8 03 00 00
 (1789643203.218756)  can0  581   [8]  60 00 20 00 00 00 00 00
 (1789643203.220368)  can0  601   [8]  40 00 20 00 00 00 00 00
 (1789643203.220677)  can0  581   [8]  4B 00 20 00 E8 03 00 00
 (1789643203.222364)  can0  601   [8]  23 00 14 01 01 02 00 80
 (1789643203.222679)  can0  581   [8]  60 00 14 01 00 00 00 00
 (1789643203.224362)  can0  601   [8]  40 00 14 01 00 00 00 00
 (1789643203.224672)  can0  581   [8]  43 00 14 01 01 02 00 80
 (1789643203.226363)  can0  601   [8]  2F 00 16 00 00 00 00 00
 (1789643203.226728)  can0  581   [8]  60 00 16 00 00 00 00 00
 (1789643203.228367)  can0  601   [8]  40 00 16 00 00 00 00 00
 (1789643203.228727)  can0  581   [8]  4F 00 16 00 00 00 00 00
 (1789643203.230358)  can0  601   [8]  23 00 16 01 10 00 40 60
 (1789643203.230723)  can0  581   [8]  60 00 16 01 00 00 00 00
 (1789643203.232360)  can0  601   [8]  40 00 16 01 00 00 00 00
 (1789643203.232711)  can0  581   [8]  43 00 16 01 10 00 40 60
 (1789643203.234362)  can0  601   [8]  23 00 16 02 20 03 FF 60
 (1789643203.234715)  can0  581   [8]  60 00 16 02 00 00 00 00
 (1789643203.236359)  can0  601   [8]  40 00 16 02 00 00 00 00
 (1789643203.236706)  can0  581   [8]  43 00 16 02 20 03 FF 60
 (1789643203.238363)  can0  601   [8]  2F 00 16 00 02 00 00 00
 (1789643203.238706)  can0  581   [8]  60 00 16 00 00 00 00 00
 (1789643203.240362)  can0  601   [8]  40 00 16 00 00 00 00 00
 (1789643203.240700)  can0  581   [8]  4F 00 16 00 02 00 00 00
 (1789643203.242362)  can0  601   [8]  23 00 14 01 01 02 00 00
 (1789643203.242695)  can0  581   [8]  60 00 14 01 00 00 00 00
 (1789643203.244362)  can0  601   [8]  40 00 14 01 00 00 00 00
 (1789643203.244685)  can0  581   [8]  43 00 14 01 01 02 00 00
 (1789643203.246361)  can0  601   [8]  23 01 18 01 81 02 00 80
 (1789643203.246685)  can0  581   [8]  60 01 18 01 00 00 00 00
 (1789643203.248359)  can0  601   [8]  40 01 18 01 00 00 00 00
 (1789643203.248674)  can0  581   [8]  43 01 18 01 81 02 00 80
 (1789643203.250363)  can0  601   [8]  2F 01 1A 00 00 00 00 00
 (1789643203.250676)  can0  581   [8]  60 01 1A 00 00 00 00 00
 (1789643203.252361)  can0  601   [8]  40 01 1A 00 00 00 00 00
 (1789643203.252674)  can0  581   [8]  4F 01 1A 00 00 00 00 00
 (1789643203.254354)  can0  601   [8]  23 01 1A 01 08 00 61 60
 (1789643203.254666)  can0  581   [8]  60 01 1A 01 00 00 00 00
 (1789643203.256362)  can0  601   [8]  40 01 1A 01 00 00 00 00
 (1789643203.256715)  can0  581   [8]  43 01 1A 01 08 00 61 60
 (1789643203.258360)  can0  601   [8]  23 01 1A 02 20 00 3F 60
 (1789643203.258717)  can0  581   [8]  60 01 1A 02 00 00 00 00
 (1789643203.260360)  can0  601   [8]  40 01 1A 02 00 00 00 00
 (1789643203.260709)  can0  581   [8]  43 01 1A 02 20 00 3F 60
 (1789643203.262361)  can0  601   [8]  2F 01 1A 00 02 00 00 00
 (1789643203.262710)  can0  581   [8]  60 01 1A 00 00 00 00 00
 (1789643203.264361)  can0  601   [8]  40 01 1A 00 00 00 00 00
 (1789643203.264704)  can0  581   [8]  4F 01 1A 00 02 00 00 00
 (1789643203.266360)  can0  601   [8]  2B 01 18 05 64 00 00 00
 (1789643203.266700)  can0  581   [8]  60 01 18 05 00 00 00 00
 (1789643203.268358)  can0  601   [8]  40 01 18 05 00 00 00 00
 (1789643203.268690)  can0  581   [8]  4B 01 18 05 64 00 00 00
 (1789643203.270360)  can0  601   [8]  23 01 18 01 81 02 00 00
 (1789643203.270693)  can0  581   [8]  60 01 18 01 00 00 00 00
 (1789643203.272359)  can0  601   [8]  40 01 18 01 00 00 00 00
 (1789643203.272683)  can0  581   [8]  43 01 18 01 81 02 00 00
 (1789643203.274255)  can0  000   [2]  01 01
 (1789643203.274674)  can0  181   [8]  60 14 60 14 00 00 00 00
 (1789643203.274866)  can0  281   [5]  03 00 00 00 00
 (1789643203.274966)  can0  381   [0] 
 (1789643203.275064)  can0  481   [0] 
 (1789643203.324627)  can0  181   [8]  60 14 60 14 00 00 00 00
 (1789643203.324819)  can0  281   [5]  03 00 00 00 00
 (1789643203.374636)  can0  181   [8]  60 14 60 14 00 00 00 00
 (1789643203.374827)  can0  281   [5]  03 00 00 00 00
 (1789643203.424646)  can0  181   [8]  60 14 60 14 00 00 00 00
 (1789643203.424836)  can0  281   [5]  03 00 00 00 00
 (1789643203.466176)  can0  701   [1]  05
 (1789643203.468381)  can0  601   [8]  23 FF 60 01 00 00 00 00
 (1789643203.468734)  can0  581   [8]  60 FF 60 01 00 00 00 00
 (1789643203.470364)  can0  601   [8]  40 FF 60 01 00 00 00 00
 (1789643203.470727)  can0  581   [8]  43 FF 60 01 00 00 00 00
 (1789643203.472376)  can0  601   [8]  23 FF 60 02 00 00 00 00
 (1789643203.472726)  can0  581   [8]  60 FF 60 02 00 00 00 00
 (1789643203.474361)  can0  601   [8]  40 FF 60 02 00 00 00 00
 (1789643203.474720)  can0  581   [8]  43 FF 60 02 00 00 00 00
 (1789643203.474962)  can0  181   [8]  60 14 60 14 00 00 00 00
 (1789643203.475154)  can0  281   [5]  03 00 00 00 00
 (1789643203.475412)  can0  601   [8]  2B 40 60 00 06 00 00 00
 (1789643203.475778)  can0  581   [8]  60 40 60 00 00 00 00 00
 (1789643203.477364)  can0  601   [8]  40 40 60 00 00 00 00 00
 (1789643203.477713)  can0  581   [8]  4B 40 60 00 06 00 00 00
 (1789643203.524732)  can0  181   [8]  21 14 21 14 00 00 00 00
 (1789643203.524925)  can0  281   [5]  03 00 00 00 00
 (1789643203.526374)  can0  601   [8]  40 00 14 01 00 00 00 00
 (1789643203.526721)  can0  581   [8]  43 00 14 01 01 02 00 00
 (1789643203.528377)  can0  601   [8]  40 00 14 02 00 00 00 00
 (1789643203.528714)  can0  581   [8]  4F 00 14 02 FF 00 00 00
 (1789643203.530367)  can0  601   [8]  40 00 16 00 00 00 00 00
 (1789643203.530716)  can0  581   [8]  4F 00 16 00 02 00 00 00
 (1789643203.532365)  can0  601   [8]  40 00 16 01 00 00 00 00
 (1789643203.532704)  can0  581   [8]  43 00 16 01 10 00 40 60
 (1789643203.534364)  can0  601   [8]  40 00 16 02 00 00 00 00
 (1789643203.534703)  can0  581   [8]  43 00 16 02 20 03 FF 60
 (1789643203.536368)  can0  601   [8]  40 00 18 01 00 00 00 00
 (1789643203.536699)  can0  581   [8]  43 00 18 01 81 01 00 00
 (1789643203.538364)  can0  601   [8]  40 00 18 02 00 00 00 00
 (1789643203.538695)  can0  581   [8]  4F 00 18 02 FF 00 00 00
 (1789643203.540365)  can0  601   [8]  40 00 1A 00 00 00 00 00
 (1789643203.540693)  can0  581   [8]  4F 00 1A 00 02 00 00 00
 (1789643203.542365)  can0  601   [8]  40 00 1A 01 00 00 00 00
 (1789643203.542680)  can0  581   [8]  43 00 1A 01 20 00 41 60
 (1789643203.544367)  can0  601   [8]  40 00 1A 02 00 00 00 00
 (1789643203.544674)  can0  581   [8]  43 00 1A 02 20 03 6C 60
 (1789643203.546365)  can0  601   [8]  40 01 18 01 00 00 00 00
 (1789643203.546674)  can0  581   [8]  43 01 18 01 81 02 00 00
 (1789643203.548362)  can0  601   [8]  40 01 18 02 00 00 00 00
 (1789643203.548674)  can0  581   [8]  4F 01 18 02 FF 00 00 00
 (1789643203.550366)  can0  601   [8]  40 01 1A 00 00 00 00 00
 (1789643203.550727)  can0  581   [8]  4F 01 1A 00 02 00 00 00
 (1789643203.552366)  can0  601   [8]  40 01 1A 01 00 00 00 00
 (1789643203.552717)  can0  581   [8]  43 01 1A 01 08 00 61 60
 (1789643203.554363)  can0  601   [8]  40 01 1A 02 00 00 00 00
 (1789643203.554715)  can0  581   [8]  43 01 1A 02 20 00 3F 60
 (1789643203.556369)  can0  601   [8]  40 0F 20 00 00 00 00 00
 (1789643203.556714)  can0  581   [8]  4B 0F 20 00 01 00 00 00
 (1789643203.575049)  can0  181   [8]  21 14 21 14 00 00 00 00
 (1789643203.575240)  can0  281   [5]  03 00 00 00 00
 (1789643203.598204)  can0  201   [6]  02 00 00 00 00 00
 (1789643203.608366)  can0  201   [6]  02 00 00 00 00 00
 (1789643203.618378)  can0  201   [6]  02 00 00 00 00 00
 (1789643203.624747)  can0  181   [8]  60 14 60 14 00 00 00 00
 (1789643203.624945)  can0  281   [5]  03 00 00 00 00
 (1789643203.628355)  can0  201   [6]  02 00 00 00 00 00
 (1789643203.638351)  can0  201   [6]  02 00 00 00 00 00
 (1789643203.648347)  can0  201   [6]  02 00 00 00 00 00
 (1789643203.658347)  can0  201   [6]  02 00 00 00 00 00
 (1789643203.668345)  can0  201   [6]  02 00 00 00 00 00
 (1789643203.674754)  can0  181   [8]  60 14 60 14 00 00 00 00
 (1789643203.674954)  can0  281   [5]  03 00 00 00 00
 (1789643203.678348)  can0  201   [6]  02 00 00 00 00 00
 (1789643203.688346)  can0  201   [6]  02 00 00 00 00 00
 (1789643203.698346)  can0  201   [6]  02 00 00 00 00 00
 (1789643203.708349)  can0  201   [6]  02 00 00 00 00 00
 (1789643203.715721)  can0  701   [1]  05
 (1789643203.718348)  can0  201   [6]  02 00 00 00 00 00
 (1789643203.724763)  can0  181   [8]  60 14 60 14 00 00 00 00
 (1789643203.724962)  can0  281   [5]  03 00 00 00 00
 (1789643203.728349)  can0  201   [6]  02 00 00 00 00 00
 (1789643203.738345)  can0  201   [6]  02 00 00 00 00 00
 (1789643203.748347)  can0  201   [6]  02 00 00 00 00 00
 (1789643203.758347)  can0  201   [6]  02 00 00 00 00 00
 (1789643203.768347)  can0  201   [6]  02 00 00 00 00 00
 (1789643203.774772)  can0  181   [8]  60 14 60 14 00 00 00 00
 (1789643203.774971)  can0  281   [5]  03 00 00 00 00
 (1789643203.778354)  can0  201   [6]  02 00 00 00 00 00
 (1789643203.788350)  can0  201   [6]  02 00 00 00 00 00
 (1789643203.798375)  can0  201   [6]  02 00 00 00 00 00
 (1789643203.808364)  can0  201   [6]  02 00 00 00 00 00
 (1789643203.818362)  can0  201   [6]  02 00 00 00 00 00
 (1789643203.824782)  can0  181   [8]  60 14 60 14 00 00 00 00
 (1789643203.824984)  can0  281   [5]  03 00 00 00 00
 (1789643203.828355)  can0  201   [6]  02 00 00 00 00 00
 (1789643203.838353)  can0  201   [6]  02 00 00 00 00 00
 (1789643203.848361)  can0  201   [6]  02 00 00 00 00 00
 (1789643203.858350)  can0  201   [6]  02 00 00 00 00 00
 (1789643203.868347)  can0  201   [6]  02 00 00 00 00 00
 (1789643203.874791)  can0  181   [8]  60 14 60 14 00 00 00 00
 (1789643203.874990)  can0  281   [5]  03 00 00 00 00
 (1789643203.878348)  can0  201   [6]  02 00 00 00 00 00
 (1789643203.888349)  can0  201   [6]  02 00 00 00 00 00
 (1789643203.898347)  can0  201   [6]  02 00 00 00 00 00
 (1789643203.908357)  can0  201   [6]  02 00 00 00 00 00
 (1789643203.918351)  can0  201   [6]  02 00 00 00 00 00
 (1789643203.924800)  can0  181   [8]  60 14 60 14 00 00 00 00
 (1789643203.925000)  can0  281   [5]  03 00 00 00 00
 (1789643203.928348)  can0  201   [6]  02 00 00 00 00 00
 (1789643203.938348)  can0  201   [6]  02 00 00 00 00 00
 (1789643203.948346)  can0  201   [6]  02 00 00 00 00 00
 (1789643203.958348)  can0  201   [6]  02 00 00 00 00 00
 (1789643203.965270)  can0  701   [1]  05
 (1789643203.968346)  can0  201   [6]  02 00 00 00 00 00
 (1789643203.974810)  can0  181   [8]  60 14 60 14 00 00 00 00
 (1789643203.975009)  can0  281   [5]  03 00 00 00 00
 (1789643203.978349)  can0  201   [6]  02 00 00 00 00 00
 (1789643203.988347)  can0  201   [6]  02 00 00 00 00 00
 (1789643203.998345)  can0  201   [6]  02 00 00 00 00 00
 (1789643204.008377)  can0  201   [6]  02 00 00 00 00 00
 (1789643204.018356)  can0  201   [6]  02 00 00 00 00 00
 (1789643204.024818)  can0  181   [8]  60 14 60 14 00 00 00 00
 (1789643204.025018)  can0  281   [5]  03 00 00 00 00
 (1789643204.028351)  can0  201   [6]  02 00 00 00 00 00
 (1789643204.038346)  can0  201   [6]  02 00 00 00 00 00
 (1789643204.048347)  can0  201   [6]  02 00 00 00 00 00
 (1789643204.058346)  can0  201   [6]  02 00 00 00 00 00
 (1789643204.068347)  can0  201   [6]  02 00 00 00 00 00
 (1789643204.074827)  can0  181   [8]  60 14 60 14 00 00 00 00
 (1789643204.075027)  can0  281   [5]  03 00 00 00 00
 (1789643204.078350)  can0  201   [6]  02 00 00 00 00 00
 (1789643204.088345)  can0  201   [6]  02 00 00 00 00 00
 (1789643204.098348)  can0  201   [6]  02 00 00 00 00 00
 (1789643204.108346)  can0  201   [6]  02 00 00 00 00 00
 (1789643204.118346)  can0  201   [6]  02 00 00 00 00 00
 (1789643204.124837)  can0  181   [8]  60 14 60 14 00 00 00 00
 (1789643204.125037)  can0  281   [5]  03 00 00 00 00
 (1789643204.128351)  can0  201   [6]  02 00 00 00 00 00
 (1789643204.138346)  can0  201   [6]  02 00 00 00 00 00
 (1789643204.148347)  can0  201   [6]  02 00 00 00 00 00
 (1789643204.158347)  can0  201   [6]  02 00 00 00 00 00
 (1789643204.168353)  can0  201   [6]  02 00 00 00 00 00
 (1789643204.174848)  can0  181   [8]  60 14 60 14 00 00 00 00
 (1789643204.175045)  can0  281   [5]  03 00 00 00 00
 (1789643204.178350)  can0  201   [6]  02 00 00 00 00 00
 (1789643204.188370)  can0  201   [6]  02 00 00 00 00 00
 (1789643204.198366)  can0  201   [6]  02 00 00 00 00 00
 (1789643204.208354)  can0  201   [6]  02 00 00 00 00 00
 (1789643204.214756)  can0  701   [1]  05
 (1789643204.218370)  can0  201   [6]  02 00 00 00 00 00
 (1789643204.224858)  can0  181   [8]  60 14 60 14 00 00 00 00
 (1789643204.225055)  can0  281   [5]  03 00 00 00 00
 (1789643204.228364)  can0  201   [6]  02 00 00 00 00 00
 (1789643204.238376)  can0  201   [6]  02 00 00 00 00 00
 (1789643204.248352)  can0  201   [6]  02 00 00 00 00 00
 (1789643204.258381)  can0  201   [6]  02 00 00 00 00 00
 (1789643204.268356)  can0  201   [6]  02 00 00 00 00 00
 (1789643204.274867)  can0  181   [8]  60 14 60 14 00 00 00 00
 (1789643204.275069)  can0  281   [5]  03 00 00 00 00
 (1789643204.278382)  can0  201   [6]  02 00 00 00 00 00
 (1789643204.288365)  can0  201   [6]  02 00 00 00 00 00
 (1789643204.298372)  can0  201   [6]  02 00 00 00 00 00
 (1789643204.308370)  can0  201   [6]  02 00 00 00 00 00
 (1789643204.318354)  can0  201   [6]  02 00 00 00 00 00
 (1789643204.324875)  can0  181   [8]  60 14 60 14 00 00 00 00
 (1789643204.325073)  can0  281   [5]  03 00 00 00 00
 (1789643204.328360)  can0  201   [6]  02 00 00 00 00 00
 (1789643204.338395)  can0  201   [6]  02 00 00 00 00 00
 (1789643204.348366)  can0  201   [6]  02 00 00 00 00 00
 (1789643204.358360)  can0  201   [6]  02 00 00 00 00 00
 (1789643204.368356)  can0  201   [6]  02 00 00 00 00 00
 (1789643204.374884)  can0  181   [8]  60 14 60 14 00 00 00 00
 (1789643204.375083)  can0  281   [5]  03 00 00 00 00
 (1789643204.378355)  can0  201   [6]  02 00 00 00 00 00
 (1789643204.388363)  can0  201   [6]  02 00 00 00 00 00
 (1789643204.398353)  can0  201   [6]  02 00 00 00 00 00
 (1789643204.408349)  can0  201   [6]  02 00 00 00 00 00
 (1789643204.418348)  can0  201   [6]  02 00 00 00 00 00
 (1789643204.424892)  can0  181   [8]  60 14 60 14 00 00 00 00
 (1789643204.425092)  can0  281   [5]  03 00 00 00 00
 (1789643204.428350)  can0  201   [6]  02 00 00 00 00 00
 (1789643204.438346)  can0  201   [6]  02 00 00 00 00 00
 (1789643204.448348)  can0  201   [6]  02 00 00 00 00 00
 (1789643204.458348)  can0  201   [6]  02 00 00 00 00 00
 (1789643204.464302)  can0  701   [1]  05
 (1789643204.468347)  can0  201   [6]  02 00 00 00 00 00
 (1789643204.474901)  can0  181   [8]  60 14 60 14 00 00 00 00
 (1789643204.475101)  can0  281   [5]  03 00 00 00 00
 (1789643204.478347)  can0  201   [6]  02 00 00 00 00 00
 (1789643204.488345)  can0  201   [6]  02 00 00 00 00 00
 (1789643204.498347)  can0  201   [6]  02 00 00 00 00 00
 (1789643204.508346)  can0  201   [6]  02 00 00 00 00 00
 (1789643204.518345)  can0  201   [6]  02 00 00 00 00 00
 (1789643204.524911)  can0  181   [8]  60 14 60 14 00 00 00 00
 (1789643204.525110)  can0  281   [5]  03 00 00 00 00
 (1789643204.528348)  can0  201   [6]  02 00 00 00 00 00
 (1789643204.538346)  can0  201   [6]  02 00 00 00 00 00
 (1789643204.548349)  can0  201   [6]  02 00 00 00 00 00
 (1789643204.558401)  can0  201   [6]  02 00 00 00 00 00
 (1789643204.568357)  can0  201   [6]  02 00 00 00 00 00
 (1789643204.574922)  can0  181   [8]  60 14 60 14 00 00 00 00
 (1789643204.575121)  can0  281   [5]  03 00 00 00 00
 (1789643204.578349)  can0  201   [6]  02 00 00 00 00 00
 (1789643204.588347)  can0  201   [6]  02 00 00 00 00 00
 (1789643204.598347)  can0  201   [6]  02 00 00 00 00 00
 (1789643204.608346)  can0  201   [6]  02 00 00 00 00 00
 (1789643204.618347)  can0  201   [6]  02 00 00 00 00 00
 (1789643204.624931)  can0  181   [8]  60 14 60 14 00 00 00 00
 (1789643204.625130)  can0  281   [5]  03 00 00 00 00
 (1789643204.628349)  can0  201   [6]  02 00 00 00 00 00
 (1789643204.638348)  can0  201   [6]  02 00 00 00 00 00
 (1789643204.648346)  can0  201   [6]  02 00 00 00 00 00
 (1789643204.658347)  can0  201   [6]  02 00 00 00 00 00
 (1789643204.668349)  can0  201   [6]  02 00 00 00 00 00
 (1789643204.674939)  can0  181   [8]  60 14 60 14 00 00 00 00
 (1789643204.675139)  can0  281   [5]  03 00 00 00 00
 (1789643204.678347)  can0  201   [6]  02 00 00 00 00 00
 (1789643204.688349)  can0  201   [6]  02 00 00 00 00 00
 (1789643204.698345)  can0  201   [6]  02 00 00 00 00 00
 (1789643204.708347)  can0  201   [6]  02 00 00 00 00 00
 (1789643204.713849)  can0  701   [1]  05
 (1789643204.718350)  can0  201   [6]  02 00 00 00 00 00
 (1789643204.724950)  can0  181   [8]  60 14 60 14 00 00 00 00
 (1789643204.725151)  can0  281   [5]  03 00 00 00 00
 (1789643204.728351)  can0  201   [6]  02 00 00 00 00 00
 (1789643204.738378)  can0  201   [6]  02 00 00 00 00 00
 (1789643204.748357)  can0  201   [6]  02 00 00 00 00 00
 (1789643204.758376)  can0  201   [6]  02 00 00 00 00 00
 (1789643204.768372)  can0  201   [6]  02 00 00 00 00 00
 (1789643204.774959)  can0  181   [8]  60 14 60 14 00 00 00 00
 (1789643204.775157)  can0  281   [5]  03 00 00 00 00
 (1789643204.778368)  can0  201   [6]  02 00 00 00 00 00
 (1789643204.788360)  can0  201   [6]  02 00 00 00 00 00
 (1789643204.798389)  can0  201   [6]  02 00 00 00 00 00
 (1789643204.808360)  can0  201   [6]  02 00 00 00 00 00
 (1789643204.818366)  can0  201   [6]  02 00 00 00 00 00
 (1789643204.824968)  can0  181   [8]  60 14 60 14 00 00 00 00
 (1789643204.825166)  can0  281   [5]  03 00 00 00 00
 (1789643204.828373)  can0  201   [6]  02 00 00 00 00 00
 (1789643204.838365)  can0  201   [6]  02 00 00 00 00 00
 (1789643204.848373)  can0  201   [6]  02 00 00 00 00 00
 (1789643204.858367)  can0  201   [6]  02 00 00 00 00 00
 (1789643204.868353)  can0  201   [6]  02 00 00 00 00 00
 (1789643204.874978)  can0  181   [8]  60 14 60 14 00 00 00 00
 (1789643204.875175)  can0  281   [5]  03 00 00 00 00
 (1789643204.878368)  can0  201   [6]  02 00 00 00 00 00
 (1789643204.888382)  can0  201   [6]  02 00 00 00 00 00
 (1789643204.898366)  can0  201   [6]  02 00 00 00 00 00
 (1789643204.908370)  can0  201   [6]  02 00 00 00 00 00
 (1789643204.918364)  can0  201   [6]  02 00 00 00 00 00
 (1789643204.924985)  can0  181   [8]  60 14 60 14 00 00 00 00
 (1789643204.925184)  can0  281   [5]  03 00 00 00 00
 (1789643204.928357)  can0  201   [6]  02 00 00 00 00 00
 (1789643204.938371)  can0  201   [6]  02 00 00 00 00 00
 (1789643204.948351)  can0  201   [6]  02 00 00 00 00 00
 (1789643204.958347)  can0  201   [6]  02 00 00 00 00 00
 (1789643204.963335)  can0  701   [1]  05
 (1789643204.968349)  can0  201   [6]  02 00 00 00 00 00
 (1789643204.974996)  can0  181   [8]  60 14 60 14 00 00 00 00
 (1789643204.975193)  can0  281   [5]  03 00 00 00 00
 (1789643204.978348)  can0  201   [6]  02 00 00 00 00 00
 (1789643204.988350)  can0  201   [6]  02 00 00 00 00 00
 (1789643204.998348)  can0  201   [6]  02 00 00 00 00 00
 (1789643205.008346)  can0  201   [6]  02 00 00 00 00 00
 (1789643205.018348)  can0  201   [6]  02 00 00 00 00 00
 (1789643205.025004)  can0  181   [8]  60 14 60 14 00 00 00 00
 (1789643205.025204)  can0  281   [5]  03 00 00 00 00
 (1789643205.028346)  can0  201   [6]  02 00 00 00 00 00
 (1789643205.038348)  can0  201   [6]  02 00 00 00 00 00
 (1789643205.048346)  can0  201   [6]  02 00 00 00 00 00
 (1789643205.058347)  can0  201   [6]  02 00 00 00 00 00
 (1789643205.068347)  can0  201   [6]  02 00 00 00 00 00
 (1789643205.075013)  can0  181   [8]  60 14 60 14 00 00 00 00
 (1789643205.075212)  can0  281   [5]  03 00 00 00 00
 (1789643205.078347)  can0  201   [6]  02 00 00 00 00 00
 (1789643205.088349)  can0  201   [6]  02 00 00 00 00 00
 (1789643205.098382)  can0  201   [6]  02 00 00 00 00 00
 (1789643205.108360)  can0  201   [6]  02 00 00 00 00 00
 (1789643205.118347)  can0  201   [6]  02 00 00 00 00 00
 (1789643205.125022)  can0  181   [8]  60 14 60 14 00 00 00 00
 (1789643205.125221)  can0  281   [5]  03 00 00 00 00
 (1789643205.128350)  can0  201   [6]  02 00 00 00 00 00
 (1789643205.138346)  can0  201   [6]  02 00 00 00 00 00
 (1789643205.148346)  can0  201   [6]  02 00 00 00 00 00
 (1789643205.158348)  can0  201   [6]  02 00 00 00 00 00
 (1789643205.168346)  can0  201   [6]  02 00 00 00 00 00
 (1789643205.175033)  can0  181   [8]  60 14 60 14 00 00 00 00
 (1789643205.175234)  can0  281   [5]  03 00 00 00 00
 (1789643205.178349)  can0  201   [6]  02 00 00 00 00 00
 (1789643205.188347)  can0  201   [6]  02 00 00 00 00 00
 (1789643205.198349)  can0  201   [6]  02 00 00 00 00 00
 (1789643205.208345)  can0  201   [6]  02 00 00 00 00 00
 (1789643205.212881)  can0  701   [1]  05
 (1789643205.218348)  can0  201   [6]  02 00 00 00 00 00
 (1789643205.225045)  can0  181   [8]  60 14 60 14 00 00 00 00
 (1789643205.225240)  can0  281   [5]  03 00 00 00 00
 (1789643205.228348)  can0  201   [6]  02 00 00 00 00 00
 (1789643205.238347)  can0  201   [6]  02 00 00 00 00 00
 (1789643205.248346)  can0  201   [6]  02 00 00 00 00 00
 (1789643205.258351)  can0  201   [6]  02 00 00 00 00 00
 (1789643205.268350)  can0  201   [6]  02 00 00 00 00 00
 (1789643205.275051)  can0  181   [8]  60 14 60 14 00 00 00 00
 (1789643205.275250)  can0  281   [5]  03 00 00 00 00
 (1789643205.278368)  can0  201   [6]  02 00 00 00 00 00
 (1789643205.288367)  can0  201   [6]  02 00 00 00 00 00
 (1789643205.298361)  can0  201   [6]  02 00 00 00 00 00
 (1789643205.308382)  can0  201   [6]  02 00 00 00 00 00
 (1789643205.318363)  can0  201   [6]  02 00 00 00 00 00
 (1789643205.325062)  can0  181   [8]  60 14 60 14 00 00 00 00
 (1789643205.325259)  can0  281   [5]  03 00 00 00 00
 (1789643205.328380)  can0  201   [6]  02 00 00 00 00 00
 (1789643205.338354)  can0  201   [6]  02 00 00 00 00 00
 (1789643205.348383)  can0  201   [6]  02 00 00 00 00 00
 (1789643205.358350)  can0  201   [6]  02 00 00 00 00 00
 (1789643205.368390)  can0  201   [6]  02 00 00 00 00 00
 (1789643205.375070)  can0  181   [8]  60 14 60 14 00 00 00 00
 (1789643205.375268)  can0  281   [5]  03 00 00 00 00
 (1789643205.378362)  can0  201   [6]  02 00 00 00 00 00
 (1789643205.388367)  can0  201   [6]  02 00 00 00 00 00
 (1789643205.398373)  can0  201   [6]  02 00 00 00 00 00
 (1789643205.408363)  can0  201   [6]  02 00 00 00 00 00
 (1789643205.418359)  can0  201   [6]  02 00 00 00 00 00
 (1789643205.425078)  can0  181   [8]  60 14 60 14 00 00 00 00
 (1789643205.425277)  can0  281   [5]  03 00 00 00 00
 (1789643205.428381)  can0  201   [6]  02 00 00 00 00 00
 (1789643205.438365)  can0  201   [6]  02 00 00 00 00 00
 (1789643205.448355)  can0  201   [6]  02 00 00 00 00 00
 (1789643205.458361)  can0  201   [6]  02 00 00 00 00 00
 (1789643205.462430)  can0  701   [1]  05
 (1789643205.468353)  can0  201   [6]  02 00 00 00 00 00
 (1789643205.475089)  can0  181   [8]  60 14 60 14 00 00 00 00
 (1789643205.475287)  can0  281   [5]  03 00 00 00 00
 (1789643205.478362)  can0  201   [6]  02 00 00 00 00 00
 (1789643205.488358)  can0  201   [6]  02 00 00 00 00 00
 (1789643205.498348)  can0  201   [6]  02 00 00 00 00 00
 (1789643205.508348)  can0  201   [6]  02 00 00 00 00 00
 (1789643205.518350)  can0  201   [6]  02 00 00 00 00 00
 (1789643205.525096)  can0  181   [8]  60 14 60 14 00 00 00 00
 (1789643205.525296)  can0  281   [5]  03 00 00 00 00
 (1789643205.528349)  can0  201   [6]  02 00 00 00 00 00
 (1789643205.538346)  can0  201   [6]  02 00 00 00 00 00
 (1789643205.548346)  can0  201   [6]  02 00 00 00 00 00
 (1789643205.558347)  can0  201   [6]  02 00 00 00 00 00
 (1789643205.568344)  can0  201   [6]  02 00 00 00 00 00
 (1789643205.575105)  can0  181   [8]  60 14 60 14 00 00 00 00
 (1789643205.575304)  can0  281   [5]  03 00 00 00 00
 (1789643205.578349)  can0  201   [6]  02 00 00 00 00 00
 (1789643205.588347)  can0  201   [6]  02 00 00 00 00 00
 (1789643205.598349)  can0  201   [6]  02 00 00 00 00 00
 (1789643205.608345)  can0  201   [6]  02 00 00 00 00 00
 (1789643205.618347)  can0  201   [6]  02 00 00 00 00 00
 (1789643205.625116)  can0  181   [8]  60 14 60 14 00 00 00 00
 (1789643205.625319)  can0  281   [5]  03 00 00 00 00
 (1789643205.628347)  can0  201   [6]  02 00 00 00 00 00
 (1789643205.638347)  can0  201   [6]  02 00 00 00 00 00
 (1789643205.648379)  can0  201   [6]  02 00 00 00 00 00
 (1789643205.658350)  can0  201   [6]  02 00 00 00 00 00
 (1789643205.668348)  can0  201   [6]  02 00 00 00 00 00
 (1789643205.675126)  can0  181   [8]  60 14 60 14 00 00 00 00
 (1789643205.675324)  can0  281   [5]  03 00 00 00 00
 (1789643205.678350)  can0  201   [6]  02 00 00 00 00 00
 (1789643205.688348)  can0  201   [6]  02 00 00 00 00 00
 (1789643205.698346)  can0  201   [6]  02 00 00 00 00 00
 (1789643205.708346)  can0  201   [6]  02 00 00 00 00 00
 (1789643205.711973)  can0  701   [1]  05
 (1789643205.718349)  can0  201   [6]  02 00 00 00 00 00
 (1789643205.725135)  can0  181   [8]  60 14 60 14 00 00 00 00
 (1789643205.725333)  can0  281   [5]  03 00 00 00 00
 (1789643205.728349)  can0  201   [6]  02 00 00 00 00 00
 (1789643205.738347)  can0  201   [6]  02 00 00 00 00 00
 (1789643205.748348)  can0  201   [6]  02 00 00 00 00 00
 (1789643205.758347)  can0  201   [6]  02 00 00 00 00 00
 (1789643205.768346)  can0  201   [6]  02 00 00 00 00 00
 (1789643205.775142)  can0  181   [8]  60 14 60 14 00 00 00 00
 (1789643205.775341)  can0  281   [5]  03 00 00 00 00
 (1789643205.778346)  can0  201   [6]  02 00 00 00 00 00
 (1789643205.788348)  can0  201   [6]  02 00 00 00 00 00
 (1789643205.798346)  can0  201   [6]  02 00 00 00 00 00
 (1789643205.808377)  can0  201   [6]  02 00 00 00 00 00
 (1789643205.818352)  can0  201   [6]  02 00 00 00 00 00
 (1789643205.825154)  can0  181   [8]  60 14 60 14 00 00 00 00
 (1789643205.825352)  can0  281   [5]  03 00 00 00 00
 (1789643205.828391)  can0  201   [6]  02 00 00 00 00 00
 (1789643205.838363)  can0  201   [6]  02 00 00 00 00 00
 (1789643205.848379)  can0  201   [6]  02 00 00 00 00 00
 (1789643205.858370)  can0  201   [6]  02 00 00 00 00 00
 (1789643205.868362)  can0  201   [6]  02 00 00 00 00 00
 (1789643205.875164)  can0  181   [8]  60 14 60 14 00 00 00 00
 (1789643205.875360)  can0  281   [5]  03 00 00 00 00
 (1789643205.878371)  can0  201   [6]  02 00 00 00 00 00
 (1789643205.888369)  can0  201   [6]  02 00 00 00 00 00
 (1789643205.898375)  can0  201   [6]  02 00 00 00 00 00
 (1789643205.908547)  can0  201   [6]  02 00 00 00 00 00
 (1789643205.918460)  can0  201   [6]  02 00 00 00 00 00
 (1789643205.925177)  can0  181   [8]  60 14 60 14 00 00 00 00
 (1789643205.925371)  can0  281   [5]  03 00 00 00 00
 (1789643205.928382)  can0  201   [6]  02 00 00 00 00 00
 (1789643205.938384)  can0  201   [6]  02 00 00 00 00 00
 (1789643205.948379)  can0  201   [6]  02 00 00 00 00 00
 (1789643205.958358)  can0  201   [6]  02 00 00 00 00 00
 (1789643205.961462)  can0  701   [1]  05
 (1789643205.968368)  can0  201   [6]  02 00 00 00 00 00
 (1789643205.975181)  can0  181   [8]  60 14 60 14 00 00 00 00
 (1789643205.975379)  can0  281   [5]  03 00 00 00 00
 (1789643205.978380)  can0  201   [6]  02 00 00 00 00 00
 (1789643205.988364)  can0  201   [6]  02 00 00 00 00 00
 (1789643205.998360)  can0  201   [6]  02 00 00 00 00 00
 (1789643206.008362)  can0  201   [6]  02 00 00 00 00 00
 (1789643206.018354)  can0  201   [6]  02 00 00 00 00 00
 (1789643206.025189)  can0  181   [8]  60 14 60 14 00 00 00 00
 (1789643206.025388)  can0  281   [5]  03 00 00 00 00
 (1789643206.028364)  can0  201   [6]  02 00 00 00 00 00
 (1789643206.038360)  can0  201   [6]  02 00 00 00 00 00
 (1789643206.048348)  can0  201   [6]  02 00 00 00 00 00
 (1789643206.058346)  can0  201   [6]  02 00 00 00 00 00
 (1789643206.068348)  can0  201   [6]  02 00 00 00 00 00
 (1789643206.075199)  can0  181   [8]  60 14 60 14 00 00 00 00
 (1789643206.075400)  can0  281   [5]  03 00 00 00 00
 (1789643206.078346)  can0  201   [6]  02 00 00 00 00 00
 (1789643206.088349)  can0  201   [6]  02 00 00 00 00 00
 (1789643206.098347)  can0  201   [6]  02 00 00 00 00 00
 (1789643206.108349)  can0  201   [6]  02 00 00 00 00 00
 (1789643206.118347)  can0  201   [6]  02 00 00 00 00 00
 (1789643206.125207)  can0  181   [8]  60 14 60 14 00 00 00 00
 (1789643206.125406)  can0  281   [5]  03 00 00 00 00
 (1789643206.128347)  can0  201   [6]  02 00 00 00 00 00
 (1789643206.138347)  can0  201   [6]  02 00 00 00 00 00
 (1789643206.148349)  can0  201   [6]  02 00 00 00 00 00
 (1789643206.158349)  can0  201   [6]  02 00 00 00 00 00
 (1789643206.168347)  can0  201   [6]  02 00 00 00 00 00
 (1789643206.175217)  can0  181   [8]  60 14 60 14 00 00 00 00
 (1789643206.175417)  can0  281   [5]  03 00 00 00 00
 (1789643206.178349)  can0  201   [6]  02 00 00 00 00 00
 (1789643206.188434)  can0  201   [6]  02 00 00 00 00 00
 (1789643206.198351)  can0  201   [6]  02 00 00 00 00 00
 (1789643206.208350)  can0  201   [6]  02 00 00 00 00 00
 (1789643206.211008)  can0  701   [1]  05
 (1789643206.218349)  can0  201   [6]  02 00 00 00 00 00
 (1789643206.225227)  can0  181   [8]  60 14 60 14 00 00 00 00
 (1789643206.225426)  can0  281   [5]  03 00 00 00 00
 (1789643206.228349)  can0  201   [6]  02 00 00 00 00 00
 (1789643206.238346)  can0  201   [6]  02 00 00 00 00 00
 (1789643206.248349)  can0  201   [6]  02 00 00 00 00 00
 (1789643206.258349)  can0  201   [6]  02 00 00 00 00 00
 (1789643206.268347)  can0  201   [6]  02 00 00 00 00 00
 (1789643206.275236)  can0  181   [8]  60 14 60 14 00 00 00 00
 (1789643206.275434)  can0  281   [5]  03 00 00 00 00
 (1789643206.278349)  can0  201   [6]  02 00 00 00 00 00
 (1789643206.288347)  can0  201   [6]  02 00 00 00 00 00
 (1789643206.298349)  can0  201   [6]  02 00 00 00 00 00
 (1789643206.308347)  can0  201   [6]  02 00 00 00 00 00
 (1789643206.318347)  can0  201   [6]  02 00 00 00 00 00
 (1789643206.325245)  can0  181   [8]  60 14 60 14 00 00 00 00
 (1789643206.325445)  can0  281   [5]  03 00 00 00 00
 (1789643206.328347)  can0  201   [6]  02 00 00 00 00 00
 (1789643206.338347)  can0  201   [6]  02 00 00 00 00 00
 (1789643206.348350)  can0  201   [6]  02 00 00 00 00 00
 (1789643206.358351)  can0  201   [6]  02 00 00 00 00 00
 (1789643206.368359)  can0  201   [6]  02 00 00 00 00 00
 (1789643206.375254)  can0  181   [8]  60 14 60 14 00 00 00 00
 (1789643206.375453)  can0  281   [5]  03 00 00 00 00
 (1789643206.378367)  can0  201   [6]  02 00 00 00 00 00
 (1789643206.388355)  can0  201   [6]  02 00 00 00 00 00
 (1789643206.398380)  can0  201   [6]  02 00 00 00 00 00
 (1789643206.408361)  can0  201   [6]  02 00 00 00 00 00
 (1789643206.418376)  can0  201   [6]  02 00 00 00 00 00
 (1789643206.425265)  can0  181   [8]  60 14 60 14 00 00 00 00
 (1789643206.425463)  can0  281   [5]  03 00 00 00 00
 (1789643206.428354)  can0  201   [6]  02 00 00 00 00 00
 (1789643206.438391)  can0  201   [6]  02 00 00 00 00 00
 (1789643206.448350)  can0  201   [6]  02 00 00 00 00 00
 (1789643206.458407)  can0  201   [6]  02 00 00 00 00 00
 (1789643206.460552)  can0  701   [1]  05
 (1789643206.468372)  can0  201   [6]  02 00 00 00 00 00
 (1789643206.475273)  can0  181   [8]  60 14 60 14 00 00 00 00
 (1789643206.475471)  can0  281   [5]  03 00 00 00 00
 (1789643206.478364)  can0  201   [6]  02 00 00 00 00 00
 (1789643206.488409)  can0  201   [6]  02 00 00 00 00 00
 (1789643206.498379)  can0  201   [6]  02 00 00 00 00 00
 (1789643206.508378)  can0  201   [6]  02 00 00 00 00 00
 (1789643206.518359)  can0  201   [6]  02 00 00 00 00 00
 (1789643206.525286)  can0  181   [8]  60 14 60 14 00 00 00 00
 (1789643206.525484)  can0  281   [5]  03 00 00 00 00
 (1789643206.528454)  can0  201   [6]  02 00 00 00 00 00
 (1789643206.538417)  can0  201   [6]  02 00 00 00 00 00
 (1789643206.548421)  can0  201   [6]  02 00 00 00 00 00
 (1789643206.558418)  can0  201   [6]  02 00 00 00 00 00
 (1789643206.568408)  can0  201   [6]  02 00 00 00 00 00
 (1789643206.575420)  can0  181   [8]  60 14 60 14 00 00 00 00
 (1789643206.575490)  can0  281   [5]  03 00 00 00 00
 (1789643206.578416)  can0  201   [6]  02 00 00 00 00 00
 (1789643206.588405)  can0  201   [6]  02 00 00 00 00 00
 (1789643206.598403)  can0  201   [6]  02 00 00 00 00 00
 (1789643206.608400)  can0  201   [6]  02 00 00 00 00 00
 (1789643206.618402)  can0  201   [6]  02 00 00 00 00 00
 (1789643206.625359)  can0  181   [8]  60 14 60 14 00 00 00 00
 (1789643206.625557)  can0  281   [5]  03 00 00 00 00
 (1789643206.628404)  can0  201   [6]  02 00 00 00 00 00
 (1789643206.638401)  can0  201   [6]  02 00 00 00 00 00
 (1789643206.648403)  can0  201   [6]  02 00 00 00 00 00
 (1789643206.658401)  can0  201   [6]  02 00 00 00 00 00
 (1789643206.668408)  can0  201   [6]  02 00 00 00 00 00
 (1789643206.675366)  can0  181   [8]  60 14 60 14 00 00 00 00
 (1789643206.675566)  can0  281   [5]  03 00 00 00 00
 (1789643206.678404)  can0  201   [6]  02 00 00 00 00 00
 (1789643206.688403)  can0  201   [6]  02 00 00 00 00 00
 (1789643206.698403)  can0  201   [6]  02 00 00 00 00 00
 (1789643206.708399)  can0  201   [6]  02 00 00 00 00 00
 (1789643206.710099)  can0  701   [1]  05
 (1789643206.718404)  can0  201   [6]  02 00 00 00 00 00
 (1789643206.725374)  can0  181   [8]  60 14 60 14 00 00 00 00
 (1789643206.725574)  can0  281   [5]  03 00 00 00 00
 (1789643206.728402)  can0  201   [6]  02 00 00 00 00 00
 (1789643206.738437)  can0  201   [6]  02 00 00 00 00 00
 (1789643206.748405)  can0  201   [6]  02 00 00 00 00 00
 (1789643206.758398)  can0  201   [6]  02 00 00 00 00 00
 (1789643206.768409)  can0  201   [6]  02 00 00 00 00 00
 (1789643206.775385)  can0  181   [8]  60 14 60 14 00 00 00 00
 (1789643206.775585)  can0  281   [5]  03 00 00 00 00
 (1789643206.778402)  can0  201   [6]  02 00 00 00 00 00
 (1789643206.788404)  can0  201   [6]  02 00 00 00 00 00
 (1789643206.798401)  can0  201   [6]  02 00 00 00 00 00
 (1789643206.808401)  can0  201   [6]  02 00 00 00 00 00
 (1789643206.818403)  can0  201   [6]  02 00 00 00 00 00
 (1789643206.825395)  can0  181   [8]  60 14 60 14 00 00 00 00
 (1789643206.825595)  can0  281   [5]  03 00 00 00 00
 (1789643206.828402)  can0  201   [6]  02 00 00 00 00 00
 (1789643206.838402)  can0  201   [6]  02 00 00 00 00 00
 (1789643206.848399)  can0  201   [6]  02 00 00 00 00 00
 (1789643206.858402)  can0  201   [6]  02 00 00 00 00 00
 (1789643206.868409)  can0  201   [6]  02 00 00 00 00 00
 (1789643206.875403)  can0  181   [8]  60 14 60 14 00 00 00 00
 (1789643206.875604)  can0  281   [5]  03 00 00 00 00
 (1789643206.878406)  can0  201   [6]  02 00 00 00 00 00
 (1789643206.888401)  can0  201   [6]  02 00 00 00 00 00
 (1789643206.898407)  can0  201   [6]  02 00 00 00 00 00
 (1789643206.908403)  can0  201   [6]  02 00 00 00 00 00
 (1789643206.918425)  can0  201   [6]  02 00 00 00 00 00
 (1789643206.925415)  can0  181   [8]  60 14 60 14 00 00 00 00
 (1789643206.925611)  can0  281   [5]  03 00 00 00 00
 (1789643206.928416)  can0  201   [6]  02 00 00 00 00 00
 (1789643206.938418)  can0  201   [6]  02 00 00 00 00 00
 (1789643206.948424)  can0  201   [6]  02 00 00 00 00 00
 (1789643206.958411)  can0  201   [6]  02 00 00 00 00 00
 (1789643206.959646)  can0  701   [1]  05
 (1789643206.968443)  can0  201   [6]  02 00 00 00 00 00
 (1789643206.975424)  can0  181   [8]  60 14 60 14 00 00 00 00
 (1789643206.975625)  can0  281   [5]  03 00 00 00 00
 (1789643206.978422)  can0  201   [6]  02 00 00 00 00 00
 (1789643206.988437)  can0  201   [6]  02 00 00 00 00 00
 (1789643206.998415)  can0  201   [6]  02 00 00 00 00 00
 (1789643207.008434)  can0  201   [6]  02 00 00 00 00 00
 (1789643207.018418)  can0  201   [6]  02 00 00 00 00 00
 (1789643207.025434)  can0  181   [8]  60 14 60 14 00 00 00 00
 (1789643207.025639)  can0  281   [5]  03 00 00 00 00
 (1789643207.028427)  can0  201   [6]  02 00 00 00 00 00
 (1789643207.038423)  can0  201   [6]  02 00 00 00 00 00
 (1789643207.048411)  can0  201   [6]  02 00 00 00 00 00
 (1789643207.058412)  can0  201   [6]  02 00 00 00 00 00
 (1789643207.068444)  can0  201   [6]  02 00 00 00 00 00
 (1789643207.075442)  can0  181   [8]  60 14 60 14 00 00 00 00
 (1789643207.075639)  can0  281   [5]  03 00 00 00 00
 (1789643207.078419)  can0  201   [6]  02 00 00 00 00 00
 (1789643207.088412)  can0  201   [6]  02 00 00 00 00 00
 (1789643207.098415)  can0  201   [6]  02 00 00 00 00 00
 (1789643207.108409)  can0  201   [6]  02 00 00 00 00 00
 (1789643207.118409)  can0  201   [6]  02 00 00 00 00 00
 (1789643207.125452)  can0  181   [8]  60 14 60 14 00 00 00 00
 (1789643207.125650)  can0  281   [5]  03 00 00 00 00
 (1789643207.128411)  can0  201   [6]  02 00 00 00 00 00
 (1789643207.138404)  can0  201   [6]  02 00 00 00 00 00
 (1789643207.148403)  can0  201   [6]  02 00 00 00 00 00
 (1789643207.158403)  can0  201   [6]  02 00 00 00 00 00
 (1789643207.168403)  can0  201   [6]  02 00 00 00 00 00
 (1789643207.175460)  can0  181   [8]  60 14 60 14 00 00 00 00
 (1789643207.175657)  can0  281   [5]  03 00 00 00 00
 (1789643207.178412)  can0  201   [6]  02 00 00 00 00 00
 (1789643207.188404)  can0  201   [6]  02 00 00 00 00 00
 (1789643207.198404)  can0  201   [6]  02 00 00 00 00 00
 (1789643207.208402)  can0  201   [6]  02 00 00 00 00 00
 (1789643207.209191)  can0  701   [1]  05
 (1789643207.218401)  can0  201   [6]  02 00 00 00 00 00
 (1789643207.225530)  can0  181   [8]  60 14 60 14 00 00 00 00
 (1789643207.225730)  can0  281   [5]  03 00 00 00 00
 (1789643207.228404)  can0  201   [6]  02 00 00 00 00 00
 (1789643207.238403)  can0  201   [6]  02 00 00 00 00 00
 (1789643207.248401)  can0  201   [6]  02 00 00 00 00 00
 (1789643207.258402)  can0  201   [6]  02 00 00 00 00 00
 (1789643207.268400)  can0  201   [6]  02 00 00 00 00 00
 (1789643207.275539)  can0  181   [8]  60 14 60 14 00 00 00 00
 (1789643207.275739)  can0  281   [5]  03 00 00 00 00
 (1789643207.278402)  can0  201   [6]  02 00 00 00 00 00
 (1789643207.288449)  can0  201   [6]  02 00 00 00 00 00
 (1789643207.298404)  can0  201   [6]  02 00 00 00 00 00
 (1789643207.308403)  can0  201   [6]  02 00 00 00 00 00
 (1789643207.318404)  can0  201   [6]  06 00 00 00 00 00
 (1789643207.325549)  can0  181   [8]  21 14 21 14 00 00 00 00
 (1789643207.325749)  can0  281   [5]  03 00 00 00 00
 (1789643207.328407)  can0  201   [6]  07 00 00 00 00 00
 (1789643207.338402)  can0  201   [6]  07 00 00 00 00 00
 (1789643207.348405)  can0  201   [6]  07 00 00 00 00 00
 (1789643207.358402)  can0  201   [6]  07 00 00 00 00 00
 (1789643207.368403)  can0  201   [6]  07 00 00 00 00 00
 (1789643207.375548)  can0  181   [8]  23 14 23 14 00 00 00 00
 (1789643207.375752)  can0  281   [5]  03 00 00 00 00
 (1789643207.378404)  can0  201   [6]  0F 00 00 00 00 00
 (1789643207.388404)  can0  201   [6]  0F 00 00 00 00 00
 (1789643207.398409)  can0  201   [6]  0F 00 00 00 00 00
 (1789643207.408403)  can0  201   [6]  0F 00 00 00 00 00
 (1789643207.418404)  can0  201   [6]  0F 00 00 00 00 00
 (1789643207.425495)  can0  181   [8]  27 14 27 14 00 00 00 00
 (1789643207.425696)  can0  281   [5]  03 00 00 00 00
 (1789643207.428405)  can0  201   [6]  0F 00 00 00 00 00
 (1789643207.438407)  can0  201   [6]  0F 00 00 00 00 00
 (1789643207.448411)  can0  201   [6]  0F 00 00 00 00 00
 (1789643207.458406)  can0  201   [6]  0F 00 00 00 00 00
 (1789643207.458741)  can0  701   [1]  05
 (1789643207.468440)  can0  201   [6]  0F 00 00 00 00 00
 (1789643207.475445)  can0  181   [8]  27 14 27 14 00 00 00 00
 (1789643207.475643)  can0  281   [5]  03 00 00 00 00
 (1789643207.478415)  can0  201   [6]  0F 00 00 00 00 00
 (1789643207.488417)  can0  201   [6]  0F 00 00 00 00 00
 (1789643207.498424)  can0  201   [6]  0F 00 00 00 00 00
 (1789643207.508414)  can0  201   [6]  0F 00 00 00 00 00
 (1789643207.518420)  can0  201   [6]  0F 00 00 00 00 00
 (1789643207.525390)  can0  181   [8]  27 14 27 14 00 00 00 00
 (1789643207.525591)  can0  281   [5]  03 00 00 00 00
 (1789643207.528405)  can0  201   [6]  0F 00 00 00 00 00
 (1789643207.538406)  can0  201   [6]  0F 00 00 00 00 00
 (1789643207.548404)  can0  201   [6]  0F 00 00 00 00 00
 (1789643207.558406)  can0  201   [6]  0F 00 00 00 00 00
 (1789643207.568403)  can0  201   [6]  0F 00 00 00 00 00
 (1789643207.575335)  can0  181   [8]  27 14 27 14 00 00 00 00
 (1789643207.575537)  can0  281   [5]  03 00 00 00 00
 (1789643207.578406)  can0  201   [6]  0F 00 00 00 00 00
 (1789643207.588404)  can0  201   [6]  0F 00 00 00 00 00
 (1789643207.598402)  can0  201   [6]  0F 00 00 00 00 00
 (1789643207.608406)  can0  201   [6]  0F 00 00 00 00 00
 (1789643207.618404)  can0  201   [6]  0F 00 00 00 00 00
 (1789643207.625283)  can0  181   [8]  27 14 27 14 00 00 00 00
 (1789643207.625486)  can0  281   [5]  03 00 00 00 00
 (1789643207.628408)  can0  201   [6]  0F 00 00 00 00 00
 (1789643207.638403)  can0  201   [6]  0F 00 00 00 00 00
 (1789643207.648405)  can0  201   [6]  0F 00 00 00 00 00
 (1789643207.658403)  can0  201   [6]  0F 00 00 00 00 00
 (1789643207.668402)  can0  201   [6]  0F 00 00 00 00 00
 (1789643207.675235)  can0  181   [8]  27 14 27 14 00 00 00 00
 (1789643207.675436)  can0  281   [5]  03 00 00 00 00
 (1789643207.678424)  can0  201   [6]  0F 00 00 00 00 00
 (1789643207.688405)  can0  201   [6]  0F 00 00 00 00 00
 (1789643207.698407)  can0  201   [6]  0F 00 00 00 00 00
 (1789643207.708284)  can0  701   [1]  05
 (1789643207.708491)  can0  201   [6]  0F 00 00 00 00 00
 (1789643207.718410)  can0  201   [6]  0F 00 00 00 00 00
 (1789643207.725176)  can0  181   [8]  27 14 27 14 00 00 00 00
 (1789643207.725380)  can0  281   [5]  03 00 00 00 00
 (1789643207.728406)  can0  201   [6]  0F 00 00 00 00 00
 (1789643207.738404)  can0  201   [6]  0F 00 00 00 00 00
 (1789643207.748404)  can0  201   [6]  0F 00 00 00 00 00
 (1789643207.758404)  can0  201   [6]  0F 00 00 00 00 00
 (1789643207.768408)  can0  201   [6]  0F 00 00 00 00 00
 (1789643207.775124)  can0  181   [8]  27 14 27 14 00 00 00 00
 (1789643207.775324)  can0  281   [5]  03 00 00 00 00
 (1789643207.778406)  can0  201   [6]  0F 00 00 00 00 00
 (1789643207.788445)  can0  201   [6]  0F 00 00 00 00 00
 (1789643207.798355)  can0  201   [6]  0F 00 00 00 00 00
 (1789643207.808355)  can0  201   [6]  0F 00 00 00 00 00
 (1789643207.818355)  can0  201   [6]  0F 00 00 00 00 00
 (1789643207.825013)  can0  181   [8]  27 14 27 14 00 00 00 00
 (1789643207.825273)  can0  281   [5]  03 00 00 00 00
 (1789643207.828414)  can0  201   [6]  0F 00 00 00 00 00
 (1789643207.838410)  can0  201   [6]  0F 00 00 00 00 00
 (1789643207.848405)  can0  201   [6]  0F 00 00 00 00 00
 (1789643207.858429)  can0  201   [6]  0F 00 00 00 00 00
 (1789643207.868421)  can0  201   [6]  0F 00 00 00 00 00
 (1789643207.875017)  can0  181   [8]  27 14 27 14 00 00 00 00
 (1789643207.875218)  can0  281   [5]  03 00 00 00 00
 (1789643207.878414)  can0  201   [6]  0F 00 00 00 00 00
 (1789643207.888415)  can0  201   [6]  0F 00 00 00 00 00
 (1789643207.898410)  can0  201   [6]  0F 00 00 00 00 00
 (1789643207.908376)  can0  201   [6]  0F 00 00 00 00 00
 (1789643207.918420)  can0  201   [6]  0F 00 00 00 00 00
 (1789643207.924967)  can0  181   [8]  27 14 27 14 00 00 00 00
 (1789643207.925176)  can0  281   [5]  03 00 00 00 00
 (1789643207.928361)  can0  201   [6]  0F 00 00 00 00 00
 (1789643207.938351)  can0  201   [6]  0F 00 00 00 00 00
 (1789643207.948349)  can0  201   [6]  0F 00 00 00 00 00
 (1789643207.957717)  can0  701   [1]  05
 (1789643207.958354)  can0  201   [6]  0F 00 00 00 00 00
 (1789643207.968350)  can0  201   [6]  0F 00 00 00 00 00
 (1789643207.974855)  can0  181   [8]  27 14 27 14 00 00 00 00
 (1789643207.975055)  can0  281   [5]  03 00 00 00 00
 (1789643207.978351)  can0  201   [6]  0F 00 00 00 00 00
 (1789643207.988349)  can0  201   [6]  0F 00 00 00 00 00
 (1789643207.998351)  can0  201   [6]  0F 00 00 00 00 00
 (1789643208.008347)  can0  201   [6]  0F 00 00 00 00 00
 (1789643208.018348)  can0  201   [6]  0F 00 00 00 00 00
 (1789643208.024800)  can0  181   [8]  27 14 27 14 00 00 00 00
 (1789643208.025002)  can0  281   [5]  03 00 00 00 00
 (1789643208.028354)  can0  201   [6]  0F 00 00 00 00 00
 (1789643208.038348)  can0  201   [6]  0F 00 00 00 00 00
 (1789643208.048351)  can0  201   [6]  0F 00 00 00 00 00
 (1789643208.058349)  can0  201   [6]  0F 00 00 00 00 00
 (1789643208.068451)  can0  201   [6]  0F 00 00 00 00 00
 (1789643208.074748)  can0  181   [8]  27 14 27 14 00 00 00 00
 (1789643208.074950)  can0  281   [5]  03 00 00 00 00
 (1789643208.078356)  can0  201   [6]  0F 00 00 00 00 00
 (1789643208.088352)  can0  201   [6]  0F 00 00 00 00 00
 (1789643208.098350)  can0  201   [6]  0F 00 00 00 00 00
 (1789643208.108348)  can0  201   [6]  0F 00 00 00 00 00
 (1789643208.118350)  can0  201   [6]  0F 00 00 00 00 00
 (1789643208.124696)  can0  181   [8]  27 14 27 14 00 00 00 00
 (1789643208.124897)  can0  281   [5]  03 00 00 00 00
 (1789643208.128349)  can0  201   [6]  0F 00 00 00 00 00
 (1789643208.138351)  can0  201   [6]  0F 00 00 00 00 00
 (1789643208.148349)  can0  201   [6]  0F 00 00 00 00 00
 (1789643208.158350)  can0  201   [6]  0F 00 00 00 00 00
 (1789643208.168349)  can0  201   [6]  0F 00 00 00 00 00
 (1789643208.174643)  can0  181   [8]  27 14 27 14 00 00 00 00
 (1789643208.174842)  can0  281   [5]  03 00 00 00 00
 (1789643208.178351)  can0  201   [6]  0F 00 00 00 00 00
 (1789643208.188351)  can0  201   [6]  0F 00 00 00 00 00
 (1789643208.198349)  can0  201   [6]  0F 00 00 00 00 00
 (1789643208.207259)  can0  701   [1]  05
 (1789643208.208351)  can0  201   [6]  0F 00 00 00 00 00
 (1789643208.218349)  can0  201   [6]  0F 00 00 00 00 00
 (1789643208.224589)  can0  181   [8]  27 14 27 14 00 00 00 00
 (1789643208.224790)  can0  281   [5]  03 00 00 00 00
 (1789643208.228353)  can0  201   [6]  0F 00 00 00 00 00
 (1789643208.238355)  can0  201   [6]  0F 00 00 00 00 00
 (1789643208.248369)  can0  201   [6]  0F 00 00 00 00 00
 (1789643208.258371)  can0  201   [6]  0F 00 00 00 00 00
 (1789643208.268357)  can0  201   [6]  0F 00 00 00 00 00
 (1789643208.274537)  can0  181   [8]  27 14 27 14 00 00 00 00
 (1789643208.274737)  can0  281   [5]  03 00 00 00 00
 (1789643208.278385)  can0  201   [6]  0F 00 00 00 00 00
 (1789643208.288367)  can0  201   [6]  0F 00 00 00 00 00
 (1789643208.298383)  can0  201   [6]  0F 00 00 00 00 00
 (1789643208.308361)  can0  201   [6]  0F 00 00 00 00 00
 (1789643208.318389)  can0  201   [6]  0F 00 00 00 00 00
 (1789643208.324484)  can0  181   [8]  27 14 27 14 00 00 00 00
 (1789643208.324685)  can0  281   [5]  03 00 00 00 00
 (1789643208.328363)  can0  201   [6]  0F 00 00 00 00 00
 (1789643208.338420)  can0  201   [6]  0F 00 00 00 00 00
 (1789643208.348377)  can0  201   [6]  0F 00 00 00 00 00
 (1789643208.358371)  can0  201   [6]  0F 00 00 00 00 00
 (1789643208.368389)  can0  201   [6]  0F 00 00 00 00 00
 (1789643208.374432)  can0  181   [8]  27 14 27 14 00 00 00 00
 (1789643208.374630)  can0  281   [5]  03 00 00 00 00
 (1789643208.378371)  can0  201   [6]  0F 00 00 00 00 00
 (1789643208.388363)  can0  201   [6]  0F 00 00 00 00 00
 (1789643208.398371)  can0  201   [6]  0F 00 00 00 00 00
 (1789643208.408369)  can0  201   [6]  0F 00 00 00 00 00
 (1789643208.418366)  can0  201   [6]  0F 00 00 00 00 00
 (1789643208.424378)  can0  181   [8]  27 14 27 14 00 00 00 00
 (1789643208.424578)  can0  281   [5]  03 00 00 00 00
 (1789643208.428365)  can0  201   [6]  0F 00 00 00 00 00
 (1789643208.438363)  can0  201   [6]  0F 00 00 00 00 00
 (1789643208.448361)  can0  201   [6]  0F 00 00 00 00 00
 (1789643208.456809)  can0  701   [1]  05
 (1789643208.458364)  can0  201   [6]  0F 00 00 00 00 00
 (1789643208.468354)  can0  201   [6]  0F 00 00 00 00 00
 (1789643208.474324)  can0  181   [8]  27 14 27 14 00 00 00 00
 (1789643208.474525)  can0  281   [5]  03 00 00 00 00
 (1789643208.478350)  can0  201   [6]  0F 00 00 00 00 00
 (1789643208.488350)  can0  201   [6]  0F 00 00 00 00 00
 (1789643208.498348)  can0  201   [6]  0F 00 00 00 00 00
 (1789643208.508350)  can0  201   [6]  0F 00 00 00 00 00
 (1789643208.518350)  can0  201   [6]  0F 00 00 00 00 00
 (1789643208.524270)  can0  181   [8]  27 14 27 14 00 00 00 00
 (1789643208.524472)  can0  281   [5]  03 00 00 00 00
 (1789643208.528350)  can0  201   [6]  0F 00 00 00 00 00
 (1789643208.538350)  can0  201   [6]  0F 00 00 00 00 00
 (1789643208.548350)  can0  201   [6]  0F 00 00 00 00 00
 (1789643208.558352)  can0  201   [6]  0F 00 00 00 00 00
 (1789643208.568348)  can0  201   [6]  0F 00 00 00 00 00
 (1789643208.574217)  can0  181   [8]  27 14 27 14 00 00 00 00
 (1789643208.574418)  can0  281   [5]  03 00 00 00 00
 (1789643208.578350)  can0  201   [6]  0F 00 00 00 00 00
 (1789643208.588351)  can0  201   [6]  0F 00 00 00 00 00
 (1789643208.598349)  can0  201   [6]  0F 00 00 00 00 00
 (1789643208.608351)  can0  201   [6]  0F 00 00 00 00 00
 (1789643208.618377)  can0  201   [6]  0F 00 00 00 00 00
 (1789643208.624164)  can0  181   [8]  27 14 27 14 00 00 00 00
 (1789643208.624365)  can0  281   [5]  03 00 00 00 00
 (1789643208.628357)  can0  201   [6]  0F 00 00 00 00 00
 (1789643208.638351)  can0  201   [6]  0F 00 00 00 00 00
 (1789643208.648351)  can0  201   [6]  0F 00 00 00 00 00
 (1789643208.658351)  can0  201   [6]  0F 00 00 00 00 00
 (1789643208.668349)  can0  201   [6]  0F 00 00 00 00 00
 (1789643208.674112)  can0  181   [8]  27 14 27 14 00 00 00 00
 (1789643208.674311)  can0  281   [5]  03 00 00 00 00
 (1789643208.678354)  can0  201   [6]  0F 00 00 00 00 00
 (1789643208.688350)  can0  201   [6]  0F 00 00 00 00 00
 (1789643208.698352)  can0  201   [6]  0F 00 00 00 00 00
 (1789643208.706296)  can0  701   [1]  05
 (1789643208.708350)  can0  201   [6]  0F 00 00 00 00 00
 (1789643208.718350)  can0  201   [6]  0F 00 00 00 00 00
 (1789643208.724058)  can0  181   [8]  27 14 27 14 00 00 00 00
 (1789643208.724260)  can0  281   [5]  03 00 00 00 00
 (1789643208.728351)  can0  201   [6]  0F 00 00 00 00 00
 (1789643208.738349)  can0  201   [6]  0F 00 00 00 00 00
 (1789643208.748353)  can0  201   [6]  0F 00 00 00 00 00
 (1789643208.758351)  can0  201   [6]  0F 00 00 00 00 00
 (1789643208.768351)  can0  201   [6]  0F 00 00 00 00 00
 (1789643208.774005)  can0  181   [8]  27 14 27 14 00 00 00 00
 (1789643208.774205)  can0  281   [5]  03 00 00 00 00
 (1789643208.778353)  can0  201   [6]  0F 00 00 00 00 00
 (1789643208.788351)  can0  201   [6]  0F 00 00 00 00 00
 (1789643208.798380)  can0  201   [6]  0F 00 00 00 00 00
 (1789643208.808362)  can0  201   [6]  0F 00 00 00 00 00
 (1789643208.818363)  can0  201   [6]  0F 00 00 00 00 00
 (1789643208.823953)  can0  181   [8]  27 14 27 14 00 00 00 00
 (1789643208.824153)  can0  281   [5]  03 00 00 00 00
 (1789643208.828375)  can0  201   [6]  0F 00 00 00 00 00
 (1789643208.838362)  can0  201   [6]  0F 00 00 00 00 00
 (1789643208.848376)  can0  201   [6]  0F 00 00 00 00 00
 (1789643208.858361)  can0  201   [6]  0F 00 00 00 00 00
 (1789643208.868389)  can0  201   [6]  0F 00 00 00 00 00
 (1789643208.873899)  can0  181   [8]  27 14 27 14 00 00 00 00
 (1789643208.874099)  can0  281   [5]  03 00 00 00 00
 (1789643208.878370)  can0  201   [6]  0F 00 00 00 00 00
 (1789643208.888399)  can0  201   [6]  0F 00 00 00 00 00
 (1789643208.898370)  can0  201   [6]  0F 00 00 00 00 00
 (1789643208.908380)  can0  201   [6]  0F 00 00 00 00 00
 (1789643208.918384)  can0  201   [6]  0F 00 00 00 00 00
 (1789643208.923846)  can0  181   [8]  27 14 27 14 00 00 00 00
 (1789643208.924046)  can0  281   [5]  03 00 00 00 00
 (1789643208.928365)  can0  201   [6]  0F 00 00 00 00 00
 (1789643208.938363)  can0  201   [6]  0F 00 00 00 00 00
 (1789643208.948384)  can0  201   [6]  0F 00 00 00 00 00
 (1789643208.955841)  can0  701   [1]  05
 (1789643208.958380)  can0  201   [6]  0F 00 00 00 00 00
 (1789643208.968364)  can0  201   [6]  0F 00 00 00 00 00
 (1789643208.973793)  can0  181   [8]  27 14 27 14 00 00 00 00
 (1789643208.973993)  can0  281   [5]  03 00 00 00 00
 (1789643208.978367)  can0  201   [6]  0F 00 00 00 00 00
 (1789643208.988361)  can0  201   [6]  0F 00 00 00 00 00
 (1789643208.998359)  can0  201   [6]  0F 00 00 00 00 00
 (1789643209.008361)  can0  201   [6]  0F 00 00 00 00 00
 (1789643209.018349)  can0  201   [6]  0F 00 00 00 00 00
 (1789643209.023739)  can0  181   [8]  27 14 27 14 00 00 00 00
 (1789643209.023940)  can0  281   [5]  03 00 00 00 00
 (1789643209.028352)  can0  201   [6]  0F 00 00 00 00 00
 (1789643209.038351)  can0  201   [6]  0F 00 00 00 00 00
 (1789643209.048350)  can0  201   [6]  0F 00 00 00 00 00
 (1789643209.058349)  can0  201   [6]  0F 00 00 00 00 00
 (1789643209.068351)  can0  201   [6]  0F 00 00 00 00 00
 (1789643209.073686)  can0  181   [8]  27 14 27 14 00 00 00 00
 (1789643209.073888)  can0  281   [5]  03 00 00 00 00
 (1789643209.078352)  can0  201   [6]  0F 00 00 00 00 00
 (1789643209.088348)  can0  201   [6]  0F 00 00 00 00 00
 (1789643209.098350)  can0  201   [6]  0F 00 00 00 00 00
 (1789643209.108348)  can0  201   [6]  0F 00 00 00 00 00
 (1789643209.118350)  can0  201   [6]  0F 00 00 00 00 00
 (1789643209.123634)  can0  181   [8]  27 14 27 14 00 00 00 00
 (1789643209.123835)  can0  281   [5]  03 00 00 00 00
 (1789643209.128350)  can0  201   [6]  0F 00 00 00 00 00
 (1789643209.138349)  can0  201   [6]  0F 00 00 00 00 00
 (1789643209.148350)  can0  201   [6]  0F 00 00 00 00 00
 (1789643209.158350)  can0  201   [6]  0F 00 00 00 00 00
 (1789643209.168396)  can0  201   [6]  0F 00 00 00 00 00
 (1789643209.173581)  can0  181   [8]  27 14 27 14 00 00 00 00
 (1789643209.173781)  can0  281   [5]  03 00 00 00 00
 (1789643209.178355)  can0  201   [6]  0F 00 00 00 00 00
 (1789643209.188353)  can0  201   [6]  0F 00 00 00 00 00
 (1789643209.198349)  can0  201   [6]  0F 00 00 00 00 00
 (1789643209.205387)  can0  701   [1]  05
 (1789643209.208352)  can0  201   [6]  0F 00 00 00 00 00
 (1789643209.218351)  can0  201   [6]  0F 00 00 00 00 00
 (1789643209.223527)  can0  181   [8]  27 14 27 14 00 00 00 00
 (1789643209.223728)  can0  281   [5]  03 00 00 00 00
 (1789643209.228349)  can0  201   [6]  0F 00 00 00 00 00
 (1789643209.238351)  can0  201   [6]  0F 00 00 00 00 00
 (1789643209.248349)  can0  201   [6]  0F 00 00 00 00 00
 (1789643209.258351)  can0  201   [6]  0F 00 00 00 00 00
 (1789643209.268349)  can0  201   [6]  0F 00 00 00 00 00
 (1789643209.273473)  can0  181   [8]  27 14 27 14 00 00 00 00
 (1789643209.273675)  can0  281   [5]  03 00 00 00 00
 (1789643209.278349)  can0  201   [6]  0F 00 00 00 00 00
 (1789643209.288351)  can0  201   [6]  0F 00 00 00 00 00
 (1789643209.298347)  can0  201   [6]  0F 00 00 00 00 00
 (1789643209.308351)  can0  201   [6]  0F 00 00 00 00 00
 (1789643209.318349)  can0  201   [6]  0F 00 00 00 00 00
 (1789643209.323421)  can0  181   [8]  27 14 27 14 00 00 00 00
 (1789643209.323622)  can0  281   [5]  03 00 00 00 00
 (1789643209.328357)  can0  201   [6]  0F 00 00 00 00 00
 (1789643209.338353)  can0  201   [6]  0F 00 00 00 00 00
 (1789643209.348376)  can0  201   [6]  0F 00 00 00 00 00
 (1789643209.358366)  can0  201   [6]  0F 00 00 00 00 00
 (1789643209.368368)  can0  201   [6]  0F 00 00 00 00 00
 (1789643209.373368)  can0  181   [8]  27 14 27 14 00 00 00 00
 (1789643209.373569)  can0  281   [5]  03 00 00 00 00
 (1789643209.378365)  can0  201   [6]  0F 00 00 00 00 00
 (1789643209.388359)  can0  201   [6]  0F 00 00 00 00 00
 (1789643209.398363)  can0  201   [6]  0F 00 00 00 00 00
 (1789643209.408349)  can0  201   [6]  0F 00 00 00 00 00
 (1789643209.418349)  can0  201   [6]  0F 00 00 00 00 00
 (1789643209.423314)  can0  181   [8]  27 14 27 14 00 00 00 00
 (1789643209.423515)  can0  281   [5]  03 00 00 00 00
 (1789643209.428353)  can0  201   [6]  0F 00 00 00 00 00
 (1789643209.438349)  can0  201   [6]  0F 00 00 00 00 00
 (1789643209.448351)  can0  201   [6]  0F 00 00 00 00 00
 (1789643209.454872)  can0  701   [1]  05
 (1789643209.458351)  can0  201   [6]  0F 00 00 00 00 00
 (1789643209.468351)  can0  201   [6]  0F 00 00 00 00 00
 (1789643209.473261)  can0  181   [8]  27 14 27 14 00 00 00 00
 (1789643209.473462)  can0  281   [5]  03 00 00 00 00
 (1789643209.478351)  can0  201   [6]  0F 00 00 00 00 00
 (1789643209.488349)  can0  201   [6]  0F 00 00 00 00 00
 (1789643209.498351)  can0  201   [6]  0F 00 00 00 00 00
 (1789643209.508349)  can0  201   [6]  0F 00 00 00 00 00
 (1789643209.518351)  can0  201   [6]  0F 00 00 00 00 00
 (1789643209.523207)  can0  181   [8]  27 14 27 14 00 00 00 00
 (1789643209.523409)  can0  281   [5]  03 00 00 00 00
 (1789643209.528349)  can0  201   [6]  0F 00 00 00 00 00
 (1789643209.538351)  can0  201   [6]  0F 00 00 00 00 00
 (1789643209.548349)  can0  201   [6]  0F 00 00 00 00 00
 (1789643209.558384)  can0  201   [6]  0F 00 00 00 00 00
 (1789643209.568356)  can0  201   [6]  0F 00 00 00 00 00
 (1789643209.573157)  can0  181   [8]  27 14 27 14 00 00 00 00
 (1789643209.573355)  can0  281   [5]  03 00 00 00 00
 (1789643209.578354)  can0  201   [6]  0F 00 00 00 00 00
 (1789643209.588354)  can0  201   [6]  0F 00 00 00 00 00
 (1789643209.598350)  can0  201   [6]  0F 00 00 00 00 00
 (1789643209.608352)  can0  201   [6]  0F 00 00 00 00 00
 (1789643209.618350)  can0  201   [6]  0F 00 00 00 00 00
 (1789643209.623104)  can0  181   [8]  27 14 27 14 00 00 00 00
 (1789643209.623304)  can0  281   [5]  03 00 00 00 00
 (1789643209.628350)  can0  201   [6]  0F 00 00 00 00 00
 (1789643209.638351)  can0  201   [6]  0F 00 00 00 00 00
 (1789643209.648348)  can0  201   [6]  0F 00 00 00 00 00
 (1789643209.658351)  can0  201   [6]  0F 00 00 00 00 00
 (1789643209.668349)  can0  201   [6]  0F 00 00 00 00 00
 (1789643209.673049)  can0  181   [8]  27 14 27 14 00 00 00 00
 (1789643209.673251)  can0  281   [5]  03 00 00 00 00
 (1789643209.678351)  can0  201   [6]  0F 00 00 00 00 00
 (1789643209.688351)  can0  201   [6]  0F 00 00 00 00 00
 (1789643209.698349)  can0  201   [6]  0F 00 00 00 00 00
 (1789643209.704419)  can0  701   [1]  05
 (1789643209.708351)  can0  201   [6]  0F 00 00 00 00 00
 (1789643209.718353)  can0  201   [6]  0F 00 00 00 00 00
 (1789643209.722996)  can0  181   [8]  27 14 27 14 00 00 00 00
 (1789643209.723198)  can0  281   [5]  03 00 00 00 00
 (1789643209.728354)  can0  201   [6]  0F 00 00 00 00 00
 (1789643209.738381)  can0  201   [6]  0F 00 00 00 00 00
 (1789643209.748368)  can0  201   [6]  0F 00 00 00 00 00
 (1789643209.758368)  can0  201   [6]  0F 00 00 00 00 00
 (1789643209.768370)  can0  201   [6]  0F 00 00 00 00 00
 (1789643209.772944)  can0  181   [8]  27 14 27 14 00 00 00 00
 (1789643209.773145)  can0  281   [5]  03 00 00 00 00
 (1789643209.778365)  can0  201   [6]  0F 00 00 00 00 00
 (1789643209.788398)  can0  201   [6]  0F 00 00 00 00 00
 (1789643209.798375)  can0  201   [6]  0F 00 00 00 00 00
 (1789643209.808385)  can0  201   [6]  0F 00 00 00 00 00
 (1789643209.818365)  can0  201   [6]  0F 00 00 00 00 00
 (1789643209.822892)  can0  181   [8]  27 14 27 14 00 00 00 00
 (1789643209.823091)  can0  281   [5]  03 00 00 00 00
 (1789643209.828386)  can0  201   [6]  0F 00 00 00 00 00
 (1789643209.838366)  can0  201   [6]  0F 00 00 00 00 00
 (1789643209.848378)  can0  201   [6]  0F 00 00 00 00 00
 (1789643209.858368)  can0  201   [6]  0F 00 00 00 00 00
 (1789643209.868362)  can0  201   [6]  0F 00 00 00 00 00
 (1789643209.872837)  can0  181   [8]  27 14 27 14 00 00 00 00
 (1789643209.873037)  can0  281   [5]  03 00 00 00 00
 (1789643209.878363)  can0  201   [6]  0F 00 00 00 00 00
 (1789643209.888402)  can0  201   [6]  0F 00 00 00 00 00
 (1789643209.898370)  can0  201   [6]  0F 00 00 00 00 00
 (1789643209.908359)  can0  201   [6]  0F 00 00 00 00 00
 (1789643209.918380)  can0  201   [6]  0F 00 00 00 00 00
 (1789643209.922784)  can0  181   [8]  27 14 27 14 00 00 00 00
 (1789643209.922984)  can0  281   [5]  03 00 00 00 00
 (1789643209.928361)  can0  201   [6]  0F 00 00 00 00 00
 (1789643209.938361)  can0  201   [6]  0F 00 00 00 00 00
 (1789643209.948357)  can0  201   [6]  0F 00 00 00 00 00
 (1789643209.953968)  can0  701   [1]  05
 (1789643209.958354)  can0  201   [6]  0F 00 00 00 00 00
 (1789643209.968350)  can0  201   [6]  0F 00 00 00 00 00
 (1789643209.972729)  can0  181   [8]  27 14 27 14 00 00 00 00
 (1789643209.972930)  can0  281   [5]  03 00 00 00 00
 (1789643209.978349)  can0  201   [6]  0F 00 00 00 00 00
 (1789643209.988351)  can0  201   [6]  0F 00 00 00 00 00
 (1789643209.998349)  can0  201   [6]  0F 00 00 00 00 00
 (1789643210.008353)  can0  201   [6]  0F 00 00 00 00 00
 (1789643210.018349)  can0  201   [6]  0F 00 00 00 00 00
 (1789643210.022677)  can0  181   [8]  27 14 27 14 00 00 00 00
 (1789643210.022878)  can0  281   [5]  03 00 00 00 00
 (1789643210.028353)  can0  201   [6]  0F 00 00 00 00 00
 (1789643210.038349)  can0  201   [6]  0F 00 00 00 00 00
 (1789643210.048349)  can0  201   [6]  0F 00 00 00 00 00
 (1789643210.058351)  can0  201   [6]  0F 00 00 00 00 00
 (1789643210.068349)  can0  201   [6]  0F 00 00 00 00 00
 (1789643210.072624)  can0  181   [8]  27 14 27 14 00 00 00 00
 (1789643210.072826)  can0  281   [5]  03 00 00 00 00
 (1789643210.078350)  can0  201   [6]  0F 00 00 00 00 00
 (1789643210.088350)  can0  201   [6]  0F 00 00 00 00 00
 (1789643210.098351)  can0  201   [6]  0F 00 00 00 00 00
 (1789643210.108385)  can0  201   [6]  0F 00 00 00 00 00
 (1789643210.118353)  can0  201   [6]  0F 00 00 00 00 00
 (1789643210.122570)  can0  181   [8]  27 14 27 14 00 00 00 00
 (1789643210.122772)  can0  281   [5]  03 00 00 00 00
 (1789643210.128354)  can0  201   [6]  0F 00 00 00 00 00
 (1789643210.138348)  can0  201   [6]  0F 00 00 00 00 00
 (1789643210.148350)  can0  201   [6]  0F 00 00 00 00 00
 (1789643210.158348)  can0  201   [6]  0F 00 00 00 00 00
 (1789643210.168350)  can0  201   [6]  0F 00 00 00 00 00
 (1789643210.172518)  can0  181   [8]  27 14 27 14 00 00 00 00
 (1789643210.172719)  can0  281   [5]  03 00 00 00 00
 (1789643210.178350)  can0  201   [6]  0F 00 00 00 00 00
 (1789643210.188350)  can0  201   [6]  0F 00 00 00 00 00
 (1789643210.198352)  can0  201   [6]  0F 00 00 00 00 00
 (1789643210.203452)  can0  701   [1]  05
 (1789643210.208350)  can0  201   [6]  0F 00 00 00 00 00
 (1789643210.218354)  can0  201   [6]  0F 00 00 00 00 00
 (1789643210.222464)  can0  181   [8]  27 14 27 14 00 00 00 00
 (1789643210.222665)  can0  281   [5]  03 00 00 00 00
 (1789643210.228350)  can0  201   [6]  0F 00 00 00 00 00
 (1789643210.238352)  can0  201   [6]  0F 00 00 00 00 00
 (1789643210.248350)  can0  201   [6]  0F 00 00 00 00 00
 (1789643210.258350)  can0  201   [6]  0F 00 00 00 00 00
 (1789643210.268356)  can0  201   [6]  0F 00 00 00 00 00
 (1789643210.272412)  can0  181   [8]  27 14 27 14 00 00 00 00
 (1789643210.272614)  can0  281   [5]  03 00 00 00 00
 (1789643210.278354)  can0  201   [6]  0F 00 00 00 00 00
 (1789643210.288378)  can0  201   [6]  0F 00 00 00 00 00
 (1789643210.298360)  can0  201   [6]  0F 00 00 00 00 00
 (1789643210.308380)  can0  201   [6]  0F 00 00 00 00 00
 (1789643210.318376)  can0  201   [6]  0F 00 00 00 00 00
 (1789643210.322359)  can0  181   [8]  27 14 27 14 00 00 00 00
 (1789643210.322560)  can0  281   [5]  03 00 00 00 00
 (1789643210.328384)  can0  201   [6]  0F 00 00 00 00 00
 (1789643210.338364)  can0  201   [6]  0F 00 00 00 00 00
 (1789643210.348392)  can0  201   [6]  0F 00 00 00 00 00
 (1789643210.358358)  can0  201   [6]  0F 00 00 00 00 00
 (1789643210.368395)  can0  201   [6]  0F 00 00 00 00 00
 (1789643210.372306)  can0  181   [8]  27 14 27 14 00 00 00 00
 (1789643210.372506)  can0  281   [5]  03 00 00 00 00
 (1789643210.378379)  can0  201   [6]  0F 00 00 00 00 00
 (1789643210.388361)  can0  201   [6]  0F 00 00 00 00 00
 (1789643210.398379)  can0  201   [6]  0F 00 00 00 00 00
 (1789643210.408371)  can0  201   [6]  0F 00 00 00 00 00
 (1789643210.418360)  can0  201   [6]  0F 00 00 00 00 00
 (1789643210.422254)  can0  181   [8]  27 14 27 14 00 00 00 00
 (1789643210.422453)  can0  281   [5]  03 00 00 00 00
 (1789643210.428369)  can0  201   [6]  0F 00 00 00 00 00
 (1789643210.438387)  can0  201   [6]  0F 00 00 00 00 00
 (1789643210.448371)  can0  201   [6]  0F 00 00 00 00 00
 (1789643210.453000)  can0  701   [1]  05
 (1789643210.458364)  can0  201   [6]  0F 00 00 00 00 00
 (1789643210.468360)  can0  201   [6]  0F 00 00 00 00 00
 (1789643210.472199)  can0  181   [8]  27 14 27 14 00 00 00 00
 (1789643210.472400)  can0  281   [5]  03 00 00 00 00
 (1789643210.478362)  can0  201   [6]  0F 00 00 00 00 00
 (1789643210.488365)  can0  201   [6]  0F 00 00 00 00 00
 (1789643210.498353)  can0  201   [6]  0F 00 00 00 00 00
 (1789643210.508351)  can0  201   [6]  0F 00 00 00 00 00
 (1789643210.518351)  can0  201   [6]  0F 00 00 00 00 00
 (1789643210.522147)  can0  181   [8]  27 14 27 14 00 00 00 00
 (1789643210.522346)  can0  281   [5]  03 00 00 00 00
 (1789643210.528351)  can0  201   [6]  0F 00 00 00 00 00
 (1789643210.538351)  can0  201   [6]  0F 00 00 00 00 00
 (1789643210.548351)  can0  201   [6]  0F 00 00 00 00 00
 (1789643210.558349)  can0  201   [6]  0F 00 00 00 00 00
 (1789643210.568351)  can0  201   [6]  0F 00 00 00 00 00
 (1789643210.572094)  can0  181   [8]  27 14 27 14 00 00 00 00
 (1789643210.572293)  can0  281   [5]  03 00 00 00 00
 (1789643210.578350)  can0  201   [6]  0F 00 00 00 00 00
 (1789643210.588352)  can0  201   [6]  0F 00 00 00 00 00
 (1789643210.598350)  can0  201   [6]  0F 00 00 00 00 00
 (1789643210.608350)  can0  201   [6]  0F 00 00 00 00 00
 (1789643210.618350)  can0  201   [6]  0F 00 00 00 00 00
 (1789643210.622041)  can0  181   [8]  27 14 27 14 00 00 00 00
 (1789643210.622240)  can0  281   [5]  03 00 00 00 00
 (1789643210.628351)  can0  201   [6]  0F 00 00 00 00 00
 (1789643210.638353)  can0  201   [6]  0F 00 00 00 00 00
 (1789643210.648381)  can0  201   [6]  0F 00 00 00 00 00
 (1789643210.658357)  can0  201   [6]  0F 00 00 00 00 00
 (1789643210.668351)  can0  201   [6]  0F 00 00 00 00 00
 (1789643210.671987)  can0  181   [8]  27 14 27 14 00 00 00 00
 (1789643210.672187)  can0  281   [5]  03 00 00 00 00
 (1789643210.678351)  can0  201   [6]  0F 00 00 00 00 00
 (1789643210.688352)  can0  201   [6]  0F 00 00 00 00 00
 (1789643210.698350)  can0  201   [6]  0F 00 00 00 00 00
 (1789643210.702547)  can0  701   [1]  05
 (1789643210.708352)  can0  201   [6]  0F 00 00 00 00 00
 (1789643210.718349)  can0  201   [6]  0F 00 00 00 00 00
 (1789643210.721934)  can0  181   [8]  27 14 27 14 00 00 00 00
 (1789643210.722134)  can0  281   [5]  03 00 00 00 00
 (1789643210.728352)  can0  201   [6]  0F 00 00 00 00 00
 (1789643210.738350)  can0  201   [6]  0F 00 00 00 00 00
 (1789643210.748350)  can0  201   [6]  0F 00 00 00 00 00
 (1789643210.758350)  can0  201   [6]  0F 00 00 00 00 00
 (1789643210.768349)  can0  201   [6]  0F 00 00 00 00 00
 (1789643210.771879)  can0  181   [8]  27 14 27 14 00 00 00 00
 (1789643210.772080)  can0  281   [5]  03 00 00 00 00
 (1789643210.778353)  can0  201   [6]  0F 00 00 00 00 00
 (1789643210.788349)  can0  201   [6]  0F 00 00 00 00 00
 (1789643210.798351)  can0  201   [6]  0F 00 00 00 00 00
 (1789643210.808356)  can0  201   [6]  0F 00 00 00 00 00
 (1789643210.818426)  can0  201   [6]  0F 00 00 00 00 00
 (1789643210.821884)  can0  181   [8]  27 14 27 14 00 00 00 00
 (1789643210.822084)  can0  281   [5]  03 00 00 00 00
 (1789643210.828402)  can0  201   [6]  0F 00 00 00 00 00
 (1789643210.838391)  can0  201   [6]  0F 00 00 00 00 00
 (1789643210.848365)  can0  201   [6]  0F 00 00 00 00 00
 (1789643210.858365)  can0  201   [6]  0F 00 00 00 00 00
 (1789643210.868365)  can0  201   [6]  0F 00 00 00 00 00
 (1789643210.871775)  can0  181   [8]  27 14 27 14 00 00 00 00
 (1789643210.871975)  can0  281   [5]  03 00 00 00 00
 (1789643210.878362)  can0  201   [6]  0F 00 00 00 00 00
 (1789643210.888358)  can0  201   [6]  0F 00 00 00 00 00
 (1789643210.898352)  can0  201   [6]  0F 00 00 00 00 00
 (1789643210.908350)  can0  201   [6]  0F 00 00 00 00 00
 (1789643210.918357)  can0  201   [6]  0F 00 00 00 00 00
 (1789643210.921722)  can0  181   [8]  27 14 27 14 00 00 00 00
 (1789643210.921923)  can0  281   [5]  03 00 00 00 00
 (1789643210.928354)  can0  201   [6]  0F 00 00 00 00 00
 (1789643210.938352)  can0  201   [6]  0F 00 00 00 00 00
 (1789643210.948352)  can0  201   [6]  0F 00 00 00 00 00
 (1789643210.952032)  can0  701   [1]  05
 (1789643210.958348)  can0  201   [6]  0F 00 00 00 00 00
 (1789643210.968351)  can0  201   [6]  0F 00 00 00 00 00
 (1789643210.971668)  can0  181   [8]  27 14 27 14 00 00 00 00
 (1789643210.971870)  can0  281   [5]  03 00 00 00 00
 (1789643210.978350)  can0  201   [6]  0F 00 00 00 00 00
 (1789643210.988352)  can0  201   [6]  0F 00 00 00 00 00
 (1789643210.998348)  can0  201   [6]  0F 00 00 00 00 00
 (1789643211.008350)  can0  201   [6]  0F 00 00 00 00 00
 (1789643211.018348)  can0  201   [6]  0F 00 00 00 00 00
 (1789643211.021614)  can0  181   [8]  27 14 27 14 00 00 00 00
 (1789643211.021815)  can0  281   [5]  03 00 00 00 00
 (1789643211.028350)  can0  201   [6]  0F 00 00 00 00 00
 (1789643211.038354)  can0  201   [6]  0F 00 00 00 00 00
 (1789643211.048364)  can0  201   [6]  0F 00 00 00 00 00
 (1789643211.058352)  can0  201   [6]  0F 00 00 00 00 00
 (1789643211.068348)  can0  201   [6]  0F 00 00 00 00 00
 (1789643211.071562)  can0  181   [8]  27 14 27 14 00 00 00 00
 (1789643211.071764)  can0  281   [5]  03 00 00 00 00
 (1789643211.078352)  can0  201   [6]  0F 00 00 00 00 00
 (1789643211.088349)  can0  201   [6]  0F 00 00 00 00 00
 (1789643211.098348)  can0  201   [6]  0F 00 00 00 00 00
 (1789643211.108350)  can0  201   [6]  0F 00 00 00 00 00
 (1789643211.118348)  can0  201   [6]  0F 00 00 00 00 00
 (1789643211.121510)  can0  181   [8]  27 14 27 14 00 00 00 00
 (1789643211.121709)  can0  281   [5]  03 00 00 00 00
 (1789643211.128354)  can0  201   [6]  0F 00 00 00 03 00
 (1789643211.138349)  can0  201   [6]  0F 00 00 00 03 00
 (1789643211.148350)  can0  201   [6]  0F 00 00 00 03 00
 (1789643211.158352)  can0  201   [6]  0F 00 00 00 03 00
 (1789643211.168348)  can0  201   [6]  0F 00 00 00 03 00
 (1789643211.171453)  can0  181   [8]  27 14 27 44 00 00 0A 00
 (1789643211.171657)  can0  281   [5]  03 00 00 00 00
 (1789643211.178351)  can0  201   [6]  0F 00 00 00 03 00
 (1789643211.188349)  can0  201   [6]  0F 00 00 00 03 00
 (1789643211.198352)  can0  201   [6]  0F 00 00 00 03 00
 (1789643211.201579)  can0  701   [1]  05
 (1789643211.208349)  can0  201   [6]  0F 00 00 00 04 00
 (1789643211.218359)  can0  201   [6]  0F 00 00 00 04 00
 (1789643211.221401)  can0  181   [8]  27 14 27 40 00 00 1C 00
 (1789643211.221603)  can0  281   [5]  03 00 00 00 00
 (1789643211.228371)  can0  201   [6]  0F 00 00 00 04 00
 (1789643211.238359)  can0  201   [6]  0F 00 00 00 04 00
 (1789643211.248384)  can0  201   [6]  0F 00 00 00 04 00
 (1789643211.258374)  can0  201   [6]  0F 00 00 00 04 00
 (1789643211.268379)  can0  201   [6]  0F 00 00 00 05 00
 (1789643211.271346)  can0  181   [8]  27 14 27 40 00 00 24 00
 (1789643211.271549)  can0  281   [5]  03 00 00 00 00
 (1789643211.278366)  can0  201   [6]  0F 00 00 00 05 00
 (1789643211.288390)  can0  201   [6]  0F 00 00 00 05 00
 (1789643211.298358)  can0  201   [6]  0F 00 00 00 05 00
 (1789643211.308392)  can0  201   [6]  0F 00 00 00 05 00
 (1789643211.318374)  can0  201   [6]  0F 00 00 00 05 00
 (1789643211.321292)  can0  181   [8]  27 14 27 44 00 00 31 00
 (1789643211.321497)  can0  281   [5]  03 00 00 00 00
 (1789643211.328364)  can0  201   [6]  0F 00 00 00 05 00
 (1789643211.338380)  can0  201   [6]  0F 00 00 00 05 00
 (1789643211.348364)  can0  201   [6]  0F 00 00 00 05 00
 (1789643211.358359)  can0  201   [6]  0F 00 00 00 05 00
 (1789643211.368362)  can0  201   [6]  0F 00 00 00 05 00
 (1789643211.371244)  can0  181   [8]  27 14 27 44 00 00 30 00
 (1789643211.371444)  can0  281   [5]  03 00 00 00 00
 (1789643211.378374)  can0  201   [6]  0F 00 00 00 05 00
 (1789643211.388365)  can0  201   [6]  0F 00 00 00 05 00
 (1789643211.398364)  can0  201   [6]  0F 00 00 00 05 00
 (1789643211.408360)  can0  201   [6]  0F 00 00 00 05 00
 (1789643211.418359)  can0  201   [6]  0F 00 00 00 05 00
 (1789643211.421190)  can0  181   [8]  27 14 27 44 00 00 2E 00
 (1789643211.421390)  can0  281   [5]  03 00 00 00 00
 (1789643211.428367)  can0  201   [6]  0F 00 00 00 05 00
 (1789643211.438351)  can0  201   [6]  0F 00 00 00 05 00
 (1789643211.448349)  can0  201   [6]  0F 00 00 00 05 00
 (1789643211.451126)  can0  701   [1]  05
 (1789643211.458352)  can0  201   [6]  0F 00 00 00 05 00
 (1789643211.468350)  can0  201   [6]  0F 00 00 00 05 00
 (1789643211.471135)  can0  181   [8]  27 14 27 44 00 00 32 00
 (1789643211.471338)  can0  281   [5]  03 00 00 00 00
 (1789643211.478354)  can0  201   [6]  0F 00 00 00 05 00
 (1789643211.488350)  can0  201   [6]  0F 00 00 00 05 00
 (1789643211.498350)  can0  201   [6]  0F 00 00 00 05 00
 (1789643211.508349)  can0  201   [6]  0F 00 00 00 05 00
 (1789643211.518349)  can0  201   [6]  0F 00 00 00 05 00
 (1789643211.521081)  can0  181   [8]  27 14 27 44 00 00 36 00
 (1789643211.521285)  can0  281   [5]  03 00 00 00 00
 (1789643211.528351)  can0  201   [6]  0F 00 00 00 05 00
 (1789643211.538349)  can0  201   [6]  0F 00 00 00 05 00
 (1789643211.548351)  can0  201   [6]  0F 00 00 00 05 00
 (1789643211.558349)  can0  201   [6]  0F 00 00 00 05 00
 (1789643211.568085)  can0  201   [6]  06 00 00 00 00 00
 (1789643211.571036)  can0  181   [8]  21 14 21 14 00 00 31 00
 (1789643211.571239)  can0  281   [5]  03 00 00 00 00
 (1789643211.621049)  can0  181   [8]  21 14 21 14 00 00 11 00
 (1789643211.621249)  can0  281   [5]  03 00 00 00 00
 (1789643211.671056)  can0  181   [8]  21 14 21 14 00 00 FC FF
 (1789643211.671258)  can0  281   [5]  03 00 00 00 00
 (1789643211.700615)  can0  701   [1]  05
 (1789643211.721065)  can0  181   [8]  21 14 21 14 00 00 04 00
 (1789643211.721266)  can0  281   [5]  03 00 00 00 00
 (1789643211.771082)  can0  181   [8]  21 14 21 14 00 00 FF FF
 (1789643211.771279)  can0  281   [5]  03 00 00 00 00
 (1789643211.821090)  can0  181   [8]  21 14 21 14 00 00 00 00
 (1789643211.821286)  can0  281   [5]  03 00 00 00 00
 (1789643211.823431)  can0  601   [8]  23 FF 60 01 00 00 00 00
 (1789643211.823773)  can0  581   [8]  60 FF 60 01 00 00 00 00
 (1789643211.825365)  can0  601   [8]  40 FF 60 01 00 00 00 00
 (1789643211.825703)  can0  581   [8]  43 FF 60 01 00 00 00 00
 (1789643211.827375)  can0  601   [8]  23 FF 60 02 00 00 00 00
 (1789643211.827699)  can0  581   [8]  60 FF 60 02 00 00 00 00
 (1789643211.829363)  can0  601   [8]  40 FF 60 02 00 00 00 00
 (1789643211.829696)  can0  581   [8]  43 FF 60 02 00 00 00 00
 (1789643211.831368)  can0  601   [8]  2B 40 60 00 00 00 00 00
 (1789643211.831692)  can0  581   [8]  60 40 60 00 00 00 00 00
 (1789643211.833364)  can0  601   [8]  40 40 60 00 00 00 00 00
 (1789643211.833687)  can0  581   [8]  4B 40 60 00 00 00 00 00
 (1789643211.835366)  can0  601   [8]  40 41 60 00 00 00 00 00
 (1789643211.835673)  can0  581   [8]  43 41 60 00 60 14 60 14
 (1789643211.837368)  can0  601   [8]  40 6C 60 01 00 00 00 00
 (1789643211.837677)  can0  581   [8]  43 6C 60 01 00 00 00 00
 (1789643211.839364)  can0  601   [8]  40 6C 60 02 00 00 00 00
 (1789643211.839673)  can0  581   [8]  43 6C 60 02 00 00 00 00
 (1789643211.841363)  can0  601   [8]  40 6C 60 03 00 00 00 00
 (1789643211.841722)  can0  581   [8]  43 6C 60 03 00 00 00 00
 (1789643211.864363)  can0  601   [8]  40 6C 60 01 00 00 00 00
 (1789643211.864672)  can0  581   [8]  43 6C 60 01 00 00 00 00
 (1789643211.866360)  can0  601   [8]  40 6C 60 02 00 00 00 00
 (1789643211.866670)  can0  581   [8]  43 6C 60 02 00 00 00 00
 (1789643211.868362)  can0  601   [8]  40 6C 60 03 00 00 00 00
 (1789643211.868722)  can0  581   [8]  43 6C 60 03 00 00 00 00
 (1789643211.871095)  can0  181   [8]  60 14 60 14 00 00 00 00
 (1789643211.871294)  can0  281   [5]  03 00 00 00 00
 (1789643211.891363)  can0  601   [8]  40 6C 60 01 00 00 00 00
 (1789643211.891672)  can0  581   [8]  43 6C 60 01 00 00 00 00
 (1789643211.893363)  can0  601   [8]  40 6C 60 02 00 00 00 00
 (1789643211.893672)  can0  581   [8]  43 6C 60 02 00 00 00 00
 (1789643211.895365)  can0  601   [8]  40 6C 60 03 00 00 00 00
 (1789643211.895723)  can0  581   [8]  43 6C 60 03 00 00 00 00
 (1789643211.918366)  can0  601   [8]  40 6C 60 01 00 00 00 00
 (1789643211.918676)  can0  581   [8]  43 6C 60 01 00 00 00 00
 (1789643211.920364)  can0  601   [8]  40 6C 60 02 00 00 00 00
 (1789643211.920673)  can0  581   [8]  43 6C 60 02 00 00 00 00
 (1789643211.921105)  can0  181   [8]  60 14 60 14 00 00 00 00
 (1789643211.921304)  can0  281   [5]  03 00 00 00 00
 (1789643211.921560)  can0  601   [8]  40 6C 60 03 00 00 00 00
 (1789643211.921913)  can0  581   [8]  43 6C 60 03 00 00 00 00
 (1789643211.944362)  can0  601   [8]  40 6C 60 01 00 00 00 00
 (1789643211.944673)  can0  581   [8]  43 6C 60 01 00 00 00 00
 (1789643211.946362)  can0  601   [8]  40 6C 60 02 00 00 00 00
 (1789643211.946671)  can0  581   [8]  43 6C 60 02 00 00 00 00
 (1789643211.948364)  can0  601   [8]  40 6C 60 03 00 00 00 00
 (1789643211.948723)  can0  581   [8]  43 6C 60 03 00 00 00 00
 (1789643211.950162)  can0  701   [1]  05
 (1789643211.971116)  can0  181   [8]  60 14 60 14 00 00 00 00
 (1789643211.971313)  can0  281   [5]  03 00 00 00 00
 (1789643211.971556)  can0  601   [8]  40 6C 60 01 00 00 00 00
 (1789643211.971865)  can0  581   [8]  43 6C 60 01 00 00 00 00
 (1789643211.973361)  can0  601   [8]  40 6C 60 02 00 00 00 00
 (1789643211.973671)  can0  581   [8]  43 6C 60 02 00 00 00 00
 (1789643211.975363)  can0  601   [8]  40 6C 60 03 00 00 00 00
 (1789643211.975722)  can0  581   [8]  43 6C 60 03 00 00 00 00
 (1789643211.998367)  can0  601   [8]  40 6C 60 01 00 00 00 00
 (1789643211.998676)  can0  581   [8]  43 6C 60 01 00 00 00 00
 (1789643212.000363)  can0  601   [8]  40 6C 60 02 00 00 00 00
 (1789643212.000672)  can0  581   [8]  43 6C 60 02 00 00 00 00
 (1789643212.002362)  can0  601   [8]  40 6C 60 03 00 00 00 00
 (1789643212.002671)  can0  581   [8]  43 6C 60 03 00 00 00 00
 (1789643212.004262)  can0  000   [2]  80 01
 (1789643212.199651)  can0  701   [1]  7F
 (1789643212.201378)  can0  601   [8]  23 00 14 01 01 02 00 80
 (1789643212.201709)  can0  581   [8]  60 00 14 01 00 00 00 00
 (1789643212.203363)  can0  601   [8]  40 00 14 01 00 00 00 00
 (1789643212.203698)  can0  581   [8]  43 00 14 01 01 02 00 80
 (1789643212.205369)  can0  601   [8]  2F 00 16 00 00 00 00 00
 (1789643212.205700)  can0  581   [8]  60 00 16 00 00 00 00 00
 (1789643212.207364)  can0  601   [8]  40 00 16 00 00 00 00 00
 (1789643212.207694)  can0  581   [8]  4F 00 16 00 00 00 00 00
 (1789643212.209359)  can0  601   [8]  23 00 16 01 10 00 40 60
 (1789643212.209692)  can0  581   [8]  60 00 16 01 00 00 00 00
 (1789643212.211360)  can0  601   [8]  40 00 16 01 00 00 00 00
 (1789643212.211679)  can0  581   [8]  43 00 16 01 10 00 40 60
 (1789643212.213362)  can0  601   [8]  23 00 16 02 08 00 60 60
 (1789643212.213684)  can0  581   [8]  60 00 16 02 00 00 00 00
 (1789643212.215359)  can0  601   [8]  40 00 16 02 00 00 00 00
 (1789643212.215671)  can0  581   [8]  43 00 16 02 08 00 60 60
 (1789643212.217363)  can0  601   [8]  2F 00 16 00 02 00 00 00
 (1789643212.217678)  can0  581   [8]  60 00 16 00 00 00 00 00
 (1789643212.219363)  can0  601   [8]  40 00 16 00 00 00 00 00
 (1789643212.219728)  can0  581   [8]  4F 00 16 00 02 00 00 00
 (1789643212.221362)  can0  601   [8]  23 00 14 01 01 02 00 00
 (1789643212.221726)  can0  581   [8]  60 00 14 01 00 00 00 00
 (1789643212.223364)  can0  601   [8]  40 00 14 01 00 00 00 00
 (1789643212.223716)  can0  581   [8]  43 00 14 01 01 02 00 00
 (1789643212.225372)  can0  601   [8]  23 01 18 01 81 02 00 80
 (1789643212.225715)  can0  581   [8]  60 01 18 01 00 00 00 00
 (1789643212.227360)  can0  601   [8]  40 01 18 01 00 00 00 00
 (1789643212.227704)  can0  581   [8]  43 01 18 01 81 02 00 80
 (1789643212.229363)  can0  601   [8]  2F 01 1A 00 00 00 00 00
 (1789643212.229706)  can0  581   [8]  60 01 1A 00 00 00 00 00
 (1789643212.231363)  can0  601   [8]  40 01 1A 00 00 00 00 00
 (1789643212.231700)  can0  581   [8]  4F 01 1A 00 00 00 00 00
 (1789643212.233363)  can0  601   [8]  23 01 1A 01 00 00 00 00
 (1789643212.233694)  can0  581   [8]  60 01 1A 01 00 00 00 00
 (1789643212.235364)  can0  601   [8]  40 01 1A 01 00 00 00 00
 (1789643212.235688)  can0  581   [8]  43 01 1A 01 00 00 00 00
 (1789643212.237362)  can0  601   [8]  23 01 1A 02 00 00 00 00
 (1789643212.237685)  can0  581   [8]  60 01 1A 02 00 00 00 00
 (1789643212.239360)  can0  601   [8]  40 01 1A 02 00 00 00 00
 (1789643212.239677)  can0  581   [8]  43 01 1A 02 00 00 00 00
 (1789643212.241363)  can0  601   [8]  2F 01 1A 00 00 00 00 00
 (1789643212.241679)  can0  581   [8]  60 01 1A 00 00 00 00 00
 (1789643212.243361)  can0  601   [8]  40 01 1A 00 00 00 00 00
 (1789643212.243672)  can0  581   [8]  4F 01 1A 00 00 00 00 00
 (1789643212.245367)  can0  601   [8]  2B 01 18 05 00 00 00 00
 (1789643212.245728)  can0  581   [8]  60 01 18 05 00 00 00 00
 (1789643212.247360)  can0  601   [8]  40 01 18 05 00 00 00 00
 (1789643212.247720)  can0  581   [8]  4B 01 18 05 00 00 00 00
 (1789643212.249360)  can0  601   [8]  23 01 18 01 81 02 00 00
 (1789643212.249723)  can0  581   [8]  60 01 18 01 00 00 00 00
 (1789643212.251362)  can0  601   [8]  40 01 18 01 00 00 00 00
 (1789643212.251713)  can0  581   [8]  43 01 18 01 81 02 00 00
 (1789643212.253370)  can0  601   [8]  2B 00 20 00 00 00 00 00
 (1789643212.253718)  can0  581   [8]  60 00 20 00 00 00 00 00
 (1789643212.255365)  can0  601   [8]  40 00 20 00 00 00 00 00
 (1789643212.255710)  can0  581   [8]  4B 00 20 00 00 00 00 00
 (1789643212.257363)  can0  601   [8]  2B 17 10 00 00 00 00 00
 (1789643212.257706)  can0  581   [8]  60 17 10 00 00 00 00 00
 (1789643212.259360)  can0  601   [8]  40 17 10 00 00 00 00 00
 (1789643212.259696)  can0  581   [8]  4B 17 10 00 00 00 00 00
