 (1788847836.406336)  can0  701   [1]  00
 (1788847836.433619)  can0  601   [8]  2B 17 10 00 E8 03 00 00
 (1788847836.433990)  can0  581   [8]  60 17 10 00 00 00 00 00
 (1788847836.932879)  can0  701   [1]  7F
 (1788847836.943663)  can0  601   [8]  40 60 60 00 00 00 00 00
 (1788847836.943980)  can0  581   [8]  4F 60 60 00 03 00 00 00
 (1788847836.945626)  can0  601   [8]  40 61 60 00 00 00 00 00
 (1788847836.945974)  can0  581   [8]  4F 61 60 00 03 00 00 00
 (1788847836.947620)  can0  601   [8]  40 FF 60 01 00 00 00 00
 (1788847836.947974)  can0  581   [8]  43 FF 60 01 00 00 00 00
 (1788847836.949623)  can0  601   [8]  40 FF 60 02 00 00 00 00
 (1788847836.949972)  can0  581   [8]  43 FF 60 02 00 00 00 00
 (1788847836.951623)  can0  601   [8]  40 3F 60 00 00 00 00 00
 (1788847836.951965)  can0  581   [8]  43 3F 60 00 00 00 00 00
 (1788847836.953624)  can0  601   [8]  40 6C 60 01 00 00 00 00
 (1788847836.953958)  can0  581   [8]  43 6C 60 01 00 00 00 00
 (1788847836.955623)  can0  601   [8]  40 6C 60 02 00 00 00 00
 (1788847836.955953)  can0  581   [8]  43 6C 60 02 00 00 00 00
 (1788847836.957619)  can0  601   [8]  40 6C 60 03 00 00 00 00
 (1788847836.957946)  can0  581   [8]  43 6C 60 03 00 00 00 00
 (1788847836.959626)  can0  601   [8]  40 0F 20 00 00 00 00 00
 (1788847836.959946)  can0  581   [8]  4B 0F 20 00 01 00 00 00
 (1788847836.961630)  can0  601   [8]  2B 0F 20 00 00 00 00 00
 (1788847836.961999)  can0  581   [8]  60 0F 20 00 00 00 00 00
 (1788847836.963623)  can0  601   [8]  40 0F 20 00 00 00 00 00
 (1788847836.963940)  can0  581   [8]  4B 0F 20 00 00 00 00 00
 (1788847836.965631)  can0  601   [8]  23 FF 60 01 00 00 00 00
 (1788847836.965995)  can0  581   [8]  60 FF 60 01 00 00 00 00
 (1788847836.967615)  can0  601   [8]  40 FF 60 01 00 00 00 00
 (1788847836.967931)  can0  581   [8]  43 FF 60 01 00 00 00 00
 (1788847836.969628)  can0  601   [8]  23 FF 60 02 00 00 00 00
 (1788847836.969986)  can0  581   [8]  60 FF 60 02 00 00 00 00
 (1788847836.971617)  can0  601   [8]  40 FF 60 02 00 00 00 00
 (1788847836.971986)  can0  581   [8]  43 FF 60 02 00 00 00 00
 (1788847836.973513)  can0  000   [2]  01 01
 (1788847836.973914)  can0  181   [8]  00 14 00 14 00 00 00 00
 (1788847836.974014)  can0  281   [0] 
 (1788847836.974113)  can0  381   [0] 
 (1788847836.974212)  can0  481   [0] 
 (1788847837.023926)  can0  181   [8]  00 14 00 14 00 00 00 00
 (1788847837.073940)  can0  181   [8]  00 14 00 14 00 00 00 00
 (1788847837.123953)  can0  181   [8]  00 14 00 14 00 00 00 00
 (1788847837.173968)  can0  181   [8]  00 14 00 14 00 00 00 00
 (1788847837.223980)  can0  181   [8]  00 14 00 14 00 00 00 00
 (1788847837.273993)  can0  181   [8]  00 14 00 14 00 00 00 00
 (1788847837.324007)  can0  181   [8]  00 14 00 14 00 00 00 00
 (1788847837.374019)  can0  181   [8]  00 14 00 14 00 00 00 00
 (1788847837.424034)  can0  181   [8]  00 14 00 14 00 00 00 00
 (1788847837.431948)  can0  701   [1]  05
 (1788847837.433626)  can0  601   [8]  2F 60 60 00 03 00 00 00
 (1788847837.433954)  can0  581   [8]  60 60 60 00 00 00 00 00
 (1788847837.435618)  can0  601   [8]  40 61 60 00 00 00 00 00
 (1788847837.435942)  can0  581   [8]  4F 61 60 00 03 00 00 00
 (1788847837.437632)  can0  601   [8]  2B 40 60 00 06 00 00 00
 (1788847837.438002)  can0  581   [8]  60 40 60 00 00 00 00 00
 (1788847837.474041)  can0  181   [8]  21 14 21 14 00 00 00 00
 (1788847837.475627)  can0  601   [8]  40 6C 60 01 00 00 00 00
 (1788847837.475977)  can0  581   [8]  43 6C 60 01 00 00 00 00
 (1788847837.477617)  can0  601   [8]  40 6C 60 02 00 00 00 00
 (1788847837.477971)  can0  581   [8]  43 6C 60 02 00 00 00 00
 (1788847837.479618)  can0  601   [8]  40 6C 60 03 00 00 00 00
 (1788847837.479966)  can0  581   [8]  43 6C 60 03 00 00 00 00
 (1788847837.481626)  can0  601   [8]  2B 40 60 00 07 00 00 00
 (1788847837.481970)  can0  581   [8]  60 40 60 00 00 00 00 00
 (1788847837.524048)  can0  181   [8]  23 14 23 14 00 00 00 00
 (1788847837.525622)  can0  601   [8]  40 6C 60 01 00 00 00 00
 (1788847837.525930)  can0  581   [8]  43 6C 60 01 00 00 00 00
 (1788847837.527617)  can0  601   [8]  40 6C 60 02 00 00 00 00
 (1788847837.527925)  can0  581   [8]  43 6C 60 02 00 00 00 00
 (1788847837.529619)  can0  601   [8]  40 6C 60 03 00 00 00 00
 (1788847837.529973)  can0  581   [8]  43 6C 60 03 00 00 00 00
 (1788847837.531626)  can0  601   [8]  2B 40 60 00 0F 00 00 00
 (1788847837.531975)  can0  581   [8]  60 40 60 00 00 00 00 00
 (1788847837.573999)  can0  181   [8]  27 14 27 14 00 00 00 00
 (1788847837.575621)  can0  601   [8]  40 6C 60 01 00 00 00 00
 (1788847837.575932)  can0  581   [8]  43 6C 60 01 00 00 00 00
 (1788847837.577617)  can0  601   [8]  40 6C 60 02 00 00 00 00
 (1788847837.577928)  can0  581   [8]  43 6C 60 02 00 00 00 00
 (1788847837.579618)  can0  601   [8]  40 6C 60 03 00 00 00 00
 (1788847837.579926)  can0  581   [8]  43 6C 60 03 00 00 00 00
 (1788847837.581636)  can0  601   [8]  23 FF 60 02 05 00 00 00
 (1788847837.581987)  can0  581   [8]  60 FF 60 02 00 00 00 00
 (1788847837.583619)  can0  601   [8]  40 FF 60 02 00 00 00 00
 (1788847837.583980)  can0  581   [8]  43 FF 60 02 05 00 00 00
 (1788847837.623954)  can0  181   [8]  27 14 27 44 00 00 00 00
 (1788847837.673904)  can0  181   [8]  27 14 27 44 00 00 00 00
 (1788847837.723855)  can0  181   [8]  27 14 27 44 00 00 00 00
 (1788847837.773805)  can0  181   [8]  27 14 27 44 00 00 00 00
 (1788847837.823755)  can0  181   [8]  27 14 27 44 00 00 00 00
 (1788847837.873704)  can0  181   [8]  27 14 27 44 00 00 00 00
 (1788847837.923656)  can0  181   [8]  27 14 27 44 00 00 00 00
 (1788847837.931015)  can0  701   [1]  05
 (1788847837.973606)  can0  181   [8]  27 14 27 44 00 00 00 00
 (1788847838.023558)  can0  181   [8]  27 14 27 44 00 00 00 00
 (1788847838.073510)  can0  181   [8]  27 14 27 44 00 00 00 00
 (1788847838.123460)  can0  181   [8]  27 14 27 44 00 00 00 00
 (1788847838.173411)  can0  181   [8]  27 14 27 44 00 00 00 00
 (1788847838.223366)  can0  181   [8]  27 14 27 44 00 00 00 00
 (1788847838.273311)  can0  181   [8]  27 14 27 44 00 00 00 00
 (1788847838.323262)  can0  181   [8]  27 14 27 44 00 00 00 00
 (1788847838.373213)  can0  181   [8]  27 14 27 44 00 00 00 00
 (1788847838.423165)  can0  181   [8]  27 14 27 44 00 00 00 00
 (1788847838.430090)  can0  701   [1]  05
 (1788847838.473117)  can0  181   [8]  27 14 27 44 00 00 00 00
 (1788847838.523069)  can0  181   [8]  27 14 27 44 00 00 00 00
 (1788847838.573017)  can0  181   [8]  27 14 27 44 00 00 00 00
 (1788847838.622968)  can0  181   [8]  27 14 27 44 00 00 00 00
 (1788847838.672918)  can0  181   [8]  27 14 27 44 00 00 00 00
 (1788847838.722870)  can0  181   [8]  27 14 27 44 00 00 00 00
 (1788847838.772822)  can0  181   [8]  27 14 27 44 00 00 00 00
 (1788847838.822772)  can0  181   [8]  27 14 27 44 00 00 00 00
 (1788847838.872723)  can0  181   [8]  27 14 27 44 00 00 00 00
 (1788847838.922673)  can0  181   [8]  27 14 27 44 00 00 00 00
 (1788847838.929161)  can0  701   [1]  05
 (1788847838.972625)  can0  181   [8]  27 14 27 44 00 00 00 00
 (1788847839.022574)  can0  181   [8]  27 14 27 44 00 00 00 00
 (1788847839.072527)  can0  181   [8]  27 14 27 44 00 00 00 00
 (1788847839.122478)  can0  181   [8]  27 14 27 44 00 00 00 00
 (1788847839.172429)  can0  181   [8]  27 14 27 44 00 00 00 00
 (1788847839.222380)  can0  181   [8]  27 14 27 44 00 00 00 00
 (1788847839.272333)  can0  181   [8]  27 14 27 44 00 00 00 00
 (1788847839.322283)  can0  181   [8]  27 14 27 44 00 00 00 00
 (1788847839.372233)  can0  181   [8]  27 14 27 44 00 00 00 00
 (1788847839.422184)  can0  181   [8]  27 14 27 44 00 00 00 00
 (1788847839.428234)  can0  701   [1]  05
 (1788847839.472134)  can0  181   [8]  27 14 27 44 00 00 00 00
 (1788847839.522086)  can0  181   [8]  27 14 27 44 00 00 00 00
 (1788847839.572037)  can0  181   [8]  27 14 27 44 00 00 00 00
 (1788847839.621987)  can0  181   [8]  27 14 27 44 00 00 00 00
 (1788847839.671938)  can0  181   [8]  27 14 27 44 00 00 00 00
 (1788847839.721890)  can0  181   [8]  27 14 27 44 00 00 00 00
 (1788847839.771841)  can0  181   [8]  27 14 27 44 00 00 00 00
 (1788847839.821792)  can0  181   [8]  27 14 27 44 00 00 00 00
 (1788847839.871742)  can0  181   [8]  27 14 27 44 00 00 00 00
 (1788847839.921692)  can0  181   [8]  27 14 27 44 00 00 00 00
 (1788847839.927307)  can0  701   [1]  05
 (1788847839.971643)  can0  181   [8]  27 14 27 44 00 00 00 00
 (1788847840.021594)  can0  181   [8]  27 14 27 44 00 00 00 00
 (1788847840.071547)  can0  181   [8]  27 14 27 44 00 00 00 00
 (1788847840.121497)  can0  181   [8]  27 14 27 44 00 00 00 00
 (1788847840.171447)  can0  181   [8]  27 14 27 44 00 00 00 00
 (1788847840.221399)  can0  181   [8]  27 14 27 44 00 00 00 00
 (1788847840.271351)  can0  181   [8]  27 14 27 44 00 00 00 00
 (1788847840.321299)  can0  181   [8]  27 14 27 44 00 00 00 00
 (1788847840.371252)  can0  181   [8]  27 14 27 44 00 00 00 00
 (1788847840.421202)  can0  181   [8]  27 14 27 44 00 00 00 00
 (1788847840.426381)  can0  701   [1]  05
 (1788847840.471154)  can0  181   [8]  27 14 27 44 00 00 00 00
 (1788847840.521104)  can0  181   [8]  27 14 27 44 00 00 00 00
 (1788847840.571054)  can0  181   [8]  27 14 27 44 00 00 00 00
 (1788847840.582640)  can0  601   [8]  23 FF 60 02 00 00 00 00
 (1788847840.582967)  can0  581   [8]  60 FF 60 02 00 00 00 00
 (1788847840.584618)  can0  601   [8]  40 FF 60 02 00 00 00 00
 (1788847840.584964)  can0  581   [8]  43 FF 60 02 00 00 00 00
 (1788847840.586627)  can0  601   [8]  23 FF 60 01 00 00 00 00
 (1788847840.586958)  can0  581   [8]  60 FF 60 01 00 00 00 00
 (1788847840.588614)  can0  601   [8]  40 FF 60 01 00 00 00 00
 (1788847840.588953)  can0  581   [8]  43 FF 60 01 00 00 00 00
 (1788847840.590628)  can0  601   [8]  23 FF 60 02 00 00 00 00
 (1788847840.590949)  can0  581   [8]  60 FF 60 02 00 00 00 00
 (1788847840.592613)  can0  601   [8]  40 FF 60 02 00 00 00 00
 (1788847840.592945)  can0  581   [8]  43 FF 60 02 00 00 00 00
 (1788847840.594623)  can0  601   [8]  2B 40 60 00 06 00 00 00
 (1788847840.594943)  can0  581   [8]  60 40 60 00 00 00 00 00
 (1788847840.621010)  can0  181   [8]  21 14 21 14 00 00 00 00
 (1788847840.622625)  can0  601   [8]  40 6C 60 01 00 00 00 00
 (1788847840.622943)  can0  581   [8]  43 6C 60 01 00 00 00 00
 (1788847840.624614)  can0  601   [8]  40 6C 60 02 00 00 00 00
 (1788847840.624935)  can0  581   [8]  43 6C 60 02 21 00 00 00
 (1788847840.671024)  can0  181   [8]  21 14 21 14 00 00 00 00
 (1788847840.677616)  can0  601   [8]  40 6C 60 01 00 00 00 00
 (1788847840.677945)  can0  581   [8]  43 6C 60 01 00 00 00 00
 (1788847840.679616)  can0  601   [8]  40 6C 60 02 00 00 00 00
 (1788847840.679941)  can0  581   [8]  43 6C 60 02 F8 FF FF FF
 (1788847840.721037)  can0  181   [8]  21 14 21 14 00 00 00 00
 (1788847840.732612)  can0  601   [8]  40 6C 60 01 00 00 00 00
 (1788847840.732950)  can0  581   [8]  43 6C 60 01 00 00 00 00
 (1788847840.734614)  can0  601   [8]  40 6C 60 02 00 00 00 00
 (1788847840.734940)  can0  581   [8]  43 6C 60 02 03 00 00 00
 (1788847840.771051)  can0  181   [8]  21 14 21 14 00 00 00 00
 (1788847840.787614)  can0  601   [8]  40 6C 60 01 00 00 00 00
 (1788847840.787950)  can0  581   [8]  43 6C 60 01 00 00 00 00
 (1788847840.789614)  can0  601   [8]  40 6C 60 02 00 00 00 00
 (1788847840.789946)  can0  581   [8]  43 6C 60 02 FE FF FF FF
 (1788847840.821064)  can0  181   [8]  21 14 21 14 00 00 00 00
 (1788847840.842614)  can0  601   [8]  40 6C 60 01 00 00 00 00
 (1788847840.842953)  can0  581   [8]  43 6C 60 01 00 00 00 00
 (1788847840.844615)  can0  601   [8]  40 6C 60 02 00 00 00 00
 (1788847840.844947)  can0  581   [8]  43 6C 60 02 FC FF FF FF
 (1788847840.871076)  can0  181   [8]  21 14 21 14 00 00 00 00
 (1788847840.897614)  can0  601   [8]  40 6C 60 01 00 00 00 00
 (1788847840.897954)  can0  581   [8]  43 6C 60 01 00 00 00 00
 (1788847840.899613)  can0  601   [8]  40 6C 60 02 00 00 00 00
 (1788847840.899948)  can0  581   [8]  43 6C 60 02 03 00 00 00
 (1788847840.921091)  can0  181   [8]  21 14 21 14 00 00 00 00
 (1788847840.925455)  can0  701   [1]  05
 (1788847840.952612)  can0  601   [8]  40 6C 60 01 00 00 00 00
 (1788847840.952955)  can0  581   [8]  43 6C 60 01 00 00 00 00
 (1788847840.954614)  can0  601   [8]  40 6C 60 02 00 00 00 00
 (1788847840.954955)  can0  581   [8]  43 6C 60 02 FF FF FF FF
 (1788847840.971104)  can0  181   [8]  21 14 21 14 00 00 00 00
 (1788847841.007613)  can0  601   [8]  40 6C 60 01 00 00 00 00
 (1788847841.007958)  can0  581   [8]  43 6C 60 01 00 00 00 00
 (1788847841.009611)  can0  601   [8]  40 6C 60 02 00 00 00 00
 (1788847841.009953)  can0  581   [8]  43 6C 60 02 00 00 00 00
 (1788847841.011615)  can0  601   [8]  40 6C 60 03 00 00 00 00
 (1788847841.011952)  can0  581   [8]  43 6C 60 03 00 00 00 00
 (1788847841.013513)  can0  000   [2]  80 01
 (1788847841.424525)  can0  701   [1]  7F
 (1788847841.425566)  can0  601   [8]  2B 0F 20 00 01 00 00 00
 (1788847841.425969)  can0  581   [8]  60 0F 20 00 00 00 00 00
 (1788847841.427616)  can0  601   [8]  40 0F 20 00 00 00 00 00
 (1788847841.427902)  can0  581   [8]  4B 0F 20 00 01 00 00 00
 (1788847841.431971)  can0  601   [8]  2B 17 10 00 00 00 00 00
 (1788847841.432326)  can0  581   [8]  60 17 10 00 00 00 00 00
