CONTROL_READY: keep sticks neutral; press CH6 once; RIGHT motion X1 window60s; wait for MOTION_READY
WINDOW_REMAINING: 59
WINDOW_REMAINING: 58
MOTION_READY: right positive only; forward throttle plus left steering; press/lock X1 immediately when wheel moves; neutral after locking; keep X1 locked through power OFF
WINDOW_REMAINING: 57
WINDOW_REMAINING: 56
WINDOW_REMAINING: 55
WINDOW_REMAINING: 54
WINDOW_REMAINING: 53
WINDOW_REMAINING: 52
WINDOW_REMAINING: 51
WINDOW_REMAINING: 50
WINDOW_REMAINING: 49
WINDOW_REMAINING: 48
APPLICATION_STOPPING: no further operator actions; neutral and wait for cleanup
APPLICATION_EXIT: no further stick stimulus; remain neutral; inspect result
{"passed": false, "arguments": ["--interface", "can0", "--device", "/dev/serial/by-id/usb-1a86_USB_Single_Serial_586D017868-if00", "--duration-ms", "60000", "--single-right"], "artifact_sha256": "616e8ad3ec59c14985106c846c8f706b396617dc16b226b3012e3509fd821cea", "operator_prompted": true, "motion_ready": true, "stopping_prompted": true, "application_exit": 1, "application_elapsed_ms": 12466.200947004836, "error": "application failed; inspect log before any retry"}
Traceback (most recent call last):
  File "/home/cat/.cache/robot-control/staging/p103-faults-616e8ad3-motion-x1-a1-20260917/recovery-once.py", line 130, in <module>
    main()
  File "/home/cat/.cache/robot-control/staging/p103-faults-616e8ad3-motion-x1-a1-20260917/recovery-once.py", line 107, in main
    assert application.returncode == 0, 'application failed; inspect log before any retry'
AssertionError: application failed; inspect log before any retry
