 (1789621565.526715)  can0  601   [8]  40 41 60 00 00 00 00 00
 (1789621565.527059)  can0  581   [8]  43 41 60 00 60 14 60 14
 (1789621565.528492)  can0  601   [8]  40 60 60 00 00 00 00 00
 (1789621565.528811)  can0  581   [8]  4F 60 60 00 03 00 00 00
 (1789621565.530435)  can0  601   [8]  40 61 60 00 00 00 00 00
 (1789621565.530743)  can0  581   [8]  4F 61 60 00 03 00 00 00
 (1789621565.532433)  can0  601   [8]  40 3F 60 00 00 00 00 00
 (1789621565.532797)  can0  581   [8]  43 3F 60 00 00 00 00 00
 (1789621565.534429)  can0  601   [8]  40 FF 60 01 00 00 00 00
 (1789621565.534794)  can0  581   [8]  43 FF 60 01 00 00 00 00
 (1789621565.536436)  can0  601   [8]  40 FF 60 02 00 00 00 00
 (1789621565.536795)  can0  581   [8]  43 FF 60 02 00 00 00 00
 (1789621565.538435)  can0  601   [8]  40 6C 60 01 00 00 00 00
 (1789621565.538783)  can0  581   [8]  43 6C 60 01 00 00 00 00
 (1789621565.540430)  can0  601   [8]  40 6C 60 02 00 00 00 00
 (1789621565.540780)  can0  581   [8]  43 6C 60 02 00 00 00 00
 (1789621565.542430)  can0  601   [8]  40 6C 60 03 00 00 00 00
 (1789621565.542775)  can0  581   [8]  43 6C 60 03 00 00 00 00
 (1789621565.544437)  can0  601   [8]  40 0F 20 00 00 00 00 00
 (1789621565.544771)  can0  581   [8]  4B 0F 20 00 01 00 00 00
 (1789621565.546437)  can0  601   [8]  40 00 20 00 00 00 00 00
 (1789621565.546772)  can0  581   [8]  4B 00 20 00 00 00 00 00
 (1789621565.548430)  can0  601   [8]  40 17 10 00 00 00 00 00
 (1789621565.548762)  can0  581   [8]  4B 17 10 00 00 00 00 00
 (1789621565.550435)  can0  601   [8]  40 00 14 01 00 00 00 00
 (1789621565.550756)  can0  581   [8]  43 00 14 01 01 02 00 00
 (1789621565.552432)  can0  601   [8]  40 00 14 02 00 00 00 00
 (1789621565.552753)  can0  581   [8]  4F 00 14 02 FF 00 00 00
 (1789621565.554431)  can0  601   [8]  40 00 14 05 00 00 00 00
 (1789621565.554749)  can0  581   [8]  4B 00 14 05 E8 03 00 00
 (1789621565.556437)  can0  601   [8]  40 00 16 00 00 00 00 00
 (1789621565.556751)  can0  581   [8]  4F 00 16 00 02 00 00 00
 (1789621565.558432)  can0  601   [8]  40 00 16 01 00 00 00 00
 (1789621565.558738)  can0  581   [8]  43 00 16 01 10 00 40 60
 (1789621565.560434)  can0  601   [8]  40 00 16 02 00 00 00 00
 (1789621565.560792)  can0  581   [8]  43 00 16 02 08 00 60 60
 (1789621565.562437)  can0  601   [8]  40 00 18 01 00 00 00 00
 (1789621565.562735)  can0  581   [8]  43 00 18 01 81 01 00 00
 (1789621565.564434)  can0  601   [8]  40 00 18 02 00 00 00 00
 (1789621565.564786)  can0  581   [8]  4F 00 18 02 FF 00 00 00
 (1789621565.566430)  can0  601   [8]  40 00 18 05 00 00 00 00
 (1789621565.566783)  can0  581   [8]  4B 00 18 05 64 00 00 00
 (1789621565.568433)  can0  601   [8]  40 00 1A 00 00 00 00 00
 (1789621565.568783)  can0  581   [8]  4F 00 1A 00 02 00 00 00
 (1789621565.570434)  can0  601   [8]  40 00 1A 01 00 00 00 00
 (1789621565.570771)  can0  581   [8]  43 00 1A 01 20 00 41 60
 (1789621565.572435)  can0  601   [8]  40 00 1A 02 00 00 00 00
 (1789621565.572764)  can0  581   [8]  43 00 1A 02 20 03 6C 60
 (1789621565.574433)  can0  601   [8]  40 01 18 01 00 00 00 00
 (1789621565.574764)  can0  581   [8]  43 01 18 01 81 02 00 00
 (1789621565.576438)  can0  601   [8]  40 01 18 02 00 00 00 00
 (1789621565.576759)  can0  581   [8]  4F 01 18 02 FF 00 00 00
 (1789621565.578430)  can0  601   [8]  40 01 18 05 00 00 00 00
 (1789621565.578753)  can0  581   [8]  4B 01 18 05 00 00 00 00
 (1789621565.580433)  can0  601   [8]  40 01 1A 00 00 00 00 00
 (1789621565.580753)  can0  581   [8]  4F 01 1A 00 00 00 00 00
 (1789621565.582435)  can0  601   [8]  40 01 1A 01 00 00 00 00
 (1789621565.582743)  can0  581   [8]  43 01 1A 01 00 00 00 00
 (1789621565.584433)  can0  601   [8]  40 01 1A 02 00 00 00 00
 (1789621565.584742)  can0  581   [8]  43 01 1A 02 00 00 00 00
 (1789621565.586433)  can0  601   [8]  40 5A 60 00 00 00 00 00
 (1789621565.586792)  can0  581   [8]  4B 5A 60 00 05 00 00 00
 (1789621565.588434)  can0  601   [8]  2B 17 10 00 F4 01 00 00
 (1789621565.588800)  can0  581   [8]  60 17 10 00 00 00 00 00
 (1789621565.590428)  can0  601   [8]  40 17 10 00 00 00 00 00
 (1789621565.590783)  can0  581   [8]  4B 17 10 00 F4 01 00 00
 (1789621565.838221)  can0  701   [1]  7F
 (1789621565.840336)  can0  000   [2]  80 01
 (1789621566.087766)  can0  701   [1]  7F
 (1789621566.089450)  can0  601   [8]  2B 00 20 00 E8 03 00 00
 (1789621566.089770)  can0  581   [8]  60 00 20 00 00 00 00 00
 (1789621566.091439)  can0  601   [8]  40 00 20 00 00 00 00 00
 (1789621566.091749)  can0  581   [8]  4B 00 20 00 E8 03 00 00
 (1789621566.093434)  can0  601   [8]  23 00 14 01 01 02 00 80
 (1789621566.093749)  can0  581   [8]  60 00 14 01 00 00 00 00
 (1789621566.095431)  can0  601   [8]  40 00 14 01 00 00 00 00
 (1789621566.095742)  can0  581   [8]  43 00 14 01 01 02 00 80
 (1789621566.097434)  can0  601   [8]  2F 00 16 00 00 00 00 00
 (1789621566.097803)  can0  581   [8]  60 00 16 00 00 00 00 00
 (1789621566.099432)  can0  601   [8]  40 00 16 00 00 00 00 00
 (1789621566.099794)  can0  581   [8]  4F 00 16 00 00 00 00 00
 (1789621566.101426)  can0  601   [8]  23 00 16 01 10 00 40 60
 (1789621566.101793)  can0  581   [8]  60 00 16 01 00 00 00 00
 (1789621566.103428)  can0  601   [8]  40 00 16 01 00 00 00 00
 (1789621566.103779)  can0  581   [8]  43 00 16 01 10 00 40 60
 (1789621566.105429)  can0  601   [8]  23 00 16 02 20 03 FF 60
 (1789621566.105786)  can0  581   [8]  60 00 16 02 00 00 00 00
 (1789621566.107429)  can0  601   [8]  40 00 16 02 00 00 00 00
 (1789621566.107774)  can0  581   [8]  43 00 16 02 20 03 FF 60
 (1789621566.109431)  can0  601   [8]  2F 00 16 00 02 00 00 00
 (1789621566.109773)  can0  581   [8]  60 00 16 00 00 00 00 00
 (1789621566.111432)  can0  601   [8]  40 00 16 00 00 00 00 00
 (1789621566.111772)  can0  581   [8]  4F 00 16 00 02 00 00 00
 (1789621566.113431)  can0  601   [8]  23 00 14 01 01 02 00 00
 (1789621566.113765)  can0  581   [8]  60 00 14 01 00 00 00 00
 (1789621566.115429)  can0  601   [8]  40 00 14 01 00 00 00 00
 (1789621566.115758)  can0  581   [8]  43 00 14 01 01 02 00 00
 (1789621566.117435)  can0  601   [8]  23 01 18 01 81 02 00 80
 (1789621566.117755)  can0  581   [8]  60 01 18 01 00 00 00 00
 (1789621566.119428)  can0  601   [8]  40 01 18 01 00 00 00 00
 (1789621566.119744)  can0  581   [8]  43 01 18 01 81 02 00 80
 (1789621566.121433)  can0  601   [8]  2F 01 1A 00 00 00 00 00
 (1789621566.121749)  can0  581   [8]  60 01 1A 00 00 00 00 00
 (1789621566.123431)  can0  601   [8]  40 01 1A 00 00 00 00 00
 (1789621566.123745)  can0  581   [8]  4F 01 1A 00 00 00 00 00
 (1789621566.125424)  can0  601   [8]  23 01 1A 01 08 00 61 60
 (1789621566.125681)  can0  581   [8]  60 01 1A 01 00 00 00 00
 (1789621566.127431)  can0  601   [8]  40 01 1A 01 00 00 00 00
 (1789621566.127787)  can0  581   [8]  43 01 1A 01 08 00 61 60
 (1789621566.129429)  can0  601   [8]  23 01 1A 02 20 00 3F 60
 (1789621566.129787)  can0  581   [8]  60 01 1A 02 00 00 00 00
 (1789621566.131429)  can0  601   [8]  40 01 1A 02 00 00 00 00
 (1789621566.131778)  can0  581   [8]  43 01 1A 02 20 00 3F 60
 (1789621566.133433)  can0  601   [8]  2F 01 1A 00 02 00 00 00
 (1789621566.133777)  can0  581   [8]  60 01 1A 00 00 00 00 00
 (1789621566.135430)  can0  601   [8]  40 01 1A 00 00 00 00 00
 (1789621566.135719)  can0  581   [8]  4F 01 1A 00 02 00 00 00
 (1789621566.137430)  can0  601   [8]  2B 01 18 05 64 00 00 00
 (1789621566.137714)  can0  581   [8]  60 01 18 05 00 00 00 00
 (1789621566.139370)  can0  601   [8]  40 01 18 05 00 00 00 00
 (1789621566.139758)  can0  581   [8]  4B 01 18 05 64 00 00 00
 (1789621566.141434)  can0  601   [8]  23 01 18 01 81 02 00 00
 (1789621566.141762)  can0  581   [8]  60 01 18 01 00 00 00 00
 (1789621566.143429)  can0  601   [8]  40 01 18 01 00 00 00 00
 (1789621566.143752)  can0  581   [8]  43 01 18 01 81 02 00 00
 (1789621566.145325)  can0  000   [2]  01 01
 (1789621566.145747)  can0  181   [8]  60 14 60 14 00 00 00 00
 (1789621566.145939)  can0  281   [5]  03 00 00 00 00
 (1789621566.146038)  can0  381   [0] 
 (1789621566.146136)  can0  481   [0] 
 (1789621566.195705)  can0  181   [8]  60 14 60 14 00 00 00 00
 (1789621566.195890)  can0  281   [5]  03 00 00 00 00
 (1789621566.245715)  can0  181   [8]  60 14 60 14 00 00 00 00
 (1789621566.245840)  can0  281   [5]  03 00 00 00 00
 (1789621566.295722)  can0  181   [8]  60 14 60 14 00 00 00 00
 (1789621566.295904)  can0  281   [5]  03 00 00 00 00
 (1789621566.337245)  can0  701   [1]  05
 (1789621566.339466)  can0  601   [8]  23 FF 60 01 00 00 00 00
 (1789621566.339804)  can0  581   [8]  60 FF 60 01 00 00 00 00
 (1789621566.341434)  can0  601   [8]  40 FF 60 01 00 00 00 00
 (1789621566.341797)  can0  581   [8]  43 FF 60 01 00 00 00 00
 (1789621566.343447)  can0  601   [8]  23 FF 60 02 00 00 00 00
 (1789621566.343792)  can0  581   [8]  60 FF 60 02 00 00 00 00
 (1789621566.345431)  can0  601   [8]  40 FF 60 02 00 00 00 00
 (1789621566.345789)  can0  581   [8]  43 FF 60 02 00 00 00 00
 (1789621566.346031)  can0  181   [8]  60 14 60 14 00 00 00 00
 (1789621566.346223)  can0  281   [5]  03 00 00 00 00
 (1789621566.346542)  can0  601   [8]  2B 40 60 00 06 00 00 00
 (1789621566.346909)  can0  581   [8]  60 40 60 00 00 00 00 00
 (1789621566.348433)  can0  601   [8]  40 40 60 00 00 00 00 00
 (1789621566.348780)  can0  581   [8]  4B 40 60 00 06 00 00 00
 (1789621566.395798)  can0  181   [8]  21 14 21 14 00 00 00 00
 (1789621566.395990)  can0  281   [5]  03 00 00 00 00
 (1789621566.397446)  can0  601   [8]  40 00 14 01 00 00 00 00
 (1789621566.397788)  can0  581   [8]  43 00 14 01 01 02 00 00
 (1789621566.399448)  can0  601   [8]  40 00 14 02 00 00 00 00
 (1789621566.399784)  can0  581   [8]  4F 00 14 02 FF 00 00 00
 (1789621566.401436)  can0  601   [8]  40 00 16 00 00 00 00 00
 (1789621566.401785)  can0  581   [8]  4F 00 16 00 02 00 00 00
 (1789621566.403432)  can0  601   [8]  40 00 16 01 00 00 00 00
 (1789621566.403772)  can0  581   [8]  43 00 16 01 10 00 40 60
 (1789621566.405432)  can0  601   [8]  40 00 16 02 00 00 00 00
 (1789621566.405715)  can0  581   [8]  43 00 16 02 20 03 FF 60
 (1789621566.407438)  can0  601   [8]  40 00 18 01 00 00 00 00
 (1789621566.407766)  can0  581   [8]  43 00 18 01 81 01 00 00
 (1789621566.409433)  can0  601   [8]  40 00 18 02 00 00 00 00
 (1789621566.409761)  can0  581   [8]  4F 00 18 02 FF 00 00 00
 (1789621566.411434)  can0  601   [8]  40 00 1A 00 00 00 00 00
 (1789621566.411760)  can0  581   [8]  4F 00 1A 00 02 00 00 00
 (1789621566.413433)  can0  601   [8]  40 00 1A 01 00 00 00 00
 (1789621566.413748)  can0  581   [8]  43 00 1A 01 20 00 41 60
 (1789621566.415437)  can0  601   [8]  40 00 1A 02 00 00 00 00
 (1789621566.415743)  can0  581   [8]  43 00 1A 02 20 03 6C 60
 (1789621566.417434)  can0  601   [8]  40 01 18 01 00 00 00 00
 (1789621566.417743)  can0  581   [8]  43 01 18 01 81 02 00 00
 (1789621566.419429)  can0  601   [8]  40 01 18 02 00 00 00 00
 (1789621566.419743)  can0  581   [8]  4F 01 18 02 FF 00 00 00
 (1789621566.421433)  can0  601   [8]  40 01 1A 00 00 00 00 00
 (1789621566.421798)  can0  581   [8]  4F 01 1A 00 02 00 00 00
 (1789621566.423434)  can0  601   [8]  40 01 1A 01 00 00 00 00
 (1789621566.423786)  can0  581   [8]  43 01 1A 01 08 00 61 60
 (1789621566.425431)  can0  601   [8]  40 01 1A 02 00 00 00 00
 (1789621566.425783)  can0  581   [8]  43 01 1A 02 20 00 3F 60
 (1789621566.427436)  can0  601   [8]  40 0F 20 00 00 00 00 00
 (1789621566.427783)  can0  581   [8]  4B 0F 20 00 01 00 00 00
 (1789621566.445801)  can0  181   [8]  21 14 21 14 00 00 00 00
 (1789621566.445934)  can0  281   [5]  03 00 00 00 00
 (1789621566.459111)  can0  201   [6]  02 00 00 00 00 00
 (1789621566.469469)  can0  201   [6]  02 00 00 00 00 00
 (1789621566.479433)  can0  201   [6]  02 00 00 00 00 00
 (1789621566.489426)  can0  201   [6]  02 00 00 00 00 00
 (1789621566.495813)  can0  181   [8]  60 14 60 14 00 00 00 00
 (1789621566.496003)  can0  281   [5]  03 00 00 00 00
 (1789621566.499426)  can0  201   [6]  02 00 00 00 00 00
 (1789621566.509417)  can0  201   [6]  02 00 00 00 00 00
 (1789621566.519417)  can0  201   [6]  02 00 00 00 00 00
 (1789621566.529415)  can0  201   [6]  02 00 00 00 00 00
 (1789621566.539417)  can0  201   [6]  02 00 00 00 00 00
 (1789621566.545821)  can0  181   [8]  60 14 60 14 00 00 00 00
 (1789621566.546014)  can0  281   [5]  03 00 00 00 00
 (1789621566.549418)  can0  201   [6]  02 00 00 00 00 00
 (1789621566.559416)  can0  201   [6]  02 00 00 00 00 00
 (1789621566.569418)  can0  201   [6]  02 00 00 00 00 00
 (1789621566.579415)  can0  201   [6]  02 00 00 00 00 00
 (1789621566.586787)  can0  701   [1]  05
 (1789621566.589419)  can0  201   [6]  02 00 00 00 00 00
 (1789621566.595829)  can0  181   [8]  60 14 60 14 00 00 00 00
 (1789621566.595963)  can0  281   [5]  03 00 00 00 00
 (1789621566.599417)  can0  201   [6]  02 00 00 00 00 00
 (1789621566.609417)  can0  201   [6]  02 00 00 00 00 00
 (1789621566.619415)  can0  201   [6]  02 00 00 00 00 00
 (1789621566.629424)  can0  201   [6]  02 00 00 00 00 00
 (1789621566.639423)  can0  201   [6]  02 00 00 00 00 00
 (1789621566.645838)  can0  181   [8]  60 14 60 14 00 00 00 00
 (1789621566.646030)  can0  281   [5]  03 00 00 00 00
 (1789621566.649423)  can0  201   [6]  02 00 00 00 00 00
 (1789621566.659450)  can0  201   [6]  02 00 00 00 00 00
 (1789621566.669437)  can0  201   [6]  02 00 00 00 00 00
 (1789621566.679438)  can0  201   [6]  02 00 00 00 00 00
 (1789621566.689450)  can0  201   [6]  02 00 00 00 00 00
 (1789621566.695862)  can0  181   [8]  60 14 60 14 00 00 00 00
 (1789621566.696040)  can0  281   [5]  03 00 00 00 00
 (1789621566.699440)  can0  201   [6]  02 00 00 00 00 00
 (1789621566.709433)  can0  201   [6]  02 00 00 00 00 00
 (1789621566.719450)  can0  201   [6]  02 00 00 00 00 00
 (1789621566.729433)  can0  201   [6]  02 00 00 00 00 00
 (1789621566.739437)  can0  201   [6]  02 00 00 00 00 00
 (1789621566.745860)  can0  181   [8]  60 14 60 14 00 00 00 00
 (1789621566.746047)  can0  281   [5]  03 00 00 00 00
 (1789621566.749433)  can0  201   [6]  02 00 00 00 00 00
 (1789621566.759426)  can0  201   [6]  02 00 00 00 00 00
 (1789621566.769453)  can0  201   [6]  02 00 00 00 00 00
 (1789621566.779450)  can0  201   [6]  02 00 00 00 00 00
 (1789621566.789433)  can0  201   [6]  02 00 00 00 00 00
 (1789621566.795865)  can0  181   [8]  60 14 60 14 00 00 00 00
 (1789621566.796002)  can0  281   [5]  03 00 00 00 00
 (1789621566.799437)  can0  201   [6]  02 00 00 00 00 00
 (1789621566.809429)  can0  201   [6]  02 00 00 00 00 00
 (1789621566.819429)  can0  201   [6]  02 00 00 00 00 00
 (1789621566.829423)  can0  201   [6]  02 00 00 00 00 00
 (1789621566.836332)  can0  701   [1]  05
 (1789621566.839424)  can0  201   [6]  02 00 00 00 00 00
 (1789621566.845872)  can0  181   [8]  60 14 60 14 00 00 00 00
 (1789621566.846064)  can0  281   [5]  03 00 00 00 00
 (1789621566.849418)  can0  201   [6]  02 00 00 00 00 00
 (1789621566.859413)  can0  201   [6]  02 00 00 00 00 00
 (1789621566.869414)  can0  201   [6]  02 00 00 00 00 00
 (1789621566.879414)  can0  201   [6]  02 00 00 00 00 00
 (1789621566.889422)  can0  201   [6]  02 00 00 00 00 00
 (1789621566.895881)  can0  181   [8]  60 14 60 14 00 00 00 00
 (1789621566.896073)  can0  281   [5]  03 00 00 00 00
 (1789621566.899418)  can0  201   [6]  02 00 00 00 00 00
 (1789621566.909416)  can0  201   [6]  02 00 00 00 00 00
 (1789621566.919414)  can0  201   [6]  02 00 00 00 00 00
 (1789621566.929415)  can0  201   [6]  02 00 00 00 00 00
 (1789621566.939415)  can0  201   [6]  02 00 00 00 00 00
 (1789621566.945890)  can0  181   [8]  60 14 60 14 00 00 00 00
 (1789621566.946081)  can0  281   [5]  03 00 00 00 00
 (1789621566.949412)  can0  201   [6]  02 00 00 00 00 00
 (1789621566.959417)  can0  201   [6]  02 00 00 00 00 00
 (1789621566.969414)  can0  201   [6]  02 00 00 00 00 00
 (1789621566.979439)  can0  201   [6]  02 00 00 00 00 00
 (1789621566.989420)  can0  201   [6]  02 00 00 00 00 00
 (1789621566.995901)  can0  181   [8]  60 14 60 14 00 00 00 00
 (1789621566.996034)  can0  281   [5]  03 00 00 00 00
 (1789621566.999423)  can0  201   [6]  02 00 00 00 00 00
 (1789621567.009417)  can0  201   [6]  02 00 00 00 00 00
 (1789621567.019414)  can0  201   [6]  02 00 00 00 00 00
 (1789621567.029417)  can0  201   [6]  02 00 00 00 00 00
 (1789621567.039415)  can0  201   [6]  02 00 00 00 00 00
 (1789621567.045909)  can0  181   [8]  60 14 60 14 00 00 00 00
 (1789621567.046098)  can0  281   [5]  03 00 00 00 00
 (1789621567.049416)  can0  201   [6]  02 00 00 00 00 00
 (1789621567.059415)  can0  201   [6]  02 00 00 00 00 00
 (1789621567.069413)  can0  201   [6]  02 00 00 00 00 00
 (1789621567.079416)  can0  201   [6]  02 00 00 00 00 00
 (1789621567.085817)  can0  701   [1]  05
 (1789621567.089413)  can0  201   [6]  02 00 00 00 00 00
 (1789621567.095918)  can0  181   [8]  60 14 60 14 00 00 00 00
 (1789621567.096110)  can0  281   [5]  03 00 00 00 00
 (1789621567.099417)  can0  201   [6]  02 00 00 00 00 00
 (1789621567.109417)  can0  201   [6]  02 00 00 00 00 00
 (1789621567.119417)  can0  201   [6]  02 00 00 00 00 00
 (1789621567.129417)  can0  201   [6]  02 00 00 00 00 00
 (1789621567.139403)  can0  201   [6]  02 00 00 00 00 00
 (1789621567.145927)  can0  181   [8]  60 14 60 14 00 00 00 00
 (1789621567.146117)  can0  281   [5]  03 00 00 00 00
 (1789621567.149428)  can0  201   [6]  02 00 00 00 00 00
 (1789621567.159421)  can0  201   [6]  02 00 00 00 00 00
 (1789621567.169439)  can0  201   [6]  02 00 00 00 00 00
 (1789621567.179428)  can0  201   [6]  02 00 00 00 00 00
 (1789621567.189439)  can0  201   [6]  02 00 00 00 00 00
 (1789621567.195882)  can0  181   [8]  60 14 60 14 00 00 00 00
 (1789621567.196069)  can0  281   [5]  03 00 00 00 00
 (1789621567.199433)  can0  201   [6]  02 00 00 00 00 00
 (1789621567.209428)  can0  201   [6]  02 00 00 00 00 00
 (1789621567.219444)  can0  201   [6]  02 00 00 00 00 00
 (1789621567.229460)  can0  201   [6]  02 00 00 00 00 00
 (1789621567.239441)  can0  201   [6]  02 00 00 00 00 00
 (1789621567.245948)  can0  181   [8]  60 14 60 14 00 00 00 00
 (1789621567.246134)  can0  281   [5]  03 00 00 00 00
 (1789621567.249440)  can0  201   [6]  02 00 00 00 00 00
 (1789621567.259377)  can0  201   [6]  02 00 00 00 00 00
 (1789621567.269427)  can0  201   [6]  02 00 00 00 00 00
 (1789621567.279397)  can0  201   [6]  02 00 00 00 00 00
 (1789621567.289441)  can0  201   [6]  02 00 00 00 00 00
 (1789621567.295953)  can0  181   [8]  60 14 60 14 00 00 00 00
 (1789621567.296143)  can0  281   [5]  03 00 00 00 00
 (1789621567.299431)  can0  201   [6]  02 00 00 00 00 00
 (1789621567.309444)  can0  201   [6]  02 00 00 00 00 00
 (1789621567.319437)  can0  201   [6]  02 00 00 00 00 00
 (1789621567.329431)  can0  201   [6]  02 00 00 00 00 00
 (1789621567.335366)  can0  701   [1]  05
 (1789621567.339427)  can0  201   [6]  02 00 00 00 00 00
 (1789621567.345961)  can0  181   [8]  60 14 60 14 00 00 00 00
 (1789621567.346095)  can0  281   [5]  03 00 00 00 00
 (1789621567.349397)  can0  201   [6]  02 00 00 00 00 00
 (1789621567.359418)  can0  201   [6]  02 00 00 00 00 00
 (1789621567.369415)  can0  201   [6]  02 00 00 00 00 00
 (1789621567.379418)  can0  201   [6]  02 00 00 00 00 00
 (1789621567.389413)  can0  201   [6]  02 00 00 00 00 00
 (1789621567.395970)  can0  181   [8]  60 14 60 14 00 00 00 00
 (1789621567.396162)  can0  281   [5]  03 00 00 00 00
 (1789621567.399361)  can0  201   [6]  02 00 00 00 00 00
 (1789621567.409415)  can0  201   [6]  02 00 00 00 00 00
 (1789621567.419392)  can0  201   [6]  02 00 00 00 00 00
 (1789621567.429417)  can0  201   [6]  02 00 00 00 00 00
 (1789621567.439416)  can0  201   [6]  02 00 00 00 00 00
 (1789621567.445978)  can0  181   [8]  60 14 60 14 00 00 00 00
 (1789621567.446170)  can0  281   [5]  03 00 00 00 00
 (1789621567.449414)  can0  201   [6]  02 00 00 00 00 00
 (1789621567.459416)  can0  201   [6]  02 00 00 00 00 00
 (1789621567.469415)  can0  201   [6]  02 00 00 00 00 00
 (1789621567.479413)  can0  201   [6]  02 00 00 00 00 00
 (1789621567.489446)  can0  201   [6]  02 00 00 00 00 00
 (1789621567.495987)  can0  181   [8]  60 14 60 14 00 00 00 00
 (1789621567.496177)  can0  281   [5]  03 00 00 00 00
 (1789621567.499423)  can0  201   [6]  02 00 00 00 00 00
 (1789621567.509415)  can0  201   [6]  02 00 00 00 00 00
 (1789621567.519418)  can0  201   [6]  02 00 00 00 00 00
 (1789621567.529415)  can0  201   [6]  02 00 00 00 00 00
 (1789621567.539417)  can0  201   [6]  02 00 00 00 00 00
 (1789621567.545941)  can0  181   [8]  60 14 60 14 00 00 00 00
 (1789621567.546130)  can0  281   [5]  03 00 00 00 00
 (1789621567.549417)  can0  201   [6]  02 00 00 00 00 00
 (1789621567.559413)  can0  201   [6]  02 00 00 00 00 00
 (1789621567.569416)  can0  201   [6]  02 00 00 00 00 00
 (1789621567.579413)  can0  201   [6]  02 00 00 00 00 00
 (1789621567.584905)  can0  701   [1]  05
 (1789621567.589416)  can0  201   [6]  02 00 00 00 00 00
 (1789621567.596003)  can0  181   [8]  60 14 60 14 00 00 00 00
 (1789621567.596197)  can0  281   [5]  03 00 00 00 00
 (1789621567.599415)  can0  201   [6]  02 00 00 00 00 00
 (1789621567.609416)  can0  201   [6]  02 00 00 00 00 00
 (1789621567.619415)  can0  201   [6]  02 00 00 00 00 00
 (1789621567.629416)  can0  201   [6]  02 00 00 00 00 00
 (1789621567.639415)  can0  201   [6]  02 00 00 00 00 00
 (1789621567.646013)  can0  181   [8]  60 14 60 14 00 00 00 00
 (1789621567.646206)  can0  281   [5]  03 00 00 00 00
 (1789621567.649415)  can0  201   [6]  02 00 00 00 00 00
 (1789621567.659438)  can0  201   [6]  02 00 00 00 00 00
 (1789621567.669426)  can0  201   [6]  02 00 00 00 00 00
 (1789621567.679429)  can0  201   [6]  02 00 00 00 00 00
 (1789621567.689422)  can0  201   [6]  02 00 00 00 00 00
 (1789621567.696023)  can0  181   [8]  60 14 60 14 00 00 00 00
 (1789621567.696212)  can0  281   [5]  03 00 00 00 00
 (1789621567.699426)  can0  201   [6]  02 00 00 00 00 00
 (1789621567.709423)  can0  201   [6]  02 00 00 00 00 00
 (1789621567.719417)  can0  201   [6]  02 00 00 00 00 00
 (1789621567.729423)  can0  201   [6]  02 00 00 00 00 00
 (1789621567.739415)  can0  201   [6]  02 00 00 00 00 00
 (1789621567.746031)  can0  181   [8]  60 14 60 14 00 00 00 00
 (1789621567.746166)  can0  281   [5]  03 00 00 00 00
 (1789621567.749415)  can0  201   [6]  02 00 00 00 00 00
 (1789621567.759414)  can0  201   [6]  02 00 00 00 00 00
 (1789621567.769414)  can0  201   [6]  02 00 00 00 00 00
 (1789621567.779415)  can0  201   [6]  02 00 00 00 00 00
 (1789621567.789414)  can0  201   [6]  02 00 00 00 00 00
 (1789621567.796039)  can0  181   [8]  60 14 60 14 00 00 00 00
 (1789621567.796232)  can0  281   [5]  03 00 00 00 00
 (1789621567.799417)  can0  201   [6]  02 00 00 00 00 00
 (1789621567.809414)  can0  201   [6]  02 00 00 00 00 00
 (1789621567.819414)  can0  201   [6]  02 00 00 00 00 00
 (1789621567.829413)  can0  201   [6]  02 00 00 00 00 00
 (1789621567.834391)  can0  701   [1]  05
 (1789621567.839419)  can0  201   [6]  02 00 00 00 00 00
 (1789621567.846048)  can0  181   [8]  60 14 60 14 00 00 00 00
 (1789621567.846241)  can0  281   [5]  03 00 00 00 00
 (1789621567.849417)  can0  201   [6]  02 00 00 00 00 00
 (1789621567.859441)  can0  201   [6]  02 00 00 00 00 00
 (1789621567.869421)  can0  201   [6]  02 00 00 00 00 00
 (1789621567.879416)  can0  201   [6]  02 00 00 00 00 00
 (1789621567.889416)  can0  201   [6]  02 00 00 00 00 00
 (1789621567.896059)  can0  181   [8]  60 14 60 14 00 00 00 00
 (1789621567.896250)  can0  281   [5]  03 00 00 00 00
 (1789621567.899417)  can0  201   [6]  02 00 00 00 00 00
 (1789621567.909414)  can0  201   [6]  02 00 00 00 00 00
 (1789621567.919417)  can0  201   [6]  02 00 00 00 00 00
 (1789621567.929416)  can0  201   [6]  02 00 00 00 00 00
 (1789621567.939421)  can0  201   [6]  02 00 00 00 00 00
 (1789621567.946066)  can0  181   [8]  60 14 60 14 00 00 00 00
 (1789621567.946200)  can0  281   [5]  03 00 00 00 00
 (1789621567.949414)  can0  201   [6]  02 00 00 00 00 00
 (1789621567.959414)  can0  201   [6]  02 00 00 00 00 00
 (1789621567.969413)  can0  201   [6]  02 00 00 00 00 00
 (1789621567.979413)  can0  201   [6]  02 00 00 00 00 00
 (1789621567.989416)  can0  201   [6]  02 00 00 00 00 00
 (1789621567.996076)  can0  181   [8]  60 14 60 14 00 00 00 00
 (1789621567.996267)  can0  281   [5]  03 00 00 00 00
 (1789621567.999414)  can0  201   [6]  02 00 00 00 00 00
 (1789621568.009416)  can0  201   [6]  02 00 00 00 00 00
 (1789621568.019414)  can0  201   [6]  02 00 00 00 00 00
 (1789621568.029434)  can0  201   [6]  02 00 00 00 00 00
 (1789621568.039440)  can0  201   [6]  02 00 00 00 00 00
 (1789621568.046091)  can0  181   [8]  60 14 60 14 00 00 00 00
 (1789621568.046276)  can0  281   [5]  03 00 00 00 00
 (1789621568.049431)  can0  201   [6]  02 00 00 00 00 00
 (1789621568.059423)  can0  201   [6]  02 00 00 00 00 00
 (1789621568.069425)  can0  201   [6]  02 00 00 00 00 00
 (1789621568.079365)  can0  201   [6]  02 00 00 00 00 00
 (1789621568.083935)  can0  701   [1]  05
 (1789621568.089420)  can0  201   [6]  02 00 00 00 00 00
 (1789621568.096093)  can0  181   [8]  60 14 60 14 00 00 00 00
 (1789621568.096285)  can0  281   [5]  03 00 00 00 00
 (1789621568.099418)  can0  201   [6]  02 00 00 00 00 00
 (1789621568.109415)  can0  201   [6]  02 00 00 00 00 00
 (1789621568.119412)  can0  201   [6]  02 00 00 00 00 00
 (1789621568.129416)  can0  201   [6]  02 00 00 00 00 00
 (1789621568.139412)  can0  201   [6]  02 00 00 00 00 00
 (1789621568.146098)  can0  181   [8]  60 14 60 14 00 00 00 00
 (1789621568.146234)  can0  281   [5]  03 00 00 00 00
 (1789621568.149419)  can0  201   [6]  02 00 00 00 00 00
 (1789621568.159412)  can0  201   [6]  02 00 00 00 00 00
 (1789621568.169416)  can0  201   [6]  02 00 00 00 00 00
 (1789621568.179414)  can0  201   [6]  02 00 00 00 00 00
 (1789621568.189412)  can0  201   [6]  02 00 00 00 00 00
 (1789621568.196111)  can0  181   [8]  60 14 60 14 00 00 00 00
 (1789621568.196300)  can0  281   [5]  03 00 00 00 00
 (1789621568.199418)  can0  201   [6]  02 00 00 00 00 00
 (1789621568.209412)  can0  201   [6]  02 00 00 00 00 00
 (1789621568.219421)  can0  201   [6]  02 00 00 00 00 00
 (1789621568.229444)  can0  201   [6]  02 00 00 00 00 00
 (1789621568.239422)  can0  201   [6]  02 00 00 00 00 00
 (1789621568.246119)  can0  181   [8]  60 14 60 14 00 00 00 00
 (1789621568.246309)  can0  281   [5]  03 00 00 00 00
 (1789621568.249423)  can0  201   [6]  02 00 00 00 00 00
 (1789621568.259414)  can0  201   [6]  02 00 00 00 00 00
 (1789621568.269418)  can0  201   [6]  02 00 00 00 00 00
 (1789621568.279412)  can0  201   [6]  02 00 00 00 00 00
 (1789621568.289417)  can0  201   [6]  02 00 00 00 00 00
 (1789621568.296128)  can0  181   [8]  60 14 60 14 00 00 00 00
 (1789621568.296318)  can0  281   [5]  03 00 00 00 00
 (1789621568.299414)  can0  201   [6]  02 00 00 00 00 00
 (1789621568.309415)  can0  201   [6]  02 00 00 00 00 00
 (1789621568.319415)  can0  201   [6]  02 00 00 00 00 00
 (1789621568.329413)  can0  201   [6]  02 00 00 00 00 00
 (1789621568.333477)  can0  701   [1]  05
 (1789621568.339417)  can0  201   [6]  02 00 00 00 00 00
 (1789621568.346136)  can0  181   [8]  60 14 60 14 00 00 00 00
 (1789621568.346269)  can0  281   [5]  03 00 00 00 00
 (1789621568.349417)  can0  201   [6]  02 00 00 00 00 00
 (1789621568.359421)  can0  201   [6]  02 00 00 00 00 00
 (1789621568.369416)  can0  201   [6]  02 00 00 00 00 00
 (1789621568.379423)  can0  201   [6]  02 00 00 00 00 00
 (1789621568.389419)  can0  201   [6]  02 00 00 00 00 00
 (1789621568.396156)  can0  181   [8]  60 14 60 14 00 00 00 00
 (1789621568.396279)  can0  281   [5]  03 00 00 00 00
 (1789621568.399430)  can0  201   [6]  02 00 00 00 00 00
 (1789621568.409427)  can0  201   [6]  02 00 00 00 00 00
 (1789621568.419425)  can0  201   [6]  02 00 00 00 00 00
 (1789621568.429423)  can0  201   [6]  02 00 00 00 00 00
 (1789621568.439427)  can0  201   [6]  02 00 00 00 00 00
 (1789621568.446156)  can0  181   [8]  60 14 60 14 00 00 00 00
 (1789621568.446344)  can0  281   [5]  03 00 00 00 00
 (1789621568.449421)  can0  201   [6]  02 00 00 00 00 00
 (1789621568.459423)  can0  201   [6]  02 00 00 00 00 00
 (1789621568.469416)  can0  201   [6]  02 00 00 00 00 00
 (1789621568.479416)  can0  201   [6]  02 00 00 00 00 00
 (1789621568.489416)  can0  201   [6]  02 00 00 00 00 00
 (1789621568.496163)  can0  181   [8]  60 14 60 14 00 00 00 00
 (1789621568.496355)  can0  281   [5]  03 00 00 00 00
 (1789621568.499425)  can0  201   [6]  02 00 00 00 00 00
 (1789621568.509416)  can0  201   [6]  02 00 00 00 00 00
 (1789621568.519419)  can0  201   [6]  02 00 00 00 00 00
 (1789621568.529415)  can0  201   [6]  02 00 00 00 00 00
 (1789621568.539413)  can0  201   [6]  02 00 00 00 00 00
 (1789621568.546173)  can0  181   [8]  60 14 60 14 00 00 00 00
 (1789621568.546306)  can0  281   [5]  03 00 00 00 00
 (1789621568.549419)  can0  201   [6]  02 00 00 00 00 00
 (1789621568.559416)  can0  201   [6]  02 00 00 00 00 00
 (1789621568.569418)  can0  201   [6]  02 00 00 00 00 00
 (1789621568.579413)  can0  201   [6]  02 00 00 00 00 00
 (1789621568.583022)  can0  701   [1]  05
 (1789621568.589419)  can0  201   [6]  02 00 00 00 00 00
 (1789621568.596183)  can0  181   [8]  60 14 60 14 00 00 00 00
 (1789621568.596372)  can0  281   [5]  03 00 00 00 00
 (1789621568.599433)  can0  201   [6]  02 00 00 00 00 00
 (1789621568.609416)  can0  201   [6]  02 00 00 00 00 00
 (1789621568.619418)  can0  201   [6]  02 00 00 00 00 00
 (1789621568.629416)  can0  201   [6]  02 00 00 00 00 00
 (1789621568.639417)  can0  201   [6]  02 00 00 00 00 00
 (1789621568.646189)  can0  181   [8]  60 14 60 14 00 00 00 00
 (1789621568.646381)  can0  281   [5]  03 00 00 00 00
 (1789621568.649416)  can0  201   [6]  02 00 00 00 00 00
 (1789621568.659418)  can0  201   [6]  02 00 00 00 00 00
 (1789621568.669418)  can0  201   [6]  02 00 00 00 00 00
 (1789621568.679413)  can0  201   [6]  02 00 00 00 00 00
 (1789621568.689416)  can0  201   [6]  02 00 00 00 00 00
 (1789621568.696198)  can0  181   [8]  60 14 60 14 00 00 00 00
 (1789621568.696389)  can0  281   [5]  03 00 00 00 00
 (1789621568.699414)  can0  201   [6]  02 00 00 00 00 00
 (1789621568.709417)  can0  201   [6]  02 00 00 00 00 00
 (1789621568.719415)  can0  201   [6]  02 00 00 00 00 00
 (1789621568.729415)  can0  201   [6]  02 00 00 00 00 00
 (1789621568.739415)  can0  201   [6]  02 00 00 00 00 00
 (1789621568.746205)  can0  181   [8]  60 14 60 14 00 00 00 00
 (1789621568.746398)  can0  281   [5]  03 00 00 00 00
 (1789621568.749415)  can0  201   [6]  02 00 00 00 00 00
 (1789621568.759423)  can0  201   [6]  02 00 00 00 00 00
 (1789621568.769443)  can0  201   [6]  02 00 00 00 00 00
 (1789621568.779424)  can0  201   [6]  02 00 00 00 00 00
 (1789621568.789433)  can0  201   [6]  02 00 00 00 00 00
 (1789621568.796161)  can0  181   [8]  60 14 60 14 00 00 00 00
 (1789621568.796405)  can0  281   [5]  03 00 00 00 00
 (1789621568.799431)  can0  201   [6]  02 00 00 00 00 00
 (1789621568.809448)  can0  201   [6]  02 00 00 00 00 00
 (1789621568.819443)  can0  201   [6]  02 00 00 00 00 00
 (1789621568.829441)  can0  201   [6]  02 00 00 00 00 00
 (1789621568.832508)  can0  701   [1]  05
 (1789621568.839433)  can0  201   [6]  02 00 00 00 00 00
 (1789621568.846245)  can0  181   [8]  60 14 60 14 00 00 00 00
 (1789621568.846416)  can0  281   [5]  03 00 00 00 00
 (1789621568.849447)  can0  201   [6]  02 00 00 00 00 00
 (1789621568.859433)  can0  201   [6]  02 00 00 00 00 00
 (1789621568.869458)  can0  201   [6]  02 00 00 00 00 00
 (1789621568.879439)  can0  201   [6]  02 00 00 00 00 00
 (1789621568.889445)  can0  201   [6]  02 00 00 00 00 00
 (1789621568.896235)  can0  181   [8]  60 14 60 14 00 00 00 00
 (1789621568.896426)  can0  281   [5]  03 00 00 00 00
 (1789621568.899442)  can0  201   [6]  02 00 00 00 00 00
 (1789621568.909438)  can0  201   [6]  02 00 00 00 00 00
 (1789621568.919434)  can0  201   [6]  02 00 00 00 00 00
 (1789621568.929432)  can0  201   [6]  02 00 00 00 00 00
 (1789621568.939430)  can0  201   [6]  02 00 00 00 00 00
 (1789621568.946245)  can0  181   [8]  60 14 60 14 00 00 00 00
 (1789621568.946433)  can0  281   [5]  03 00 00 00 00
 (1789621568.949430)  can0  201   [6]  02 00 00 00 00 00
 (1789621568.959428)  can0  201   [6]  02 00 00 00 00 00
 (1789621568.969417)  can0  201   [6]  02 00 00 00 00 00
 (1789621568.979421)  can0  201   [6]  02 00 00 00 00 00
 (1789621568.989416)  can0  201   [6]  02 00 00 00 00 00
 (1789621568.996252)  can0  181   [8]  60 14 60 14 00 00 00 00
 (1789621568.996440)  can0  281   [5]  03 00 00 00 00
 (1789621568.999418)  can0  201   [6]  02 00 00 00 00 00
 (1789621569.009418)  can0  201   [6]  02 00 00 00 00 00
 (1789621569.019416)  can0  201   [6]  02 00 00 00 00 00
 (1789621569.029414)  can0  201   [6]  02 00 00 00 00 00
 (1789621569.039416)  can0  201   [6]  02 00 00 00 00 00
 (1789621569.046259)  can0  181   [8]  60 14 60 14 00 00 00 00
 (1789621569.046452)  can0  281   [5]  03 00 00 00 00
 (1789621569.049415)  can0  201   [6]  02 00 00 00 00 00
 (1789621569.059417)  can0  201   [6]  02 00 00 00 00 00
 (1789621569.069416)  can0  201   [6]  02 00 00 00 00 00
 (1789621569.079417)  can0  201   [6]  02 00 00 00 00 00
 (1789621569.082050)  can0  701   [1]  05
 (1789621569.089418)  can0  201   [6]  02 00 00 00 00 00
 (1789621569.096268)  can0  181   [8]  60 14 60 14 00 00 00 00
 (1789621569.096460)  can0  281   [5]  03 00 00 00 00
 (1789621569.099419)  can0  201   [6]  02 00 00 00 00 00
 (1789621569.109442)  can0  201   [6]  02 00 00 00 00 00
 (1789621569.119415)  can0  201   [6]  02 00 00 00 00 00
 (1789621569.129416)  can0  201   [6]  02 00 00 00 00 00
 (1789621569.139416)  can0  201   [6]  02 00 00 00 00 00
 (1789621569.146277)  can0  181   [8]  60 14 60 14 00 00 00 00
 (1789621569.146468)  can0  281   [5]  03 00 00 00 00
 (1789621569.149417)  can0  201   [6]  02 00 00 00 00 00
 (1789621569.159416)  can0  201   [6]  02 00 00 00 00 00
 (1789621569.169414)  can0  201   [6]  02 00 00 00 00 00
 (1789621569.179415)  can0  201   [6]  02 00 00 00 00 00
 (1789621569.189416)  can0  201   [6]  02 00 00 00 00 00
 (1789621569.196283)  can0  181   [8]  60 14 60 14 00 00 00 00
 (1789621569.196479)  can0  281   [5]  03 00 00 00 00
 (1789621569.199418)  can0  201   [6]  02 00 00 00 00 00
 (1789621569.209415)  can0  201   [6]  02 00 00 00 00 00
 (1789621569.219420)  can0  201   [6]  02 00 00 00 00 00
 (1789621569.229415)  can0  201   [6]  02 00 00 00 00 00
 (1789621569.239413)  can0  201   [6]  02 00 00 00 00 00
 (1789621569.246295)  can0  181   [8]  60 14 60 14 00 00 00 00
 (1789621569.246485)  can0  281   [5]  03 00 00 00 00
 (1789621569.249417)  can0  201   [6]  02 00 00 00 00 00
 (1789621569.259415)  can0  201   [6]  02 00 00 00 00 00
 (1789621569.269421)  can0  201   [6]  02 00 00 00 00 00
 (1789621569.279441)  can0  201   [6]  02 00 00 00 00 00
 (1789621569.289435)  can0  201   [6]  02 00 00 00 00 00
 (1789621569.296311)  can0  181   [8]  60 14 60 14 00 00 00 00
 (1789621569.296495)  can0  281   [5]  03 00 00 00 00
 (1789621569.299438)  can0  201   [6]  02 00 00 00 00 00
 (1789621569.309425)  can0  201   [6]  02 00 00 00 00 00
 (1789621569.319448)  can0  201   [6]  02 00 00 00 00 00
 (1789621569.329419)  can0  201   [6]  02 00 00 00 00 00
 (1789621569.331598)  can0  701   [1]  05
 (1789621569.339452)  can0  201   [6]  02 00 00 00 00 00
 (1789621569.346314)  can0  181   [8]  60 14 60 14 00 00 00 00
 (1789621569.346502)  can0  281   [5]  03 00 00 00 00
 (1789621569.349432)  can0  201   [6]  02 00 00 00 00 00
 (1789621569.359467)  can0  201   [6]  02 00 00 00 00 00
 (1789621569.369435)  can0  201   [6]  02 00 00 00 00 00
 (1789621569.379434)  can0  201   [6]  02 00 00 00 00 00
 (1789621569.389437)  can0  201   [6]  02 00 00 00 00 00
 (1789621569.396323)  can0  181   [8]  60 14 60 14 00 00 00 00
 (1789621569.396515)  can0  281   [5]  03 00 00 00 00
 (1789621569.399427)  can0  201   [6]  02 00 00 00 00 00
 (1789621569.409430)  can0  201   [6]  02 00 00 00 00 00
 (1789621569.419445)  can0  201   [6]  02 00 00 00 00 00
 (1789621569.429427)  can0  201   [6]  02 00 00 00 00 00
 (1789621569.439423)  can0  201   [6]  02 00 00 00 00 00
 (1789621569.446335)  can0  181   [8]  60 14 60 14 00 00 00 00
 (1789621569.446521)  can0  281   [5]  03 00 00 00 00
 (1789621569.449429)  can0  201   [6]  02 00 00 00 00 00
 (1789621569.459422)  can0  201   [6]  02 00 00 00 00 00
 (1789621569.469420)  can0  201   [6]  02 00 00 00 00 00
 (1789621569.479414)  can0  201   [6]  02 00 00 00 00 00
 (1789621569.489424)  can0  201   [6]  02 00 00 00 00 00
 (1789621569.496340)  can0  181   [8]  60 14 60 14 00 00 00 00
 (1789621569.496531)  can0  281   [5]  03 00 00 00 00
 (1789621569.499417)  can0  201   [6]  02 00 00 00 00 00
 (1789621569.509418)  can0  201   [6]  02 00 00 00 00 00
 (1789621569.519414)  can0  201   [6]  02 00 00 00 00 00
 (1789621569.529416)  can0  201   [6]  02 00 00 00 00 00
 (1789621569.539414)  can0  201   [6]  02 00 00 00 00 00
 (1789621569.546347)  can0  181   [8]  60 14 60 14 00 00 00 00
 (1789621569.546539)  can0  281   [5]  03 00 00 00 00
 (1789621569.549415)  can0  201   [6]  02 00 00 00 00 00
 (1789621569.559414)  can0  201   [6]  02 00 00 00 00 00
 (1789621569.569415)  can0  201   [6]  02 00 00 00 00 00
 (1789621569.579412)  can0  201   [6]  02 00 00 00 00 00
 (1789621569.581079)  can0  701   [1]  05
 (1789621569.589414)  can0  201   [6]  02 00 00 00 00 00
 (1789621569.596355)  can0  181   [8]  60 14 60 14 00 00 00 00
 (1789621569.596548)  can0  281   [5]  03 00 00 00 00
 (1789621569.599417)  can0  201   [6]  02 00 00 00 00 00
 (1789621569.609413)  can0  201   [6]  02 00 00 00 00 00
 (1789621569.619457)  can0  201   [6]  02 00 00 00 00 00
 (1789621569.629418)  can0  201   [6]  02 00 00 00 00 00
 (1789621569.639417)  can0  201   [6]  02 00 00 00 00 00
 (1789621569.646365)  can0  181   [8]  60 14 60 14 00 00 00 00
 (1789621569.646556)  can0  281   [5]  03 00 00 00 00
 (1789621569.649413)  can0  201   [6]  02 00 00 00 00 00
 (1789621569.659411)  can0  201   [6]  02 00 00 00 00 00
 (1789621569.669417)  can0  201   [6]  02 00 00 00 00 00
 (1789621569.679413)  can0  201   [6]  02 00 00 00 00 00
 (1789621569.689415)  can0  201   [6]  02 00 00 00 00 00
 (1789621569.696374)  can0  181   [8]  60 14 60 14 00 00 00 00
 (1789621569.696563)  can0  281   [5]  03 00 00 00 00
 (1789621569.699418)  can0  201   [6]  02 00 00 00 00 00
 (1789621569.709415)  can0  201   [6]  02 00 00 00 00 00
 (1789621569.719414)  can0  201   [6]  02 00 00 00 00 00
 (1789621569.729414)  can0  201   [6]  02 00 00 00 00 00
 (1789621569.739414)  can0  201   [6]  02 00 00 00 00 00
 (1789621569.746357)  can0  181   [8]  60 14 60 14 00 00 00 00
 (1789621569.746574)  can0  281   [5]  03 00 00 00 00
 (1789621569.749414)  can0  201   [6]  02 00 00 00 00 00
 (1789621569.759415)  can0  201   [6]  02 00 00 00 00 00
 (1789621569.769416)  can0  201   [6]  02 00 00 00 00 00
 (1789621569.779416)  can0  201   [6]  02 00 00 00 00 00
 (1789621569.789429)  can0  201   [6]  02 00 00 00 00 00
 (1789621569.796395)  can0  181   [8]  60 14 60 14 00 00 00 00
 (1789621569.796582)  can0  281   [5]  03 00 00 00 00
 (1789621569.799421)  can0  201   [6]  02 00 00 00 00 00
 (1789621569.809425)  can0  201   [6]  02 00 00 00 00 00
 (1789621569.819429)  can0  201   [6]  02 00 00 00 00 00
 (1789621569.829424)  can0  201   [6]  02 00 00 00 00 00
 (1789621569.830624)  can0  701   [1]  05
 (1789621569.839424)  can0  201   [6]  02 00 00 00 00 00
 (1789621569.846403)  can0  181   [8]  60 14 60 14 00 00 00 00
 (1789621569.846590)  can0  281   [5]  03 00 00 00 00
 (1789621569.849420)  can0  201   [6]  02 00 00 00 00 00
 (1789621569.859413)  can0  201   [6]  02 00 00 00 00 00
 (1789621569.869413)  can0  201   [6]  02 00 00 00 00 00
 (1789621569.879414)  can0  201   [6]  02 00 00 00 00 00
 (1789621569.889413)  can0  201   [6]  02 00 00 00 00 00
 (1789621569.896409)  can0  181   [8]  60 14 60 14 00 00 00 00
 (1789621569.896599)  can0  281   [5]  03 00 00 00 00
 (1789621569.899416)  can0  201   [6]  02 00 00 00 00 00
 (1789621569.909418)  can0  201   [6]  02 00 00 00 00 00
 (1789621569.919415)  can0  201   [6]  02 00 00 00 00 00
 (1789621569.929413)  can0  201   [6]  02 00 00 00 00 00
 (1789621569.939415)  can0  201   [6]  02 00 00 00 00 00
 (1789621569.946364)  can0  181   [8]  60 14 60 14 00 00 00 00
 (1789621569.946609)  can0  281   [5]  03 00 00 00 00
 (1789621569.949417)  can0  201   [6]  02 00 00 00 00 00
 (1789621569.959413)  can0  201   [6]  02 00 00 00 00 00
 (1789621569.969414)  can0  201   [6]  02 00 00 00 00 00
 (1789621569.979414)  can0  201   [6]  02 00 00 00 00 00
 (1789621569.989441)  can0  201   [6]  02 00 00 00 00 00
 (1789621569.996428)  can0  181   [8]  60 14 60 14 00 00 00 00
 (1789621569.996619)  can0  281   [5]  03 00 00 00 00
 (1789621569.999418)  can0  201   [6]  02 00 00 00 00 00
 (1789621570.009418)  can0  201   [6]  02 00 00 00 00 00
 (1789621570.019417)  can0  201   [6]  02 00 00 00 00 00
 (1789621570.029422)  can0  201   [6]  06 00 00 00 00 00
 (1789621570.039420)  can0  201   [6]  06 00 00 00 00 00
 (1789621570.046433)  can0  181   [8]  21 14 21 14 00 00 00 00
 (1789621570.046626)  can0  281   [5]  03 00 00 00 00
 (1789621570.049415)  can0  201   [6]  07 00 00 00 00 00
 (1789621570.059417)  can0  201   [6]  07 00 00 00 00 00
 (1789621570.069415)  can0  201   [6]  07 00 00 00 00 00
 (1789621570.079415)  can0  201   [6]  07 00 00 00 00 00
 (1789621570.080168)  can0  701   [1]  05
 (1789621570.089419)  can0  201   [6]  07 00 00 00 00 00
 (1789621570.096437)  can0  181   [8]  23 14 23 14 00 00 00 00
 (1789621570.096628)  can0  281   [5]  03 00 00 00 00
 (1789621570.099418)  can0  201   [6]  0F 00 00 00 00 00
 (1789621570.109420)  can0  201   [6]  0F 00 00 00 00 00
 (1789621570.119415)  can0  201   [6]  0F 00 00 00 00 00
 (1789621570.129419)  can0  201   [6]  0F 00 00 00 00 00
 (1789621570.139423)  can0  201   [6]  0F 00 00 00 00 00
 (1789621570.146381)  can0  181   [8]  27 14 27 14 00 00 00 00
 (1789621570.146572)  can0  281   [5]  03 00 00 00 00
 (1789621570.149433)  can0  201   [6]  0F 00 00 00 00 00
 (1789621570.159440)  can0  201   [6]  0F 00 00 00 00 00
 (1789621570.169425)  can0  201   [6]  0F 00 00 00 00 00
 (1789621570.179424)  can0  201   [6]  0F 00 00 00 00 00
 (1789621570.189422)  can0  201   [6]  0F 00 00 00 00 00
 (1789621570.196327)  can0  181   [8]  27 14 27 14 00 00 00 00
 (1789621570.196518)  can0  281   [5]  03 00 00 00 00
 (1789621570.199424)  can0  201   [6]  0F 00 00 00 00 00
 (1789621570.209422)  can0  201   [6]  0F 00 00 00 00 00
 (1789621570.219430)  can0  201   [6]  0F 00 00 00 00 00
 (1789621570.229420)  can0  201   [6]  0F 00 00 00 00 00
 (1789621570.239419)  can0  201   [6]  0F 00 00 00 00 00
 (1789621570.246275)  can0  181   [8]  27 14 27 14 00 00 00 00
 (1789621570.246466)  can0  281   [5]  03 00 00 00 00
 (1789621570.249421)  can0  201   [6]  0F 00 00 00 00 00
 (1789621570.259416)  can0  201   [6]  0F 00 00 00 00 00
 (1789621570.269419)  can0  201   [6]  0F 00 00 00 00 00
 (1789621570.279417)  can0  201   [6]  0F 00 00 00 00 00
 (1789621570.289417)  can0  201   [6]  0F 00 00 00 00 00
 (1789621570.296219)  can0  181   [8]  27 14 27 14 00 00 00 00
 (1789621570.296410)  can0  281   [5]  03 00 00 00 00
 (1789621570.299421)  can0  201   [6]  0F 00 00 00 00 00
 (1789621570.309415)  can0  201   [6]  0F 00 00 00 00 00
 (1789621570.319417)  can0  201   [6]  0F 00 00 00 00 00
 (1789621570.329417)  can0  201   [6]  0F 00 00 00 00 00
 (1789621570.329592)  can0  701   [1]  05
 (1789621570.339420)  can0  201   [6]  0F 00 00 00 00 00
 (1789621570.346168)  can0  181   [8]  27 14 27 14 00 00 00 00
 (1789621570.346307)  can0  281   [5]  03 00 00 00 00
 (1789621570.349386)  can0  201   [6]  0F 00 00 00 00 00
 (1789621570.359420)  can0  201   [6]  0F 00 00 00 00 00
 (1789621570.369418)  can0  201   [6]  0F 00 00 00 00 00
 (1789621570.379416)  can0  201   [6]  0F 00 00 00 00 00
 (1789621570.389419)  can0  201   [6]  0F 00 00 00 00 00
 (1789621570.396111)  can0  181   [8]  27 14 27 14 00 00 00 00
 (1789621570.396247)  can0  281   [5]  03 00 00 00 00
 (1789621570.399418)  can0  201   [6]  0F 00 00 00 00 00
 (1789621570.409419)  can0  201   [6]  0F 00 00 00 00 00
 (1789621570.419418)  can0  201   [6]  0F 00 00 00 00 00
 (1789621570.429418)  can0  201   [6]  0F 00 00 00 00 00
 (1789621570.439420)  can0  201   [6]  0F 00 00 00 00 00
 (1789621570.446059)  can0  181   [8]  27 14 27 14 00 00 00 00
 (1789621570.446252)  can0  281   [5]  03 00 00 00 00
 (1789621570.449417)  can0  201   [6]  0F 00 00 00 00 00
 (1789621570.459421)  can0  201   [6]  0F 00 00 00 00 00
 (1789621570.469418)  can0  201   [6]  0F 00 00 00 00 00
 (1789621570.479418)  can0  201   [6]  0F 00 00 00 00 00
 (1789621570.489416)  can0  201   [6]  0F 00 00 00 00 00
 (1789621570.496005)  can0  181   [8]  27 14 27 14 00 00 00 00
 (1789621570.496196)  can0  281   [5]  03 00 00 00 00
 (1789621570.499436)  can0  201   [6]  0F 00 00 00 00 00
 (1789621570.509420)  can0  201   [6]  0F 00 00 00 00 00
 (1789621570.519432)  can0  201   [6]  0F 00 00 00 00 00
 (1789621570.529431)  can0  201   [6]  0F 00 00 00 00 00
 (1789621570.539423)  can0  201   [6]  0F 00 00 00 00 00
 (1789621570.545953)  can0  181   [8]  27 14 27 14 00 00 00 00
 (1789621570.546086)  can0  281   [5]  03 00 00 00 00
 (1789621570.549427)  can0  201   [6]  0F 00 00 00 00 00
 (1789621570.559432)  can0  201   [6]  0F 00 00 00 00 00
 (1789621570.569471)  can0  201   [6]  0F 00 00 00 00 00
 (1789621570.579195)  can0  701   [1]  05
 (1789621570.579423)  can0  201   [6]  0F 00 00 00 00 00
 (1789621570.589420)  can0  201   [6]  0F 00 00 00 00 00
 (1789621570.595899)  can0  181   [8]  27 14 27 14 00 00 00 00
 (1789621570.596089)  can0  281   [5]  03 00 00 00 00
 (1789621570.599419)  can0  201   [6]  0F 00 00 00 00 00
 (1789621570.609419)  can0  201   [6]  0F 00 00 00 00 00
 (1789621570.619418)  can0  201   [6]  0F 00 00 00 00 00
 (1789621570.629417)  can0  201   [6]  0F 00 00 00 00 00
 (1789621570.639360)  can0  201   [6]  0F 00 00 00 00 00
 (1789621570.645844)  can0  181   [8]  27 14 27 14 00 00 00 00
 (1789621570.646036)  can0  281   [5]  03 00 00 00 00
 (1789621570.649418)  can0  201   [6]  0F 00 00 00 00 00
 (1789621570.659418)  can0  201   [6]  0F 00 00 00 00 00
 (1789621570.669421)  can0  201   [6]  0F 00 00 00 00 00
 (1789621570.679417)  can0  201   [6]  0F 00 00 00 00 00
 (1789621570.689418)  can0  201   [6]  0F 00 00 00 00 00
 (1789621570.695791)  can0  181   [8]  27 14 27 14 00 00 00 00
 (1789621570.695925)  can0  281   [5]  03 00 00 00 00
 (1789621570.699418)  can0  201   [6]  0F 00 00 00 00 00
 (1789621570.709414)  can0  201   [6]  0F 00 00 00 00 00
 (1789621570.719446)  can0  201   [6]  0F 00 00 00 00 00
 (1789621570.729419)  can0  201   [6]  0F 00 00 00 00 00
 (1789621570.739419)  can0  201   [6]  0F 00 00 00 00 00
 (1789621570.745738)  can0  181   [8]  27 14 27 14 00 00 00 00
 (1789621570.745872)  can0  281   [5]  03 00 00 00 00
 (1789621570.749418)  can0  201   [6]  0F 00 00 00 00 00
 (1789621570.759417)  can0  201   [6]  0F 00 00 00 00 00
 (1789621570.769418)  can0  201   [6]  0F 00 00 00 00 00
 (1789621570.779418)  can0  201   [6]  0F 00 00 00 00 00
 (1789621570.789417)  can0  201   [6]  0F 00 00 00 00 00
 (1789621570.795684)  can0  181   [8]  27 14 27 14 00 00 00 00
 (1789621570.795875)  can0  281   [5]  03 00 00 00 00
 (1789621570.799418)  can0  201   [6]  0F 00 00 00 00 00
 (1789621570.809420)  can0  201   [6]  0F 00 00 00 00 00
 (1789621570.819416)  can0  201   [6]  0F 00 00 00 00 00
 (1789621570.828736)  can0  701   [1]  05
 (1789621570.829364)  can0  201   [6]  0F 00 00 00 00 00
 (1789621570.839416)  can0  201   [6]  0F 00 00 00 00 00
 (1789621570.845576)  can0  181   [8]  27 14 27 14 00 00 00 00
 (1789621570.845823)  can0  281   [5]  03 00 00 00 00
 (1789621570.849430)  can0  201   [6]  0F 00 00 00 00 00
 (1789621570.859419)  can0  201   [6]  0F 00 00 00 00 00
 (1789621570.869427)  can0  201   [6]  0F 00 00 00 00 00
 (1789621570.879418)  can0  201   [6]  0F 00 00 00 00 00
 (1789621570.889434)  can0  201   [6]  0F 00 00 00 00 00
 (1789621570.895582)  can0  181   [8]  27 14 27 14 00 00 00 00
 (1789621570.895711)  can0  281   [5]  03 00 00 00 00
 (1789621570.899435)  can0  201   [6]  0F 00 00 00 00 00
 (1789621570.909424)  can0  201   [6]  0F 00 00 00 00 00
 (1789621570.919421)  can0  201   [6]  0F 00 00 00 00 00
 (1789621570.929423)  can0  201   [6]  0F 00 00 00 00 00
 (1789621570.939430)  can0  201   [6]  0F 00 00 00 00 00
 (1789621570.945527)  can0  181   [8]  27 14 27 14 00 00 00 00
 (1789621570.945713)  can0  281   [5]  03 00 00 00 00
 (1789621570.949426)  can0  201   [6]  0F 00 00 00 00 00
 (1789621570.959418)  can0  201   [6]  0F 00 00 00 00 00
 (1789621570.969418)  can0  201   [6]  0F 00 00 00 00 00
 (1789621570.979419)  can0  201   [6]  0F 00 00 00 00 00
 (1789621570.989415)  can0  201   [6]  0F 00 00 00 00 00
 (1789621570.995471)  can0  181   [8]  27 14 27 14 00 00 00 00
 (1789621570.995663)  can0  281   [5]  03 00 00 00 00
 (1789621570.999421)  can0  201   [6]  0F 00 00 00 00 00
 (1789621571.009416)  can0  201   [6]  0F 00 00 00 00 00
 (1789621571.019418)  can0  201   [6]  0F 00 00 00 00 00
 (1789621571.029415)  can0  201   [6]  0F 00 00 00 00 00
 (1789621571.039417)  can0  201   [6]  0F 00 00 00 00 00
 (1789621571.045412)  can0  181   [8]  27 14 27 14 03 00 00 00
 (1789621571.045604)  can0  281   [5]  03 00 00 00 00
 (1789621571.049418)  can0  201   [6]  0F 00 00 00 00 00
 (1789621571.049688)  can0  201   [6]  06 00 00 00 00 00
 (1789621571.049992)  can0  601   [8]  23 FF 60 01 00 00 00 00
 (1789621571.050356)  can0  581   [8]  60 FF 60 01 00 00 00 00
 (1789621571.052430)  can0  601   [8]  40 FF 60 01 00 00 00 00
 (1789621571.052786)  can0  581   [8]  43 FF 60 01 00 00 00 00
 (1789621571.054443)  can0  601   [8]  23 FF 60 02 00 00 00 00
 (1789621571.054727)  can0  581   [8]  60 FF 60 02 00 00 00 00
 (1789621571.056432)  can0  601   [8]  40 FF 60 02 00 00 00 00
 (1789621571.056779)  can0  581   [8]  43 FF 60 02 00 00 00 00
 (1789621571.058436)  can0  601   [8]  2B 40 60 00 00 00 00 00
 (1789621571.058774)  can0  581   [8]  60 40 60 00 00 00 00 00
 (1789621571.060433)  can0  601   [8]  40 40 60 00 00 00 00 00
 (1789621571.060770)  can0  581   [8]  4B 40 60 00 00 00 00 00
 (1789621571.062433)  can0  601   [8]  40 41 60 00 00 00 00 00
 (1789621571.062757)  can0  581   [8]  43 41 60 00 60 14 60 14
 (1789621571.064436)  can0  601   [8]  40 6C 60 01 00 00 00 00
 (1789621571.064757)  can0  581   [8]  43 6C 60 01 FF FF FF FF
 (1789621571.078230)  can0  701   [1]  05
 (1789621571.095381)  can0  181   [8]  60 14 60 14 02 00 00 00
 (1789621571.095505)  can0  281   [5]  03 00 00 00 00
 (1789621571.145386)  can0  181   [8]  60 14 60 14 04 00 00 00
 (1789621571.145573)  can0  281   [5]  03 00 00 00 00
 (1789621571.195390)  can0  181   [8]  60 14 60 14 00 00 00 00
 (1789621571.195587)  can0  281   [5]  03 00 00 00 00
 (1789621571.245397)  can0  181   [8]  60 14 60 14 00 00 00 00
 (1789621571.245588)  can0  281   [5]  03 00 00 00 00
 (1789621571.295428)  can0  181   [8]  60 14 60 14 00 00 00 00
 (1789621571.295541)  can0  281   [5]  03 00 00 00 00
 (1789621571.327785)  can0  701   [1]  05
 (1789621571.345434)  can0  181   [8]  60 14 60 14 00 00 00 00
 (1789621571.345609)  can0  281   [5]  03 00 00 00 00
 (1789621571.395434)  can0  181   [8]  60 14 60 14 00 00 00 00
 (1789621571.395620)  can0  281   [5]  03 00 00 00 00
 (1789621571.445448)  can0  181   [8]  60 14 60 14 00 00 00 00
 (1789621571.445626)  can0  281   [5]  03 00 00 00 00
 (1789621571.495443)  can0  181   [8]  60 14 60 14 00 00 00 00
 (1789621571.495576)  can0  281   [5]  03 00 00 00 00
 (1789621571.545453)  can0  181   [8]  60 14 60 14 00 00 00 00
 (1789621571.545643)  can0  281   [5]  03 00 00 00 00
 (1789621571.577317)  can0  701   [1]  05
 (1789621571.595462)  can0  181   [8]  60 14 60 14 00 00 00 00
 (1789621571.595653)  can0  281   [5]  03 00 00 00 00
 (1789621571.645476)  can0  181   [8]  60 14 60 14 00 00 00 00
 (1789621571.645660)  can0  281   [5]  03 00 00 00 00
 (1789621571.695478)  can0  181   [8]  60 14 60 14 00 00 00 00
 (1789621571.695612)  can0  281   [5]  03 00 00 00 00
 (1789621571.745488)  can0  181   [8]  60 14 60 14 00 00 00 00
 (1789621571.745678)  can0  281   [5]  03 00 00 00 00
 (1789621571.795512)  can0  181   [8]  60 14 60 14 00 00 00 00
 (1789621571.795690)  can0  281   [5]  03 00 00 00 00
 (1789621571.826805)  can0  701   [1]  05
 (1789621571.845515)  can0  181   [8]  60 14 60 14 00 00 00 00
 (1789621571.845699)  can0  281   [5]  03 00 00 00 00
 (1789621571.895523)  can0  181   [8]  60 14 60 14 00 00 00 00
 (1789621571.895648)  can0  281   [5]  03 00 00 00 00
 (1789621571.945535)  can0  181   [8]  60 14 60 14 00 00 00 00
 (1789621571.945715)  can0  281   [5]  03 00 00 00 00
 (1789621571.995534)  can0  181   [8]  60 14 60 14 00 00 00 00
 (1789621571.995724)  can0  281   [5]  03 00 00 00 00
 (1789621572.045539)  can0  181   [8]  60 14 60 14 00 00 00 00
 (1789621572.045732)  can0  281   [5]  03 00 00 00 00
 (1789621572.076341)  can0  701   [1]  05
 (1789621572.095547)  can0  181   [8]  60 14 60 14 00 00 00 00
 (1789621572.095681)  can0  281   [5]  03 00 00 00 00
