 (1789554950.360416)  can0  601   [8]  40 41 60 00 00 00 00 00
 (1789554950.360751)  can0  581   [8]  43 41 60 00 00 14 00 14
 (1789554950.362318)  can0  601   [8]  40 60 60 00 00 00 00 00
 (1789554950.362570)  can0  581   [8]  4F 60 60 00 03 00 00 00
 (1789554950.364319)  can0  601   [8]  40 61 60 00 00 00 00 00
 (1789554950.364678)  can0  581   [8]  4F 61 60 00 03 00 00 00
 (1789554950.366306)  can0  601   [8]  40 3F 60 00 00 00 00 00
 (1789554950.366619)  can0  581   [8]  43 3F 60 00 00 00 00 00
 (1789554950.368302)  can0  601   [8]  40 FF 60 01 00 00 00 00
 (1789554950.368615)  can0  581   [8]  43 FF 60 01 00 00 00 00
 (1789554950.370302)  can0  601   [8]  40 FF 60 02 00 00 00 00
 (1789554950.370668)  can0  581   [8]  43 FF 60 02 00 00 00 00
 (1789554950.372304)  can0  601   [8]  40 6C 60 01 00 00 00 00
 (1789554950.372607)  can0  581   [8]  43 6C 60 01 00 00 00 00
 (1789554950.374300)  can0  601   [8]  40 6C 60 02 00 00 00 00
 (1789554950.374600)  can0  581   [8]  43 6C 60 02 00 00 00 00
 (1789554950.376246)  can0  601   [8]  40 6C 60 03 00 00 00 00
 (1789554950.376652)  can0  581   [8]  43 6C 60 03 00 00 00 00
 (1789554950.378305)  can0  601   [8]  40 17 10 00 00 00 00 00
 (1789554950.378651)  can0  581   [8]  4B 17 10 00 00 00 00 00
 (1789554950.380305)  can0  601   [8]  40 00 18 01 00 00 00 00
 (1789554950.380646)  can0  581   [8]  43 00 18 01 81 01 00 00
 (1789554950.382303)  can0  601   [8]  40 00 18 02 00 00 00 00
 (1789554950.382585)  can0  581   [8]  4F 00 18 02 FF 00 00 00
 (1789554950.384303)  can0  601   [8]  40 00 18 05 00 00 00 00
 (1789554950.384639)  can0  581   [8]  4B 00 18 05 64 00 00 00
 (1789554950.386304)  can0  601   [8]  40 00 1A 00 00 00 00 00
 (1789554950.386639)  can0  581   [8]  4F 00 1A 00 02 00 00 00
 (1789554950.388244)  can0  601   [8]  40 00 1A 01 00 00 00 00
 (1789554950.388568)  can0  581   [8]  43 00 1A 01 20 00 41 60
 (1789554950.390307)  can0  601   [8]  40 00 1A 02 00 00 00 00
 (1789554950.390621)  can0  581   [8]  43 00 1A 02 20 03 6C 60
 (1789554950.392303)  can0  601   [8]  40 01 18 01 00 00 00 00
 (1789554950.392562)  can0  581   [8]  43 01 18 01 81 02 00 00
 (1789554950.394304)  can0  601   [8]  40 01 18 02 00 00 00 00
 (1789554950.394617)  can0  581   [8]  4F 01 18 02 FF 00 00 00
 (1789554950.396302)  can0  601   [8]  40 01 18 05 00 00 00 00
 (1789554950.396611)  can0  581   [8]  4B 01 18 05 00 00 00 00
 (1789554950.398305)  can0  601   [8]  40 01 1A 00 00 00 00 00
 (1789554950.398666)  can0  581   [8]  4F 01 1A 00 00 00 00 00
 (1789554950.400305)  can0  601   [8]  40 01 1A 01 00 00 00 00
 (1789554950.400605)  can0  581   [8]  43 01 1A 01 00 00 00 00
 (1789554950.402244)  can0  601   [8]  40 01 1A 02 00 00 00 00
 (1789554950.402600)  can0  581   [8]  43 01 1A 02 00 00 00 00
 (1789554950.404308)  can0  601   [8]  2B 17 10 00 F4 01 00 00
 (1789554950.404663)  can0  581   [8]  60 17 10 00 00 00 00 00
 (1789554950.406309)  can0  601   [8]  40 17 10 00 00 00 00 00
 (1789554950.406646)  can0  581   [8]  4B 17 10 00 F4 01 00 00
 (1789554950.408140)  can0  000   [2]  80 01
 (1789554950.654102)  can0  701   [1]  7F
 (1789554950.656339)  can0  601   [8]  23 01 18 01 81 02 00 80
 (1789554950.656667)  can0  581   [8]  60 01 18 01 00 00 00 00
 (1789554950.658309)  can0  601   [8]  40 01 18 01 00 00 00 00
 (1789554950.658640)  can0  581   [8]  43 01 18 01 81 02 00 80
 (1789554950.660311)  can0  601   [8]  2F 01 1A 00 00 00 00 00
 (1789554950.660638)  can0  581   [8]  60 01 1A 00 00 00 00 00
 (1789554950.662304)  can0  601   [8]  40 01 1A 00 00 00 00 00
 (1789554950.662633)  can0  581   [8]  4F 01 1A 00 00 00 00 00
 (1789554950.664296)  can0  601   [8]  23 01 1A 01 08 00 61 60
 (1789554950.664626)  can0  581   [8]  60 01 1A 01 00 00 00 00
 (1789554950.666304)  can0  601   [8]  40 01 1A 01 00 00 00 00
 (1789554950.666617)  can0  581   [8]  43 01 1A 01 08 00 61 60
 (1789554950.668303)  can0  601   [8]  23 01 1A 02 20 00 3F 60
 (1789554950.668560)  can0  581   [8]  60 01 1A 02 00 00 00 00
 (1789554950.670301)  can0  601   [8]  40 01 1A 02 00 00 00 00
 (1789554950.670607)  can0  581   [8]  43 01 1A 02 20 00 3F 60
 (1789554950.672304)  can0  601   [8]  2F 01 1A 00 02 00 00 00
 (1789554950.672622)  can0  581   [8]  60 01 1A 00 00 00 00 00
 (1789554950.674308)  can0  601   [8]  40 01 1A 00 00 00 00 00
 (1789554950.674667)  can0  581   [8]  4F 01 1A 00 02 00 00 00
 (1789554950.676303)  can0  601   [8]  2B 01 18 05 64 00 00 00
 (1789554950.676663)  can0  581   [8]  60 01 18 05 00 00 00 00
 (1789554950.678300)  can0  601   [8]  40 01 18 05 00 00 00 00
 (1789554950.678653)  can0  581   [8]  4B 01 18 05 64 00 00 00
 (1789554950.680304)  can0  601   [8]  23 01 18 01 81 02 00 00
 (1789554950.680599)  can0  581   [8]  60 01 18 01 00 00 00 00
 (1789554950.682244)  can0  601   [8]  40 01 18 01 00 00 00 00
 (1789554950.682588)  can0  581   [8]  43 01 18 01 81 02 00 00
 (1789554950.684194)  can0  000   [2]  01 01
 (1789554950.684578)  can0  181   [8]  00 14 00 14 00 00 00 00
 (1789554950.684770)  can0  281   [5]  03 00 00 00 00
 (1789554950.684818)  can0  381   [0] 
 (1789554950.684970)  can0  481   [0] 
 (1789554950.734546)  can0  181   [8]  00 14 00 14 00 00 00 00
 (1789554950.734677)  can0  281   [5]  03 00 00 00 00
 (1789554950.784549)  can0  181   [8]  00 14 00 14 00 00 00 00
 (1789554950.784745)  can0  281   [5]  03 00 00 00 00
 (1789554950.834555)  can0  181   [8]  00 14 00 14 00 00 00 00
 (1789554950.834746)  can0  281   [5]  03 00 00 00 00
 (1789554950.884569)  can0  181   [8]  00 14 00 14 00 00 00 00
 (1789554950.884757)  can0  281   [5]  03 00 00 00 00
 (1789554950.903646)  can0  701   [1]  05
 (1789554950.934576)  can0  181   [8]  00 14 00 14 00 00 00 00
 (1789554950.934769)  can0  281   [5]  03 00 00 00 00
 (1789554950.984587)  can0  181   [8]  00 14 00 14 00 00 00 00
 (1789554950.984776)  can0  281   [5]  03 00 00 00 00
 (1789554951.034611)  can0  181   [8]  00 14 00 14 00 00 00 00
 (1789554951.034733)  can0  281   [5]  03 00 00 00 00
 (1789554951.084619)  can0  181   [8]  00 14 00 14 00 00 00 00
 (1789554951.084743)  can0  281   [5]  03 00 00 00 00
 (1789554951.134632)  can0  181   [8]  00 14 00 14 00 00 00 00
 (1789554951.134754)  can0  281   [5]  03 00 00 00 00
 (1789554951.153208)  can0  701   [1]  05
 (1789554951.184636)  can0  181   [8]  00 14 00 14 00 00 00 00
 (1789554951.184825)  can0  281   [5]  03 00 00 00 00
 (1789554951.234644)  can0  181   [8]  00 14 00 14 00 00 00 00
 (1789554951.234835)  can0  281   [5]  03 00 00 00 00
 (1789554951.284661)  can0  181   [8]  00 14 00 14 00 00 00 00
 (1789554951.284847)  can0  281   [5]  03 00 00 00 00
 (1789554951.334668)  can0  181   [8]  00 14 00 14 00 00 00 00
 (1789554951.334801)  can0  281   [5]  03 00 00 00 00
 (1789554951.384684)  can0  181   [8]  00 14 00 14 00 00 00 00
 (1789554951.384882)  can0  281   [5]  03 00 00 00 00
 (1789554951.402712)  can0  701   [1]  05
 (1789554951.434698)  can0  181   [8]  00 14 00 14 00 00 00 00
 (1789554951.434823)  can0  281   [5]  03 00 00 00 00
 (1789554951.484713)  can0  181   [8]  00 14 00 14 00 00 00 00
 (1789554951.484834)  can0  281   [5]  03 00 00 00 00
 (1789554951.534717)  can0  181   [8]  00 14 00 14 00 00 00 00
 (1789554951.534916)  can0  281   [5]  03 00 00 00 00
 (1789554951.584724)  can0  181   [8]  00 14 00 14 00 00 00 00
 (1789554951.584916)  can0  281   [5]  03 00 00 00 00
 (1789554951.634740)  can0  181   [8]  00 14 00 14 00 00 00 00
 (1789554951.634926)  can0  281   [5]  03 00 00 00 00
 (1789554951.652255)  can0  701   [1]  05
 (1789554951.684742)  can0  181   [8]  00 14 00 14 00 00 00 00
 (1789554951.684938)  can0  281   [5]  03 00 00 00 00
 (1789554951.734755)  can0  181   [8]  00 14 00 14 00 00 00 00
 (1789554951.734947)  can0  281   [5]  03 00 00 00 00
 (1789554951.784777)  can0  181   [8]  00 14 00 14 00 00 00 00
 (1789554951.784901)  can0  281   [5]  03 00 00 00 00
 (1789554951.834788)  can0  181   [8]  00 14 00 14 00 00 00 00
 (1789554951.834914)  can0  281   [5]  03 00 00 00 00
 (1789554951.884798)  can0  181   [8]  00 14 00 14 00 00 00 00
 (1789554951.884930)  can0  281   [5]  03 00 00 00 00
 (1789554951.901819)  can0  701   [1]  05
 (1789554951.934802)  can0  181   [8]  00 14 00 14 00 00 00 00
 (1789554951.934995)  can0  281   [5]  03 00 00 00 00
 (1789554951.984814)  can0  181   [8]  00 14 00 14 00 00 00 00
 (1789554951.985006)  can0  281   [5]  03 00 00 00 00
 (1789554952.034826)  can0  181   [8]  00 14 00 14 00 00 00 00
 (1789554952.035016)  can0  281   [5]  03 00 00 00 00
 (1789554952.084836)  can0  181   [8]  00 14 00 14 00 00 00 00
 (1789554952.085026)  can0  281   [5]  03 00 00 00 00
 (1789554952.134854)  can0  181   [8]  00 14 00 14 00 00 00 00
 (1789554952.135042)  can0  281   [5]  03 00 00 00 00
 (1789554952.151306)  can0  701   [1]  05
 (1789554952.184863)  can0  181   [8]  00 14 00 14 00 00 00 00
 (1789554952.185050)  can0  281   [5]  03 00 00 00 00
 (1789554952.234869)  can0  181   [8]  00 14 00 14 00 00 00 00
 (1789554952.235059)  can0  281   [5]  03 00 00 00 00
 (1789554952.284886)  can0  181   [8]  00 14 00 14 00 00 00 00
 (1789554952.285015)  can0  281   [5]  03 00 00 00 00
 (1789554952.334891)  can0  181   [8]  00 14 00 14 00 00 00 00
 (1789554952.335083)  can0  281   [5]  03 00 00 00 00
 (1789554952.384902)  can0  181   [8]  00 14 00 14 00 00 00 00
 (1789554952.385092)  can0  281   [5]  03 00 00 00 00
 (1789554952.400871)  can0  701   [1]  05
 (1789554952.434920)  can0  181   [8]  00 14 00 14 00 00 00 00
 (1789554952.435051)  can0  281   [5]  03 00 00 00 00
 (1789554952.484938)  can0  181   [8]  00 14 00 14 00 00 00 00
 (1789554952.485058)  can0  281   [5]  03 00 00 00 00
 (1789554952.534943)  can0  181   [8]  00 14 00 14 00 00 00 00
 (1789554952.535080)  can0  281   [5]  03 00 00 00 00
 (1789554952.584956)  can0  181   [8]  00 14 00 14 00 00 00 00
 (1789554952.585140)  can0  281   [5]  03 00 00 00 00
 (1789554952.634957)  can0  181   [8]  00 14 00 14 00 00 00 00
 (1789554952.635151)  can0  281   [5]  03 00 00 00 00
 (1789554952.650429)  can0  701   [1]  05
 (1789554952.684973)  can0  181   [8]  00 14 00 14 00 00 00 00
 (1789554952.685163)  can0  281   [5]  03 00 00 00 00
 (1789554952.734982)  can0  181   [8]  00 14 00 14 00 00 00 00
 (1789554952.735175)  can0  281   [5]  03 00 00 00 00
 (1789554952.785000)  can0  181   [8]  00 14 00 14 00 00 00 00
 (1789554952.785196)  can0  281   [5]  03 00 00 00 00
 (1789554952.835017)  can0  181   [8]  00 14 00 14 00 00 00 00
 (1789554952.835138)  can0  281   [5]  03 00 00 00 00
 (1789554952.885035)  can0  181   [8]  00 14 00 14 00 00 00 00
 (1789554952.885149)  can0  281   [5]  03 00 00 00 00
 (1789554952.899922)  can0  701   [1]  05
 (1789554952.909224)  can0  000   [2]  80 01
 (1789554953.149481)  can0  701   [1]  7F
 (1789554953.151318)  can0  601   [8]  23 01 18 01 81 02 00 80
 (1789554953.151660)  can0  581   [8]  60 01 18 01 00 00 00 00
 (1789554953.153304)  can0  601   [8]  40 01 18 01 00 00 00 00
 (1789554953.153648)  can0  581   [8]  43 01 18 01 81 02 00 80
 (1789554953.155304)  can0  601   [8]  2F 01 1A 00 00 00 00 00
 (1789554953.155594)  can0  581   [8]  60 01 1A 00 00 00 00 00
 (1789554953.157304)  can0  601   [8]  40 01 1A 00 00 00 00 00
 (1789554953.157644)  can0  581   [8]  4F 01 1A 00 00 00 00 00
 (1789554953.159304)  can0  601   [8]  23 01 1A 01 00 00 00 00
 (1789554953.159639)  can0  581   [8]  60 01 1A 01 00 00 00 00
 (1789554953.161300)  can0  601   [8]  40 01 1A 01 00 00 00 00
 (1789554953.161630)  can0  581   [8]  43 01 1A 01 00 00 00 00
 (1789554953.163303)  can0  601   [8]  23 01 1A 02 00 00 00 00
 (1789554953.163629)  can0  581   [8]  60 01 1A 02 00 00 00 00
 (1789554953.165297)  can0  601   [8]  40 01 1A 02 00 00 00 00
 (1789554953.165566)  can0  581   [8]  43 01 1A 02 00 00 00 00
 (1789554953.167308)  can0  601   [8]  2B 01 18 05 00 00 00 00
 (1789554953.167566)  can0  581   [8]  60 01 18 05 00 00 00 00
 (1789554953.169241)  can0  601   [8]  40 01 18 05 00 00 00 00
 (1789554953.169557)  can0  581   [8]  4B 01 18 05 00 00 00 00
 (1789554953.171301)  can0  601   [8]  23 01 18 01 81 02 00 00
 (1789554953.171558)  can0  581   [8]  60 01 18 01 00 00 00 00
 (1789554953.173299)  can0  601   [8]  40 01 18 01 00 00 00 00
 (1789554953.173609)  can0  581   [8]  43 01 18 01 81 02 00 00
 (1789554953.175306)  can0  601   [8]  40 41 60 00 00 00 00 00
 (1789554953.175661)  can0  581   [8]  43 41 60 00 00 14 00 14
 (1789554953.177306)  can0  601   [8]  40 60 60 00 00 00 00 00
 (1789554953.177660)  can0  581   [8]  4F 60 60 00 03 00 00 00
 (1789554953.179309)  can0  601   [8]  40 61 60 00 00 00 00 00
 (1789554953.179596)  can0  581   [8]  4F 61 60 00 03 00 00 00
 (1789554953.181304)  can0  601   [8]  40 3F 60 00 00 00 00 00
 (1789554953.181651)  can0  581   [8]  43 3F 60 00 00 00 00 00
 (1789554953.183302)  can0  601   [8]  40 FF 60 01 00 00 00 00
 (1789554953.183652)  can0  581   [8]  43 FF 60 01 00 00 00 00
 (1789554953.185249)  can0  601   [8]  40 FF 60 02 00 00 00 00
 (1789554953.185589)  can0  581   [8]  43 FF 60 02 00 00 00 00
 (1789554953.187304)  can0  601   [8]  40 6C 60 01 00 00 00 00
 (1789554953.187636)  can0  581   [8]  43 6C 60 01 00 00 00 00
 (1789554953.189305)  can0  601   [8]  40 6C 60 02 00 00 00 00
 (1789554953.189575)  can0  581   [8]  43 6C 60 02 00 00 00 00
 (1789554953.191305)  can0  601   [8]  40 6C 60 03 00 00 00 00
 (1789554953.191629)  can0  581   [8]  43 6C 60 03 00 00 00 00
 (1789554953.193308)  can0  601   [8]  40 00 18 01 00 00 00 00
 (1789554953.193626)  can0  581   [8]  43 00 18 01 81 01 00 00
 (1789554953.195304)  can0  601   [8]  40 00 18 02 00 00 00 00
 (1789554953.195564)  can0  581   [8]  4F 00 18 02 FF 00 00 00
 (1789554953.197312)  can0  601   [8]  40 00 18 05 00 00 00 00
 (1789554953.197560)  can0  581   [8]  4B 00 18 05 64 00 00 00
 (1789554953.199249)  can0  601   [8]  40 00 1A 00 00 00 00 00
 (1789554953.199565)  can0  581   [8]  4F 00 1A 00 02 00 00 00
 (1789554953.201304)  can0  601   [8]  40 00 1A 01 00 00 00 00
 (1789554953.201664)  can0  581   [8]  43 00 1A 01 20 00 41 60
 (1789554953.203309)  can0  601   [8]  40 00 1A 02 00 00 00 00
 (1789554953.203657)  can0  581   [8]  43 00 1A 02 20 03 6C 60
 (1789554953.205304)  can0  601   [8]  40 01 18 01 00 00 00 00
 (1789554953.205600)  can0  581   [8]  43 01 18 01 81 02 00 00
 (1789554953.207303)  can0  601   [8]  40 01 18 02 00 00 00 00
 (1789554953.207655)  can0  581   [8]  4F 01 18 02 FF 00 00 00
 (1789554953.209300)  can0  601   [8]  40 01 18 05 00 00 00 00
 (1789554953.209592)  can0  581   [8]  4B 01 18 05 00 00 00 00
 (1789554953.211308)  can0  601   [8]  40 01 1A 00 00 00 00 00
 (1789554953.211590)  can0  581   [8]  4F 01 1A 00 00 00 00 00
 (1789554953.213306)  can0  601   [8]  40 01 1A 01 00 00 00 00
 (1789554953.213637)  can0  581   [8]  43 01 1A 01 00 00 00 00
 (1789554953.215247)  can0  601   [8]  40 01 1A 02 00 00 00 00
 (1789554953.215576)  can0  581   [8]  43 01 1A 02 00 00 00 00
 (1789554953.217307)  can0  601   [8]  2B 17 10 00 00 00 00 00
 (1789554953.217636)  can0  581   [8]  60 17 10 00 00 00 00 00
 (1789554953.219301)  can0  601   [8]  40 17 10 00 00 00 00 00
 (1789554953.219570)  can0  581   [8]  4B 17 10 00 00 00 00 00
