 (1789114421.804755)  can0  601   [8]  40 17 10 00 00 00 00 00
 (1789114421.805066)  can0  581   [8]  4B 17 10 00 00 00 00 00
 (1789114421.806668)  can0  601   [8]  2B 17 10 00 F4 01 00 00
 (1789114421.807020)  can0  581   [8]  60 17 10 00 00 00 00 00
 (1789114421.808647)  can0  601   [8]  40 17 10 00 00 00 00 00
 (1789114421.808895)  can0  581   [8]  4B 17 10 00 F4 01 00 00
 (1789114422.056439)  can0  701   [1]  7F
 (1789114422.057663)  can0  601   [8]  40 00 18 01 00 00 00 00
 (1789114422.057941)  can0  581   [8]  43 00 18 01 81 01 00 00
 (1789114422.059673)  can0  601   [8]  40 00 18 02 00 00 00 00
 (1789114422.059937)  can0  581   [8]  4F 00 18 02 FF 00 00 00
 (1789114422.061656)  can0  601   [8]  40 00 18 05 00 00 00 00
 (1789114422.061932)  can0  581   [8]  4B 00 18 05 64 00 00 00
 (1789114422.063595)  can0  601   [8]  40 00 1A 00 00 00 00 00
 (1789114422.063929)  can0  581   [8]  4F 00 1A 00 02 00 00 00
 (1789114422.065651)  can0  601   [8]  40 00 1A 01 00 00 00 00
 (1789114422.065918)  can0  581   [8]  43 00 1A 01 20 00 41 60
 (1789114422.067695)  can0  601   [8]  40 00 1A 02 00 00 00 00
 (1789114422.068029)  can0  581   [8]  43 00 1A 02 20 03 6C 60
 (1789114422.069651)  can0  601   [8]  40 60 60 00 00 00 00 00
 (1789114422.069912)  can0  581   [8]  4F 60 60 00 03 00 00 00
 (1789114422.071650)  can0  601   [8]  40 61 60 00 00 00 00 00
 (1789114422.071906)  can0  581   [8]  4F 61 60 00 03 00 00 00
 (1789114422.073592)  can0  601   [8]  40 FF 60 01 00 00 00 00
 (1789114422.073905)  can0  581   [8]  43 FF 60 01 00 00 00 00
 (1789114422.075655)  can0  601   [8]  40 FF 60 02 00 00 00 00
 (1789114422.075969)  can0  581   [8]  43 FF 60 02 00 00 00 00
 (1789114422.077597)  can0  601   [8]  40 3F 60 00 00 00 00 00
 (1789114422.077959)  can0  581   [8]  43 3F 60 00 00 00 00 00
 (1789114422.079658)  can0  601   [8]  40 6C 60 01 00 00 00 00
 (1789114422.080012)  can0  581   [8]  43 6C 60 01 00 00 00 00
 (1789114422.081653)  can0  601   [8]  40 6C 60 02 00 00 00 00
 (1789114422.082002)  can0  581   [8]  43 6C 60 02 00 00 00 00
 (1789114422.083651)  can0  601   [8]  40 6C 60 03 00 00 00 00
 (1789114422.083940)  can0  581   [8]  43 6C 60 03 00 00 00 00
 (1789114422.085727)  can0  601   [8]  23 FF 60 01 00 00 00 00
 (1789114422.086071)  can0  581   [8]  60 FF 60 01 00 00 00 00
 (1789114422.087652)  can0  601   [8]  40 FF 60 01 00 00 00 00
 (1789114422.087935)  can0  581   [8]  43 FF 60 01 00 00 00 00
 (1789114422.089663)  can0  601   [8]  23 FF 60 02 00 00 00 00
 (1789114422.089931)  can0  581   [8]  60 FF 60 02 00 00 00 00
 (1789114422.091592)  can0  601   [8]  40 FF 60 02 00 00 00 00
 (1789114422.091929)  can0  581   [8]  43 FF 60 02 00 00 00 00
 (1789114422.093494)  can0  000   [2]  01 01
 (1789114422.093867)  can0  181   [8]  07 14 07 14 00 00 00 00
 (1789114422.093973)  can0  281   [0] 
 (1789114422.094067)  can0  381   [0] 
 (1789114422.094165)  can0  481   [0] 
 (1789114422.143926)  can0  181   [8]  07 14 07 14 00 00 00 00
 (1789114422.193872)  can0  181   [8]  07 14 07 14 00 00 00 00
 (1789114422.243821)  can0  181   [8]  07 14 07 14 00 00 00 00
 (1789114422.293767)  can0  181   [8]  07 14 07 14 00 00 00 00
 (1789114422.305985)  can0  701   [1]  05
 (1789114422.307657)  can0  601   [8]  2F 60 60 00 03 00 00 00
 (1789114422.307984)  can0  581   [8]  60 60 60 00 00 00 00 00
 (1789114422.309651)  can0  601   [8]  40 61 60 00 00 00 00 00
 (1789114422.309973)  can0  581   [8]  4F 61 60 00 03 00 00 00
 (1789114422.311697)  can0  601   [8]  40 6C 60 01 00 00 00 00
 (1789114422.312030)  can0  581   [8]  43 6C 60 01 00 00 00 00
 (1789114422.313644)  can0  601   [8]  40 6C 60 02 00 00 00 00
 (1789114422.313970)  can0  581   [8]  43 6C 60 02 00 00 00 00
 (1789114422.315656)  can0  601   [8]  40 6C 60 03 00 00 00 00
 (1789114422.315906)  can0  581   [8]  43 6C 60 03 00 00 00 00
 (1789114422.317666)  can0  601   [8]  2B 40 60 00 00 00 00 00
 (1789114422.318029)  can0  581   [8]  60 40 60 00 00 00 00 00
 (1789114422.343773)  can0  181   [8]  40 14 40 14 00 00 00 00
 (1789114422.345666)  can0  601   [8]  40 6C 60 01 00 00 00 00
 (1789114422.346016)  can0  581   [8]  43 6C 60 01 00 00 00 00
 (1789114422.347650)  can0  601   [8]  40 6C 60 02 00 00 00 00
 (1789114422.347950)  can0  581   [8]  43 6C 60 02 00 00 00 00
 (1789114422.349658)  can0  601   [8]  40 6C 60 03 00 00 00 00
 (1789114422.349948)  can0  581   [8]  43 6C 60 03 00 00 00 00
 (1789114422.351666)  can0  601   [8]  2B 40 60 00 06 00 00 00
 (1789114422.352011)  can0  581   [8]  60 40 60 00 00 00 00 00
 (1789114422.393717)  can0  181   [8]  21 14 21 14 00 00 00 00
 (1789114422.395660)  can0  601   [8]  40 6C 60 01 00 00 00 00
 (1789114422.395967)  can0  581   [8]  43 6C 60 01 00 00 00 00
 (1789114422.397648)  can0  601   [8]  40 6C 60 02 00 00 00 00
 (1789114422.397900)  can0  581   [8]  43 6C 60 02 00 00 00 00
 (1789114422.399656)  can0  601   [8]  40 6C 60 03 00 00 00 00
 (1789114422.400013)  can0  581   [8]  43 6C 60 03 00 00 00 00
 (1789114422.401661)  can0  601   [8]  2B 40 60 00 07 00 00 00
 (1789114422.401959)  can0  581   [8]  60 40 60 00 00 00 00 00
 (1789114422.443657)  can0  181   [8]  23 14 23 14 00 00 00 00
 (1789114422.445661)  can0  601   [8]  40 6C 60 01 00 00 00 00
 (1789114422.445964)  can0  581   [8]  43 6C 60 01 00 00 00 00
 (1789114422.447656)  can0  601   [8]  40 6C 60 02 00 00 00 00
 (1789114422.447961)  can0  581   [8]  43 6C 60 02 00 00 00 00
 (1789114422.449658)  can0  601   [8]  40 6C 60 03 00 00 00 00
 (1789114422.449965)  can0  581   [8]  43 6C 60 03 00 00 00 00
 (1789114422.451660)  can0  601   [8]  2B 40 60 00 0F 00 00 00
 (1789114422.451972)  can0  581   [8]  60 40 60 00 00 00 00 00
 (1789114422.493603)  can0  181   [8]  27 14 27 14 00 00 00 00
 (1789114422.495655)  can0  601   [8]  40 6C 60 01 00 00 00 00
 (1789114422.495974)  can0  581   [8]  43 6C 60 01 00 00 00 00
 (1789114422.497654)  can0  601   [8]  40 6C 60 02 00 00 00 00
 (1789114422.497911)  can0  581   [8]  43 6C 60 02 00 00 00 00
 (1789114422.499650)  can0  601   [8]  40 6C 60 03 00 00 00 00
 (1789114422.499964)  can0  581   [8]  43 6C 60 03 00 00 00 00
 (1789114422.501655)  can0  601   [8]  23 FF 60 01 00 00 00 00
 (1789114422.501965)  can0  581   [8]  60 FF 60 01 00 00 00 00
 (1789114422.503645)  can0  601   [8]  40 FF 60 01 00 00 00 00
 (1789114422.503959)  can0  581   [8]  43 FF 60 01 00 00 00 00
 (1789114422.505661)  can0  601   [8]  23 FF 60 02 00 00 00 00
 (1789114422.505971)  can0  581   [8]  60 FF 60 02 00 00 00 00
 (1789114422.507647)  can0  601   [8]  40 FF 60 02 00 00 00 00
 (1789114422.507959)  can0  581   [8]  43 FF 60 02 00 00 00 00
 (1789114422.509664)  can0  601   [8]  2B 40 60 00 06 00 00 00
 (1789114422.510012)  can0  581   [8]  60 40 60 00 00 00 00 00
 (1789114422.543559)  can0  181   [8]  21 14 21 14 00 00 00 00
 (1789114422.545656)  can0  601   [8]  40 6C 60 01 00 00 00 00
 (1789114422.545989)  can0  581   [8]  43 6C 60 01 00 00 00 00
 (1789114422.547647)  can0  601   [8]  40 6C 60 02 00 00 00 00
 (1789114422.547985)  can0  581   [8]  43 6C 60 02 00 00 00 00
 (1789114422.549649)  can0  601   [8]  40 6C 60 03 00 00 00 00
 (1789114422.549982)  can0  581   [8]  43 6C 60 03 00 00 00 00
 (1789114422.551540)  can0  000   [2]  80 01
 (1789114422.555472)  can0  701   [1]  7F
 (1789114422.557655)  can0  601   [8]  2B 17 10 00 00 00 00 00
 (1789114422.557969)  can0  581   [8]  60 17 10 00 00 00 00 00
 (1789114422.559642)  can0  601   [8]  40 17 10 00 00 00 00 00
 (1789114422.559960)  can0  581   [8]  4B 17 10 00 00 00 00 00
