 (1788945726.459071)  can0  601   [8]  40 17 10 00 00 00 00 00
 (1788945726.459419)  can0  581   [8]  4B 17 10 00 00 00 00 00
 (1788945726.460918)  can0  601   [8]  2B 17 10 00 F4 01 00 00
 (1788945726.461237)  can0  581   [8]  60 17 10 00 00 00 00 00
 (1788945726.462906)  can0  601   [8]  40 17 10 00 00 00 00 00
 (1788945726.463222)  can0  581   [8]  4B 17 10 00 F4 01 00 00
 (1788945726.710665)  can0  701   [1]  7F
 (1788945726.712912)  can0  601   [8]  40 60 60 00 00 00 00 00
 (1788945726.713223)  can0  581   [8]  4F 60 60 00 03 00 00 00
 (1788945726.714908)  can0  601   [8]  40 61 60 00 00 00 00 00
 (1788945726.715218)  can0  581   [8]  4F 61 60 00 03 00 00 00
 (1788945726.716908)  can0  601   [8]  40 FF 60 01 00 00 00 00
 (1788945726.717272)  can0  581   [8]  43 FF 60 01 00 00 00 00
 (1788945726.718912)  can0  601   [8]  40 FF 60 02 00 00 00 00
 (1788945726.719271)  can0  581   [8]  43 FF 60 02 00 00 00 00
 (1788945726.720910)  can0  601   [8]  40 3F 60 00 00 00 00 00
 (1788945726.721265)  can0  581   [8]  43 3F 60 00 00 00 00 00
 (1788945726.722911)  can0  601   [8]  40 6C 60 01 00 00 00 00
 (1788945726.723257)  can0  581   [8]  43 6C 60 01 00 00 00 00
 (1788945726.724907)  can0  601   [8]  40 6C 60 02 00 00 00 00
 (1788945726.725251)  can0  581   [8]  43 6C 60 02 00 00 00 00
 (1788945726.726909)  can0  601   [8]  40 6C 60 03 00 00 00 00
 (1788945726.727247)  can0  581   [8]  43 6C 60 03 00 00 00 00
 (1788945726.728912)  can0  601   [8]  40 0F 20 00 00 00 00 00
 (1788945726.729245)  can0  581   [8]  4B 0F 20 00 01 00 00 00
 (1788945726.730912)  can0  601   [8]  2B 0F 20 00 00 00 00 00
 (1788945726.731243)  can0  581   [8]  60 0F 20 00 00 00 00 00
 (1788945726.732912)  can0  601   [8]  40 0F 20 00 00 00 00 00
 (1788945726.733237)  can0  581   [8]  4B 0F 20 00 00 00 00 00
 (1788945726.734916)  can0  601   [8]  23 FF 60 01 00 00 00 00
 (1788945726.735234)  can0  581   [8]  60 FF 60 01 00 00 00 00
 (1788945726.736907)  can0  601   [8]  40 FF 60 01 00 00 00 00
 (1788945726.737228)  can0  581   [8]  43 FF 60 01 00 00 00 00
 (1788945726.738917)  can0  601   [8]  23 FF 60 02 00 00 00 00
 (1788945726.739281)  can0  581   [8]  60 FF 60 02 00 00 00 00
 (1788945726.740909)  can0  601   [8]  40 FF 60 02 00 00 00 00
 (1788945726.741224)  can0  581   [8]  43 FF 60 02 00 00 00 00
 (1788945726.742802)  can0  000   [2]  01 01
 (1788945726.743208)  can0  181   [8]  21 14 21 14 00 00 00 00
 (1788945726.743308)  can0  281   [0] 
 (1788945726.743408)  can0  381   [0] 
 (1788945726.743505)  can0  481   [0] 
 (1788945726.793159)  can0  181   [8]  21 14 21 14 00 00 00 00
 (1788945726.843171)  can0  181   [8]  21 14 21 14 00 00 00 00
 (1788945726.893181)  can0  181   [8]  21 14 21 14 00 00 00 00
 (1788945726.943193)  can0  181   [8]  21 14 21 14 00 00 00 00
 (1788945726.960218)  can0  701   [1]  05
 (1788945726.961912)  can0  601   [8]  2F 60 60 00 03 00 00 00
 (1788945726.962279)  can0  581   [8]  60 60 60 00 00 00 00 00
 (1788945726.963914)  can0  601   [8]  40 61 60 00 00 00 00 00
 (1788945726.964269)  can0  581   [8]  4F 61 60 00 03 00 00 00
 (1788945726.965915)  can0  601   [8]  2B 40 60 00 06 00 00 00
 (1788945726.966272)  can0  581   [8]  60 40 60 00 00 00 00 00
 (1788945726.993203)  can0  181   [8]  21 14 21 14 00 00 00 00
 (1788945726.994913)  can0  601   [8]  40 6C 60 01 00 00 00 00
 (1788945726.995261)  can0  581   [8]  43 6C 60 01 00 00 00 00
 (1788945726.996907)  can0  601   [8]  40 6C 60 02 00 00 00 00
 (1788945726.997256)  can0  581   [8]  43 6C 60 02 00 00 00 00
 (1788945726.998909)  can0  601   [8]  40 6C 60 03 00 00 00 00
 (1788945726.999252)  can0  581   [8]  43 6C 60 03 00 00 00 00
 (1788945727.000913)  can0  601   [8]  2B 40 60 00 07 00 00 00
 (1788945727.001254)  can0  581   [8]  60 40 60 00 00 00 00 00
 (1788945727.043207)  can0  181   [8]  23 14 23 14 00 00 00 00
 (1788945727.044911)  can0  601   [8]  40 6C 60 01 00 00 00 00
 (1788945727.045216)  can0  581   [8]  43 6C 60 01 00 00 00 00
 (1788945727.046907)  can0  601   [8]  40 6C 60 02 00 00 00 00
 (1788945727.047213)  can0  581   [8]  43 6C 60 02 00 00 00 00
 (1788945727.048060)  can0  601   [8]  40 6C 60 03 00 00 00 00
 (1788945727.048380)  can0  581   [8]  43 6C 60 03 00 00 00 00
 (1788945727.050027)  can0  601   [8]  2B 40 60 00 0F 00 00 00
 (1788945727.050382)  can0  581   [8]  60 40 60 00 00 00 00 00
 (1788945727.093214)  can0  181   [8]  27 14 27 14 00 00 00 00
 (1788945727.094999)  can0  601   [8]  40 6C 60 01 00 00 00 00
 (1788945727.095333)  can0  581   [8]  43 6C 60 01 00 00 00 00
 (1788945727.096993)  can0  601   [8]  40 6C 60 02 00 00 00 00
 (1788945727.097331)  can0  581   [8]  43 6C 60 02 00 00 00 00
 (1788945727.098995)  can0  601   [8]  40 6C 60 03 00 00 00 00
 (1788945727.099325)  can0  581   [8]  43 6C 60 03 00 00 00 00
 (1788945727.101015)  can0  601   [8]  23 FF 60 02 05 00 00 00
 (1788945727.101325)  can0  581   [8]  60 FF 60 02 00 00 00 00
 (1788945727.102995)  can0  601   [8]  40 FF 60 02 00 00 00 00
 (1788945727.103321)  can0  581   [8]  43 FF 60 02 05 00 00 00
 (1788945727.143165)  can0  181   [8]  27 14 27 44 00 00 00 00
 (1788945727.193113)  can0  181   [8]  27 14 27 44 00 00 00 00
 (1788945727.209766)  can0  701   [1]  05
 (1788945727.243062)  can0  181   [8]  27 14 27 44 00 00 00 00
 (1788945727.293012)  can0  181   [8]  27 14 27 44 00 00 00 00
 (1788945727.342960)  can0  181   [8]  27 14 27 44 00 00 00 00
 (1788945727.392910)  can0  181   [8]  27 14 27 44 00 00 00 00
 (1788945727.442858)  can0  181   [8]  27 14 27 44 00 00 00 00
 (1788945727.459321)  can0  701   [1]  05
 (1788945727.492807)  can0  181   [8]  27 14 27 44 00 00 00 00
 (1788945727.542755)  can0  181   [8]  27 14 27 44 00 00 00 00
 (1788945727.592706)  can0  181   [8]  27 14 27 44 00 00 00 00
 (1788945727.642654)  can0  181   [8]  27 14 27 44 00 00 00 00
 (1788945727.692603)  can0  181   [8]  27 14 27 44 00 00 00 00
 (1788945727.708817)  can0  701   [1]  05
 (1788945727.742551)  can0  181   [8]  27 14 27 44 00 00 00 00
 (1788945727.792499)  can0  181   [8]  27 14 27 44 00 00 00 00
 (1788945727.842450)  can0  181   [8]  27 14 27 44 00 00 00 00
 (1788945727.892397)  can0  181   [8]  27 14 27 44 00 00 00 00
 (1788945727.942347)  can0  181   [8]  27 14 27 44 00 00 00 00
 (1788945727.958374)  can0  701   [1]  05
 (1788945727.992294)  can0  181   [8]  27 14 27 44 00 00 00 00
 (1788945728.042244)  can0  181   [8]  27 14 27 44 00 00 00 00
 (1788945728.092192)  can0  181   [8]  27 14 27 44 00 00 00 00
 (1788945728.142141)  can0  181   [8]  27 14 27 44 00 00 00 00
 (1788945728.192089)  can0  181   [8]  27 14 27 44 00 00 00 00
 (1788945728.207870)  can0  701   [1]  05
 (1788945728.242038)  can0  181   [8]  27 14 27 44 00 00 00 00
 (1788945728.291987)  can0  181   [8]  27 14 27 44 00 00 00 00
 (1788945728.341935)  can0  181   [8]  27 14 27 44 00 00 00 00
 (1788945728.391886)  can0  181   [8]  27 14 27 44 00 00 00 00
 (1788945728.441782)  can0  181   [8]  27 14 27 44 00 00 00 00
 (1788945728.457371)  can0  701   [1]  05
 (1788945728.491732)  can0  181   [8]  27 14 27 44 00 00 00 00
 (1788945728.541675)  can0  181   [8]  27 14 27 44 00 00 00 00
 (1788945728.591625)  can0  181   [8]  27 14 27 44 00 00 00 00
 (1788945728.641571)  can0  181   [8]  27 14 27 44 00 00 00 00
 (1788945728.691521)  can0  181   [8]  27 14 27 44 00 00 00 00
 (1788945728.706863)  can0  701   [1]  05
 (1788945728.741470)  can0  181   [8]  27 14 27 44 00 00 00 00
 (1788945728.791423)  can0  181   [8]  27 14 27 44 00 00 00 00
 (1788945728.841368)  can0  181   [8]  27 14 27 44 00 00 00 00
 (1788945728.891316)  can0  181   [8]  27 14 27 44 00 00 00 00
 (1788945728.941265)  can0  181   [8]  27 14 27 44 00 00 00 00
 (1788945728.956553)  can0  701   [1]  05
 (1788945728.991213)  can0  181   [8]  27 14 27 44 00 00 00 00
 (1788945729.041162)  can0  181   [8]  27 14 27 44 00 00 00 00
 (1788945729.091111)  can0  181   [8]  27 14 27 44 00 00 00 00
 (1788945729.141061)  can0  181   [8]  27 14 27 44 00 00 00 00
 (1788945729.191010)  can0  181   [8]  27 14 27 44 00 00 00 00
 (1788945729.205916)  can0  701   [1]  05
 (1788945729.240958)  can0  181   [8]  27 14 27 44 00 00 00 00
 (1788945729.290909)  can0  181   [8]  27 14 27 44 00 00 00 00
 (1788945729.340855)  can0  181   [8]  27 14 27 44 00 00 00 00
 (1788945729.390804)  can0  181   [8]  27 14 27 44 00 00 00 00
 (1788945729.440754)  can0  181   [8]  27 14 27 44 00 00 00 00
 (1788945729.455473)  can0  701   [1]  05
 (1788945729.490702)  can0  181   [8]  27 14 27 44 00 00 00 00
 (1788945729.540650)  can0  181   [8]  27 14 27 44 00 00 00 00
 (1788945729.590600)  can0  181   [8]  27 14 27 44 00 00 00 00
 (1788945729.640548)  can0  181   [8]  27 14 27 44 00 00 00 00
 (1788945729.690498)  can0  181   [8]  27 14 27 44 00 00 00 00
 (1788945729.704966)  can0  701   [1]  05
 (1788945729.740447)  can0  181   [8]  27 14 27 44 00 00 00 00
 (1788945729.790395)  can0  181   [8]  27 14 27 44 00 00 00 00
 (1788945729.840344)  can0  181   [8]  27 14 27 44 00 00 00 00
 (1788945729.890292)  can0  181   [8]  27 14 27 44 00 00 00 00
 (1788945729.940242)  can0  181   [8]  27 14 27 44 00 00 00 00
 (1788945729.954522)  can0  701   [1]  05
 (1788945729.990191)  can0  181   [8]  27 14 27 44 00 00 00 00
 (1788945730.040140)  can0  181   [8]  27 14 27 44 00 00 00 00
 (1788945730.090089)  can0  181   [8]  27 14 27 44 00 00 00 00
 (1788945730.140037)  can0  181   [8]  27 14 27 44 00 00 00 00
 (1788945730.189985)  can0  181   [8]  27 14 27 44 00 00 00 00
 (1788945730.204017)  can0  701   [1]  05
 (1788945730.239934)  can0  181   [8]  27 14 27 44 00 00 00 00
 (1788945730.289882)  can0  181   [8]  27 14 27 44 00 00 00 00
 (1788945730.339831)  can0  181   [8]  27 14 27 44 00 00 00 00
 (1788945730.389781)  can0  181   [8]  27 14 27 44 00 00 00 00
 (1788945730.439730)  can0  181   [8]  27 14 27 44 00 00 00 00
 (1788945730.453574)  can0  701   [1]  05
 (1788945730.489679)  can0  181   [8]  27 14 27 44 00 00 00 00
 (1788945730.539627)  can0  181   [8]  27 14 27 44 00 00 00 00
 (1788945730.589576)  can0  181   [8]  27 14 27 44 00 00 00 00
 (1788945730.639524)  can0  181   [8]  27 14 27 44 00 00 00 00
 (1788945730.689473)  can0  181   [8]  27 14 27 44 00 00 00 00
 (1788945730.703069)  can0  701   [1]  05
 (1788945730.739421)  can0  181   [8]  27 14 27 44 00 00 00 00
 (1788945730.789374)  can0  181   [8]  27 14 27 44 00 00 00 00
 (1788945730.839323)  can0  181   [8]  27 14 27 44 00 00 00 00
 (1788945730.889269)  can0  181   [8]  27 14 27 44 00 00 00 00
 (1788945730.939218)  can0  181   [8]  27 14 27 44 00 00 00 00
 (1788945730.952627)  can0  701   [1]  05
 (1788945730.989166)  can0  181   [8]  27 14 27 44 00 00 00 00
 (1788945731.039114)  can0  181   [8]  27 14 27 44 00 00 00 00
 (1788945731.089063)  can0  181   [8]  27 14 27 44 00 00 00 00
 (1788945731.139013)  can0  181   [8]  27 14 27 44 00 00 00 00
 (1788945731.188962)  can0  181   [8]  27 14 27 44 00 00 00 00
 (1788945731.202121)  can0  701   [1]  05
 (1788945731.238910)  can0  181   [8]  27 14 27 44 00 00 00 00
 (1788945731.288859)  can0  181   [8]  27 14 27 44 00 00 00 00
 (1788945731.338807)  can0  181   [8]  27 14 27 44 00 00 00 00
 (1788945731.388756)  can0  181   [8]  27 14 27 44 00 00 00 00
 (1788945731.438707)  can0  181   [8]  27 14 27 44 00 00 00 00
 (1788945731.451679)  can0  701   [1]  05
 (1788945731.488655)  can0  181   [8]  27 14 27 44 00 00 00 00
 (1788945731.538603)  can0  181   [8]  27 14 27 44 00 00 00 00
 (1788945731.588552)  can0  181   [8]  27 14 27 44 00 00 00 00
 (1788945731.638503)  can0  181   [8]  27 14 27 44 00 00 00 00
 (1788945731.688451)  can0  181   [8]  27 14 27 44 00 00 00 00
 (1788945731.701174)  can0  701   [1]  05
 (1788945731.738400)  can0  181   [8]  27 14 27 44 00 00 00 00
 (1788945731.788348)  can0  181   [8]  27 14 27 44 00 00 00 00
 (1788945731.838297)  can0  181   [8]  27 14 27 44 00 00 00 00
 (1788945731.888249)  can0  181   [8]  27 14 27 44 00 00 00 00
 (1788945731.938205)  can0  181   [8]  27 14 27 44 00 00 00 00
 (1788945731.950729)  can0  701   [1]  05
 (1788945731.988204)  can0  181   [8]  27 14 27 44 00 00 00 00
 (1788945732.038155)  can0  181   [8]  27 14 27 44 00 00 00 00
 (1788945732.088103)  can0  181   [8]  27 14 27 44 00 00 00 00
 (1788945732.138051)  can0  181   [8]  27 14 27 44 00 00 00 00
 (1788945732.188000)  can0  181   [8]  27 14 27 44 00 00 00 00
 (1788945732.200224)  can0  701   [1]  05
 (1788945732.237951)  can0  181   [8]  27 14 27 44 00 00 00 00
 (1788945732.287897)  can0  181   [8]  27 14 27 44 00 00 00 00
 (1788945732.337846)  can0  181   [8]  27 14 27 44 00 00 00 00
 (1788945732.387796)  can0  181   [8]  27 14 27 44 00 00 00 00
 (1788945732.437745)  can0  181   [8]  27 14 27 44 00 00 00 00
 (1788945732.449781)  can0  701   [1]  05
 (1788945732.487693)  can0  181   [8]  27 14 27 44 00 00 00 00
 (1788945732.537642)  can0  181   [8]  27 14 27 44 00 00 00 00
 (1788945732.587590)  can0  181   [8]  27 14 27 44 00 00 00 00
 (1788945732.637539)  can0  181   [8]  27 14 27 44 00 00 00 00
 (1788945732.687487)  can0  181   [8]  27 14 27 44 00 00 00 00
 (1788945732.699276)  can0  701   [1]  05
 (1788945732.737438)  can0  181   [8]  27 14 27 44 00 00 00 00
 (1788945732.787388)  can0  181   [8]  27 14 27 44 00 00 00 00
 (1788945732.837337)  can0  181   [8]  27 14 27 44 00 00 00 00
 (1788945732.887284)  can0  181   [8]  27 14 27 44 00 00 00 00
 (1788945732.937233)  can0  181   [8]  27 14 27 44 00 00 00 00
 (1788945732.948833)  can0  701   [1]  05
 (1788945732.987243)  can0  181   [8]  27 14 27 44 00 00 00 00
 (1788945733.037205)  can0  181   [8]  27 14 27 44 00 00 00 00
 (1788945733.087204)  can0  181   [8]  27 14 27 44 00 00 00 00
 (1788945733.137158)  can0  181   [8]  27 14 27 44 00 00 00 00
 (1788945733.187162)  can0  181   [8]  27 14 27 44 00 00 00 00
 (1788945733.198390)  can0  701   [1]  05
 (1788945733.237127)  can0  181   [8]  27 14 27 44 00 00 00 00
 (1788945733.287126)  can0  181   [8]  27 14 27 44 00 00 00 00
 (1788945733.337076)  can0  181   [8]  27 14 27 44 00 00 00 00
 (1788945733.387084)  can0  181   [8]  27 14 27 44 00 00 00 00
 (1788945733.437048)  can0  181   [8]  27 14 27 44 00 00 00 00
 (1788945733.447947)  can0  701   [1]  05
 (1788945733.487107)  can0  181   [8]  27 14 27 44 00 00 00 00
 (1788945733.537067)  can0  181   [8]  27 14 27 44 00 00 00 00
 (1788945733.587066)  can0  181   [8]  27 14 27 44 00 00 00 00
 (1788945733.637020)  can0  181   [8]  27 14 27 44 00 00 00 00
 (1788945733.686963)  can0  181   [8]  27 14 27 44 00 00 00 00
 (1788945733.697500)  can0  701   [1]  05
 (1788945733.736913)  can0  181   [8]  27 14 27 44 00 00 00 00
 (1788945733.786862)  can0  181   [8]  27 14 27 44 00 00 00 00
 (1788945733.836810)  can0  181   [8]  27 14 27 44 00 00 00 00
 (1788945733.886760)  can0  181   [8]  27 14 27 44 00 00 00 00
 (1788945733.936708)  can0  181   [8]  27 14 27 44 00 00 00 00
 (1788945733.946999)  can0  701   [1]  05
 (1788945733.986656)  can0  181   [8]  27 14 27 44 00 00 00 00
 (1788945734.036606)  can0  181   [8]  27 14 27 44 00 00 00 00
 (1788945734.086555)  can0  181   [8]  27 14 27 44 00 00 00 00
 (1788945734.136504)  can0  181   [8]  27 14 27 44 00 00 00 00
 (1788945734.186452)  can0  181   [8]  27 14 27 44 00 00 00 00
 (1788945734.196502)  can0  701   [1]  05
 (1788945734.236401)  can0  181   [8]  27 14 27 44 00 00 00 00
 (1788945734.286349)  can0  181   [8]  27 14 27 44 00 00 00 00
 (1788945734.336302)  can0  181   [8]  27 14 27 44 00 00 00 00
 (1788945734.386246)  can0  181   [8]  27 14 27 44 00 00 00 00
 (1788945734.436197)  can0  181   [8]  27 14 27 44 00 00 00 00
 (1788945734.446051)  can0  701   [1]  05
 (1788945734.486146)  can0  181   [8]  27 14 27 44 00 00 00 00
 (1788945734.536094)  can0  181   [8]  27 14 27 44 00 00 00 00
 (1788945734.586042)  can0  181   [8]  27 14 27 44 00 00 00 00
 (1788945734.635991)  can0  181   [8]  27 14 27 44 00 00 00 00
 (1788945734.685940)  can0  181   [8]  27 14 27 44 00 00 00 00
 (1788945734.695552)  can0  701   [1]  05
 (1788945734.735888)  can0  181   [8]  27 14 27 44 00 00 00 00
 (1788945734.785837)  can0  181   [8]  27 14 27 44 00 00 00 00
 (1788945734.835787)  can0  181   [8]  27 14 27 44 00 00 00 00
 (1788945734.885736)  can0  181   [8]  27 14 27 44 00 00 00 00
 (1788945734.935685)  can0  181   [8]  27 14 27 44 00 00 00 00
 (1788945734.945101)  can0  701   [1]  05
 (1788945734.985633)  can0  181   [8]  27 14 27 44 00 00 00 00
 (1788945735.035581)  can0  181   [8]  27 14 27 44 00 00 00 00
 (1788945735.085529)  can0  181   [8]  27 14 27 44 00 00 00 00
 (1788945735.135478)  can0  181   [8]  27 14 27 44 00 00 00 00
 (1788945735.185429)  can0  181   [8]  27 14 27 44 00 00 00 00
 (1788945735.194602)  can0  701   [1]  05
 (1788945735.235377)  can0  181   [8]  27 14 27 44 00 00 00 00
 (1788945735.285326)  can0  181   [8]  27 14 27 44 00 00 00 00
 (1788945735.335274)  can0  181   [8]  27 14 27 44 00 00 00 00
 (1788945735.385222)  can0  181   [8]  27 14 27 44 00 00 00 00
 (1788945735.435173)  can0  181   [8]  27 14 27 44 00 00 00 00
 (1788945735.444153)  can0  701   [1]  05
 (1788945735.485120)  can0  181   [8]  27 14 27 44 00 00 00 00
 (1788945735.535070)  can0  181   [8]  27 14 27 44 00 00 00 00
 (1788945735.585019)  can0  181   [8]  27 14 27 44 00 00 00 00
 (1788945735.634969)  can0  181   [8]  27 14 27 44 00 00 00 00
 (1788945735.684918)  can0  181   [8]  27 14 27 44 00 00 00 00
 (1788945735.693652)  can0  701   [1]  05
 (1788945735.734866)  can0  181   [8]  27 14 27 44 00 00 00 00
 (1788945735.784813)  can0  181   [8]  27 14 27 44 00 00 00 00
 (1788945735.834763)  can0  181   [8]  27 14 27 44 00 00 00 00
 (1788945735.884712)  can0  181   [8]  27 14 27 44 00 00 00 00
 (1788945735.934661)  can0  181   [8]  27 14 27 44 00 00 00 00
 (1788945735.943205)  can0  701   [1]  05
 (1788945735.984609)  can0  181   [8]  27 14 27 44 00 00 00 00
 (1788945736.034557)  can0  181   [8]  27 14 27 44 00 00 00 00
 (1788945736.084506)  can0  181   [8]  27 14 27 44 00 00 00 00
 (1788945736.134457)  can0  181   [8]  27 14 27 44 00 00 00 00
 (1788945736.184405)  can0  181   [8]  27 14 27 44 00 00 00 00
 (1788945736.192702)  can0  701   [1]  05
 (1788945736.234354)  can0  181   [8]  27 14 27 44 00 00 00 00
 (1788945736.284302)  can0  181   [8]  27 14 27 44 00 00 00 00
 (1788945736.334251)  can0  181   [8]  27 14 27 44 00 00 00 00
 (1788945736.384199)  can0  181   [8]  27 14 27 44 00 00 00 00
 (1788945736.434150)  can0  181   [8]  27 14 27 44 00 00 00 00
 (1788945736.442257)  can0  701   [1]  05
 (1788945736.484098)  can0  181   [8]  27 14 27 44 00 00 00 00
 (1788945736.534051)  can0  181   [8]  27 14 27 44 00 00 00 00
 (1788945736.584057)  can0  181   [8]  27 14 27 44 00 00 00 00
 (1788945736.634005)  can0  181   [8]  27 14 27 44 00 00 00 00
 (1788945736.683954)  can0  181   [8]  27 14 27 44 00 00 00 00
 (1788945736.691750)  can0  701   [1]  05
 (1788945736.733903)  can0  181   [8]  27 14 27 44 00 00 00 00
 (1788945736.783853)  can0  181   [8]  27 14 27 44 00 00 00 00
 (1788945736.833802)  can0  181   [8]  27 14 27 44 00 00 00 00
 (1788945736.883750)  can0  181   [8]  27 14 27 44 00 00 00 00
 (1788945736.933700)  can0  181   [8]  27 14 27 44 00 00 00 00
 (1788945736.941310)  can0  701   [1]  05
 (1788945736.983647)  can0  181   [8]  27 14 27 44 00 00 00 00
 (1788945737.033596)  can0  181   [8]  27 14 27 44 00 00 00 00
 (1788945737.083546)  can0  181   [8]  27 14 27 44 00 00 00 00
 (1788945737.101934)  can0  601   [8]  2B 40 60 00 06 00 00 00
 (1788945737.102256)  can0  581   [8]  60 40 60 00 00 00 00 00
 (1788945737.133498)  can0  181   [8]  21 14 21 14 00 00 00 00
 (1788945737.134917)  can0  601   [8]  40 6C 60 01 00 00 00 00
 (1788945737.135244)  can0  581   [8]  43 6C 60 01 00 00 00 00
 (1788945737.136908)  can0  601   [8]  40 6C 60 02 00 00 00 00
 (1788945737.137235)  can0  581   [8]  43 6C 60 02 15 00 00 00
 (1788945737.183509)  can0  181   [8]  21 14 21 14 00 00 00 00
 (1788945737.189908)  can0  601   [8]  40 6C 60 01 00 00 00 00
 (1788945737.190245)  can0  581   [8]  43 6C 60 01 00 00 00 00
 (1788945737.190808)  can0  701   [1]  05
 (1788945737.191071)  can0  601   [8]  40 6C 60 02 00 00 00 00
 (1788945737.191428)  can0  581   [8]  43 6C 60 02 F8 FF FF FF
 (1788945737.233520)  can0  181   [8]  21 14 21 14 00 00 00 00
 (1788945737.243907)  can0  601   [8]  40 6C 60 01 00 00 00 00
 (1788945737.244246)  can0  581   [8]  43 6C 60 01 00 00 00 00
 (1788945737.245904)  can0  601   [8]  40 6C 60 02 00 00 00 00
 (1788945737.246244)  can0  581   [8]  43 6C 60 02 02 00 00 00
 (1788945737.283470)  can0  181   [8]  21 14 21 14 00 00 00 00
 (1788945737.298906)  can0  601   [8]  40 6C 60 01 00 00 00 00
 (1788945737.299245)  can0  581   [8]  43 6C 60 01 00 00 00 00
 (1788945737.300904)  can0  601   [8]  40 6C 60 02 00 00 00 00
 (1788945737.301243)  can0  581   [8]  43 6C 60 02 01 00 00 00
 (1788945737.333420)  can0  181   [8]  21 14 21 14 00 00 00 00
 (1788945737.353908)  can0  601   [8]  40 6C 60 01 00 00 00 00
 (1788945737.354245)  can0  581   [8]  43 6C 60 01 00 00 00 00
 (1788945737.355904)  can0  601   [8]  40 6C 60 02 00 00 00 00
 (1788945737.356241)  can0  581   [8]  43 6C 60 02 00 00 00 00
 (1788945737.357907)  can0  601   [8]  40 6C 60 03 00 00 00 00
 (1788945737.358236)  can0  581   [8]  43 6C 60 03 00 00 00 00
 (1788945737.359915)  can0  601   [8]  23 FF 60 01 00 00 00 00
 (1788945737.360237)  can0  581   [8]  60 FF 60 01 00 00 00 00
 (1788945737.361905)  can0  601   [8]  40 FF 60 01 00 00 00 00
 (1788945737.362232)  can0  581   [8]  43 FF 60 01 00 00 00 00
 (1788945737.363917)  can0  601   [8]  23 FF 60 02 00 00 00 00
 (1788945737.364230)  can0  581   [8]  60 FF 60 02 00 00 00 00
 (1788945737.365906)  can0  601   [8]  40 FF 60 02 00 00 00 00
 (1788945737.366225)  can0  581   [8]  43 FF 60 02 00 00 00 00
 (1788945737.367910)  can0  601   [8]  40 6C 60 01 00 00 00 00
 (1788945737.368221)  can0  581   [8]  43 6C 60 01 00 00 00 00
 (1788945737.369904)  can0  601   [8]  40 6C 60 02 00 00 00 00
 (1788945737.370221)  can0  581   [8]  43 6C 60 02 FF FF FF FF
 (1788945737.383430)  can0  181   [8]  21 14 21 14 00 00 00 00
 (1788945737.422908)  can0  601   [8]  40 6C 60 01 00 00 00 00
 (1788945737.423217)  can0  581   [8]  43 6C 60 01 00 00 00 00
 (1788945737.424904)  can0  601   [8]  40 6C 60 02 00 00 00 00
 (1788945737.425213)  can0  581   [8]  43 6C 60 02 00 00 00 00
 (1788945737.426906)  can0  601   [8]  40 6C 60 03 00 00 00 00
 (1788945737.427263)  can0  581   [8]  43 6C 60 03 00 00 00 00
 (1788945737.428801)  can0  000   [2]  80 01
 (1788945737.440367)  can0  701   [1]  7F
 (1788945737.441911)  can0  601   [8]  2B 0F 20 00 01 00 00 00
 (1788945737.442240)  can0  581   [8]  60 0F 20 00 00 00 00 00
 (1788945737.443908)  can0  601   [8]  40 0F 20 00 00 00 00 00
 (1788945737.444232)  can0  581   [8]  4B 0F 20 00 01 00 00 00
 (1788945737.445906)  can0  601   [8]  2B 17 10 00 00 00 00 00
 (1788945737.446231)  can0  581   [8]  60 17 10 00 00 00 00 00
 (1788945737.447904)  can0  601   [8]  40 17 10 00 00 00 00 00
 (1788945737.448221)  can0  581   [8]  4B 17 10 00 00 00 00 00
