 (1789121027.468508)  can0  601   [8]  40 00 20 00 00 00 00 00
 (1789121027.468785)  can0  581   [8]  4B 00 20 00 00 00 00 00
 (1789121027.470430)  can0  601   [8]  40 17 10 00 00 00 00 00
 (1789121027.470705)  can0  581   [8]  4B 17 10 00 00 00 00 00
 (1789121027.472420)  can0  601   [8]  2B 17 10 00 F4 01 00 00
 (1789121027.472761)  can0  581   [8]  60 17 10 00 00 00 00 00
 (1789121027.474408)  can0  601   [8]  40 17 10 00 00 00 00 00
 (1789121027.474691)  can0  581   [8]  4B 17 10 00 F4 01 00 00
 (1789121027.722183)  can0  701   [1]  7F
 (1789121027.724431)  can0  601   [8]  40 00 18 01 00 00 00 00
 (1789121027.724742)  can0  581   [8]  43 00 18 01 81 01 00 00
 (1789121027.726423)  can0  601   [8]  40 00 18 02 00 00 00 00
 (1789121027.726679)  can0  581   [8]  4F 00 18 02 FF 00 00 00
 (1789121027.728360)  can0  601   [8]  40 00 18 05 00 00 00 00
 (1789121027.728671)  can0  581   [8]  4B 00 18 05 64 00 00 00
 (1789121027.730360)  can0  601   [8]  40 00 1A 00 00 00 00 00
 (1789121027.730676)  can0  581   [8]  4F 00 1A 00 02 00 00 00
 (1789121027.732358)  can0  601   [8]  40 00 1A 01 00 00 00 00
 (1789121027.732715)  can0  581   [8]  43 00 1A 01 20 00 41 60
 (1789121027.734420)  can0  601   [8]  40 00 1A 02 00 00 00 00
 (1789121027.734770)  can0  581   [8]  43 00 1A 02 20 03 6C 60
 (1789121027.736417)  can0  601   [8]  40 60 60 00 00 00 00 00
 (1789121027.736717)  can0  581   [8]  4F 60 60 00 03 00 00 00
 (1789121027.738360)  can0  601   [8]  40 61 60 00 00 00 00 00
 (1789121027.738710)  can0  581   [8]  4F 61 60 00 03 00 00 00
 (1789121027.740356)  can0  601   [8]  40 FF 60 01 00 00 00 00
 (1789121027.740710)  can0  581   [8]  43 FF 60 01 00 00 00 00
 (1789121027.742360)  can0  601   [8]  40 FF 60 02 00 00 00 00
 (1789121027.742707)  can0  581   [8]  43 FF 60 02 00 00 00 00
 (1789121027.744360)  can0  601   [8]  40 3F 60 00 00 00 00 00
 (1789121027.744699)  can0  581   [8]  43 3F 60 00 00 00 00 00
 (1789121027.746361)  can0  601   [8]  40 6C 60 01 00 00 00 00
 (1789121027.746690)  can0  581   [8]  43 6C 60 01 00 00 00 00
 (1789121027.748413)  can0  601   [8]  40 6C 60 02 00 00 00 00
 (1789121027.748744)  can0  581   [8]  43 6C 60 02 00 00 00 00
 (1789121027.750415)  can0  601   [8]  40 6C 60 03 00 00 00 00
 (1789121027.750740)  can0  581   [8]  43 6C 60 03 00 00 00 00
 (1789121027.752421)  can0  601   [8]  40 0F 20 00 00 00 00 00
 (1789121027.752736)  can0  581   [8]  4B 0F 20 00 01 00 00 00
 (1789121027.754431)  can0  601   [8]  23 FF 60 03 00 00 00 00
 (1789121027.754796)  can0  581   [8]  60 FF 60 03 00 00 00 00
 (1789121027.756356)  can0  601   [8]  40 FF 60 03 00 00 00 00
 (1789121027.756673)  can0  581   [8]  43 FF 60 03 00 00 00 00
 (1789121027.758367)  can0  601   [8]  23 FF 60 03 00 00 00 00
 (1789121027.758732)  can0  581   [8]  60 FF 60 03 00 00 00 00
 (1789121027.760353)  can0  601   [8]  40 FF 60 03 00 00 00 00
 (1789121027.760666)  can0  581   [8]  43 FF 60 03 00 00 00 00
 (1789121027.762255)  can0  000   [2]  01 01
 (1789121027.762652)  can0  181   [8]  21 14 21 14 00 00 00 00
 (1789121027.762751)  can0  281   [0] 
 (1789121027.762851)  can0  381   [0] 
 (1789121027.762949)  can0  481   [0] 
 (1789121027.812659)  can0  181   [8]  21 14 21 14 00 00 00 00
 (1789121027.862668)  can0  181   [8]  21 14 21 14 00 00 00 00
 (1789121027.912679)  can0  181   [8]  21 14 21 14 00 00 00 00
 (1789121027.962689)  can0  181   [8]  21 14 21 14 00 00 00 00
 (1789121027.971734)  can0  701   [1]  05
 (1789121027.973429)  can0  601   [8]  2F 60 60 00 03 00 00 00
 (1789121027.973737)  can0  581   [8]  60 60 60 00 00 00 00 00
 (1789121027.975415)  can0  601   [8]  40 61 60 00 00 00 00 00
 (1789121027.975726)  can0  581   [8]  4F 61 60 00 03 00 00 00
 (1789121027.977436)  can0  601   [8]  2B 40 60 00 06 00 00 00
 (1789121027.977785)  can0  581   [8]  60 40 60 00 00 00 00 00
 (1789121028.012757)  can0  181   [8]  21 14 21 14 00 00 00 00
 (1789121028.014398)  can0  601   [8]  40 6C 60 01 00 00 00 00
 (1789121028.014756)  can0  581   [8]  43 6C 60 01 00 00 00 00
 (1789121028.016385)  can0  601   [8]  40 6C 60 02 00 00 00 00
 (1789121028.016690)  can0  581   [8]  43 6C 60 02 00 00 00 00
 (1789121028.018387)  can0  601   [8]  40 6C 60 03 00 00 00 00
 (1789121028.018747)  can0  581   [8]  43 6C 60 03 00 00 00 00
 (1789121028.020334)  can0  601   [8]  2B 40 60 00 07 00 00 00
 (1789121028.020691)  can0  581   [8]  60 40 60 00 00 00 00 00
 (1789121028.062700)  can0  181   [8]  23 14 23 14 00 00 00 00
 (1789121028.064425)  can0  601   [8]  40 6C 60 01 00 00 00 00
 (1789121028.064758)  can0  581   [8]  43 6C 60 01 00 00 00 00
 (1789121028.066358)  can0  601   [8]  40 6C 60 02 00 00 00 00
 (1789121028.066699)  can0  581   [8]  43 6C 60 02 00 00 00 00
 (1789121028.068418)  can0  601   [8]  40 6C 60 03 00 00 00 00
 (1789121028.068753)  can0  581   [8]  43 6C 60 03 00 00 00 00
 (1789121028.070429)  can0  601   [8]  2B 40 60 00 0F 00 00 00
 (1789121028.070700)  can0  581   [8]  60 40 60 00 00 00 00 00
 (1789121028.112650)  can0  181   [8]  27 14 27 14 00 00 00 00
 (1789121028.114423)  can0  601   [8]  40 6C 60 01 00 00 00 00
 (1789121028.114767)  can0  581   [8]  43 6C 60 01 00 00 00 00
 (1789121028.116363)  can0  601   [8]  40 6C 60 02 00 00 00 00
 (1789121028.116706)  can0  581   [8]  43 6C 60 02 00 00 00 00
 (1789121028.118417)  can0  601   [8]  40 6C 60 03 00 00 00 00
 (1789121028.118701)  can0  581   [8]  43 6C 60 03 00 00 00 00
 (1789121028.120364)  can0  601   [8]  2B 00 20 00 E8 03 00 00
 (1789121028.120707)  can0  581   [8]  60 00 20 00 00 00 00 00
 (1789121028.122408)  can0  601   [8]  40 00 20 00 00 00 00 00
 (1789121028.122750)  can0  581   [8]  4B 00 20 00 E8 03 00 00
 (1789121028.124434)  can0  601   [8]  23 FF 60 03 00 00 05 00
 (1789121028.124752)  can0  581   [8]  60 FF 60 03 00 00 00 00
 (1789121028.126355)  can0  601   [8]  40 FF 60 03 00 00 00 00
 (1789121028.126687)  can0  581   [8]  43 FF 60 03 00 00 05 00
 (1789121028.162591)  can0  181   [8]  27 14 27 44 00 00 0C 00
 (1789121028.212540)  can0  181   [8]  27 14 27 44 00 00 35 00
 (1789121028.221216)  can0  701   [1]  05
 (1789121028.262485)  can0  181   [8]  27 14 27 44 00 00 2E 00
 (1789121028.312433)  can0  181   [8]  27 14 27 44 00 00 32 00
 (1789121028.325400)  can0  601   [8]  40 6C 60 01 00 00 00 00
 (1789121028.325718)  can0  581   [8]  43 6C 60 01 00 00 00 00
 (1789121028.327386)  can0  601   [8]  40 6C 60 02 00 00 00 00
 (1789121028.327710)  can0  581   [8]  43 6C 60 02 2F 00 00 00
 (1789121028.339424)  can0  601   [8]  40 6C 60 02 00 00 00 00
 (1789121028.339746)  can0  581   [8]  43 6C 60 02 2E 00 00 00
 (1789121028.362380)  can0  181   [8]  27 14 27 44 00 00 2E 00
 (1789121028.395420)  can0  601   [8]  40 6C 60 02 00 00 00 00
 (1789121028.395741)  can0  581   [8]  43 6C 60 02 33 00 00 00
 (1789121028.412327)  can0  181   [8]  27 14 27 44 00 00 33 00
 (1789121028.438108)  can0  601   [8]  23 FF 60 03 00 00 00 00
 (1789121028.438462)  can0  581   [8]  60 FF 60 03 00 00 00 00
 (1789121028.439359)  can0  601   [8]  40 FF 60 03 00 00 00 00
 (1789121028.439713)  can0  581   [8]  43 FF 60 03 00 00 00 00
 (1789121028.441427)  can0  601   [8]  23 FF 60 03 00 00 00 00
 (1789121028.441713)  can0  581   [8]  60 FF 60 03 00 00 00 00
 (1789121028.443350)  can0  601   [8]  40 FF 60 03 00 00 00 00
 (1789121028.443704)  can0  581   [8]  43 FF 60 03 00 00 00 00
 (1789121028.445375)  can0  601   [8]  2B 40 60 00 06 00 00 00
 (1789121028.445703)  can0  581   [8]  60 40 60 00 00 00 00 00
 (1789121028.462286)  can0  181   [8]  21 14 21 14 00 00 2C 00
 (1789121028.470770)  can0  701   [1]  05
 (1789121028.512295)  can0  181   [8]  21 14 21 14 00 00 F2 FF
 (1789121028.562305)  can0  181   [8]  21 14 21 14 00 00 02 00
 (1789121028.612315)  can0  181   [8]  21 14 21 14 00 00 00 00
 (1789121028.614423)  can0  601   [8]  40 6C 60 01 00 00 00 00
 (1789121028.614747)  can0  581   [8]  43 6C 60 01 00 00 00 00
 (1789121028.616353)  can0  601   [8]  40 6C 60 02 00 00 00 00
 (1789121028.616687)  can0  581   [8]  43 6C 60 02 00 00 00 00
 (1789121028.618414)  can0  601   [8]  40 6C 60 03 00 00 00 00
 (1789121028.618739)  can0  581   [8]  43 6C 60 03 00 00 00 00
 (1789121028.620307)  can0  000   [2]  80 01
 (1789121028.720258)  can0  701   [1]  7F
 (1789121028.722420)  can0  601   [8]  2B 17 10 00 00 00 00 00
 (1789121028.722698)  can0  581   [8]  60 17 10 00 00 00 00 00
 (1789121028.724407)  can0  601   [8]  40 17 10 00 00 00 00 00
 (1789121028.724746)  can0  581   [8]  4B 17 10 00 00 00 00 00
 (1789121028.726366)  can0  601   [8]  2B 00 20 00 00 00 00 00
 (1789121028.726693)  can0  581   [8]  60 00 20 00 00 00 00 00
 (1789121028.728411)  can0  601   [8]  40 00 20 00 00 00 00 00
 (1789121028.728740)  can0  581   [8]  4B 00 20 00 00 00 00 00
