Test project /home/gtc/Desktop/workspace/Linux_PROJ/robot_control/out/build/p103-control-hil
    Start 34: control_hil_uart_vcan_managed
1/1 Test #34: control_hil_uart_vcan_managed ....***Failed    9.99 sec
INFO: managed namespace vcan0 is up
Traceback (most recent call last):
  File "/home/gtc/Desktop/workspace/Linux_PROJ/robot_control/tests/integration/control_hil_zero_vcan.py", line 634, in <module>
    trial(case)
    ~~~~~^^^^^^
  File "/home/gtc/Desktop/workspace/Linux_PROJ/robot_control/tests/integration/control_hil_zero_vcan.py", line 419, in trial
    check_trace(trace, full_text, scenario)
    ~~~~~~~~~~~^^^^^^^^^^^^^^^^^^^^^^^^^^^^
  File "/home/gtc/Desktop/workspace/Linux_PROJ/robot_control/tests/integration/control_hil_zero_vcan.py", line 489, in check_trace
    assert marks and all(int(p['at_ns'])-int(p['stable_since_ns']) >= 1000000000 for p in marks)
                     ^^^
  File "/home/gtc/Desktop/workspace/Linux_PROJ/robot_control/tests/integration/control_hil_zero_vcan.py", line 489, in <genexpr>
    assert marks and all(int(p['at_ns'])-int(p['stable_since_ns']) >= 1000000000 for p in marks)
                                             ~^^^^^^^^^^^^^^^^^^^
KeyError: 'stable_since_ns'


0% tests passed, 1 tests failed out of 1

Total Test time (real) =   9.99 sec

The following tests FAILED:
	 34 - control_hil_uart_vcan_managed (Failed)
Errors while running CTest
