CAN_BEFORE {"ifindex": 2, "ifname": "can0", "flags": ["NOARP", "UP", "LOWER_UP", "ECHO"], "mtu": 16, "qdisc": "pfifo_fast", "operstate": "UP", "linkmode": "DEFAULT", "group": "default", "txqlen": 10, "link_type": "can", "promiscuity": 0, "min_mtu": 0, "max_mtu": 0, "linkinfo": {"info_kind": "can", "info_data": {"state": "ERROR-ACTIVE", "berr_counter": {"tx": 0, "rx": 0}, "restart_ms": 100, "bittiming": {"bitrate": 500000, "sample_point": 0.866, "tq": 26, "prop_seg": 32, "phase_seg1": 32, "phase_seg2": 10, "sjw": 1}, "bittiming_const": {"name": "rockchip_canfd", "tseg1": {"min": 1, "max": 128}, "tseg2": {"min": 1, "max": 128}, "sjw": {"min": 1, "max": 128}, "brp": {"min": 1, "max": 256}, "brp_inc": 2}, "clock": 150000000}, "info_xstats": {"restarts": 0, "bus_error": 0, "arbitration_lost": 0, "error_warning": 0, "error_passive": 0, "bus_off": 0}}, "num_tx_queues": 1, "num_rx_queues": 1, "gso_max_size": 65536, "gso_max_segs": 65535, "parentbus": "platform", "parentdev": "fea60000.can", "stats64": {"rx": {"bytes": 17497, "packets": 2463, "errors": 0, "dropped": 0, "over_errors": 0, "multicast": 0}, "tx": {"bytes": 3982, "packets": 506, "errors": 0, "dropped": 0, "carrier_errors": 0, "collisions": 0}}}
CAPTURE_READY
 (1789039969.417467)  can0  601   [8]  40 41 60 00 00 00 00 00
 (1789039969.417740)  can0  581   [8]  43 41 60 00 21 14 21 14
 (1789039969.568076)  can0  601   [8]  40 FF 60 01 00 00 00 00
 (1789039969.568372)  can0  581   [8]  43 FF 60 01 00 00 00 00
 (1789039969.717738)  can0  601   [8]  40 FF 60 02 00 00 00 00
 (1789039969.718088)  can0  581   [8]  43 FF 60 02 00 00 00 00
 (1789039969.867975)  can0  601   [8]  40 3F 60 00 00 00 00 00
 (1789039969.868246)  can0  581   [8]  43 3F 60 00 00 00 00 00
 (1789039970.017778)  can0  601   [8]  40 60 60 00 00 00 00 00
 (1789039970.018025)  can0  581   [8]  4F 60 60 00 03 00 00 00
 (1789039970.168711)  can0  601   [8]  40 61 60 00 00 00 00 00
 (1789039970.169041)  can0  581   [8]  4F 61 60 00 03 00 00 00
 (1789039970.317641)  can0  601   [8]  40 6C 60 01 00 00 00 00
 (1789039970.317891)  can0  581   [8]  43 6C 60 01 00 00 00 00
 (1789039970.467949)  can0  601   [8]  40 6C 60 02 00 00 00 00
 (1789039970.468303)  can0  581   [8]  43 6C 60 02 00 00 00 00
 (1789039970.617957)  can0  601   [8]  40 6C 60 03 00 00 00 00
 (1789039970.618202)  can0  581   [8]  43 6C 60 03 00 00 00 00
 (1789039970.768820)  can0  601   [8]  40 17 10 00 00 00 00 00
 (1789039970.769173)  can0  581   [8]  4B 17 10 00 00 00 00 00
 (1789039970.917968)  can0  601   [8]  40 00 18 01 00 00 00 00
 (1789039970.918259)  can0  581   [8]  43 00 18 01 81 01 00 00
 (1789039971.068317)  can0  601   [8]  40 00 18 02 00 00 00 00
 (1789039971.068665)  can0  581   [8]  4F 00 18 02 FF 00 00 00
 (1789039971.218079)  can0  601   [8]  40 00 18 05 00 00 00 00
 (1789039971.218323)  can0  581   [8]  4B 00 18 05 64 00 00 00
 (1789039971.367353)  can0  601   [8]  40 00 1A 00 00 00 00 00
 (1789039971.367604)  can0  581   [8]  4F 00 1A 00 02 00 00 00
 (1789039971.518165)  can0  601   [8]  40 00 1A 01 00 00 00 00
 (1789039971.518436)  can0  581   [8]  43 00 1A 01 20 00 41 60
 (1789039971.668522)  can0  601   [8]  40 00 1A 02 00 00 00 00
 (1789039971.668774)  can0  581   [8]  43 00 1A 02 20 03 6C 60
 (1789039971.818098)  can0  000   [2]  01 01
 (1789039971.818448)  can0  181   [8]  21 14 21 14 00 00 00 00
 (1789039971.818536)  can0  281   [0] 
 (1789039971.818640)  can0  381   [0] 
 (1789039971.818677)  can0  481   [0] 
 (1789039971.868436)  can0  181   [8]  21 14 21 14 00 00 00 00
 (1789039971.918384)  can0  181   [8]  21 14 21 14 00 00 00 00
 (1789039971.968331)  can0  181   [8]  21 14 21 14 00 00 00 00
 (1789039972.018277)  can0  181   [8]  21 14 21 14 00 00 00 00
 (1789039972.068226)  can0  181   [8]  21 14 21 14 00 00 00 00
 (1789039972.118174)  can0  181   [8]  21 14 21 14 00 00 00 00
 (1789039972.168121)  can0  181   [8]  21 14 21 14 00 00 00 00
 (1789039972.218068)  can0  181   [8]  21 14 21 14 00 00 00 00
 (1789039972.268015)  can0  181   [8]  21 14 21 14 00 00 00 00
 (1789039972.317963)  can0  181   [8]  21 14 21 14 00 00 00 00
 (1789039972.367910)  can0  181   [8]  21 14 21 14 00 00 00 00
 (1789039972.417858)  can0  181   [8]  21 14 21 14 00 00 00 00
 (1789039972.467805)  can0  181   [8]  21 14 21 14 00 00 00 00
 (1789039972.517752)  can0  181   [8]  21 14 21 14 00 00 00 00
 (1789039972.567701)  can0  181   [8]  21 14 21 14 00 00 00 00
 (1789039972.617646)  can0  181   [8]  21 14 21 14 00 00 00 00
 (1789039972.667594)  can0  181   [8]  21 14 21 14 00 00 00 00
 (1789039972.717542)  can0  181   [8]  21 14 21 14 00 00 00 00
 (1789039972.767490)  can0  181   [8]  21 14 21 14 00 00 00 00
 (1789039972.817437)  can0  181   [8]  21 14 21 14 00 00 00 00
 (1789039972.867384)  can0  181   [8]  21 14 21 14 00 00 00 00
 (1789039972.917330)  can0  181   [8]  21 14 21 14 00 00 00 00
 (1789039972.967278)  can0  181   [8]  21 14 21 14 00 00 00 00
 (1789039973.017226)  can0  181   [8]  21 14 21 14 00 00 00 00
 (1789039973.067174)  can0  181   [8]  21 14 21 14 00 00 00 00
 (1789039973.117121)  can0  181   [8]  21 14 21 14 00 00 00 00
 (1789039973.167068)  can0  181   [8]  21 14 21 14 00 00 00 00
 (1789039973.217016)  can0  181   [8]  21 14 21 14 00 00 00 00
 (1789039973.266963)  can0  181   [8]  21 14 21 14 00 00 00 00
 (1789039973.316909)  can0  181   [8]  21 14 21 14 00 00 00 00
 (1789039973.366856)  can0  181   [8]  21 14 21 14 00 00 00 00
 (1789039973.416806)  can0  181   [8]  21 14 21 14 00 00 00 00
 (1789039973.466752)  can0  181   [8]  21 14 21 14 00 00 00 00
 (1789039973.516701)  can0  181   [8]  21 14 21 14 00 00 00 00
 (1789039973.566647)  can0  181   [8]  21 14 21 14 00 00 00 00
 (1789039973.616594)  can0  181   [8]  21 14 21 14 00 00 00 00
 (1789039973.666540)  can0  181   [8]  21 14 21 14 00 00 00 00
 (1789039973.716490)  can0  181   [8]  21 14 21 14 00 00 00 00
 (1789039973.766437)  can0  181   [8]  21 14 21 14 00 00 00 00
 (1789039973.816385)  can0  181   [8]  21 14 21 14 00 00 00 00
 (1789039973.866331)  can0  181   [8]  21 14 21 14 00 00 00 00
 (1789039973.916279)  can0  181   [8]  21 14 21 14 00 00 00 00
 (1789039973.966226)  can0  181   [8]  21 14 21 14 00 00 00 00
 (1789039974.016174)  can0  181   [8]  21 14 21 14 00 00 00 00
 (1789039974.066121)  can0  181   [8]  21 14 21 14 00 00 00 00
 (1789039974.116073)  can0  181   [8]  21 14 21 14 00 00 00 00
 (1789039974.166016)  can0  181   [8]  21 14 21 14 00 00 00 00
 (1789039974.215963)  can0  181   [8]  21 14 21 14 00 00 00 00
 (1789039974.265910)  can0  181   [8]  21 14 21 14 00 00 00 00
 (1789039974.315857)  can0  181   [8]  21 14 21 14 00 00 00 00
 (1789039974.365805)  can0  181   [8]  21 14 21 14 00 00 00 00
 (1789039974.415706)  can0  181   [8]  21 14 21 14 00 00 00 00
 (1789039974.465700)  can0  181   [8]  21 14 21 14 00 00 00 00
 (1789039974.515648)  can0  181   [8]  21 14 21 14 00 00 00 00
 (1789039974.565594)  can0  181   [8]  21 14 21 14 00 00 00 00
 (1789039974.615541)  can0  181   [8]  21 14 21 14 00 00 00 00
 (1789039974.665489)  can0  181   [8]  21 14 21 14 00 00 00 00
 (1789039974.715437)  can0  181   [8]  21 14 21 14 00 00 00 00
 (1789039974.765384)  can0  181   [8]  21 14 21 14 00 00 00 00
 (1789039974.815332)  can0  181   [8]  21 14 21 14 00 00 00 00
 (1789039974.865278)  can0  181   [8]  21 14 21 14 00 00 00 00
 (1789039974.915226)  can0  181   [8]  21 14 21 14 00 00 00 00
 (1789039974.965173)  can0  181   [8]  21 14 21 14 00 00 00 00
 (1789039975.015122)  can0  181   [8]  21 14 21 14 00 00 00 00
 (1789039975.065069)  can0  181   [8]  21 14 21 14 00 00 00 00
 (1789039975.115015)  can0  181   [8]  21 14 21 14 00 00 00 00
 (1789039975.164963)  can0  181   [8]  21 14 21 14 00 00 00 00
 (1789039975.214910)  can0  181   [8]  21 14 21 14 00 00 00 00
 (1789039975.264857)  can0  181   [8]  21 14 21 14 00 00 00 00
 (1789039975.314804)  can0  181   [8]  21 14 21 14 00 00 00 00
 (1789039975.364753)  can0  181   [8]  21 14 21 14 00 00 00 00
 (1789039975.414700)  can0  181   [8]  21 14 21 14 00 00 00 00
 (1789039975.464648)  can0  181   [8]  21 14 21 14 00 00 00 00
 (1789039975.514594)  can0  181   [8]  21 14 21 14 00 00 00 00
 (1789039975.564541)  can0  181   [8]  21 14 21 14 00 00 00 00
 (1789039975.614488)  can0  181   [8]  21 14 21 14 00 00 00 00
 (1789039975.664438)  can0  181   [8]  21 14 21 14 00 00 00 00
 (1789039975.714385)  can0  181   [8]  21 14 21 14 00 00 00 00
 (1789039975.764333)  can0  181   [8]  21 14 21 14 00 00 00 00
 (1789039975.814278)  can0  181   [8]  21 14 21 14 00 00 00 00
 (1789039975.864226)  can0  181   [8]  21 14 21 14 00 00 00 00
 (1789039975.914173)  can0  181   [8]  21 14 21 14 00 00 00 00
 (1789039975.964120)  can0  181   [8]  21 14 21 14 00 00 00 00
 (1789039976.014069)  can0  181   [8]  21 14 21 14 00 00 00 00
 (1789039976.064016)  can0  181   [8]  21 14 21 14 00 00 00 00
 (1789039976.113963)  can0  181   [8]  21 14 21 14 00 00 00 00
 (1789039976.163910)  can0  181   [8]  21 14 21 14 00 00 00 00
 (1789039976.213858)  can0  181   [8]  21 14 21 14 00 00 00 00
 (1789039976.263804)  can0  181   [8]  21 14 21 14 00 00 00 00
 (1789039976.313753)  can0  181   [8]  21 14 21 14 00 00 00 00
 (1789039976.363701)  can0  181   [8]  21 14 21 14 00 00 00 00
 (1789039976.413649)  can0  181   [8]  21 14 21 14 00 00 00 00
 (1789039976.463594)  can0  181   [8]  21 14 21 14 00 00 00 00
 (1789039976.513542)  can0  181   [8]  21 14 21 14 00 00 00 00
 (1789039976.563489)  can0  181   [8]  21 14 21 14 00 00 00 00
 (1789039976.613436)  can0  181   [8]  21 14 21 14 00 00 00 00
 (1789039976.663385)  can0  181   [8]  21 14 21 14 00 00 00 00
 (1789039976.713333)  can0  181   [8]  21 14 21 14 00 00 00 00
 (1789039976.763279)  can0  181   [8]  21 14 21 14 00 00 00 00
 (1789039976.813227)  can0  181   [8]  21 14 21 14 00 00 00 00
 (1789039976.863173)  can0  181   [8]  21 14 21 14 00 00 00 00
 (1789039976.864081)  can0  601   [8]  40 41 60 00 00 00 00 00
 (1789039976.864426)  can0  581   [8]  43 41 60 00 21 14 21 14
 (1789039976.867195)  can0  601   [8]  40 6C 60 01 00 00 00 00
 (1789039976.867543)  can0  581   [8]  43 6C 60 01 00 00 00 00
 (1789039976.913122)  can0  181   [8]  21 14 21 14 00 00 00 00
 (1789039976.913868)  can0  601   [8]  40 6C 60 02 00 00 00 00
 (1789039976.914186)  can0  581   [8]  43 6C 60 02 00 00 00 00
 (1789039976.963069)  can0  181   [8]  21 14 21 14 00 00 00 00
 (1789039976.963826)  can0  601   [8]  40 6C 60 03 00 00 00 00
 (1789039976.964133)  can0  581   [8]  43 6C 60 03 00 00 00 00
 (1789039977.013016)  can0  181   [8]  21 14 21 14 00 00 00 00
 (1789039977.062963)  can0  181   [8]  21 14 21 14 00 00 00 00
 (1789039977.112910)  can0  181   [8]  21 14 21 14 00 00 00 00
 (1789039977.162857)  can0  181   [8]  21 14 21 14 00 00 00 00
 (1789039977.212805)  can0  181   [8]  21 14 21 14 00 00 00 00
 (1789039977.262754)  can0  181   [8]  21 14 21 14 00 00 00 00
 (1789039977.312701)  can0  181   [8]  21 14 21 14 00 00 00 00
 (1789039977.362648)  can0  181   [8]  21 14 21 14 00 00 00 00
 (1789039977.363294)  can0  601   [8]  40 41 60 00 00 00 00 00
 (1789039977.363580)  can0  581   [8]  43 41 60 00 21 14 21 14
 (1789039977.367204)  can0  601   [8]  40 6C 60 01 00 00 00 00
 (1789039977.367456)  can0  581   [8]  43 6C 60 01 00 00 00 00
 (1789039977.412594)  can0  181   [8]  21 14 21 14 00 00 00 00
 (1789039977.413144)  can0  601   [8]  40 6C 60 02 00 00 00 00
 (1789039977.413416)  can0  581   [8]  43 6C 60 02 00 00 00 00
 (1789039977.462542)  can0  181   [8]  21 14 21 14 00 00 00 00
 (1789039977.463146)  can0  601   [8]  40 6C 60 03 00 00 00 00
 (1789039977.463423)  can0  581   [8]  43 6C 60 03 00 00 00 00
 (1789039977.512488)  can0  181   [8]  21 14 21 14 00 00 00 00
 (1789039977.562436)  can0  181   [8]  21 14 21 14 00 00 00 00
 (1789039977.612385)  can0  181   [8]  21 14 21 14 00 00 00 00
 (1789039977.662332)  can0  181   [8]  21 14 21 14 00 00 00 00
 (1789039977.712280)  can0  181   [8]  21 14 21 14 00 00 00 00
 (1789039977.762226)  can0  181   [8]  21 14 21 14 00 00 00 00
 (1789039977.812173)  can0  181   [8]  21 14 21 14 00 00 00 00
 (1789039977.862122)  can0  181   [8]  21 14 21 14 00 00 00 00
 (1789039977.862803)  can0  601   [8]  40 41 60 00 00 00 00 00
 (1789039977.863055)  can0  581   [8]  43 41 60 00 21 14 21 14
 (1789039977.867243)  can0  601   [8]  40 6C 60 01 00 00 00 00
 (1789039977.867490)  can0  581   [8]  43 6C 60 01 00 00 00 00
 (1789039977.912068)  can0  181   [8]  21 14 21 14 00 00 00 00
 (1789039977.912670)  can0  601   [8]  40 6C 60 02 00 00 00 00
 (1789039977.913020)  can0  581   [8]  43 6C 60 02 00 00 00 00
 (1789039977.962017)  can0  181   [8]  21 14 21 14 00 00 00 00
 (1789039977.962641)  can0  601   [8]  40 6C 60 03 00 00 00 00
 (1789039977.962899)  can0  581   [8]  43 6C 60 03 00 00 00 00
 (1789039978.011963)  can0  181   [8]  21 14 21 14 00 00 00 00
 (1789039978.061910)  can0  181   [8]  21 14 21 14 00 00 00 00
 (1789039978.111859)  can0  181   [8]  21 14 21 14 00 00 00 00
 (1789039978.161806)  can0  181   [8]  21 14 21 14 00 00 00 00
 (1789039978.211754)  can0  181   [8]  21 14 21 14 00 00 00 00
 (1789039978.261701)  can0  181   [8]  21 14 21 14 00 00 00 00
 (1789039978.311648)  can0  181   [8]  21 14 21 14 00 00 00 00
 (1789039978.361596)  can0  181   [8]  21 14 21 14 00 00 00 00
 (1789039978.362120)  can0  601   [8]  40 41 60 00 00 00 00 00
 (1789039978.362471)  can0  581   [8]  43 41 60 00 21 14 21 14
 (1789039978.367181)  can0  601   [8]  40 6C 60 01 00 00 00 00
 (1789039978.367462)  can0  581   [8]  43 6C 60 01 00 00 00 00
 (1789039978.411543)  can0  181   [8]  21 14 21 14 00 00 00 00
 (1789039978.412143)  can0  601   [8]  40 6C 60 02 00 00 00 00
 (1789039978.412478)  can0  581   [8]  43 6C 60 02 00 00 00 00
 (1789039978.461490)  can0  181   [8]  21 14 21 14 00 00 00 00
 (1789039978.462090)  can0  601   [8]  40 6C 60 03 00 00 00 00
 (1789039978.462489)  can0  581   [8]  43 6C 60 03 00 00 00 00
 (1789039978.511438)  can0  181   [8]  21 14 21 14 00 00 00 00
 (1789039978.561386)  can0  181   [8]  21 14 21 14 00 00 00 00
 (1789039978.611332)  can0  181   [8]  21 14 21 14 00 00 00 00
 (1789039978.661279)  can0  181   [8]  21 14 21 14 00 00 00 00
 (1789039978.711226)  can0  181   [8]  21 14 21 14 00 00 00 00
 (1789039978.761173)  can0  181   [8]  21 14 21 14 00 00 00 00
 (1789039978.811122)  can0  181   [8]  21 14 21 14 00 00 00 00
 (1789039978.861071)  can0  181   [8]  21 14 21 14 00 00 00 00
 (1789039978.861597)  can0  601   [8]  40 41 60 00 00 00 00 00
 (1789039978.861937)  can0  581   [8]  43 41 60 00 21 14 21 14
 (1789039978.867141)  can0  601   [8]  40 6C 60 01 00 00 00 00
 (1789039978.867433)  can0  581   [8]  43 6C 60 01 00 00 00 00
 (1789039978.911016)  can0  181   [8]  21 14 21 14 00 00 00 00
 (1789039978.911835)  can0  601   [8]  40 6C 60 02 00 00 00 00
 (1789039978.912083)  can0  581   [8]  43 6C 60 02 00 00 00 00
 (1789039978.960964)  can0  181   [8]  21 14 21 14 00 00 00 00
 (1789039978.961497)  can0  601   [8]  40 6C 60 03 00 00 00 00
 (1789039978.961842)  can0  581   [8]  43 6C 60 03 00 00 00 00
 (1789039979.010910)  can0  181   [8]  21 14 21 14 00 00 00 00
 (1789039979.060857)  can0  181   [8]  21 14 21 14 00 00 00 00
 (1789039979.110806)  can0  181   [8]  21 14 21 14 00 00 00 00
 (1789039979.160753)  can0  181   [8]  21 14 21 14 00 00 00 00
 (1789039979.210701)  can0  181   [8]  21 14 21 14 00 00 00 00
 (1789039979.260647)  can0  181   [8]  21 14 21 14 00 00 00 00
 (1789039979.310595)  can0  181   [8]  21 14 21 14 00 00 00 00
 (1789039979.360542)  can0  181   [8]  21 14 21 14 00 00 00 00
 (1789039979.361093)  can0  601   [8]  40 41 60 00 00 00 00 00
 (1789039979.361414)  can0  581   [8]  43 41 60 00 21 14 21 14
 (1789039979.367260)  can0  601   [8]  40 6C 60 01 00 00 00 00
 (1789039979.367535)  can0  581   [8]  43 6C 60 01 00 00 00 00
 (1789039979.410490)  can0  181   [8]  21 14 21 14 00 00 00 00
 (1789039979.411076)  can0  601   [8]  40 6C 60 02 00 00 00 00
 (1789039979.411369)  can0  581   [8]  43 6C 60 02 00 00 00 00
 (1789039979.460437)  can0  181   [8]  21 14 21 14 00 00 00 00
 (1789039979.460967)  can0  601   [8]  40 6C 60 03 00 00 00 00
 (1789039979.461313)  can0  581   [8]  43 6C 60 03 00 00 00 00
 (1789039979.510386)  can0  181   [8]  21 14 21 14 00 00 00 00
 (1789039979.560333)  can0  181   [8]  21 14 21 14 00 00 00 00
 (1789039979.610280)  can0  181   [8]  21 14 21 14 00 00 00 00
 (1789039979.660227)  can0  181   [8]  21 14 21 14 00 00 00 00
 (1789039979.710174)  can0  181   [8]  21 14 21 14 00 00 00 00
 (1789039979.760123)  can0  181   [8]  21 14 21 14 00 00 00 00
 (1789039979.810071)  can0  181   [8]  21 14 21 14 00 00 00 00
 (1789039979.860017)  can0  181   [8]  21 14 21 14 00 00 00 00
 (1789039979.860682)  can0  601   [8]  40 41 60 00 00 00 00 00
 (1789039979.861013)  can0  581   [8]  43 41 60 00 21 14 21 14
 (1789039979.867142)  can0  601   [8]  40 6C 60 01 00 00 00 00
 (1789039979.867387)  can0  581   [8]  43 6C 60 01 00 00 00 00
 (1789039979.909965)  can0  181   [8]  21 14 21 14 00 00 00 00
 (1789039979.910672)  can0  601   [8]  40 6C 60 02 00 00 00 00
 (1789039979.911021)  can0  581   [8]  43 6C 60 02 00 00 00 00
 (1789039979.959910)  can0  181   [8]  21 14 21 14 00 00 00 00
 (1789039979.960499)  can0  601   [8]  40 6C 60 03 00 00 00 00
 (1789039979.960848)  can0  581   [8]  43 6C 60 03 00 00 00 00
 (1789039980.009859)  can0  181   [8]  21 14 21 14 00 00 00 00
 (1789039980.059807)  can0  181   [8]  21 14 21 14 00 00 00 00
 (1789039980.109753)  can0  181   [8]  21 14 21 14 00 00 00 00
 (1789039980.159701)  can0  181   [8]  21 14 21 14 00 00 00 00
 (1789039980.209648)  can0  181   [8]  21 14 21 14 00 00 00 00
 (1789039980.259595)  can0  181   [8]  21 14 21 14 00 00 00 00
 (1789039980.309541)  can0  181   [8]  21 14 21 14 00 00 00 00
 (1789039980.359492)  can0  181   [8]  21 14 21 14 00 00 00 00
 (1789039980.360151)  can0  601   [8]  40 41 60 00 00 00 00 00
 (1789039980.360425)  can0  581   [8]  43 41 60 00 21 14 21 14
 (1789039980.367143)  can0  601   [8]  40 6C 60 01 00 00 00 00
 (1789039980.367418)  can0  581   [8]  43 6C 60 01 00 00 00 00
 (1789039980.409438)  can0  181   [8]  21 14 21 14 00 00 00 00
 (1789039980.410077)  can0  601   [8]  40 6C 60 02 00 00 00 00
 (1789039980.410321)  can0  581   [8]  43 6C 60 02 00 00 00 00
 (1789039980.459386)  can0  181   [8]  21 14 21 14 00 00 00 00
 (1789039980.459940)  can0  601   [8]  40 6C 60 03 00 00 00 00
 (1789039980.460202)  can0  581   [8]  43 6C 60 03 00 00 00 00
 (1789039980.509332)  can0  181   [8]  21 14 21 14 00 00 00 00
 (1789039980.559281)  can0  181   [8]  21 14 21 14 00 00 00 00
 (1789039980.609228)  can0  181   [8]  21 14 21 14 00 00 00 00
 (1789039980.659174)  can0  181   [8]  21 14 21 14 00 00 00 00
 (1789039980.709126)  can0  181   [8]  21 14 21 14 00 00 00 00
 (1789039980.759071)  can0  181   [8]  21 14 21 14 00 00 00 00
 (1789039980.809017)  can0  181   [8]  21 14 21 14 00 00 00 00
 (1789039980.858964)  can0  181   [8]  21 14 21 14 00 00 00 00
 (1789039980.859650)  can0  601   [8]  40 41 60 00 00 00 00 00
 (1789039980.859953)  can0  581   [8]  43 41 60 00 21 14 21 14
 (1789039980.867151)  can0  601   [8]  40 6C 60 01 00 00 00 00
 (1789039980.867393)  can0  581   [8]  43 6C 60 01 00 00 00 00
 (1789039980.908911)  can0  181   [8]  21 14 21 14 00 00 00 00
 (1789039980.909559)  can0  601   [8]  40 6C 60 02 00 00 00 00
 (1789039980.909910)  can0  581   [8]  43 6C 60 02 00 00 00 00
 (1789039980.958859)  can0  181   [8]  21 14 21 14 00 00 00 00
 (1789039980.959480)  can0  601   [8]  40 6C 60 03 00 00 00 00
 (1789039980.959797)  can0  581   [8]  43 6C 60 03 00 00 00 00
 (1789039981.008807)  can0  181   [8]  21 14 21 14 00 00 00 00
 (1789039981.058755)  can0  181   [8]  21 14 21 14 00 00 00 00
 (1789039981.108701)  can0  181   [8]  21 14 21 14 00 00 00 00
 (1789039981.158648)  can0  181   [8]  21 14 21 14 00 00 00 00
 (1789039981.208595)  can0  181   [8]  21 14 21 14 00 00 00 00
 (1789039981.258542)  can0  181   [8]  21 14 21 14 00 00 00 00
 (1789039981.308491)  can0  181   [8]  21 14 21 14 00 00 00 00
 (1789039981.358439)  can0  181   [8]  21 14 21 14 00 00 00 00
 (1789039981.359306)  can0  601   [8]  40 41 60 00 00 00 00 00
 (1789039981.359616)  can0  581   [8]  43 41 60 00 21 14 21 14
 (1789039981.367270)  can0  601   [8]  40 6C 60 01 00 00 00 00
 (1789039981.367605)  can0  581   [8]  43 6C 60 01 00 00 00 00
 (1789039981.408385)  can0  181   [8]  21 14 21 14 00 00 00 00
 (1789039981.409457)  can0  601   [8]  40 6C 60 02 00 00 00 00
 (1789039981.409758)  can0  581   [8]  43 6C 60 02 00 00 00 00
 (1789039981.458333)  can0  181   [8]  21 14 21 14 00 00 00 00
 (1789039981.459181)  can0  601   [8]  40 6C 60 03 00 00 00 00
 (1789039981.459517)  can0  581   [8]  43 6C 60 03 00 00 00 00
 (1789039981.508279)  can0  181   [8]  21 14 21 14 00 00 00 00
 (1789039981.558227)  can0  181   [8]  21 14 21 14 00 00 00 00
 (1789039981.608176)  can0  181   [8]  21 14 21 14 00 00 00 00
 (1789039981.658123)  can0  181   [8]  21 14 21 14 00 00 00 00
 (1789039981.708070)  can0  181   [8]  21 14 21 14 00 00 00 00
 (1789039981.758016)  can0  181   [8]  21 14 21 14 00 00 00 00
 (1789039981.807964)  can0  181   [8]  21 14 21 14 00 00 00 00
 (1789039981.857911)  can0  181   [8]  21 14 21 14 00 00 00 00
 (1789039981.858749)  can0  601   [8]  40 41 60 00 00 00 00 00
 (1789039981.859089)  can0  581   [8]  43 41 60 00 21 14 21 14
 (1789039981.867155)  can0  601   [8]  40 6C 60 01 00 00 00 00
 (1789039981.867456)  can0  581   [8]  43 6C 60 01 00 00 00 00
 (1789039981.907859)  can0  181   [8]  21 14 21 14 00 00 00 00
 (1789039981.909155)  can0  601   [8]  40 6C 60 02 00 00 00 00
 (1789039981.909482)  can0  581   [8]  43 6C 60 02 00 00 00 00
 (1789039981.957806)  can0  181   [8]  21 14 21 14 00 00 00 00
 (1789039981.958336)  can0  601   [8]  40 6C 60 03 00 00 00 00
 (1789039981.958684)  can0  581   [8]  43 6C 60 03 00 00 00 00
 (1789039982.007754)  can0  181   [8]  21 14 21 14 00 00 00 00
 (1789039982.057700)  can0  181   [8]  21 14 21 14 00 00 00 00
 (1789039982.107650)  can0  181   [8]  21 14 21 14 00 00 00 00
 (1789039982.157596)  can0  181   [8]  21 14 21 14 00 00 00 00
 (1789039982.207544)  can0  181   [8]  21 14 21 14 00 00 00 00
 (1789039982.257490)  can0  181   [8]  21 14 21 14 00 00 00 00
 (1789039982.307438)  can0  181   [8]  21 14 21 14 00 00 00 00
 (1789039982.357385)  can0  181   [8]  21 14 21 14 00 00 00 00
 (1789039982.358080)  can0  601   [8]  40 41 60 00 00 00 00 00
 (1789039982.358375)  can0  581   [8]  43 41 60 00 21 14 21 14
 (1789039982.367150)  can0  601   [8]  40 6C 60 01 00 00 00 00
 (1789039982.367486)  can0  581   [8]  43 6C 60 01 00 00 00 00
 (1789039982.407334)  can0  181   [8]  21 14 21 14 00 00 00 00
 (1789039982.407960)  can0  601   [8]  40 6C 60 02 00 00 00 00
 (1789039982.408267)  can0  581   [8]  43 6C 60 02 00 00 00 00
 (1789039982.457280)  can0  181   [8]  21 14 21 14 00 00 00 00
 (1789039982.457834)  can0  601   [8]  40 6C 60 03 00 00 00 00
 (1789039982.458158)  can0  581   [8]  43 6C 60 03 00 00 00 00
 (1789039982.507229)  can0  181   [8]  21 14 21 14 00 00 00 00
 (1789039982.557176)  can0  181   [8]  21 14 21 14 00 00 00 00
 (1789039982.607123)  can0  181   [8]  21 14 21 14 00 00 00 00
 (1789039982.657069)  can0  181   [8]  21 14 21 14 00 00 00 00
 (1789039982.707017)  can0  181   [8]  21 14 21 14 00 00 00 00
 (1789039982.756963)  can0  181   [8]  21 14 21 14 00 00 00 00
 (1789039982.806911)  can0  181   [8]  21 14 21 14 00 00 00 00
 (1789039982.856860)  can0  181   [8]  21 14 21 14 00 00 00 00
 (1789039982.857514)  can0  601   [8]  40 41 60 00 00 00 00 00
 (1789039982.857849)  can0  581   [8]  43 41 60 00 21 14 21 14
 (1789039982.867082)  can0  601   [8]  40 6C 60 01 00 00 00 00
 (1789039982.867400)  can0  581   [8]  43 6C 60 01 00 00 00 00
 (1789039982.906808)  can0  181   [8]  21 14 21 14 00 00 00 00
 (1789039982.907395)  can0  601   [8]  40 6C 60 02 00 00 00 00
 (1789039982.907743)  can0  581   [8]  43 6C 60 02 00 00 00 00
 (1789039982.956754)  can0  181   [8]  21 14 21 14 00 00 00 00
 (1789039982.957373)  can0  601   [8]  40 6C 60 03 00 00 00 00
 (1789039982.957689)  can0  581   [8]  43 6C 60 03 00 00 00 00
 (1789039983.006700)  can0  181   [8]  21 14 21 14 00 00 00 00
 (1789039983.056651)  can0  181   [8]  21 14 21 14 00 00 00 00
 (1789039983.106597)  can0  181   [8]  21 14 21 14 00 00 00 00
 (1789039983.156544)  can0  181   [8]  21 14 21 14 00 00 00 00
 (1789039983.206492)  can0  181   [8]  21 14 21 14 00 00 00 00
 (1789039983.256440)  can0  181   [8]  21 14 21 14 00 00 00 00
 (1789039983.306384)  can0  181   [8]  21 14 21 14 00 00 00 00
 (1789039983.356333)  can0  181   [8]  21 14 21 14 00 00 00 00
 (1789039983.357083)  can0  601   [8]  40 41 60 00 00 00 00 00
 (1789039983.357385)  can0  581   [8]  43 41 60 00 21 14 21 14
 (1789039983.367083)  can0  601   [8]  40 6C 60 01 00 00 00 00
 (1789039983.367432)  can0  581   [8]  43 6C 60 01 00 00 00 00
 (1789039983.406281)  can0  181   [8]  21 14 21 14 00 00 00 00
 (1789039983.406956)  can0  601   [8]  40 6C 60 02 00 00 00 00
 (1789039983.407279)  can0  581   [8]  43 6C 60 02 00 00 00 00
 (1789039983.456228)  can0  181   [8]  21 14 21 14 00 00 00 00
 (1789039983.456866)  can0  601   [8]  40 6C 60 03 00 00 00 00
 (1789039983.457168)  can0  581   [8]  43 6C 60 03 00 00 00 00
 (1789039983.506176)  can0  181   [8]  21 14 21 14 00 00 00 00
 (1789039983.556125)  can0  181   [8]  21 14 21 14 00 00 00 00
 (1789039983.606070)  can0  181   [8]  21 14 21 14 00 00 00 00
 (1789039983.656017)  can0  181   [8]  21 14 21 14 00 00 00 00
 (1789039983.705964)  can0  181   [8]  21 14 21 14 00 00 00 00
 (1789039983.755913)  can0  181   [8]  21 14 21 14 00 00 00 00
 (1789039983.805858)  can0  181   [8]  21 14 21 14 00 00 00 00
 (1789039983.855809)  can0  181   [8]  21 14 21 14 00 00 00 00
 (1789039983.856689)  can0  601   [8]  40 41 60 00 00 00 00 00
 (1789039983.856985)  can0  581   [8]  43 41 60 00 21 14 21 14
 (1789039983.867171)  can0  601   [8]  40 6C 60 01 00 00 00 00
 (1789039983.867474)  can0  581   [8]  43 6C 60 01 00 00 00 00
 (1789039983.905753)  can0  181   [8]  21 14 21 14 00 00 00 00
 (1789039983.906372)  can0  601   [8]  40 6C 60 02 00 00 00 00
 (1789039983.906691)  can0  581   [8]  43 6C 60 02 00 00 00 00
 (1789039983.955645)  can0  181   [8]  21 14 21 14 00 00 00 00
 (1789039983.956390)  can0  601   [8]  40 6C 60 03 00 00 00 00
 (1789039983.956699)  can0  581   [8]  43 6C 60 03 00 00 00 00
 (1789039984.005650)  can0  181   [8]  21 14 21 14 00 00 00 00
 (1789039984.055597)  can0  181   [8]  21 14 21 14 00 00 00 00
 (1789039984.105543)  can0  181   [8]  21 14 21 14 00 00 00 00
 (1789039984.155492)  can0  181   [8]  21 14 21 14 00 00 00 00
 (1789039984.205439)  can0  181   [8]  21 14 21 14 00 00 00 00
 (1789039984.255390)  can0  181   [8]  21 14 21 14 00 00 00 00
 (1789039984.305335)  can0  181   [8]  21 14 21 14 00 00 00 00
 (1789039984.355283)  can0  181   [8]  21 14 21 14 00 00 00 00
 (1789039984.355884)  can0  601   [8]  40 41 60 00 00 00 00 00
 (1789039984.356210)  can0  581   [8]  43 41 60 00 21 14 21 14
 (1789039984.367081)  can0  601   [8]  40 6C 60 01 00 00 00 00
 (1789039984.367383)  can0  581   [8]  43 6C 60 01 00 00 00 00
 (1789039984.405230)  can0  181   [8]  21 14 21 14 00 00 00 00
 (1789039984.405786)  can0  601   [8]  40 6C 60 02 00 00 00 00
 (1789039984.406103)  can0  581   [8]  43 6C 60 02 00 00 00 00
 (1789039984.455176)  can0  181   [8]  21 14 21 14 00 00 00 00
 (1789039984.455784)  can0  601   [8]  40 6C 60 03 00 00 00 00
 (1789039984.456111)  can0  581   [8]  43 6C 60 03 00 00 00 00
 (1789039984.505122)  can0  181   [8]  21 14 21 14 00 00 00 00
 (1789039984.555071)  can0  181   [8]  21 14 21 14 00 00 00 00
 (1789039984.605018)  can0  181   [8]  21 14 21 14 00 00 00 00
 (1789039984.654965)  can0  181   [8]  21 14 21 14 00 00 00 00
 (1789039984.704912)  can0  181   [8]  21 14 21 14 00 00 00 00
 (1789039984.754859)  can0  181   [8]  21 14 21 14 00 00 00 00
 (1789039984.804807)  can0  181   [8]  21 14 21 14 00 00 00 00
 (1789039984.854754)  can0  181   [8]  21 14 21 14 00 00 00 00
 (1789039984.855400)  can0  601   [8]  40 41 60 00 00 00 00 00
 (1789039984.855743)  can0  581   [8]  43 41 60 00 21 14 21 14
 (1789039984.867152)  can0  601   [8]  40 6C 60 01 00 00 00 00
 (1789039984.867475)  can0  581   [8]  43 6C 60 01 00 00 00 00
 (1789039984.904701)  can0  181   [8]  21 14 21 14 00 00 00 00
 (1789039984.905214)  can0  601   [8]  40 6C 60 02 00 00 00 00
 (1789039984.905516)  can0  581   [8]  43 6C 60 02 00 00 00 00
 (1789039984.954650)  can0  181   [8]  21 14 21 14 00 00 00 00
 (1789039984.955122)  can0  601   [8]  40 6C 60 03 00 00 00 00
 (1789039984.955465)  can0  581   [8]  43 6C 60 03 00 00 00 00
 (1789039985.004597)  can0  181   [8]  21 14 21 14 00 00 00 00
 (1789039985.054543)  can0  181   [8]  21 14 21 14 00 00 00 00
 (1789039985.104492)  can0  181   [8]  21 14 21 14 00 00 00 00
 (1789039985.154439)  can0  181   [8]  21 14 21 14 00 00 00 00
 (1789039985.204388)  can0  181   [8]  21 14 21 14 00 00 00 00
 (1789039985.254333)  can0  181   [8]  21 14 21 14 00 00 00 00
 (1789039985.304281)  can0  181   [8]  21 14 21 14 00 00 00 00
 (1789039985.354228)  can0  181   [8]  21 14 21 14 00 00 00 00
 (1789039985.355025)  can0  601   [8]  40 41 60 00 00 00 00 00
 (1789039985.355347)  can0  581   [8]  43 41 60 00 21 14 21 14
 (1789039985.366987)  can0  601   [8]  40 6C 60 01 00 00 00 00
 (1789039985.367325)  can0  581   [8]  43 6C 60 01 00 00 00 00
 (1789039985.404176)  can0  181   [8]  21 14 21 14 00 00 00 00
 (1789039985.404768)  can0  601   [8]  40 6C 60 02 00 00 00 00
 (1789039985.405054)  can0  581   [8]  43 6C 60 02 00 00 00 00
 (1789039985.454122)  can0  181   [8]  21 14 21 14 00 00 00 00
 (1789039985.454704)  can0  601   [8]  40 6C 60 03 00 00 00 00
 (1789039985.454999)  can0  581   [8]  43 6C 60 03 00 00 00 00
 (1789039985.504072)  can0  181   [8]  21 14 21 14 00 00 00 00
 (1789039985.554019)  can0  181   [8]  21 14 21 14 00 00 00 00
 (1789039985.603966)  can0  181   [8]  21 14 21 14 00 00 00 00
 (1789039985.653912)  can0  181   [8]  21 14 21 14 00 00 00 00
 (1789039985.703860)  can0  181   [8]  21 14 21 14 00 00 00 00
 (1789039985.753806)  can0  181   [8]  21 14 21 14 00 00 00 00
 (1789039985.803754)  can0  181   [8]  21 14 21 14 00 00 00 00
 (1789039985.853703)  can0  181   [8]  21 14 21 14 00 00 00 00
 (1789039985.854309)  can0  601   [8]  40 41 60 00 00 00 00 00
 (1789039985.854631)  can0  581   [8]  43 41 60 00 21 14 21 14
 (1789039985.867005)  can0  601   [8]  40 6C 60 01 00 00 00 00
 (1789039985.867306)  can0  581   [8]  43 6C 60 01 00 00 00 00
 (1789039985.903648)  can0  181   [8]  21 14 21 14 00 00 00 00
 (1789039985.904203)  can0  601   [8]  40 6C 60 02 00 00 00 00
 (1789039985.904524)  can0  581   [8]  43 6C 60 02 00 00 00 00
 (1789039985.953597)  can0  181   [8]  21 14 21 14 00 00 00 00
 (1789039985.954174)  can0  601   [8]  40 6C 60 03 00 00 00 00
 (1789039985.954476)  can0  581   [8]  43 6C 60 03 00 00 00 00
 (1789039986.003543)  can0  181   [8]  21 14 21 14 00 00 00 00
 (1789039986.053491)  can0  181   [8]  21 14 21 14 00 00 00 00
 (1789039986.103439)  can0  181   [8]  21 14 21 14 00 00 00 00
 (1789039986.153387)  can0  181   [8]  21 14 21 14 00 00 00 00
 (1789039986.203334)  can0  181   [8]  21 14 21 14 00 00 00 00
 (1789039986.253280)  can0  181   [8]  21 14 21 14 00 00 00 00
 (1789039986.303232)  can0  181   [8]  21 14 21 14 00 00 00 00
 (1789039986.353239)  can0  181   [8]  21 14 21 14 00 00 00 00
 (1789039986.353819)  can0  601   [8]  40 41 60 00 00 00 00 00
 (1789039986.354114)  can0  581   [8]  43 41 60 00 21 14 21 14
 (1789039986.366980)  can0  601   [8]  40 6C 60 01 00 00 00 00
 (1789039986.367330)  can0  581   [8]  43 6C 60 01 00 00 00 00
 (1789039986.403187)  can0  181   [8]  21 14 21 14 00 00 00 00
 (1789039986.403754)  can0  601   [8]  40 6C 60 02 00 00 00 00
 (1789039986.404060)  can0  581   [8]  43 6C 60 02 00 00 00 00
 (1789039986.453133)  can0  181   [8]  21 14 21 14 00 00 00 00
 (1789039986.453713)  can0  601   [8]  40 6C 60 03 00 00 00 00
 (1789039986.454014)  can0  581   [8]  43 6C 60 03 00 00 00 00
 (1789039986.503080)  can0  181   [8]  21 14 21 14 00 00 00 00
 (1789039986.553028)  can0  181   [8]  21 14 21 14 00 00 00 00
 (1789039986.602974)  can0  181   [8]  21 14 21 14 00 00 00 00
 (1789039986.652922)  can0  181   [8]  21 14 21 14 00 00 00 00
 (1789039986.702871)  can0  181   [8]  21 14 21 14 00 00 00 00
 (1789039986.752820)  can0  181   [8]  21 14 21 14 00 00 00 00
 (1789039986.802765)  can0  181   [8]  21 14 21 14 00 00 00 00
 (1789039986.852713)  can0  181   [8]  21 14 21 14 00 00 00 00
 (1789039986.853361)  can0  601   [8]  40 41 60 00 00 00 00 00
 (1789039986.853703)  can0  581   [8]  43 41 60 00 21 14 21 14
 (1789039986.866994)  can0  601   [8]  40 6C 60 01 00 00 00 00
 (1789039986.867304)  can0  581   [8]  43 6C 60 01 00 00 00 00
 (1789039986.902660)  can0  181   [8]  21 14 21 14 00 00 00 00
 (1789039986.903253)  can0  601   [8]  40 6C 60 02 00 00 00 00
 (1789039986.903595)  can0  581   [8]  43 6C 60 02 00 00 00 00
 (1789039986.952606)  can0  181   [8]  21 14 21 14 00 00 00 00
 (1789039986.953204)  can0  601   [8]  40 6C 60 03 00 00 00 00
 (1789039986.953544)  can0  581   [8]  43 6C 60 03 00 00 00 00
 (1789039987.002554)  can0  181   [8]  21 14 21 14 00 00 00 00
 (1789039987.052502)  can0  181   [8]  21 14 21 14 00 00 00 00
 (1789039987.102448)  can0  181   [8]  21 14 21 14 00 00 00 00
 (1789039987.152396)  can0  181   [8]  21 14 21 14 00 00 00 00
 (1789039987.202343)  can0  181   [8]  21 14 21 14 00 00 00 00
 (1789039987.252289)  can0  181   [8]  21 14 21 14 00 00 00 00
 (1789039987.302239)  can0  181   [8]  21 14 21 14 00 00 00 00
 (1789039987.352186)  can0  181   [8]  21 14 21 14 00 00 00 00
 (1789039987.352780)  can0  601   [8]  40 41 60 00 00 00 00 00
 (1789039987.353113)  can0  581   [8]  43 41 60 00 21 14 21 14
 (1789039987.366958)  can0  601   [8]  40 6C 60 01 00 00 00 00
 (1789039987.367278)  can0  581   [8]  43 6C 60 01 00 00 00 00
 (1789039987.402134)  can0  181   [8]  21 14 21 14 00 00 00 00
 (1789039987.402783)  can0  601   [8]  40 6C 60 02 00 00 00 00
 (1789039987.403133)  can0  581   [8]  43 6C 60 02 00 00 00 00
 (1789039987.452082)  can0  181   [8]  21 14 21 14 00 00 00 00
 (1789039987.452689)  can0  601   [8]  40 6C 60 03 00 00 00 00
 (1789039987.453016)  can0  581   [8]  43 6C 60 03 00 00 00 00
 (1789039987.502029)  can0  181   [8]  21 14 21 14 00 00 00 00
 (1789039987.551975)  can0  181   [8]  21 14 21 14 00 00 00 00
 (1789039987.601924)  can0  181   [8]  21 14 21 14 00 00 00 00
 (1789039987.651869)  can0  181   [8]  21 14 21 14 00 00 00 00
 (1789039987.701820)  can0  181   [8]  21 14 21 14 00 00 00 00
 (1789039987.751765)  can0  181   [8]  21 14 21 14 00 00 00 00
 (1789039987.801713)  can0  181   [8]  21 14 21 14 00 00 00 00
 (1789039987.851659)  can0  181   [8]  21 14 21 14 00 00 00 00
 (1789039987.852273)  can0  601   [8]  40 41 60 00 00 00 00 00
 (1789039987.852590)  can0  581   [8]  43 41 60 00 21 14 21 14
 (1789039987.866995)  can0  601   [8]  40 6C 60 01 00 00 00 00
 (1789039987.867313)  can0  581   [8]  43 6C 60 01 00 00 00 00
 (1789039987.901607)  can0  181   [8]  21 14 21 14 00 00 00 00
 (1789039987.902168)  can0  601   [8]  40 6C 60 02 00 00 00 00
 (1789039987.902543)  can0  581   [8]  43 6C 60 02 00 00 00 00
 (1789039987.951554)  can0  181   [8]  21 14 21 14 00 00 00 00
 (1789039987.952143)  can0  601   [8]  40 6C 60 03 00 00 00 00
 (1789039987.952491)  can0  581   [8]  43 6C 60 03 00 00 00 00
 (1789039988.001503)  can0  181   [8]  21 14 21 14 00 00 00 00
 (1789039988.051449)  can0  181   [8]  21 14 21 14 00 00 00 00
 (1789039988.101397)  can0  181   [8]  21 14 21 14 00 00 00 00
 (1789039988.151344)  can0  181   [8]  21 14 21 14 00 00 00 00
 (1789039988.201292)  can0  181   [8]  21 14 21 14 00 00 00 00
 (1789039988.251237)  can0  181   [8]  21 14 21 14 00 00 00 00
 (1789039988.301193)  can0  181   [8]  21 14 21 14 00 00 00 00
 (1789039988.351195)  can0  181   [8]  21 14 21 14 00 00 00 00
 (1789039988.351840)  can0  601   [8]  40 41 60 00 00 00 00 00
 (1789039988.352183)  can0  581   [8]  43 41 60 00 21 14 21 14
 (1789039988.367084)  can0  601   [8]  40 6C 60 01 00 00 00 00
 (1789039988.367409)  can0  581   [8]  43 6C 60 01 00 00 00 00
 (1789039988.401143)  can0  181   [8]  21 14 21 14 00 00 00 00
 (1789039988.401727)  can0  601   [8]  40 6C 60 02 00 00 00 00
 (1789039988.402018)  can0  581   [8]  43 6C 60 02 00 00 00 00
 (1789039988.451091)  can0  181   [8]  21 14 21 14 00 00 00 00
 (1789039988.451742)  can0  601   [8]  40 6C 60 03 00 00 00 00
 (1789039988.452089)  can0  581   [8]  43 6C 60 03 00 00 00 00
 (1789039988.501039)  can0  181   [8]  21 14 21 14 00 00 00 00
 (1789039988.550985)  can0  181   [8]  21 14 21 14 00 00 00 00
 (1789039988.600932)  can0  181   [8]  21 14 21 14 00 00 00 00
 (1789039988.650879)  can0  181   [8]  21 14 21 14 00 00 00 00
 (1789039988.700828)  can0  181   [8]  21 14 21 14 00 00 00 00
 (1789039988.750776)  can0  181   [8]  21 14 21 14 00 00 00 00
 (1789039988.800722)  can0  181   [8]  21 14 21 14 00 00 00 00
 (1789039988.850670)  can0  181   [8]  21 14 21 14 00 00 00 00
 (1789039988.851339)  can0  601   [8]  40 41 60 00 00 00 00 00
 (1789039988.851661)  can0  581   [8]  43 41 60 00 21 14 21 14
 (1789039988.866961)  can0  601   [8]  40 6C 60 01 00 00 00 00
 (1789039988.867261)  can0  581   [8]  43 6C 60 01 00 00 00 00
 (1789039988.900617)  can0  181   [8]  21 14 21 14 00 00 00 00
 (1789039988.901203)  can0  601   [8]  40 6C 60 02 00 00 00 00
 (1789039988.901554)  can0  581   [8]  43 6C 60 02 00 00 00 00
 (1789039988.950564)  can0  181   [8]  21 14 21 14 00 00 00 00
 (1789039988.951146)  can0  601   [8]  40 6C 60 03 00 00 00 00
 (1789039988.951448)  can0  581   [8]  43 6C 60 03 00 00 00 00
 (1789039989.000512)  can0  181   [8]  21 14 21 14 00 00 00 00
 (1789039989.050460)  can0  181   [8]  21 14 21 14 00 00 00 00
 (1789039989.100406)  can0  181   [8]  21 14 21 14 00 00 00 00
 (1789039989.150354)  can0  181   [8]  21 14 21 14 00 00 00 00
 (1789039989.200300)  can0  181   [8]  21 14 21 14 00 00 00 00
 (1789039989.250249)  can0  181   [8]  21 14 21 14 00 00 00 00
 (1789039989.300204)  can0  181   [8]  21 14 21 14 00 00 00 00
 (1789039989.350149)  can0  181   [8]  21 14 21 14 00 00 00 00
 (1789039989.351085)  can0  601   [8]  40 41 60 00 00 00 00 00
 (1789039989.351327)  can0  581   [8]  43 41 60 00 21 14 21 14
 (1789039989.366969)  can0  601   [8]  40 6C 60 01 00 00 00 00
 (1789039989.367293)  can0  581   [8]  43 6C 60 01 00 00 00 00
 (1789039989.400095)  can0  181   [8]  21 14 21 14 00 00 00 00
 (1789039989.400675)  can0  601   [8]  40 6C 60 02 00 00 00 00
 (1789039989.401024)  can0  581   [8]  43 6C 60 02 00 00 00 00
 (1789039989.450101)  can0  181   [8]  21 14 21 14 00 00 00 00
 (1789039989.450648)  can0  601   [8]  40 6C 60 03 00 00 00 00
 (1789039989.450979)  can0  581   [8]  43 6C 60 03 00 00 00 00
 (1789039989.500047)  can0  181   [8]  21 14 21 14 00 00 00 00
 (1789039989.549994)  can0  181   [8]  21 14 21 14 00 00 00 00
 (1789039989.599943)  can0  181   [8]  21 14 21 14 00 00 00 00
 (1789039989.649891)  can0  181   [8]  21 14 21 14 00 00 00 00
 (1789039989.699838)  can0  181   [8]  21 14 21 14 00 00 00 00
 (1789039989.749785)  can0  181   [8]  21 14 21 14 00 00 00 00
 (1789039989.799732)  can0  181   [8]  21 14 21 14 00 00 00 00
 (1789039989.849679)  can0  181   [8]  21 14 21 14 00 00 00 00
 (1789039989.850315)  can0  601   [8]  40 41 60 00 00 00 00 00
 (1789039989.850610)  can0  581   [8]  43 41 60 00 21 14 21 14
 (1789039989.866932)  can0  601   [8]  40 6C 60 01 00 00 00 00
 (1789039989.867267)  can0  581   [8]  43 6C 60 01 00 00 00 00
 (1789039989.899627)  can0  181   [8]  21 14 21 14 00 00 00 00
 (1789039989.900262)  can0  601   [8]  40 6C 60 02 00 00 00 00
 (1789039989.900564)  can0  581   [8]  43 6C 60 02 00 00 00 00
 (1789039989.949575)  can0  181   [8]  21 14 21 14 00 00 00 00
 (1789039989.950160)  can0  601   [8]  40 6C 60 03 00 00 00 00
 (1789039989.950451)  can0  581   [8]  43 6C 60 03 00 00 00 00
 (1789039989.999521)  can0  181   [8]  21 14 21 14 00 00 00 00
 (1789039990.049469)  can0  181   [8]  21 14 21 14 00 00 00 00
 (1789039990.099415)  can0  181   [8]  21 14 21 14 00 00 00 00
 (1789039990.149306)  can0  181   [8]  21 14 21 14 00 00 00 00
 (1789039990.199312)  can0  181   [8]  21 14 21 14 00 00 00 00
 (1789039990.249260)  can0  181   [8]  21 14 21 14 00 00 00 00
 (1789039990.299206)  can0  181   [8]  21 14 21 14 00 00 00 00
 (1789039990.349153)  can0  181   [8]  21 14 21 14 00 00 00 00
 (1789039990.349771)  can0  601   [8]  40 41 60 00 00 00 00 00
 (1789039990.350081)  can0  581   [8]  43 41 60 00 21 14 21 14
 (1789039990.366935)  can0  601   [8]  40 6C 60 01 00 00 00 00
 (1789039990.367182)  can0  581   [8]  43 6C 60 01 00 00 00 00
 (1789039990.399100)  can0  181   [8]  21 14 21 14 00 00 00 00
 (1789039990.399672)  can0  601   [8]  40 6C 60 02 00 00 00 00
 (1789039990.399977)  can0  581   [8]  43 6C 60 02 00 00 00 00
 (1789039990.449037)  can0  181   [8]  21 14 21 14 00 00 00 00
 (1789039990.449692)  can0  601   [8]  40 6C 60 03 00 00 00 00
 (1789039990.449996)  can0  581   [8]  43 6C 60 03 00 00 00 00
 (1789039990.498994)  can0  181   [8]  21 14 21 14 00 00 00 00
 (1789039990.548942)  can0  181   [8]  21 14 21 14 00 00 00 00
 (1789039990.598891)  can0  181   [8]  21 14 21 14 00 00 00 00
 (1789039990.648838)  can0  181   [8]  21 14 21 14 00 00 00 00
 (1789039990.698786)  can0  181   [8]  21 14 21 14 00 00 00 00
 (1789039990.748732)  can0  181   [8]  21 14 21 14 00 00 00 00
 (1789039990.798681)  can0  181   [8]  21 14 21 14 00 00 00 00
 (1789039990.848627)  can0  181   [8]  21 14 21 14 00 00 00 00
 (1789039990.849208)  can0  601   [8]  40 41 60 00 00 00 00 00
 (1789039990.849503)  can0  581   [8]  43 41 60 00 21 14 21 14
 (1789039990.866914)  can0  601   [8]  40 6C 60 01 00 00 00 00
 (1789039990.867217)  can0  581   [8]  43 6C 60 01 00 00 00 00
 (1789039990.898574)  can0  181   [8]  21 14 21 14 00 00 00 00
 (1789039990.899148)  can0  601   [8]  40 6C 60 02 00 00 00 00
 (1789039990.899449)  can0  581   [8]  43 6C 60 02 00 00 00 00
 (1789039990.948523)  can0  181   [8]  21 14 21 14 00 00 00 00
 (1789039990.949151)  can0  601   [8]  40 6C 60 03 00 00 00 00
 (1789039990.949458)  can0  581   [8]  43 6C 60 03 00 00 00 00
 (1789039990.998469)  can0  181   [8]  21 14 21 14 00 00 00 00
 (1789039991.048416)  can0  181   [8]  21 14 21 14 00 00 00 00
 (1789039991.098363)  can0  181   [8]  21 14 21 14 00 00 00 00
 (1789039991.148311)  can0  181   [8]  21 14 21 14 00 00 00 00
 (1789039991.198260)  can0  181   [8]  21 14 21 14 00 00 00 00
 (1789039991.248206)  can0  181   [8]  21 14 21 14 00 00 00 00
 (1789039991.298155)  can0  181   [8]  21 14 21 14 00 00 00 00
 (1789039991.348103)  can0  181   [8]  21 14 21 14 00 00 00 00
 (1789039991.348756)  can0  601   [8]  40 41 60 00 00 00 00 00
 (1789039991.349154)  can0  581   [8]  43 41 60 00 21 14 21 14
 (1789039991.366902)  can0  601   [8]  40 6C 60 01 00 00 00 00
 (1789039991.367245)  can0  581   [8]  43 6C 60 01 00 00 00 00
 (1789039991.398049)  can0  181   [8]  21 14 21 14 00 00 00 00
 (1789039991.398660)  can0  601   [8]  40 6C 60 02 00 00 00 00
 (1789039991.398983)  can0  581   [8]  43 6C 60 02 00 00 00 00
 (1789039991.447997)  can0  181   [8]  21 14 21 14 00 00 00 00
 (1789039991.448619)  can0  601   [8]  40 6C 60 03 00 00 00 00
 (1789039991.448931)  can0  581   [8]  43 6C 60 03 00 00 00 00
 (1789039991.497941)  can0  181   [8]  21 14 21 14 00 00 00 00
 (1789039991.547889)  can0  181   [8]  21 14 21 14 00 00 00 00
 (1789039991.597835)  can0  181   [8]  21 14 21 14 00 00 00 00
 (1789039991.647785)  can0  181   [8]  21 14 21 14 00 00 00 00
 (1789039991.697732)  can0  181   [8]  21 14 21 14 00 00 00 00
 (1789039991.747680)  can0  181   [8]  21 14 21 14 00 00 00 00
 (1789039991.797628)  can0  181   [8]  21 14 21 14 00 00 00 00
 (1789039991.847574)  can0  181   [8]  21 14 21 14 00 00 00 00
 (1789039991.848127)  can0  601   [8]  40 41 60 00 00 00 00 00
 (1789039991.848446)  can0  581   [8]  43 41 60 00 21 14 21 14
 (1789039991.866906)  can0  601   [8]  40 6C 60 01 00 00 00 00
 (1789039991.867217)  can0  581   [8]  43 6C 60 01 00 00 00 00
 (1789039991.897521)  can0  181   [8]  21 14 21 14 00 00 00 00
 (1789039991.898090)  can0  601   [8]  40 6C 60 02 00 00 00 00
 (1789039991.898400)  can0  581   [8]  43 6C 60 02 00 00 00 00
 (1789039991.947468)  can0  181   [8]  21 14 21 14 00 00 00 00
 (1789039991.948151)  can0  601   [8]  40 6C 60 03 00 00 00 00
 (1789039991.948410)  can0  581   [8]  43 6C 60 03 00 00 00 00
 (1789039991.997416)  can0  181   [8]  21 14 21 14 00 00 00 00
 (1789039992.047364)  can0  181   [8]  21 14 21 14 00 00 00 00
 (1789039992.097311)  can0  181   [8]  21 14 21 14 00 00 00 00
 (1789039992.147257)  can0  181   [8]  21 14 21 14 00 00 00 00
 (1789039992.197206)  can0  181   [8]  21 14 21 14 00 00 00 00
 (1789039992.247155)  can0  181   [8]  21 14 21 14 00 00 00 00
 (1789039992.297103)  can0  181   [8]  21 14 21 14 00 00 00 00
 (1789039992.347049)  can0  181   [8]  21 14 21 14 00 00 00 00
 (1789039992.347958)  can0  601   [8]  40 41 60 00 00 00 00 00
 (1789039992.348230)  can0  581   [8]  43 41 60 00 21 14 21 14
 (1789039992.367083)  can0  601   [8]  40 6C 60 01 00 00 00 00
 (1789039992.367386)  can0  581   [8]  43 6C 60 01 00 00 00 00
 (1789039992.396995)  can0  181   [8]  21 14 21 14 00 00 00 00
 (1789039992.397779)  can0  601   [8]  40 6C 60 02 00 00 00 00
 (1789039992.398118)  can0  581   [8]  43 6C 60 02 00 00 00 00
 (1789039992.446943)  can0  181   [8]  21 14 21 14 00 00 00 00
 (1789039992.447804)  can0  601   [8]  40 6C 60 03 00 00 00 00
 (1789039992.448129)  can0  581   [8]  43 6C 60 03 00 00 00 00
 (1789039992.496889)  can0  181   [8]  21 14 21 14 00 00 00 00
 (1789039992.546840)  can0  181   [8]  21 14 21 14 00 00 00 00
 (1789039992.596784)  can0  181   [8]  21 14 21 14 00 00 00 00
 (1789039992.646732)  can0  181   [8]  21 14 21 14 00 00 00 00
 (1789039992.696680)  can0  181   [8]  21 14 21 14 00 00 00 00
 (1789039992.746628)  can0  181   [8]  21 14 21 14 00 00 00 00
 (1789039992.796574)  can0  181   [8]  21 14 21 14 00 00 00 00
 (1789039992.846521)  can0  181   [8]  21 14 21 14 00 00 00 00
 (1789039992.847085)  can0  601   [8]  40 41 60 00 00 00 00 00
 (1789039992.847389)  can0  581   [8]  43 41 60 00 21 14 21 14
 (1789039992.866808)  can0  601   [8]  40 6C 60 01 00 00 00 00
 (1789039992.867110)  can0  581   [8]  43 6C 60 01 00 00 00 00
 (1789039992.896468)  can0  181   [8]  21 14 21 14 00 00 00 00
 (1789039992.897081)  can0  601   [8]  40 6C 60 02 00 00 00 00
 (1789039992.897405)  can0  581   [8]  43 6C 60 02 00 00 00 00
 (1789039992.946417)  can0  181   [8]  21 14 21 14 00 00 00 00
 (1789039992.946988)  can0  601   [8]  40 6C 60 03 00 00 00 00
 (1789039992.947293)  can0  581   [8]  43 6C 60 03 00 00 00 00
 (1789039992.996364)  can0  181   [8]  21 14 21 14 00 00 00 00
 (1789039993.046310)  can0  181   [8]  21 14 21 14 00 00 00 00
 (1789039993.096257)  can0  181   [8]  21 14 21 14 00 00 00 00
 (1789039993.146205)  can0  181   [8]  21 14 21 14 00 00 00 00
 (1789039993.196155)  can0  181   [8]  21 14 21 14 00 00 00 00
 (1789039993.246100)  can0  181   [8]  21 14 21 14 00 00 00 00
 (1789039993.296048)  can0  181   [8]  21 14 21 14 00 00 00 00
 (1789039993.345996)  can0  181   [8]  21 14 21 14 00 00 00 00
 (1789039993.346861)  can0  601   [8]  40 41 60 00 00 00 00 00
 (1789039993.347173)  can0  581   [8]  43 41 60 00 21 14 21 14
 (1789039993.367149)  can0  601   [8]  40 6C 60 01 00 00 00 00
 (1789039993.367449)  can0  581   [8]  43 6C 60 01 00 00 00 00
 (1789039993.395943)  can0  181   [8]  21 14 21 14 00 00 00 00
 (1789039993.396716)  can0  601   [8]  40 6C 60 02 00 00 00 00
 (1789039993.397067)  can0  581   [8]  43 6C 60 02 00 00 00 00
 (1789039993.445889)  can0  181   [8]  21 14 21 14 00 00 00 00
 (1789039993.446724)  can0  601   [8]  40 6C 60 03 00 00 00 00
 (1789039993.447075)  can0  581   [8]  43 6C 60 03 00 00 00 00
 (1789039993.495839)  can0  181   [8]  21 14 21 14 00 00 00 00
 (1789039993.545786)  can0  181   [8]  21 14 21 14 00 00 00 00
 (1789039993.595733)  can0  181   [8]  21 14 21 14 00 00 00 00
 (1789039993.645643)  can0  181   [8]  21 14 21 14 00 00 00 00
 (1789039993.695626)  can0  181   [8]  21 14 21 14 00 00 00 00
 (1789039993.745573)  can0  181   [8]  21 14 21 14 00 00 00 00
 (1789039993.795527)  can0  181   [8]  21 14 21 14 00 00 00 00
 (1789039993.845469)  can0  181   [8]  21 14 21 14 00 00 00 00
 (1789039993.846234)  can0  601   [8]  40 41 60 00 00 00 00 00
 (1789039993.846530)  can0  581   [8]  43 41 60 00 21 14 21 14
 (1789039993.866933)  can0  601   [8]  40 6C 60 01 00 00 00 00
 (1789039993.867235)  can0  581   [8]  43 6C 60 01 00 00 00 00
 (1789039993.895414)  can0  181   [8]  21 14 21 14 00 00 00 00
 (1789039993.896148)  can0  601   [8]  40 6C 60 02 00 00 00 00
 (1789039993.896476)  can0  581   [8]  43 6C 60 02 00 00 00 00
 (1789039993.945365)  can0  181   [8]  21 14 21 14 00 00 00 00
 (1789039993.946244)  can0  601   [8]  40 6C 60 03 00 00 00 00
 (1789039993.946550)  can0  581   [8]  43 6C 60 03 00 00 00 00
 (1789039993.995312)  can0  181   [8]  21 14 21 14 00 00 00 00
 (1789039994.045259)  can0  181   [8]  21 14 21 14 00 00 00 00
 (1789039994.095205)  can0  181   [8]  21 14 21 14 00 00 00 00
 (1789039994.145154)  can0  181   [8]  21 14 21 14 00 00 00 00
 (1789039994.195100)  can0  181   [8]  21 14 21 14 00 00 00 00
 (1789039994.245049)  can0  181   [8]  21 14 21 14 00 00 00 00
 (1789039994.294998)  can0  181   [8]  21 14 21 14 00 00 00 00
 (1789039994.344943)  can0  181   [8]  21 14 21 14 00 00 00 00
 (1789039994.345734)  can0  601   [8]  40 41 60 00 00 00 00 00
 (1789039994.346058)  can0  581   [8]  43 41 60 00 21 14 21 14
 (1789039994.394890)  can0  181   [8]  21 14 21 14 00 00 00 00
 (1789039994.444839)  can0  181   [8]  21 14 21 14 00 00 00 00
 (1789039994.494785)  can0  181   [8]  21 14 21 14 00 00 00 00
 (1789039994.544733)  can0  181   [8]  21 14 21 14 00 00 00 00
 (1789039994.594679)  can0  181   [8]  21 14 21 14 00 00 00 00
 (1789039994.644627)  can0  181   [8]  21 14 21 14 00 00 00 00
 (1789039994.694576)  can0  181   [8]  21 14 21 14 00 00 00 00
 (1789039994.744525)  can0  181   [8]  21 14 21 14 00 00 00 00
 (1789039994.794469)  can0  181   [8]  21 14 21 14 00 00 00 00
 (1789039994.844418)  can0  181   [8]  21 14 21 14 00 00 00 00
 (1789039994.894365)  can0  181   [8]  21 14 21 14 00 00 00 00
 (1789039994.944312)  can0  181   [8]  21 14 21 14 00 00 00 00
 (1789039994.994257)  can0  181   [8]  21 14 21 14 00 00 00 00
 (1789039995.044207)  can0  181   [8]  21 14 21 14 00 00 00 00
 (1789039995.094153)  can0  181   [8]  21 14 21 14 00 00 00 00
 (1789039995.144100)  can0  181   [8]  21 14 21 14 00 00 00 00
 (1789039995.194049)  can0  181   [8]  21 14 21 14 00 00 00 00
 (1789039995.243997)  can0  181   [8]  21 14 21 14 00 00 00 00
 (1789039995.293945)  can0  181   [8]  21 14 21 14 00 00 00 00
 (1789039995.343892)  can0  181   [8]  21 14 21 14 00 00 00 00
 (1789039995.366674)  can0  000   [2]  80 01
CAN_AFTER {"ifindex": 2, "ifname": "can0", "flags": ["NOARP", "UP", "LOWER_UP", "ECHO"], "mtu": 16, "qdisc": "pfifo_fast", "operstate": "UP", "linkmode": "DEFAULT", "group": "default", "txqlen": 10, "link_type": "can", "promiscuity": 0, "min_mtu": 0, "max_mtu": 0, "linkinfo": {"info_kind": "can", "info_data": {"state": "ERROR-ACTIVE", "berr_counter": {"tx": 0, "rx": 0}, "restart_ms": 100, "bittiming": {"bitrate": 500000, "sample_point": 0.866, "tq": 26, "prop_seg": 32, "phase_seg1": 32, "phase_seg2": 10, "sjw": 1}, "bittiming_const": {"name": "rockchip_canfd", "tseg1": {"min": 1, "max": 128}, "tseg2": {"min": 1, "max": 128}, "sjw": {"min": 1, "max": 128}, "brp": {"min": 1, "max": 256}, "brp_inc": 2}, "clock": 150000000}, "info_xstats": {"restarts": 0, "bus_error": 0, "arbitration_lost": 0, "error_warning": 0, "error_passive": 0, "bus_off": 0}}, "num_tx_queues": 1, "num_rx_queues": 1, "gso_max_size": 65536, "gso_max_segs": 65535, "parentbus": "platform", "parentdev": "fea60000.can", "stats64": {"rx": {"bytes": 23797, "packets": 3255, "errors": 0, "dropped": 0, "over_errors": 0, "multicast": 0}, "tx": {"bytes": 3982, "packets": 506, "errors": 0, "dropped": 0, "carrier_errors": 0, "collisions": 0}}}
