Internal ctest changing into directory: /home/gtc/Desktop/workspace/Linux_PROJ/robot_control/out/build/p67-closure-debug
Test project /home/gtc/Desktop/workspace/Linux_PROJ/robot_control/out/build/p67-closure-debug
      Start  1: platform_probe_help
 1/53 Test  #1: platform_probe_help ...........................................................................   Passed    0.00 sec
      Start  2: platform_probe_run
 2/53 Test  #2: platform_probe_run ............................................................................   Passed    0.00 sec
      Start  3: platform_probe_phase3_smoke
 3/53 Test  #3: platform_probe_phase3_smoke ...................................................................   Passed    0.00 sec
      Start  4: can_probe_help
 4/53 Test  #4: can_probe_help ................................................................................   Passed    0.00 sec
      Start  5: can_probe_missing_interface
 5/53 Test  #5: can_probe_missing_interface ...................................................................   Passed    0.00 sec
      Start  6: can_probe_unknown_argument
 6/53 Test  #6: can_probe_unknown_argument ....................................................................   Passed    0.00 sec
      Start  7: can_probe_duration_zero
 7/53 Test  #7: can_probe_duration_zero .......................................................................   Passed    0.00 sec
      Start  8: can_probe_duration_nonnumeric
 8/53 Test  #8: can_probe_duration_nonnumeric .................................................................   Passed    0.00 sec
      Start  9: can_probe_duration_overflow
 9/53 Test  #9: can_probe_duration_overflow ...................................................................   Passed    0.00 sec
      Start 10: can_probe_duplicate_interface
10/53 Test #10: can_probe_duplicate_interface .................................................................   Passed    0.00 sec
      Start 11: can_probe_duplicate_duration
11/53 Test #11: can_probe_duplicate_duration ..................................................................   Passed    0.00 sec
      Start 12: can_probe_interface_missing_value
12/53 Test #12: can_probe_interface_missing_value .............................................................   Passed    0.00 sec
      Start 13: can_probe_duration_missing_value
13/53 Test #13: can_probe_duration_missing_value ..............................................................   Passed    0.00 sec
      Start 14: can_probe_duration_negative
14/53 Test #14: can_probe_duration_negative ...................................................................   Passed    0.00 sec
      Start 15: canopen_observer_help
15/53 Test #15: canopen_observer_help .........................................................................   Passed    0.00 sec
      Start 16: canopen_observer_invalid_
16/53 Test #16: canopen_observer_invalid_ .....................................................................   Passed    0.00 sec
      Start 17: canopen_observer_invalid___unknown
17/53 Test #17: canopen_observer_invalid___unknown ............................................................   Passed    0.00 sec
      Start 18: canopen_observer_invalid___interface_unused0
18/53 Test #18: canopen_observer_invalid___interface_unused0 ..................................................   Passed    0.00 sec
      Start 19: canopen_observer_invalid___interface_unused0___interface_unused1
19/53 Test #19: canopen_observer_invalid___interface_unused0___interface_unused1 ..............................   Passed    0.00 sec
      Start 20: canopen_observer_invalid___duration_ms_0
20/53 Test #20: canopen_observer_invalid___duration_ms_0 ......................................................   Passed    0.00 sec
      Start 21: canopen_observer_invalid___duration_ms_1___duration_ms_2
21/53 Test #21: canopen_observer_invalid___duration_ms_1___duration_ms_2 ......................................   Passed    0.00 sec
      Start 22: zlac_qualification_invalid___interface_vcan0___manual_tpdo___duration_ms_1000
22/53 Test #22: zlac_qualification_invalid___interface_vcan0___manual_tpdo___duration_ms_1000 .................   Passed    0.00 sec
      Start 23: zlac_qualification_invalid___interface_vcan0___manual_tpdo___watchdog_once
23/53 Test #23: zlac_qualification_invalid___interface_vcan0___manual_tpdo___watchdog_once ....................   Passed    0.00 sec
      Start 24: zlac_qualification_invalid_
24/53 Test #24: zlac_qualification_invalid_ ...................................................................   Passed    0.00 sec
      Start 25: zlac_qualification_invalid___unknown
25/53 Test #25: zlac_qualification_invalid___unknown ..........................................................   Passed    0.00 sec
      Start 26: zlac_qualification_invalid___interface_vcan0
26/53 Test #26: zlac_qualification_invalid___interface_vcan0 ..................................................   Passed    0.00 sec
      Start 27: zlac_qualification_invalid___interface_vcan0___nmt_reset_node
27/53 Test #27: zlac_qualification_invalid___interface_vcan0___nmt_reset_node .................................   Passed    0.00 sec
      Start 28: zlac_qualification_invalid___interface_vcan0___controlword_quick_stop
28/53 Test #28: zlac_qualification_invalid___interface_vcan0___controlword_quick_stop .........................   Passed    0.00 sec
      Start 29: zlac_qualification_invalid___interface_vcan0___target_once_1_11___duration_ms_10
29/53 Test #29: zlac_qualification_invalid___interface_vcan0___target_once_1_11___duration_ms_10 ..............   Passed    0.00 sec
      Start 30: zlac_qualification_invalid___interface_vcan0___target_once_1_5___duration_ms_3001
30/53 Test #30: zlac_qualification_invalid___interface_vcan0___target_once_1_5___duration_ms_3001 .............   Passed    0.00 sec
      Start 31: zlac_qualification_invalid___interface_vcan0___target_once_1_1
31/53 Test #31: zlac_qualification_invalid___interface_vcan0___target_once_1_1 ................................   Passed    0.00 sec
      Start 32: zlac_qualification_invalid___interface_vcan0___nmt_stop_once_2_5___duration_ms_2001
32/53 Test #32: zlac_qualification_invalid___interface_vcan0___nmt_stop_once_2_5___duration_ms_2001 ...........   Passed    0.00 sec
      Start 33: zlac_qualification_invalid___interface_vcan0___nmt_stop_once_2_5
33/53 Test #33: zlac_qualification_invalid___interface_vcan0___nmt_stop_once_2_5 ..............................   Passed    0.00 sec
      Start 34: zlac_qualification_invalid___interface_vcan0___shutdown_once_2_5
34/53 Test #34: zlac_qualification_invalid___interface_vcan0___shutdown_once_2_5 ..............................   Passed    0.00 sec
      Start 35: zlac_qualification_invalid___interface_vcan0___shutdown_once_2_5___duration_ms_10001
35/53 Test #35: zlac_qualification_invalid___interface_vcan0___shutdown_once_2_5___duration_ms_10001 ..........   Passed    0.01 sec
      Start 36: zlac_qualification_invalid___interface_vcan0___disable_voltage_once_2_5
36/53 Test #36: zlac_qualification_invalid___interface_vcan0___disable_voltage_once_2_5 .......................   Passed    0.00 sec
      Start 37: zlac_qualification_invalid___interface_vcan0___disable_voltage_once_2_5___duration_ms_10001
37/53 Test #37: zlac_qualification_invalid___interface_vcan0___disable_voltage_once_2_5___duration_ms_10001 ...   Passed    0.00 sec
      Start 38: zlac_qualification_invalid___interface_vcan0___quick_stop_once_2_5
38/53 Test #38: zlac_qualification_invalid___interface_vcan0___quick_stop_once_2_5 ............................   Passed    0.00 sec
      Start 39: zlac_qualification_invalid___interface_vcan0___quick_stop_once_2_5___duration_ms_10001
39/53 Test #39: zlac_qualification_invalid___interface_vcan0___quick_stop_once_2_5___duration_ms_10001 ........   Passed    0.00 sec
      Start 40: zlac_qualification_invalid___interface_vcan0___watchdog_once___duration_ms_1500
40/53 Test #40: zlac_qualification_invalid___interface_vcan0___watchdog_once___duration_ms_1500 ...............   Passed    0.00 sec
      Start 41: zlac_qualification_invalid___interface_vcan0___heartbeat_loss_once_2_5
41/53 Test #41: zlac_qualification_invalid___interface_vcan0___heartbeat_loss_once_2_5 ........................   Passed    0.00 sec
      Start 42: zlac_qualification_invalid___interface_vcan0___tpdo_loss_once___watchdog_once
42/53 Test #42: zlac_qualification_invalid___interface_vcan0___tpdo_loss_once___watchdog_once .................   Passed    0.00 sec
      Start 43: zlac_qualification_invalid___interface_vcan0___zero_sequence___zero_targets
43/53 Test #43: zlac_qualification_invalid___interface_vcan0___zero_sequence___zero_targets ...................   Passed    0.00 sec
      Start 44: zlac_qualification_invalid___interface_vcan0___zero_sequence___duration_ms_10
44/53 Test #44: zlac_qualification_invalid___interface_vcan0___zero_sequence___duration_ms_10 .................   Passed    0.00 sec
      Start 45: domain_behavior_lock
45/53 Test #45: domain_behavior_lock ..........................................................................   Passed    0.00 sec
      Start 46: canopen_stack_build
46/53 Test #46: canopen_stack_build ...........................................................................   Passed    0.00 sec
      Start 47: canopen_vcan_managed
47/53 Test #47: canopen_vcan_managed ..........................................................................   Passed    0.52 sec
      Start 48: socketcan_frame_codec
48/53 Test #48: socketcan_frame_codec .........................................................................   Passed    0.00 sec
      Start 49: socketcan_socket_lifecycle
49/53 Test #49: socketcan_socket_lifecycle ....................................................................   Passed    0.00 sec
      Start 50: socketcan_vcan_managed
50/53 Test #50: socketcan_vcan_managed ........................................................................   Passed    0.16 sec
      Start 51: canopen_qualification_gate
51/53 Test #51: canopen_qualification_gate ....................................................................   Passed    0.00 sec
      Start 52: canopen_qualification_vcan_managed
52/53 Test #52: canopen_qualification_vcan_managed ............................................................   Passed   30.46 sec
      Start 53: linux_platform_integration
53/53 Test #53: linux_platform_integration ....................................................................   Passed    0.20 sec

100% tests passed, 0 tests failed out of 53

Total Test time (real) =  31.52 sec
