Internal ctest changing into directory: /home/gtc/Desktop/workspace/Linux_PROJ/robot_control/out/build/p56-regression
Test project /home/gtc/Desktop/workspace/Linux_PROJ/robot_control/out/build/p56-regression
      Start  1: platform_probe_help
 1/36 Test  #1: platform_probe_help .......................................................   Passed    0.00 sec
      Start  2: platform_probe_run
 2/36 Test  #2: platform_probe_run ........................................................   Passed    0.00 sec
      Start  3: platform_probe_phase3_smoke
 3/36 Test  #3: platform_probe_phase3_smoke ...............................................   Passed    0.00 sec
      Start  4: can_probe_help
 4/36 Test  #4: can_probe_help ............................................................   Passed    0.00 sec
      Start  5: can_probe_missing_interface
 5/36 Test  #5: can_probe_missing_interface ...............................................   Passed    0.00 sec
      Start  6: can_probe_unknown_argument
 6/36 Test  #6: can_probe_unknown_argument ................................................   Passed    0.00 sec
      Start  7: can_probe_duration_zero
 7/36 Test  #7: can_probe_duration_zero ...................................................   Passed    0.00 sec
      Start  8: can_probe_duration_nonnumeric
 8/36 Test  #8: can_probe_duration_nonnumeric .............................................   Passed    0.00 sec
      Start  9: can_probe_duration_overflow
 9/36 Test  #9: can_probe_duration_overflow ...............................................   Passed    0.00 sec
      Start 10: can_probe_duplicate_interface
10/36 Test #10: can_probe_duplicate_interface .............................................   Passed    0.00 sec
      Start 11: can_probe_duplicate_duration
11/36 Test #11: can_probe_duplicate_duration ..............................................   Passed    0.00 sec
      Start 12: can_probe_interface_missing_value
12/36 Test #12: can_probe_interface_missing_value .........................................   Passed    0.00 sec
      Start 13: can_probe_duration_missing_value
13/36 Test #13: can_probe_duration_missing_value ..........................................   Passed    0.00 sec
      Start 14: can_probe_duration_negative
14/36 Test #14: can_probe_duration_negative ...............................................   Passed    0.00 sec
      Start 15: canopen_observer_help
15/36 Test #15: canopen_observer_help .....................................................   Passed    0.00 sec
      Start 16: canopen_observer_invalid_
16/36 Test #16: canopen_observer_invalid_ .................................................   Passed    0.00 sec
      Start 17: canopen_observer_invalid___unknown
17/36 Test #17: canopen_observer_invalid___unknown ........................................   Passed    0.00 sec
      Start 18: canopen_observer_invalid___interface_unused0
18/36 Test #18: canopen_observer_invalid___interface_unused0 ..............................   Passed    0.00 sec
      Start 19: canopen_observer_invalid___interface_unused0___interface_unused1
19/36 Test #19: canopen_observer_invalid___interface_unused0___interface_unused1 ..........   Passed    0.00 sec
      Start 20: canopen_observer_invalid___duration_ms_0
20/36 Test #20: canopen_observer_invalid___duration_ms_0 ..................................   Passed    0.00 sec
      Start 21: canopen_observer_invalid___duration_ms_1___duration_ms_2
21/36 Test #21: canopen_observer_invalid___duration_ms_1___duration_ms_2 ..................   Passed    0.00 sec
      Start 22: canopen_commission_invalid_
22/36 Test #22: canopen_commission_invalid_ ...............................................   Passed    0.00 sec
      Start 23: canopen_commission_invalid___unknown
23/36 Test #23: canopen_commission_invalid___unknown ......................................   Passed    0.00 sec
      Start 24: canopen_commission_invalid___interface_vcan0
24/36 Test #24: canopen_commission_invalid___interface_vcan0 ..............................   Passed    0.00 sec
      Start 25: canopen_commission_invalid___interface_vcan0___nmt_operational
25/36 Test #25: canopen_commission_invalid___interface_vcan0___nmt_operational ............   Passed    0.00 sec
      Start 26: canopen_commission_invalid___interface_vcan0___upload_6040_00
26/36 Test #26: canopen_commission_invalid___interface_vcan0___upload_6040_00 .............   Passed    0.00 sec
      Start 27: canopen_commission_invalid___interface_vcan0___nmt_stopped___retry_once
27/36 Test #27: canopen_commission_invalid___interface_vcan0___nmt_stopped___retry_once ...   Passed    0.00 sec
      Start 28: domain_behavior_lock
28/36 Test #28: domain_behavior_lock ......................................................   Passed    0.00 sec
      Start 29: canopen_stack_build
29/36 Test #29: canopen_stack_build .......................................................   Passed    0.00 sec
      Start 30: canopen_vcan_managed
30/36 Test #30: canopen_vcan_managed ......................................................   Passed    0.52 sec
      Start 31: socketcan_frame_codec
31/36 Test #31: socketcan_frame_codec .....................................................   Passed    0.01 sec
      Start 32: socketcan_socket_lifecycle
32/36 Test #32: socketcan_socket_lifecycle ................................................   Passed    0.00 sec
      Start 33: socketcan_vcan_managed
33/36 Test #33: socketcan_vcan_managed ....................................................   Passed    0.16 sec
      Start 34: canopen_commissioning_gate
34/36 Test #34: canopen_commissioning_gate ................................................   Passed    0.01 sec
      Start 35: canopen_commissioning_vcan_managed
35/36 Test #35: canopen_commissioning_vcan_managed ........................................   Passed    0.12 sec
      Start 36: linux_platform_integration
36/36 Test #36: linux_platform_integration ................................................   Passed    0.20 sec

100% tests passed, 0 tests failed out of 36

Total Test time (real) =   1.12 sec
