 (1789351575.379509)  can0  601   [8]  40 00 20 00 00 00 00 00
 (1789351575.379834)  can0  581   [8]  4B 00 20 00 00 00 00 00
 (1789351575.381460)  can0  601   [8]  40 17 10 00 00 00 00 00
 (1789351575.381883)  can0  581   [8]  4B 17 10 00 00 00 00 00
 (1789351575.383514)  can0  601   [8]  2B 17 10 00 F4 01 00 00
 (1789351575.383934)  can0  581   [8]  60 17 10 00 00 00 00 00
 (1789351575.385514)  can0  601   [8]  40 17 10 00 00 00 00 00
 (1789351575.385869)  can0  581   [8]  4B 17 10 00 F4 01 00 00
 (1789351575.633308)  can0  701   [1]  7F
 (1789351575.634524)  can0  601   [8]  40 00 18 01 00 00 00 00
 (1789351575.634866)  can0  581   [8]  43 00 18 01 81 01 00 00
 (1789351575.636516)  can0  601   [8]  40 00 18 02 00 00 00 00
 (1789351575.636858)  can0  581   [8]  4F 00 18 02 FF 00 00 00
 (1789351575.638516)  can0  601   [8]  40 00 18 05 00 00 00 00
 (1789351575.638856)  can0  581   [8]  4B 00 18 05 64 00 00 00
 (1789351575.640517)  can0  601   [8]  40 00 1A 00 00 00 00 00
 (1789351575.640855)  can0  581   [8]  4F 00 1A 00 02 00 00 00
 (1789351575.642515)  can0  601   [8]  40 00 1A 01 00 00 00 00
 (1789351575.642846)  can0  581   [8]  43 00 1A 01 20 00 41 60
 (1789351575.644518)  can0  601   [8]  40 00 1A 02 00 00 00 00
 (1789351575.644838)  can0  581   [8]  43 00 1A 02 20 03 6C 60
 (1789351575.646517)  can0  601   [8]  40 60 60 00 00 00 00 00
 (1789351575.646837)  can0  581   [8]  4F 60 60 00 03 00 00 00
 (1789351575.648514)  can0  601   [8]  40 61 60 00 00 00 00 00
 (1789351575.648831)  can0  581   [8]  4F 61 60 00 03 00 00 00
 (1789351575.650514)  can0  601   [8]  40 FF 60 01 00 00 00 00
 (1789351575.650831)  can0  581   [8]  43 FF 60 01 00 00 00 00
 (1789351575.652516)  can0  601   [8]  40 FF 60 02 00 00 00 00
 (1789351575.652887)  can0  581   [8]  43 FF 60 02 00 00 00 00
 (1789351575.654517)  can0  601   [8]  40 3F 60 00 00 00 00 00
 (1789351575.654886)  can0  581   [8]  43 3F 60 00 00 00 00 00
 (1789351575.656516)  can0  601   [8]  40 6C 60 01 00 00 00 00
 (1789351575.656875)  can0  581   [8]  43 6C 60 01 00 00 00 00
 (1789351575.658513)  can0  601   [8]  40 6C 60 02 00 00 00 00
 (1789351575.658871)  can0  581   [8]  43 6C 60 02 00 00 00 00
 (1789351575.660514)  can0  601   [8]  40 6C 60 03 00 00 00 00
 (1789351575.660866)  can0  581   [8]  43 6C 60 03 00 00 00 00
 (1789351575.662519)  can0  601   [8]  40 0F 20 00 00 00 00 00
 (1789351575.662806)  can0  581   [8]  4B 0F 20 00 01 00 00 00
 (1789351575.664522)  can0  601   [8]  23 FF 60 03 00 00 00 00
 (1789351575.664866)  can0  581   [8]  60 FF 60 03 00 00 00 00
 (1789351575.666514)  can0  601   [8]  40 FF 60 03 00 00 00 00
 (1789351575.666857)  can0  581   [8]  43 FF 60 03 00 00 00 00
 (1789351575.668516)  can0  601   [8]  23 FF 60 03 00 00 00 00
 (1789351575.668854)  can0  581   [8]  60 FF 60 03 00 00 00 00
 (1789351575.670513)  can0  601   [8]  40 FF 60 03 00 00 00 00
 (1789351575.670848)  can0  581   [8]  43 FF 60 03 00 00 00 00
 (1789351575.672409)  can0  000   [2]  01 01
 (1789351575.672837)  can0  181   [8]  00 14 00 14 00 00 00 00
 (1789351575.672937)  can0  281   [0] 
 (1789351575.673036)  can0  381   [0] 
 (1789351575.673135)  can0  481   [0] 
 (1789351575.722790)  can0  181   [8]  00 14 00 14 00 00 00 00
 (1789351575.772802)  can0  181   [8]  00 14 00 14 00 00 00 00
 (1789351575.822813)  can0  181   [8]  00 14 00 14 00 00 00 00
 (1789351575.872825)  can0  181   [8]  00 14 00 14 00 00 00 00
 (1789351575.882859)  can0  701   [1]  05
 (1789351575.884520)  can0  601   [8]  2F 60 60 00 03 00 00 00
 (1789351575.884862)  can0  581   [8]  60 60 60 00 00 00 00 00
 (1789351575.886516)  can0  601   [8]  40 61 60 00 00 00 00 00
 (1789351575.886849)  can0  581   [8]  4F 61 60 00 03 00 00 00
 (1789351575.888525)  can0  601   [8]  2B 40 60 00 06 00 00 00
 (1789351575.888850)  can0  581   [8]  60 40 60 00 00 00 00 00
 (1789351575.922828)  can0  181   [8]  21 14 21 14 00 00 00 00
 (1789351575.923520)  can0  601   [8]  40 6C 60 01 00 00 00 00
 (1789351575.923883)  can0  581   [8]  43 6C 60 01 00 00 00 00
 (1789351575.925512)  can0  601   [8]  40 6C 60 02 00 00 00 00
 (1789351575.925825)  can0  581   [8]  43 6C 60 02 00 00 00 00
 (1789351575.927516)  can0  601   [8]  40 6C 60 03 00 00 00 00
 (1789351575.927877)  can0  581   [8]  43 6C 60 03 00 00 00 00
 (1789351575.929517)  can0  601   [8]  2B 40 60 00 07 00 00 00
 (1789351575.929823)  can0  581   [8]  60 40 60 00 00 00 00 00
 (1789351575.972830)  can0  181   [8]  23 14 23 14 00 00 00 00
 (1789351575.974516)  can0  601   [8]  40 6C 60 01 00 00 00 00
 (1789351575.974827)  can0  581   [8]  43 6C 60 01 00 00 00 00
 (1789351575.976513)  can0  601   [8]  40 6C 60 02 00 00 00 00
 (1789351575.976823)  can0  581   [8]  43 6C 60 02 00 00 00 00
 (1789351575.978514)  can0  601   [8]  40 6C 60 03 00 00 00 00
 (1789351575.978823)  can0  581   [8]  43 6C 60 03 00 00 00 00
 (1789351575.980518)  can0  601   [8]  2B 40 60 00 0F 00 00 00
 (1789351575.980822)  can0  581   [8]  60 40 60 00 00 00 00 00
 (1789351576.022786)  can0  181   [8]  27 14 27 14 00 00 00 00
 (1789351576.024518)  can0  601   [8]  40 6C 60 01 00 00 00 00
 (1789351576.024838)  can0  581   [8]  43 6C 60 01 00 00 00 00
 (1789351576.026513)  can0  601   [8]  40 6C 60 02 00 00 00 00
 (1789351576.026833)  can0  581   [8]  43 6C 60 02 00 00 00 00
 (1789351576.028515)  can0  601   [8]  40 6C 60 03 00 00 00 00
 (1789351576.028829)  can0  581   [8]  43 6C 60 03 00 00 00 00
 (1789351576.030519)  can0  601   [8]  2B 00 20 00 E8 03 00 00
 (1789351576.030837)  can0  581   [8]  60 00 20 00 00 00 00 00
 (1789351576.032514)  can0  601   [8]  40 00 20 00 00 00 00 00
 (1789351576.032765)  can0  581   [8]  4B 00 20 00 E8 03 00 00
 (1789351576.034523)  can0  601   [8]  23 FF 60 03 00 00 05 00
 (1789351576.034826)  can0  581   [8]  60 FF 60 03 00 00 00 00
 (1789351576.036456)  can0  601   [8]  40 FF 60 03 00 00 00 00
 (1789351576.036826)  can0  581   [8]  43 FF 60 03 00 00 05 00
 (1789351576.072784)  can0  181   [8]  27 14 27 44 00 00 0E 00
 (1789351576.122744)  can0  181   [8]  27 14 27 44 00 00 2B 00
 (1789351576.132345)  can0  701   [1]  05
 (1789351576.172743)  can0  181   [8]  27 14 27 44 00 00 31 00
 (1789351576.222697)  can0  181   [8]  27 14 27 44 00 00 37 00
 (1789351576.235522)  can0  601   [8]  40 6C 60 01 00 00 00 00
 (1789351576.235850)  can0  581   [8]  43 6C 60 01 00 00 00 00
 (1789351576.237515)  can0  601   [8]  40 6C 60 02 00 00 00 00
 (1789351576.237844)  can0  581   [8]  43 6C 60 02 33 00 00 00
 (1789351576.250514)  can0  601   [8]  40 6C 60 02 00 00 00 00
 (1789351576.250823)  can0  581   [8]  43 6C 60 02 2F 00 00 00
 (1789351576.272701)  can0  181   [8]  27 14 27 44 00 00 2E 00
 (1789351576.307513)  can0  601   [8]  40 6C 60 02 00 00 00 00
 (1789351576.307818)  can0  581   [8]  43 6C 60 02 34 00 00 00
 (1789351576.322664)  can0  181   [8]  27 14 27 44 00 00 34 00
 (1789351576.364513)  can0  601   [8]  40 6C 60 02 00 00 00 00
 (1789351576.364819)  can0  581   [8]  43 6C 60 02 2E 00 00 00
 (1789351576.372723)  can0  181   [8]  27 14 27 44 00 00 2E 00
 (1789351576.381957)  can0  701   [1]  05
 (1789351576.421513)  can0  601   [8]  40 6C 60 02 00 00 00 00
 (1789351576.421861)  can0  581   [8]  43 6C 60 02 33 00 00 00
 (1789351576.422673)  can0  181   [8]  27 14 27 44 00 00 33 00
 (1789351576.472681)  can0  181   [8]  27 14 27 44 00 00 32 00
 (1789351576.477513)  can0  601   [8]  40 6C 60 02 00 00 00 00
 (1789351576.477858)  can0  581   [8]  43 6C 60 02 31 00 00 00
 (1789351576.522629)  can0  181   [8]  27 14 27 44 00 00 2D 00
 (1789351576.533513)  can0  601   [8]  40 6C 60 02 00 00 00 00
 (1789351576.533854)  can0  581   [8]  43 6C 60 02 2F 00 00 00
 (1789351576.572575)  can0  181   [8]  27 14 27 44 00 00 31 00
 (1789351576.590512)  can0  601   [8]  40 6C 60 02 00 00 00 00
 (1789351576.590848)  can0  581   [8]  43 6C 60 02 34 00 00 00
 (1789351576.622526)  can0  181   [8]  27 14 27 44 00 00 36 00
 (1789351576.631513)  can0  701   [1]  05
 (1789351576.647512)  can0  601   [8]  40 6C 60 02 00 00 00 00
 (1789351576.647842)  can0  581   [8]  43 6C 60 02 33 00 00 00
 (1789351576.672473)  can0  181   [8]  27 14 27 44 00 00 2F 00
 (1789351576.704514)  can0  601   [8]  40 6C 60 02 00 00 00 00
 (1789351576.704838)  can0  581   [8]  43 6C 60 02 31 00 00 00
 (1789351576.722421)  can0  181   [8]  27 14 27 44 00 00 33 00
 (1789351576.761514)  can0  601   [8]  40 6C 60 02 00 00 00 00
 (1789351576.761832)  can0  581   [8]  43 6C 60 02 2E 00 00 00
 (1789351576.772367)  can0  181   [8]  27 14 27 44 00 00 2D 00
 (1789351576.818514)  can0  601   [8]  40 6C 60 02 00 00 00 00
 (1789351576.818827)  can0  581   [8]  43 6C 60 02 33 00 00 00
 (1789351576.822317)  can0  181   [8]  27 14 27 44 00 00 33 00
 (1789351576.872266)  can0  181   [8]  27 14 27 44 00 00 33 00
 (1789351576.875513)  can0  601   [8]  40 6C 60 02 00 00 00 00
 (1789351576.875764)  can0  581   [8]  43 6C 60 02 32 00 00 00
 (1789351576.881006)  can0  701   [1]  05
 (1789351576.922214)  can0  181   [8]  27 14 27 44 00 00 2D 00
 (1789351576.932513)  can0  601   [8]  40 6C 60 02 00 00 00 00
 (1789351576.932760)  can0  581   [8]  43 6C 60 02 2E 00 00 00
 (1789351576.972162)  can0  181   [8]  27 14 27 44 00 00 31 00
 (1789351576.989513)  can0  601   [8]  40 6C 60 02 00 00 00 00
 (1789351576.989818)  can0  581   [8]  43 6C 60 02 33 00 00 00
 (1789351577.022111)  can0  181   [8]  27 14 27 44 00 00 36 00
 (1789351577.046514)  can0  601   [8]  40 6C 60 02 00 00 00 00
 (1789351577.046817)  can0  581   [8]  43 6C 60 02 35 00 00 00
 (1789351577.072058)  can0  181   [8]  27 14 27 44 00 00 31 00
 (1789351577.103514)  can0  601   [8]  40 6C 60 02 00 00 00 00
 (1789351577.103861)  can0  581   [8]  43 6C 60 02 30 00 00 00
 (1789351577.122005)  can0  181   [8]  27 14 27 44 00 00 33 00
 (1789351577.130559)  can0  701   [1]  05
 (1789351577.160515)  can0  601   [8]  40 6C 60 02 00 00 00 00
 (1789351577.160859)  can0  581   [8]  43 6C 60 02 2E 00 00 00
 (1789351577.171953)  can0  181   [8]  27 14 27 44 00 00 2D 00
 (1789351577.217514)  can0  601   [8]  40 6C 60 02 00 00 00 00
 (1789351577.217851)  can0  581   [8]  43 6C 60 02 32 00 00 00
 (1789351577.221906)  can0  181   [8]  27 14 27 44 00 00 32 00
 (1789351577.271851)  can0  181   [8]  27 14 27 44 00 00 33 00
 (1789351577.274515)  can0  601   [8]  40 6C 60 02 00 00 00 00
 (1789351577.274846)  can0  581   [8]  43 6C 60 02 33 00 00 00
 (1789351577.321799)  can0  181   [8]  27 14 27 44 00 00 2D 00
 (1789351577.331514)  can0  601   [8]  40 6C 60 02 00 00 00 00
 (1789351577.331839)  can0  581   [8]  43 6C 60 02 2E 00 00 00
 (1789351577.371752)  can0  181   [8]  27 14 27 44 00 00 30 00
 (1789351577.380049)  can0  701   [1]  05
 (1789351577.388515)  can0  601   [8]  40 6C 60 02 00 00 00 00
 (1789351577.388836)  can0  581   [8]  43 6C 60 02 32 00 00 00
 (1789351577.421698)  can0  181   [8]  27 14 27 44 00 00 35 00
 (1789351577.445515)  can0  601   [8]  40 6C 60 02 00 00 00 00
 (1789351577.445830)  can0  581   [8]  43 6C 60 02 36 00 00 00
 (1789351577.471647)  can0  181   [8]  27 14 27 44 00 00 30 00
 (1789351577.501517)  can0  601   [8]  40 6C 60 02 00 00 00 00
 (1789351577.501827)  can0  581   [8]  43 6C 60 02 30 00 00 00
 (1789351577.521592)  can0  181   [8]  27 14 27 44 00 00 34 00
 (1789351577.558515)  can0  601   [8]  40 6C 60 02 00 00 00 00
 (1789351577.558820)  can0  581   [8]  43 6C 60 02 30 00 00 00
 (1789351577.571540)  can0  181   [8]  27 14 27 44 00 00 2D 00
 (1789351577.615515)  can0  601   [8]  40 6C 60 02 00 00 00 00
 (1789351577.615816)  can0  581   [8]  43 6C 60 02 30 00 00 00
 (1789351577.621487)  can0  181   [8]  27 14 27 44 00 00 31 00
 (1789351577.629604)  can0  701   [1]  05
 (1789351577.671435)  can0  181   [8]  27 14 27 44 00 00 33 00
 (1789351577.671750)  can0  601   [8]  40 6C 60 02 00 00 00 00
 (1789351577.672062)  can0  581   [8]  43 6C 60 02 33 00 00 00
 (1789351577.721385)  can0  181   [8]  27 14 27 44 00 00 2D 00
 (1789351577.728515)  can0  601   [8]  40 6C 60 02 00 00 00 00
 (1789351577.728819)  can0  581   [8]  43 6C 60 02 2E 00 00 00
 (1789351577.771336)  can0  181   [8]  27 14 27 44 00 00 30 00
 (1789351577.785515)  can0  601   [8]  40 6C 60 02 00 00 00 00
 (1789351577.785863)  can0  581   [8]  43 6C 60 02 31 00 00 00
 (1789351577.821282)  can0  181   [8]  27 14 27 44 00 00 36 00
 (1789351577.842516)  can0  601   [8]  40 6C 60 02 00 00 00 00
 (1789351577.842858)  can0  581   [8]  43 6C 60 02 38 00 00 00
 (1789351577.871233)  can0  181   [8]  27 14 27 44 00 00 32 00
 (1789351577.879097)  can0  701   [1]  05
 (1789351577.899515)  can0  601   [8]  40 6C 60 02 00 00 00 00
 (1789351577.899853)  can0  581   [8]  43 6C 60 02 2E 00 00 00
 (1789351577.921177)  can0  181   [8]  27 14 27 44 00 00 31 00
 (1789351577.956514)  can0  601   [8]  40 6C 60 02 00 00 00 00
 (1789351577.956848)  can0  581   [8]  43 6C 60 02 32 00 00 00
 (1789351577.971130)  can0  181   [8]  27 14 27 44 00 00 30 00
 (1789351578.013516)  can0  601   [8]  40 6C 60 02 00 00 00 00
 (1789351578.013842)  can0  581   [8]  43 6C 60 02 30 00 00 00
 (1789351578.021071)  can0  181   [8]  27 14 27 44 00 00 31 00
 (1789351578.070456)  can0  601   [8]  40 6C 60 02 00 00 00 00
 (1789351578.070835)  can0  581   [8]  43 6C 60 02 33 00 00 00
 (1789351578.071071)  can0  181   [8]  27 14 27 44 00 00 33 00
 (1789351578.120969)  can0  181   [8]  27 14 27 44 00 00 2D 00
 (1789351578.127514)  can0  601   [8]  40 6C 60 02 00 00 00 00
 (1789351578.127831)  can0  581   [8]  43 6C 60 02 2D 00 00 00
 (1789351578.128649)  can0  701   [1]  05
 (1789351578.170922)  can0  181   [8]  27 14 27 44 00 00 30 00
 (1789351578.183479)  can0  601   [8]  40 6C 60 02 00 00 00 00
 (1789351578.183829)  can0  581   [8]  43 6C 60 02 30 00 00 00
 (1789351578.220871)  can0  181   [8]  27 14 27 44 00 00 35 00
 (1789351578.240514)  can0  601   [8]  40 6C 60 02 00 00 00 00
 (1789351578.240822)  can0  581   [8]  43 6C 60 02 36 00 00 00
 (1789351578.270813)  can0  181   [8]  27 14 27 44 00 00 33 00
 (1789351578.297514)  can0  601   [8]  40 6C 60 02 00 00 00 00
 (1789351578.297819)  can0  581   [8]  43 6C 60 02 2F 00 00 00
 (1789351578.320762)  can0  181   [8]  27 14 27 44 00 00 31 00
 (1789351578.353513)  can0  601   [8]  40 6C 60 02 00 00 00 00
 (1789351578.353814)  can0  581   [8]  43 6C 60 02 33 00 00 00
 (1789351578.370715)  can0  181   [8]  27 14 27 44 00 00 30 00
 (1789351578.378142)  can0  701   [1]  05
 (1789351578.410515)  can0  601   [8]  40 6C 60 02 00 00 00 00
 (1789351578.410817)  can0  581   [8]  43 6C 60 02 2E 00 00 00
 (1789351578.420664)  can0  181   [8]  27 14 27 44 00 00 30 00
 (1789351578.467515)  can0  601   [8]  40 6C 60 02 00 00 00 00
 (1789351578.467820)  can0  581   [8]  43 6C 60 02 34 00 00 00
 (1789351578.470607)  can0  181   [8]  27 14 27 44 00 00 34 00
 (1789351578.520559)  can0  181   [8]  27 14 27 44 00 00 2C 00
 (1789351578.524513)  can0  601   [8]  40 6C 60 02 00 00 00 00
 (1789351578.524866)  can0  581   [8]  43 6C 60 02 2C 00 00 00
 (1789351578.570507)  can0  181   [8]  27 14 27 44 00 00 30 00
 (1789351578.581515)  can0  601   [8]  40 6C 60 02 00 00 00 00
 (1789351578.581855)  can0  581   [8]  43 6C 60 02 30 00 00 00
 (1789351578.620454)  can0  181   [8]  27 14 27 44 00 00 34 00
 (1789351578.627695)  can0  701   [1]  05
 (1789351578.638513)  can0  601   [8]  40 6C 60 02 00 00 00 00
 (1789351578.638849)  can0  581   [8]  43 6C 60 02 35 00 00 00
 (1789351578.670400)  can0  181   [8]  27 14 27 44 00 00 33 00
 (1789351578.695513)  can0  601   [8]  40 6C 60 02 00 00 00 00
 (1789351578.695844)  can0  581   [8]  43 6C 60 02 32 00 00 00
 (1789351578.720350)  can0  181   [8]  27 14 27 44 00 00 32 00
 (1789351578.752515)  can0  601   [8]  40 6C 60 02 00 00 00 00
 (1789351578.752836)  can0  581   [8]  43 6C 60 02 34 00 00 00
 (1789351578.770296)  can0  181   [8]  27 14 27 44 00 00 31 00
 (1789351578.809514)  can0  601   [8]  40 6C 60 02 00 00 00 00
 (1789351578.809774)  can0  581   [8]  43 6C 60 02 2D 00 00 00
 (1789351578.820244)  can0  181   [8]  27 14 27 44 00 00 2F 00
 (1789351578.866515)  can0  601   [8]  40 6C 60 02 00 00 00 00
 (1789351578.866827)  can0  581   [8]  43 6C 60 02 35 00 00 00
 (1789351578.870197)  can0  181   [8]  27 14 27 44 00 00 35 00
 (1789351578.877186)  can0  701   [1]  05
 (1789351578.920142)  can0  181   [8]  27 14 27 44 00 00 2C 00
 (1789351578.923514)  can0  601   [8]  40 6C 60 02 00 00 00 00
 (1789351578.923822)  can0  581   [8]  43 6C 60 02 2B 00 00 00
 (1789351578.947529)  can0  601   [8]  23 FF 60 03 00 00 00 00
 (1789351578.947842)  can0  581   [8]  60 FF 60 03 00 00 00 00
 (1789351578.949513)  can0  601   [8]  40 FF 60 03 00 00 00 00
 (1789351578.949831)  can0  581   [8]  43 FF 60 03 00 00 00 00
 (1789351578.951519)  can0  601   [8]  23 FF 60 03 00 00 00 00
 (1789351578.951830)  can0  581   [8]  60 FF 60 03 00 00 00 00
 (1789351578.953512)  can0  601   [8]  40 FF 60 03 00 00 00 00
 (1789351578.953823)  can0  581   [8]  43 FF 60 03 00 00 00 00
 (1789351578.955464)  can0  601   [8]  2B 40 60 00 06 00 00 00
 (1789351578.955776)  can0  581   [8]  60 40 60 00 00 00 00 00
 (1789351578.970111)  can0  181   [8]  21 14 21 14 00 00 2A 00
 (1789351579.020116)  can0  181   [8]  21 14 21 14 00 00 D0 FF
 (1789351579.070116)  can0  181   [8]  21 14 21 14 00 00 E4 FF
 (1789351579.120128)  can0  181   [8]  21 14 21 14 00 00 0A 00
 (1789351579.126744)  can0  701   [1]  05
 (1789351579.170032)  can0  181   [8]  21 14 21 14 00 00 FD FF
 (1789351579.220028)  can0  181   [8]  21 14 21 14 00 00 FF FF
 (1789351579.269977)  can0  181   [8]  21 14 21 14 00 00 FF FF
 (1789351579.319926)  can0  181   [8]  21 14 21 14 00 00 00 00
 (1789351579.321521)  can0  601   [8]  40 6C 60 01 00 00 00 00
 (1789351579.321859)  can0  581   [8]  43 6C 60 01 00 00 00 00
 (1789351579.323512)  can0  601   [8]  40 6C 60 02 00 00 00 00
 (1789351579.323854)  can0  581   [8]  43 6C 60 02 00 00 00 00
 (1789351579.325513)  can0  601   [8]  40 6C 60 03 00 00 00 00
 (1789351579.325850)  can0  581   [8]  43 6C 60 03 00 00 00 00
 (1789351579.327410)  can0  000   [2]  80 01
 (1789351579.376239)  can0  701   [1]  7F
 (1789351579.378518)  can0  601   [8]  2B 17 10 00 00 00 00 00
 (1789351579.378861)  can0  581   [8]  60 17 10 00 00 00 00 00
 (1789351579.380513)  can0  601   [8]  40 17 10 00 00 00 00 00
 (1789351579.380851)  can0  581   [8]  4B 17 10 00 00 00 00 00
 (1789351579.382524)  can0  601   [8]  2B 00 20 00 00 00 00 00
 (1789351579.382797)  can0  581   [8]  60 00 20 00 00 00 00 00
 (1789351579.384515)  can0  601   [8]  40 00 20 00 00 00 00 00
 (1789351579.384844)  can0  581   [8]  4B 00 20 00 00 00 00 00
