 (1789108082.018553)  can0  601   [8]  40 17 10 00 00 00 00 00
 (1789108082.018890)  can0  581   [8]  4B 17 10 00 00 00 00 00
 (1789108082.020493)  can0  601   [8]  2B 17 10 00 F4 01 00 00
 (1789108082.020827)  can0  581   [8]  60 17 10 00 00 00 00 00
 (1789108082.022491)  can0  601   [8]  40 17 10 00 00 00 00 00
 (1789108082.022812)  can0  581   [8]  4B 17 10 00 F4 01 00 00
 (1789108082.270310)  can0  701   [1]  7F
 (1789108082.272561)  can0  601   [8]  40 00 18 01 00 00 00 00
 (1789108082.272871)  can0  581   [8]  43 00 18 01 81 01 00 00
 (1789108082.274549)  can0  601   [8]  40 00 18 02 00 00 00 00
 (1789108082.274859)  can0  581   [8]  4F 00 18 02 FF 00 00 00
 (1789108082.276549)  can0  601   [8]  40 00 18 05 00 00 00 00
 (1789108082.276860)  can0  581   [8]  4B 00 18 05 64 00 00 00
 (1789108082.278552)  can0  601   [8]  40 00 1A 00 00 00 00 00
 (1789108082.278912)  can0  581   [8]  4F 00 1A 00 02 00 00 00
 (1789108082.280548)  can0  601   [8]  40 00 1A 01 00 00 00 00
 (1789108082.280904)  can0  581   [8]  43 00 1A 01 20 00 41 60
 (1789108082.282554)  can0  601   [8]  40 00 1A 02 00 00 00 00
 (1789108082.282898)  can0  581   [8]  43 00 1A 02 20 03 6C 60
 (1789108082.284552)  can0  601   [8]  40 60 60 00 00 00 00 00
 (1789108082.284900)  can0  581   [8]  4F 60 60 00 03 00 00 00
 (1789108082.286550)  can0  601   [8]  40 61 60 00 00 00 00 00
 (1789108082.286893)  can0  581   [8]  4F 61 60 00 03 00 00 00
 (1789108082.288550)  can0  601   [8]  40 FF 60 01 00 00 00 00
 (1789108082.288894)  can0  581   [8]  43 FF 60 01 00 00 00 00
 (1789108082.289573)  can0  601   [8]  40 FF 60 02 00 00 00 00
 (1789108082.289896)  can0  581   [8]  43 FF 60 02 00 00 00 00
 (1789108082.291496)  can0  601   [8]  40 3F 60 00 00 00 00 00
 (1789108082.291828)  can0  581   [8]  43 3F 60 00 00 00 00 00
 (1789108082.293496)  can0  601   [8]  40 6C 60 01 00 00 00 00
 (1789108082.293818)  can0  581   [8]  43 6C 60 01 00 00 00 00
 (1789108082.295489)  can0  601   [8]  40 6C 60 02 00 00 00 00
 (1789108082.295813)  can0  581   [8]  43 6C 60 02 00 00 00 00
 (1789108082.297491)  can0  601   [8]  40 6C 60 03 00 00 00 00
 (1789108082.297808)  can0  581   [8]  43 6C 60 03 00 00 00 00
 (1789108082.299499)  can0  601   [8]  40 0F 20 00 00 00 00 00
 (1789108082.299808)  can0  581   [8]  4B 0F 20 00 01 00 00 00
 (1789108082.301500)  can0  601   [8]  23 FF 60 03 00 00 00 00
 (1789108082.301814)  can0  581   [8]  60 FF 60 03 00 00 00 00
 (1789108082.303492)  can0  601   [8]  40 FF 60 03 00 00 00 00
 (1789108082.303804)  can0  581   [8]  43 FF 60 03 00 00 00 00
 (1789108082.305497)  can0  601   [8]  23 FF 60 03 00 00 00 00
 (1789108082.305859)  can0  581   [8]  60 FF 60 03 00 00 00 00
 (1789108082.307492)  can0  601   [8]  40 FF 60 03 00 00 00 00
 (1789108082.307853)  can0  581   [8]  43 FF 60 03 00 00 00 00
 (1789108082.309387)  can0  000   [2]  01 01
 (1789108082.309728)  can0  181   [8]  21 14 21 14 00 00 00 00
 (1789108082.309828)  can0  281   [0] 
 (1789108082.309928)  can0  381   [0] 
 (1789108082.310026)  can0  481   [0] 
 (1789108082.359729)  can0  181   [8]  21 14 21 14 00 00 00 00
 (1789108082.409676)  can0  181   [8]  21 14 21 14 00 00 00 00
 (1789108082.459624)  can0  181   [8]  21 14 21 14 00 00 00 00
 (1789108082.509571)  can0  181   [8]  21 14 21 14 00 00 00 00
 (1789108082.519802)  can0  701   [1]  05
 (1789108082.521494)  can0  601   [8]  2F 60 60 00 03 00 00 00
 (1789108082.521810)  can0  581   [8]  60 60 60 00 00 00 00 00
 (1789108082.523492)  can0  601   [8]  40 61 60 00 00 00 00 00
 (1789108082.523850)  can0  581   [8]  4F 61 60 00 03 00 00 00
 (1789108082.525500)  can0  601   [8]  2B 40 60 00 06 00 00 00
 (1789108082.525853)  can0  581   [8]  60 40 60 00 00 00 00 00
 (1789108082.559522)  can0  181   [8]  21 14 21 14 00 00 00 00
 (1789108082.561498)  can0  601   [8]  40 6C 60 01 00 00 00 00
 (1789108082.561827)  can0  581   [8]  43 6C 60 01 00 00 00 00
 (1789108082.563489)  can0  601   [8]  40 6C 60 02 00 00 00 00
 (1789108082.563823)  can0  581   [8]  43 6C 60 02 00 00 00 00
 (1789108082.565491)  can0  601   [8]  40 6C 60 03 00 00 00 00
 (1789108082.565818)  can0  581   [8]  43 6C 60 03 00 00 00 00
 (1789108082.567495)  can0  601   [8]  2B 40 60 00 07 00 00 00
 (1789108082.567820)  can0  581   [8]  60 40 60 00 00 00 00 00
 (1789108082.609477)  can0  181   [8]  23 14 23 14 00 00 00 00
 (1789108082.611497)  can0  601   [8]  40 6C 60 01 00 00 00 00
 (1789108082.611830)  can0  581   [8]  43 6C 60 01 00 00 00 00
 (1789108082.613491)  can0  601   [8]  40 6C 60 02 00 00 00 00
 (1789108082.613826)  can0  581   [8]  43 6C 60 02 00 00 00 00
 (1789108082.615494)  can0  601   [8]  40 6C 60 03 00 00 00 00
 (1789108082.615820)  can0  581   [8]  43 6C 60 03 00 00 00 00
 (1789108082.617496)  can0  601   [8]  2B 40 60 00 0F 00 00 00
 (1789108082.617823)  can0  581   [8]  60 40 60 00 00 00 00 00
 (1789108082.659480)  can0  181   [8]  27 14 27 14 00 00 00 00
 (1789108082.661496)  can0  601   [8]  40 6C 60 01 00 00 00 00
 (1789108082.661839)  can0  581   [8]  43 6C 60 01 00 00 00 00
 (1789108082.663492)  can0  601   [8]  40 6C 60 02 00 00 00 00
 (1789108082.663836)  can0  581   [8]  43 6C 60 02 00 00 00 00
 (1789108082.665493)  can0  601   [8]  40 6C 60 03 00 00 00 00
 (1789108082.665831)  can0  581   [8]  43 6C 60 03 00 00 00 00
 (1789108082.667503)  can0  601   [8]  23 FF 60 03 00 00 05 00
 (1789108082.667833)  can0  581   [8]  60 FF 60 03 00 00 00 00
 (1789108082.669493)  can0  601   [8]  40 FF 60 03 00 00 00 00
 (1789108082.669826)  can0  581   [8]  43 FF 60 03 00 00 05 00
 (1789108082.709434)  can0  181   [8]  27 14 27 44 00 00 11 00
 (1789108082.759432)  can0  181   [8]  27 14 27 44 00 00 32 00
 (1789108082.769286)  can0  701   [1]  05
 (1789108082.809392)  can0  181   [8]  27 14 27 44 00 00 32 00
 (1789108082.859395)  can0  181   [8]  27 14 27 44 00 00 2E 00
 (1789108082.909406)  can0  181   [8]  27 14 27 44 00 00 33 00
 (1789108082.959408)  can0  181   [8]  27 14 27 44 00 00 32 00
 (1789108083.009408)  can0  181   [8]  27 14 27 44 00 00 2E 00
 (1789108083.018897)  can0  701   [1]  05
 (1789108083.059371)  can0  181   [8]  27 14 27 44 00 00 31 00
 (1789108083.109322)  can0  181   [8]  27 14 27 44 00 00 36 00
 (1789108083.159318)  can0  181   [8]  27 14 27 44 00 00 30 00
 (1789108083.209220)  can0  181   [8]  27 14 27 44 00 00 34 00
 (1789108083.259165)  can0  181   [8]  27 14 27 44 00 00 2D 00
 (1789108083.268388)  can0  701   [1]  05
 (1789108083.309112)  can0  181   [8]  27 14 27 44 00 00 33 00
 (1789108083.359060)  can0  181   [8]  27 14 27 44 00 00 32 00
 (1789108083.409010)  can0  181   [8]  27 14 27 44 00 00 2E 00
 (1789108083.458956)  can0  181   [8]  27 14 27 44 00 00 31 00
 (1789108083.508906)  can0  181   [8]  27 14 27 44 00 00 36 00
 (1789108083.517937)  can0  701   [1]  05
 (1789108083.558856)  can0  181   [8]  27 14 27 44 00 00 30 00
 (1789108083.608802)  can0  181   [8]  27 14 27 44 00 00 35 00
 (1789108083.658747)  can0  181   [8]  27 14 27 44 00 00 2C 00
 (1789108083.668566)  can0  601   [8]  2B 40 60 00 06 00 00 00
 (1789108083.668906)  can0  581   [8]  60 40 60 00 00 00 00 00
 (1789108083.708752)  can0  181   [8]  21 14 21 14 00 00 00 00
 (1789108083.710559)  can0  601   [8]  40 6C 60 01 00 00 00 00
 (1789108083.710814)  can0  581   [8]  43 6C 60 01 00 00 00 00
 (1789108083.712550)  can0  601   [8]  40 6C 60 02 00 00 00 00
 (1789108083.712812)  can0  581   [8]  43 6C 60 02 FA FF FF FF
 (1789108083.758698)  can0  181   [8]  21 14 21 14 00 00 E5 FF
 (1789108083.765544)  can0  601   [8]  40 6C 60 01 00 00 00 00
 (1789108083.765816)  can0  581   [8]  43 6C 60 01 00 00 00 00
 (1789108083.767549)  can0  601   [8]  40 6C 60 02 00 00 00 00
 (1789108083.767669)  can0  701   [1]  05
 (1789108083.767851)  can0  581   [8]  43 6C 60 02 EF FF FF FF
 (1789108083.808703)  can0  181   [8]  21 14 21 14 00 00 0A 00
 (1789108083.820548)  can0  601   [8]  40 6C 60 01 00 00 00 00
 (1789108083.820813)  can0  581   [8]  43 6C 60 01 00 00 00 00
 (1789108083.822549)  can0  601   [8]  40 6C 60 02 00 00 00 00
 (1789108083.822812)  can0  581   [8]  43 6C 60 02 05 00 00 00
 (1789108083.858661)  can0  181   [8]  21 14 21 14 00 00 FE FF
 (1789108083.875548)  can0  601   [8]  40 6C 60 01 00 00 00 00
 (1789108083.875810)  can0  581   [8]  43 6C 60 01 00 00 00 00
 (1789108083.877545)  can0  601   [8]  40 6C 60 02 00 00 00 00
 (1789108083.877810)  can0  581   [8]  43 6C 60 02 FF FF FF FF
 (1789108083.908665)  can0  181   [8]  21 14 21 14 00 00 00 00
 (1789108083.930552)  can0  601   [8]  40 6C 60 01 00 00 00 00
 (1789108083.930809)  can0  581   [8]  43 6C 60 01 00 00 00 00
 (1789108083.932550)  can0  601   [8]  40 6C 60 02 00 00 00 00
 (1789108083.932808)  can0  581   [8]  43 6C 60 02 00 00 00 00
 (1789108083.934547)  can0  601   [8]  40 6C 60 03 00 00 00 00
 (1789108083.934801)  can0  581   [8]  43 6C 60 03 00 00 00 00
 (1789108083.936559)  can0  601   [8]  23 FF 60 03 00 00 00 00
 (1789108083.936921)  can0  581   [8]  60 FF 60 03 00 00 00 00
 (1789108083.938548)  can0  601   [8]  40 FF 60 03 00 00 00 00
 (1789108083.938858)  can0  581   [8]  43 FF 60 03 00 00 00 00
 (1789108083.940493)  can0  601   [8]  23 FF 60 03 00 00 00 00
 (1789108083.940855)  can0  581   [8]  60 FF 60 03 00 00 00 00
 (1789108083.942546)  can0  601   [8]  40 FF 60 03 00 00 00 00
 (1789108083.942849)  can0  581   [8]  43 FF 60 03 00 00 00 00
 (1789108083.944496)  can0  601   [8]  40 6C 60 01 00 00 00 00
 (1789108083.944840)  can0  581   [8]  43 6C 60 01 00 00 00 00
 (1789108083.946547)  can0  601   [8]  40 6C 60 02 00 00 00 00
 (1789108083.946892)  can0  581   [8]  43 6C 60 02 00 00 00 00
 (1789108083.948549)  can0  601   [8]  40 6C 60 03 00 00 00 00
 (1789108083.948887)  can0  581   [8]  43 6C 60 03 00 00 00 00
 (1789108083.950443)  can0  000   [2]  80 01
 (1789108084.016933)  can0  701   [1]  7F
 (1789108084.017599)  can0  601   [8]  2B 17 10 00 00 00 00 00
 (1789108084.017867)  can0  581   [8]  60 17 10 00 00 00 00 00
 (1789108084.019578)  can0  601   [8]  40 17 10 00 00 00 00 00
 (1789108084.019858)  can0  581   [8]  4B 17 10 00 00 00 00 00
