 (1789097058.563859)  can0  601   [8]  40 17 10 00 00 00 00 00
 (1789097058.564195)  can0  581   [8]  4B 17 10 00 00 00 00 00
 (1789097058.565799)  can0  601   [8]  2B 17 10 00 F4 01 00 00
 (1789097058.566078)  can0  581   [8]  60 17 10 00 00 00 00 00
 (1789097058.567794)  can0  601   [8]  40 17 10 00 00 00 00 00
 (1789097058.568065)  can0  581   [8]  4B 17 10 00 F4 01 00 00
 (1789097058.815562)  can0  701   [1]  7F
 (1789097058.816805)  can0  601   [8]  40 00 18 01 00 00 00 00
 (1789097058.817115)  can0  581   [8]  43 00 18 01 81 01 00 00
 (1789097058.818798)  can0  601   [8]  40 00 18 02 00 00 00 00
 (1789097058.819051)  can0  581   [8]  4F 00 18 02 FF 00 00 00
 (1789097058.820741)  can0  601   [8]  40 00 18 05 00 00 00 00
 (1789097058.821051)  can0  581   [8]  4B 00 18 05 64 00 00 00
 (1789097058.822738)  can0  601   [8]  40 00 1A 00 00 00 00 00
 (1789097058.823053)  can0  581   [8]  4F 00 1A 00 02 00 00 00
 (1789097058.824736)  can0  601   [8]  40 00 1A 01 00 00 00 00
 (1789097058.825041)  can0  581   [8]  43 00 1A 01 20 00 41 60
 (1789097058.826740)  can0  601   [8]  40 00 1A 02 00 00 00 00
 (1789097058.827089)  can0  581   [8]  43 00 1A 02 20 03 6C 60
 (1789097058.828739)  can0  601   [8]  40 60 60 00 00 00 00 00
 (1789097058.829091)  can0  581   [8]  4F 60 60 00 03 00 00 00
 (1789097058.830737)  can0  601   [8]  40 61 60 00 00 00 00 00
 (1789097058.831083)  can0  581   [8]  4F 61 60 00 03 00 00 00
 (1789097058.832737)  can0  601   [8]  40 FF 60 01 00 00 00 00
 (1789097058.833082)  can0  581   [8]  43 FF 60 01 00 00 00 00
 (1789097058.834743)  can0  601   [8]  40 FF 60 02 00 00 00 00
 (1789097058.835081)  can0  581   [8]  43 FF 60 02 00 00 00 00
 (1789097058.836742)  can0  601   [8]  40 3F 60 00 00 00 00 00
 (1789097058.837074)  can0  581   [8]  43 3F 60 00 00 00 00 00
 (1789097058.838744)  can0  601   [8]  40 6C 60 01 00 00 00 00
 (1789097058.839066)  can0  581   [8]  43 6C 60 01 00 00 00 00
 (1789097058.840738)  can0  601   [8]  40 6C 60 02 00 00 00 00
 (1789097058.841061)  can0  581   [8]  43 6C 60 02 00 00 00 00
 (1789097058.842741)  can0  601   [8]  40 6C 60 03 00 00 00 00
 (1789097058.843055)  can0  581   [8]  43 6C 60 03 00 00 00 00
 (1789097058.844745)  can0  601   [8]  40 0F 20 00 00 00 00 00
 (1789097058.845055)  can0  581   [8]  4B 0F 20 00 01 00 00 00
 (1789097058.846745)  can0  601   [8]  2B 0F 20 00 00 00 00 00
 (1789097058.847058)  can0  581   [8]  60 0F 20 00 00 00 00 00
 (1789097058.848745)  can0  601   [8]  40 0F 20 00 00 00 00 00
 (1789097058.849104)  can0  581   [8]  4B 0F 20 00 00 00 00 00
 (1789097058.850748)  can0  601   [8]  23 FF 60 01 00 00 00 00
 (1789097058.851104)  can0  581   [8]  60 FF 60 01 00 00 00 00
 (1789097058.852740)  can0  601   [8]  40 FF 60 01 00 00 00 00
 (1789097058.853099)  can0  581   [8]  43 FF 60 01 00 00 00 00
 (1789097058.854749)  can0  601   [8]  23 FF 60 02 00 00 00 00
 (1789097058.855095)  can0  581   [8]  60 FF 60 02 00 00 00 00
 (1789097058.856736)  can0  601   [8]  40 FF 60 02 00 00 00 00
 (1789097058.857092)  can0  581   [8]  43 FF 60 02 00 00 00 00
 (1789097058.858631)  can0  000   [2]  01 01
 (1789097058.858966)  can0  181   [8]  21 14 21 14 00 00 00 00
 (1789097058.859066)  can0  281   [0] 
 (1789097058.859165)  can0  381   [0] 
 (1789097058.859263)  can0  481   [0] 
 (1789097058.908965)  can0  181   [8]  21 14 21 14 00 00 00 00
 (1789097058.958912)  can0  181   [8]  21 14 21 14 00 00 00 00
 (1789097059.008859)  can0  181   [8]  21 14 21 14 00 00 00 00
 (1789097059.058808)  can0  181   [8]  21 14 21 14 00 00 00 00
 (1789097059.065045)  can0  701   [1]  05
 (1789097059.066741)  can0  601   [8]  2F 60 60 00 03 00 00 00
 (1789097059.067106)  can0  581   [8]  60 60 60 00 00 00 00 00
 (1789097059.068735)  can0  601   [8]  40 61 60 00 00 00 00 00
 (1789097059.069042)  can0  581   [8]  4F 61 60 00 03 00 00 00
 (1789097059.070745)  can0  601   [8]  2B 40 60 00 06 00 00 00
 (1789097059.071097)  can0  581   [8]  60 40 60 00 00 00 00 00
 (1789097059.108754)  can0  181   [8]  21 14 21 14 00 00 00 00
 (1789097059.110742)  can0  601   [8]  40 6C 60 01 00 00 00 00
 (1789097059.111061)  can0  581   [8]  43 6C 60 01 00 00 00 00
 (1789097059.112734)  can0  601   [8]  40 6C 60 02 00 00 00 00
 (1789097059.113057)  can0  581   [8]  43 6C 60 02 00 00 00 00
 (1789097059.114737)  can0  601   [8]  40 6C 60 03 00 00 00 00
 (1789097059.115053)  can0  581   [8]  43 6C 60 03 00 00 00 00
 (1789097059.116739)  can0  601   [8]  2B 40 60 00 07 00 00 00
 (1789097059.117054)  can0  581   [8]  60 40 60 00 00 00 00 00
 (1789097059.158649)  can0  181   [8]  23 14 23 14 00 00 00 00
 (1789097059.160743)  can0  601   [8]  40 6C 60 01 00 00 00 00
 (1789097059.161064)  can0  581   [8]  43 6C 60 01 00 00 00 00
 (1789097059.162736)  can0  601   [8]  40 6C 60 02 00 00 00 00
 (1789097059.163060)  can0  581   [8]  43 6C 60 02 00 00 00 00
 (1789097059.164736)  can0  601   [8]  40 6C 60 03 00 00 00 00
 (1789097059.165055)  can0  581   [8]  43 6C 60 03 00 00 00 00
 (1789097059.166740)  can0  601   [8]  2B 40 60 00 0F 00 00 00
 (1789097059.167057)  can0  581   [8]  60 40 60 00 00 00 00 00
 (1789097059.208597)  can0  181   [8]  27 14 27 14 00 00 00 00
 (1789097059.210741)  can0  601   [8]  40 6C 60 01 00 00 00 00
 (1789097059.211072)  can0  581   [8]  43 6C 60 01 00 00 00 00
 (1789097059.212735)  can0  601   [8]  40 6C 60 02 00 00 00 00
 (1789097059.213068)  can0  581   [8]  43 6C 60 02 00 00 00 00
 (1789097059.214736)  can0  601   [8]  40 6C 60 03 00 00 00 00
 (1789097059.215065)  can0  581   [8]  43 6C 60 03 00 00 00 00
 (1789097059.216744)  can0  601   [8]  23 FF 60 01 05 00 00 00
 (1789097059.217064)  can0  581   [8]  60 FF 60 01 00 00 00 00
 (1789097059.218736)  can0  601   [8]  40 FF 60 01 00 00 00 00
 (1789097059.219061)  can0  581   [8]  43 FF 60 01 05 00 00 00
 (1789097059.258547)  can0  181   [8]  27 44 27 14 00 00 00 00
 (1789097059.308492)  can0  181   [8]  27 44 27 14 00 00 00 00
 (1789097059.314528)  can0  701   [1]  05
 (1789097059.358440)  can0  181   [8]  27 44 27 14 00 00 00 00
 (1789097059.408389)  can0  181   [8]  27 44 27 14 00 00 00 00
 (1789097059.458335)  can0  181   [8]  27 44 27 14 00 00 00 00
 (1789097059.508282)  can0  181   [8]  27 44 27 14 00 00 00 00
 (1789097059.558229)  can0  181   [8]  27 44 27 14 00 00 00 00
 (1789097059.564077)  can0  701   [1]  05
 (1789097059.608176)  can0  181   [8]  27 44 27 14 00 00 00 00
 (1789097059.658123)  can0  181   [8]  27 44 27 14 00 00 00 00
 (1789097059.708071)  can0  181   [8]  27 44 27 14 00 00 00 00
 (1789097059.758017)  can0  181   [8]  27 44 27 14 00 00 00 00
 (1789097059.807965)  can0  181   [8]  27 44 27 14 00 00 00 00
 (1789097059.813565)  can0  701   [1]  05
 (1789097059.857912)  can0  181   [8]  27 44 27 14 00 00 00 00
 (1789097059.907859)  can0  181   [8]  27 44 27 14 00 00 00 00
 (1789097059.957806)  can0  181   [8]  27 44 27 14 00 00 00 00
 (1789097060.007753)  can0  181   [8]  27 44 27 14 00 00 00 00
 (1789097060.057700)  can0  181   [8]  27 44 27 14 00 00 00 00
 (1789097060.063113)  can0  701   [1]  05
 (1789097060.107647)  can0  181   [8]  27 44 27 14 00 00 00 00
 (1789097060.157594)  can0  181   [8]  27 44 27 14 00 00 00 00
 (1789097060.207542)  can0  181   [8]  27 44 27 14 00 00 00 00
 (1789097060.257492)  can0  181   [8]  27 44 27 14 00 00 00 00
 (1789097060.307436)  can0  181   [8]  27 44 27 14 00 00 00 00
 (1789097060.312600)  can0  701   [1]  05
 (1789097060.357432)  can0  181   [8]  27 44 27 14 00 00 00 00
 (1789097060.407330)  can0  181   [8]  27 44 27 14 00 00 00 00
 (1789097060.457277)  can0  181   [8]  27 44 27 14 00 00 00 00
 (1789097060.507226)  can0  181   [8]  27 44 27 14 00 00 00 00
 (1789097060.557173)  can0  181   [8]  27 44 27 14 00 00 00 00
 (1789097060.562149)  can0  701   [1]  05
 (1789097060.607120)  can0  181   [8]  27 44 27 14 00 00 00 00
 (1789097060.657113)  can0  181   [8]  27 44 27 14 00 00 00 00
 (1789097060.707059)  can0  181   [8]  27 44 27 14 00 00 00 00
 (1789097060.756960)  can0  181   [8]  27 44 27 14 00 00 00 00
 (1789097060.806907)  can0  181   [8]  27 44 27 14 00 00 00 00
 (1789097060.811634)  can0  701   [1]  05
 (1789097060.856915)  can0  181   [8]  27 44 27 14 00 00 00 00
 (1789097060.906861)  can0  181   [8]  27 44 27 14 00 00 00 00
 (1789097060.956808)  can0  181   [8]  27 44 27 14 00 00 00 00
 (1789097061.006754)  can0  181   [8]  27 44 27 14 00 00 00 00
 (1789097061.056702)  can0  181   [8]  27 44 27 14 00 00 00 00
 (1789097061.061242)  can0  701   [1]  05
 (1789097061.106653)  can0  181   [8]  27 44 27 14 00 00 00 00
 (1789097061.156597)  can0  181   [8]  27 44 27 14 00 00 00 00
 (1789097061.206545)  can0  181   [8]  27 44 27 14 00 00 00 00
 (1789097061.256494)  can0  181   [8]  27 44 27 14 00 00 00 00
 (1789097061.306438)  can0  181   [8]  27 44 27 14 00 00 00 00
 (1789097061.310728)  can0  701   [1]  05
 (1789097061.356385)  can0  181   [8]  27 44 27 14 00 00 00 00
 (1789097061.406332)  can0  181   [8]  27 44 27 14 00 00 00 00
 (1789097061.456268)  can0  181   [8]  27 44 27 14 00 00 00 00
 (1789097061.506276)  can0  181   [8]  27 44 27 14 00 00 00 00
 (1789097061.556177)  can0  181   [8]  27 44 27 14 00 00 00 00
 (1789097061.560277)  can0  701   [1]  05
 (1789097061.606381)  can0  181   [8]  27 44 27 14 00 00 00 00
 (1789097061.656069)  can0  181   [8]  27 44 27 14 00 00 00 00
 (1789097061.706016)  can0  181   [8]  27 44 27 14 00 00 00 00
 (1789097061.755963)  can0  181   [8]  27 44 27 14 00 00 00 00
 (1789097061.805911)  can0  181   [8]  27 44 27 14 00 00 00 00
 (1789097061.809764)  can0  701   [1]  05
 (1789097061.855857)  can0  181   [8]  27 44 27 14 00 00 00 00
 (1789097061.905806)  can0  181   [8]  27 44 27 14 00 00 00 00
 (1789097061.955752)  can0  181   [8]  27 44 27 14 00 00 00 00
 (1789097062.005700)  can0  181   [8]  27 44 27 14 00 00 00 00
 (1789097062.055646)  can0  181   [8]  27 44 27 14 00 00 00 00
 (1789097062.059314)  can0  701   [1]  05
 (1789097062.105592)  can0  181   [8]  27 44 27 14 00 00 00 00
 (1789097062.155542)  can0  181   [8]  27 44 27 14 00 00 00 00
 (1789097062.205490)  can0  181   [8]  27 44 27 14 00 00 00 00
 (1789097062.216873)  can0  601   [8]  23 FF 60 01 00 00 00 00
 (1789097062.217196)  can0  581   [8]  60 FF 60 01 00 00 00 00
 (1789097062.218822)  can0  601   [8]  40 FF 60 01 00 00 00 00
 (1789097062.219075)  can0  581   [8]  43 FF 60 01 00 00 00 00
 (1789097062.220786)  can0  601   [8]  23 FF 60 01 00 00 00 00
 (1789097062.221187)  can0  581   [8]  60 FF 60 01 00 00 00 00
 (1789097062.222760)  can0  601   [8]  40 FF 60 01 00 00 00 00
 (1789097062.223068)  can0  581   [8]  43 FF 60 01 00 00 00 00
 (1789097062.224839)  can0  601   [8]  23 FF 60 02 00 00 00 00
 (1789097062.225179)  can0  581   [8]  60 FF 60 02 00 00 00 00
 (1789097062.226817)  can0  601   [8]  40 FF 60 02 00 00 00 00
 (1789097062.227069)  can0  581   [8]  43 FF 60 02 00 00 00 00
 (1789097062.228781)  can0  601   [8]  2B 40 60 00 06 00 00 00
 (1789097062.229113)  can0  581   [8]  60 40 60 00 00 00 00 00
 (1789097062.255487)  can0  181   [8]  21 54 21 14 00 00 00 00
 (1789097062.255803)  can0  601   [8]  40 6C 60 01 00 00 00 00
 (1789097062.256113)  can0  581   [8]  43 6C 60 01 16 00 00 00
 (1789097062.305439)  can0  181   [8]  21 14 21 14 00 00 00 00
 (1789097062.308823)  can0  601   [8]  40 6C 60 01 00 00 00 00
 (1789097062.308888)  can0  701   [1]  05
 (1789097062.309129)  can0  581   [8]  43 6C 60 01 F1 FF FF FF
 (1789097062.355444)  can0  181   [8]  21 14 21 14 00 00 00 00
 (1789097062.361823)  can0  601   [8]  40 6C 60 01 00 00 00 00
 (1789097062.362121)  can0  581   [8]  43 6C 60 01 04 00 00 00
 (1789097062.405400)  can0  181   [8]  21 14 21 14 00 00 00 00
 (1789097062.414820)  can0  601   [8]  40 6C 60 01 00 00 00 00
 (1789097062.415123)  can0  581   [8]  43 6C 60 01 FF FF FF FF
 (1789097062.455399)  can0  181   [8]  21 14 21 14 00 00 00 00
 (1789097062.467820)  can0  601   [8]  40 6C 60 01 00 00 00 00
 (1789097062.468130)  can0  581   [8]  43 6C 60 01 FF FF FF FF
 (1789097062.505350)  can0  181   [8]  21 14 21 14 00 00 00 00
 (1789097062.520821)  can0  601   [8]  40 6C 60 01 00 00 00 00
 (1789097062.521136)  can0  581   [8]  43 6C 60 01 FF FF FF FF
 (1789097062.555356)  can0  181   [8]  21 14 21 14 00 00 00 00
 (1789097062.558350)  can0  701   [1]  05
 (1789097062.573823)  can0  601   [8]  40 6C 60 01 00 00 00 00
 (1789097062.574135)  can0  581   [8]  43 6C 60 01 00 00 00 00
 (1789097062.575759)  can0  601   [8]  40 6C 60 02 00 00 00 00
 (1789097062.576068)  can0  581   [8]  43 6C 60 02 00 00 00 00
 (1789097062.577823)  can0  601   [8]  40 6C 60 03 00 00 00 00
 (1789097062.578122)  can0  581   [8]  43 6C 60 03 00 00 00 00
 (1789097062.579660)  can0  000   [2]  80 01
 (1789097062.807844)  can0  701   [1]  7F
 (1789097062.809828)  can0  601   [8]  2B 0F 20 00 01 00 00 00
 (1789097062.810151)  can0  581   [8]  60 0F 20 00 00 00 00 00
 (1789097062.811821)  can0  601   [8]  40 0F 20 00 00 00 00 00
 (1789097062.812141)  can0  581   [8]  4B 0F 20 00 01 00 00 00
 (1789097062.813771)  can0  601   [8]  2B 17 10 00 00 00 00 00
 (1789097062.814143)  can0  581   [8]  60 17 10 00 00 00 00 00
 (1789097062.815756)  can0  601   [8]  40 17 10 00 00 00 00 00
 (1789097062.816075)  can0  581   [8]  4B 17 10 00 00 00 00 00
