 (1789096864.529994)  can0  601   [8]  40 17 10 00 00 00 00 00
 (1789096864.530344)  can0  581   [8]  4B 17 10 00 00 00 00 00
 (1789096864.531935)  can0  601   [8]  2B 17 10 00 F4 01 00 00
 (1789096864.532274)  can0  581   [8]  60 17 10 00 00 00 00 00
 (1789096864.533932)  can0  601   [8]  40 17 10 00 00 00 00 00
 (1789096864.534205)  can0  581   [8]  4B 17 10 00 F4 01 00 00
 (1789096864.781696)  can0  701   [1]  7F
 (1789096864.783944)  can0  601   [8]  40 00 18 01 00 00 00 00
 (1789096864.784203)  can0  581   [8]  43 00 18 01 81 01 00 00
 (1789096864.785934)  can0  601   [8]  40 00 18 02 00 00 00 00
 (1789096864.786207)  can0  581   [8]  4F 00 18 02 FF 00 00 00
 (1789096864.787932)  can0  601   [8]  40 00 18 05 00 00 00 00
 (1789096864.788189)  can0  581   [8]  4B 00 18 05 64 00 00 00
 (1789096864.789938)  can0  601   [8]  40 00 1A 00 00 00 00 00
 (1789096864.790299)  can0  581   [8]  4F 00 1A 00 02 00 00 00
 (1789096864.791875)  can0  601   [8]  40 00 1A 01 00 00 00 00
 (1789096864.792228)  can0  581   [8]  43 00 1A 01 20 00 41 60
 (1789096864.793938)  can0  601   [8]  40 00 1A 02 00 00 00 00
 (1789096864.794282)  can0  581   [8]  43 00 1A 02 20 03 6C 60
 (1789096864.795933)  can0  601   [8]  40 60 60 00 00 00 00 00
 (1789096864.796226)  can0  581   [8]  4F 60 60 00 03 00 00 00
 (1789096864.797933)  can0  601   [8]  40 61 60 00 00 00 00 00
 (1789096864.798278)  can0  581   [8]  4F 61 60 00 03 00 00 00
 (1789096864.799933)  can0  601   [8]  40 FF 60 01 00 00 00 00
 (1789096864.800276)  can0  581   [8]  43 FF 60 01 00 00 00 00
 (1789096864.801936)  can0  601   [8]  40 FF 60 02 00 00 00 00
 (1789096864.802217)  can0  581   [8]  43 FF 60 02 00 00 00 00
 (1789096864.803879)  can0  601   [8]  40 3F 60 00 00 00 00 00
 (1789096864.804210)  can0  581   [8]  43 3F 60 00 00 00 00 00
 (1789096864.805890)  can0  601   [8]  40 6C 60 01 00 00 00 00
 (1789096864.806202)  can0  581   [8]  43 6C 60 01 00 00 00 00
 (1789096864.807931)  can0  601   [8]  40 6C 60 02 00 00 00 00
 (1789096864.808196)  can0  581   [8]  43 6C 60 02 00 00 00 00
 (1789096864.809937)  can0  601   [8]  40 6C 60 03 00 00 00 00
 (1789096864.810191)  can0  581   [8]  43 6C 60 03 00 00 00 00
 (1789096864.811945)  can0  601   [8]  23 FF 60 01 00 00 00 00
 (1789096864.812199)  can0  581   [8]  60 FF 60 01 00 00 00 00
 (1789096864.813875)  can0  601   [8]  40 FF 60 01 00 00 00 00
 (1789096864.814186)  can0  581   [8]  43 FF 60 01 00 00 00 00
 (1789096864.815885)  can0  601   [8]  23 FF 60 02 00 00 00 00
 (1789096864.816244)  can0  581   [8]  60 FF 60 02 00 00 00 00
 (1789096864.817876)  can0  601   [8]  40 FF 60 02 00 00 00 00
 (1789096864.818238)  can0  581   [8]  43 FF 60 02 00 00 00 00
 (1789096864.819770)  can0  000   [2]  01 01
 (1789096864.820180)  can0  181   [8]  21 14 21 14 00 00 00 00
 (1789096864.820272)  can0  281   [0] 
 (1789096864.820375)  can0  381   [0] 
 (1789096864.820415)  can0  481   [0] 
 (1789096864.870159)  can0  181   [8]  21 14 21 14 00 00 00 00
 (1789096864.920120)  can0  181   [8]  21 14 21 14 00 00 00 00
 (1789096864.970066)  can0  181   [8]  21 14 21 14 00 00 00 00
 (1789096865.019958)  can0  181   [8]  21 14 21 14 00 00 00 00
 (1789096865.031241)  can0  701   [1]  05
 (1789096865.032878)  can0  601   [8]  2F 60 60 00 03 00 00 00
 (1789096865.033193)  can0  581   [8]  60 60 60 00 00 00 00 00
 (1789096865.034935)  can0  601   [8]  40 61 60 00 00 00 00 00
 (1789096865.035289)  can0  581   [8]  4F 61 60 00 03 00 00 00
 (1789096865.036939)  can0  601   [8]  2B 40 60 00 06 00 00 00
 (1789096865.037293)  can0  581   [8]  60 40 60 00 00 00 00 00
 (1789096865.069959)  can0  181   [8]  21 14 21 14 00 00 00 00
 (1789096865.071940)  can0  601   [8]  40 6C 60 01 00 00 00 00
 (1789096865.072210)  can0  581   [8]  43 6C 60 01 00 00 00 00
 (1789096865.073931)  can0  601   [8]  40 6C 60 02 00 00 00 00
 (1789096865.074271)  can0  581   [8]  43 6C 60 02 00 00 00 00
 (1789096865.075933)  can0  601   [8]  40 6C 60 03 00 00 00 00
 (1789096865.076201)  can0  581   [8]  43 6C 60 03 00 00 00 00
 (1789096865.077881)  can0  601   [8]  2B 40 60 00 07 00 00 00
 (1789096865.078203)  can0  581   [8]  60 40 60 00 00 00 00 00
 (1789096865.119856)  can0  181   [8]  23 14 23 14 00 00 00 00
 (1789096865.121937)  can0  601   [8]  40 6C 60 01 00 00 00 00
 (1789096865.122276)  can0  581   [8]  43 6C 60 01 00 00 00 00
 (1789096865.123933)  can0  601   [8]  40 6C 60 02 00 00 00 00
 (1789096865.124208)  can0  581   [8]  43 6C 60 02 00 00 00 00
 (1789096865.125876)  can0  601   [8]  40 6C 60 03 00 00 00 00
 (1789096865.126203)  can0  581   [8]  43 6C 60 03 00 00 00 00
 (1789096865.127879)  can0  601   [8]  2B 40 60 00 0F 00 00 00
 (1789096865.128205)  can0  581   [8]  60 40 60 00 00 00 00 00
 (1789096865.169802)  can0  181   [8]  27 14 27 14 00 00 00 00
 (1789096865.171937)  can0  601   [8]  40 6C 60 01 00 00 00 00
 (1789096865.172280)  can0  581   [8]  43 6C 60 01 00 00 00 00
 (1789096865.173931)  can0  601   [8]  40 6C 60 02 00 00 00 00
 (1789096865.174273)  can0  581   [8]  43 6C 60 02 00 00 00 00
 (1789096865.175931)  can0  601   [8]  40 6C 60 03 00 00 00 00
 (1789096865.176212)  can0  581   [8]  43 6C 60 03 00 00 00 00
 (1789096865.177881)  can0  601   [8]  23 FF 60 01 00 00 00 00
 (1789096865.178212)  can0  581   [8]  60 FF 60 01 00 00 00 00
 (1789096865.179871)  can0  601   [8]  40 FF 60 01 00 00 00 00
 (1789096865.180207)  can0  581   [8]  43 FF 60 01 00 00 00 00
 (1789096865.181885)  can0  601   [8]  23 FF 60 02 00 00 00 00
 (1789096865.182202)  can0  581   [8]  60 FF 60 02 00 00 00 00
 (1789096865.183875)  can0  601   [8]  40 FF 60 02 00 00 00 00
 (1789096865.184200)  can0  581   [8]  43 FF 60 02 00 00 00 00
 (1789096865.185878)  can0  601   [8]  2B 40 60 00 06 00 00 00
 (1789096865.186196)  can0  581   [8]  60 40 60 00 00 00 00 00
 (1789096865.219802)  can0  181   [8]  21 14 21 14 00 00 00 00
 (1789096865.221938)  can0  601   [8]  40 6C 60 01 00 00 00 00
 (1789096865.222293)  can0  581   [8]  43 6C 60 01 00 00 00 00
 (1789096865.223930)  can0  601   [8]  40 6C 60 02 00 00 00 00
 (1789096865.224182)  can0  581   [8]  43 6C 60 02 00 00 00 00
 (1789096865.225873)  can0  601   [8]  40 6C 60 03 00 00 00 00
 (1789096865.226228)  can0  581   [8]  43 6C 60 03 00 00 00 00
 (1789096865.227826)  can0  000   [2]  80 01
 (1789096865.280727)  can0  701   [1]  7F
 (1789096865.281937)  can0  601   [8]  2B 17 10 00 00 00 00 00
 (1789096865.282287)  can0  581   [8]  60 17 10 00 00 00 00 00
 (1789096865.283930)  can0  601   [8]  40 17 10 00 00 00 00 00
 (1789096865.284278)  can0  581   [8]  4B 17 10 00 00 00 00 00
