 (1789639894.737562)  can0  601   [8]  40 41 60 00 00 00 00 00
 (1789639894.737895)  can0  581   [8]  43 41 60 00 40 14 40 14
 (1789639894.739359)  can0  601   [8]  40 60 60 00 00 00 00 00
 (1789639894.739707)  can0  581   [8]  4F 60 60 00 03 00 00 00
 (1789639894.741294)  can0  601   [8]  40 61 60 00 00 00 00 00
 (1789639894.741639)  can0  581   [8]  4F 61 60 00 03 00 00 00
 (1789639894.743296)  can0  601   [8]  40 3F 60 00 00 00 00 00
 (1789639894.743637)  can0  581   [8]  43 3F 60 00 00 00 00 00
 (1789639894.745295)  can0  601   [8]  40 FF 60 01 00 00 00 00
 (1789639894.745633)  can0  581   [8]  43 FF 60 01 00 00 00 00
 (1789639894.747293)  can0  601   [8]  40 FF 60 02 00 00 00 00
 (1789639894.747632)  can0  581   [8]  43 FF 60 02 00 00 00 00
 (1789639894.749297)  can0  601   [8]  40 0F 20 00 00 00 00 00
 (1789639894.749622)  can0  581   [8]  4B 0F 20 00 01 00 00 00
 (1789639894.751241)  can0  601   [8]  40 00 20 00 00 00 00 00
 (1789639894.751621)  can0  581   [8]  4B 00 20 00 00 00 00 00
 (1789639894.753292)  can0  601   [8]  40 17 10 00 00 00 00 00
 (1789639894.753614)  can0  581   [8]  4B 17 10 00 00 00 00 00
 (1789639894.755295)  can0  601   [8]  40 00 14 01 00 00 00 00
 (1789639894.755607)  can0  581   [8]  43 00 14 01 01 02 00 00
 (1789639894.757295)  can0  601   [8]  40 00 14 02 00 00 00 00
 (1789639894.757603)  can0  581   [8]  4F 00 14 02 FF 00 00 00
 (1789639894.759291)  can0  601   [8]  40 00 14 05 00 00 00 00
 (1789639894.759601)  can0  581   [8]  4B 00 14 05 E8 03 00 00
 (1789639894.761302)  can0  601   [8]  40 00 16 00 00 00 00 00
 (1789639894.761603)  can0  581   [8]  4F 00 16 00 02 00 00 00
 (1789639894.763235)  can0  601   [8]  40 00 16 01 00 00 00 00
 (1789639894.763592)  can0  581   [8]  43 00 16 01 10 00 40 60
 (1789639894.765298)  can0  601   [8]  40 00 16 02 00 00 00 00
 (1789639894.765646)  can0  581   [8]  43 00 16 02 08 00 60 60
 (1789639894.767297)  can0  601   [8]  40 00 18 01 00 00 00 00
 (1789639894.767645)  can0  581   [8]  43 00 18 01 81 01 00 00
 (1789639894.769295)  can0  601   [8]  40 00 18 02 00 00 00 00
 (1789639894.769642)  can0  581   [8]  4F 00 18 02 FF 00 00 00
 (1789639894.771254)  can0  601   [8]  40 00 18 05 00 00 00 00
 (1789639894.771634)  can0  581   [8]  4B 00 18 05 64 00 00 00
 (1789639894.773294)  can0  601   [8]  40 00 1A 00 00 00 00 00
 (1789639894.773636)  can0  581   [8]  4F 00 1A 00 02 00 00 00
 (1789639894.775289)  can0  601   [8]  40 00 1A 01 00 00 00 00
 (1789639894.775565)  can0  581   [8]  43 00 1A 01 20 00 41 60
 (1789639894.777239)  can0  601   [8]  40 00 1A 02 00 00 00 00
 (1789639894.777558)  can0  581   [8]  43 00 1A 02 20 03 6C 60
 (1789639894.779290)  can0  601   [8]  40 01 18 01 00 00 00 00
 (1789639894.779613)  can0  581   [8]  43 01 18 01 81 02 00 00
 (1789639894.781246)  can0  601   [8]  40 01 18 02 00 00 00 00
 (1789639894.781611)  can0  581   [8]  4F 01 18 02 FF 00 00 00
 (1789639894.783290)  can0  601   [8]  40 01 18 05 00 00 00 00
 (1789639894.783605)  can0  581   [8]  4B 01 18 05 00 00 00 00
 (1789639894.785293)  can0  601   [8]  40 01 1A 00 00 00 00 00
 (1789639894.785606)  can0  581   [8]  4F 01 1A 00 00 00 00 00
 (1789639894.787292)  can0  601   [8]  40 01 1A 01 00 00 00 00
 (1789639894.787547)  can0  581   [8]  43 01 1A 01 00 00 00 00
 (1789639894.789289)  can0  601   [8]  40 01 1A 02 00 00 00 00
 (1789639894.789595)  can0  581   [8]  43 01 1A 02 00 00 00 00
 (1789639894.791298)  can0  601   [8]  40 6C 60 01 00 00 00 00
 (1789639894.791651)  can0  581   [8]  43 6C 60 01 00 00 00 00
 (1789639894.793234)  can0  601   [8]  40 6C 60 02 00 00 00 00
 (1789639894.793588)  can0  581   [8]  43 6C 60 02 00 00 00 00
 (1789639894.795289)  can0  601   [8]  40 6C 60 03 00 00 00 00
 (1789639894.795640)  can0  581   [8]  43 6C 60 03 00 00 00 00
 (1789639894.818305)  can0  601   [8]  40 6C 60 01 00 00 00 00
 (1789639894.818651)  can0  581   [8]  43 6C 60 01 00 00 00 00
 (1789639894.820236)  can0  601   [8]  40 6C 60 02 00 00 00 00
 (1789639894.820587)  can0  581   [8]  43 6C 60 02 00 00 00 00
 (1789639894.822291)  can0  601   [8]  40 6C 60 03 00 00 00 00
 (1789639894.822639)  can0  581   [8]  43 6C 60 03 00 00 00 00
 (1789639894.845303)  can0  601   [8]  40 6C 60 01 00 00 00 00
 (1789639894.845595)  can0  581   [8]  43 6C 60 01 00 00 00 00
 (1789639894.847238)  can0  601   [8]  40 6C 60 02 00 00 00 00
 (1789639894.847589)  can0  581   [8]  43 6C 60 02 00 00 00 00
 (1789639894.849294)  can0  601   [8]  40 6C 60 03 00 00 00 00
 (1789639894.849640)  can0  581   [8]  43 6C 60 03 00 00 00 00
 (1789639894.872310)  can0  601   [8]  40 6C 60 01 00 00 00 00
 (1789639894.872594)  can0  581   [8]  43 6C 60 01 00 00 00 00
 (1789639894.874235)  can0  601   [8]  40 6C 60 02 00 00 00 00
 (1789639894.874644)  can0  581   [8]  43 6C 60 02 00 00 00 00
 (1789639894.876299)  can0  601   [8]  40 6C 60 03 00 00 00 00
 (1789639894.876643)  can0  581   [8]  43 6C 60 03 00 00 00 00
 (1789639894.899305)  can0  601   [8]  40 6C 60 01 00 00 00 00
 (1789639894.899594)  can0  581   [8]  43 6C 60 01 00 00 00 00
 (1789639894.901297)  can0  601   [8]  40 6C 60 02 00 00 00 00
 (1789639894.901644)  can0  581   [8]  43 6C 60 02 00 00 00 00
 (1789639894.903297)  can0  601   [8]  40 6C 60 03 00 00 00 00
 (1789639894.903644)  can0  581   [8]  43 6C 60 03 00 00 00 00
 (1789639894.926305)  can0  601   [8]  40 6C 60 01 00 00 00 00
 (1789639894.926593)  can0  581   [8]  43 6C 60 01 00 00 00 00
 (1789639894.928291)  can0  601   [8]  40 6C 60 02 00 00 00 00
 (1789639894.928642)  can0  581   [8]  43 6C 60 02 00 00 00 00
 (1789639894.930292)  can0  601   [8]  40 6C 60 03 00 00 00 00
 (1789639894.930638)  can0  581   [8]  43 6C 60 03 00 00 00 00
 (1789639894.953301)  can0  601   [8]  40 6C 60 01 00 00 00 00
 (1789639894.953594)  can0  581   [8]  43 6C 60 01 00 00 00 00
 (1789639894.955294)  can0  601   [8]  40 6C 60 02 00 00 00 00
 (1789639894.955644)  can0  581   [8]  43 6C 60 02 00 00 00 00
 (1789639894.957291)  can0  601   [8]  40 6C 60 03 00 00 00 00
 (1789639894.957584)  can0  581   [8]  43 6C 60 03 00 00 00 00
 (1789639894.959305)  can0  601   [8]  40 5A 60 00 00 00 00 00
 (1789639894.959634)  can0  581   [8]  4B 5A 60 00 05 00 00 00
 (1789639894.961293)  can0  601   [8]  2B 17 10 00 F4 01 00 00
 (1789639894.961637)  can0  581   [8]  60 17 10 00 00 00 00 00
 (1789639894.963287)  can0  601   [8]  40 17 10 00 00 00 00 00
 (1789639894.963622)  can0  581   [8]  4B 17 10 00 F4 01 00 00
 (1789639895.211064)  can0  701   [1]  7F
 (1789639895.213197)  can0  000   [2]  80 01
 (1789639895.460622)  can0  701   [1]  7F
 (1789639895.462315)  can0  601   [8]  2B 00 20 00 E8 03 00 00
 (1789639895.462668)  can0  581   [8]  60 00 20 00 00 00 00 00
 (1789639895.464241)  can0  601   [8]  40 00 20 00 00 00 00 00
 (1789639895.464655)  can0  581   [8]  4B 00 20 00 E8 03 00 00
 (1789639895.466299)  can0  601   [8]  23 00 14 01 01 02 00 80
 (1789639895.466653)  can0  581   [8]  60 00 14 01 00 00 00 00
 (1789639895.468292)  can0  601   [8]  40 00 14 01 00 00 00 00
 (1789639895.468643)  can0  581   [8]  43 00 14 01 01 02 00 80
 (1789639895.470296)  can0  601   [8]  2F 00 16 00 00 00 00 00
 (1789639895.470590)  can0  581   [8]  60 00 16 00 00 00 00 00
 (1789639895.472293)  can0  601   [8]  40 00 16 00 00 00 00 00
 (1789639895.472637)  can0  581   [8]  4F 00 16 00 00 00 00 00
 (1789639895.474286)  can0  601   [8]  23 00 16 01 10 00 40 60
 (1789639895.474635)  can0  581   [8]  60 00 16 01 00 00 00 00
 (1789639895.476287)  can0  601   [8]  40 00 16 01 00 00 00 00
 (1789639895.476567)  can0  581   [8]  43 00 16 01 10 00 40 60
 (1789639895.478289)  can0  601   [8]  23 00 16 02 20 03 FF 60
 (1789639895.478626)  can0  581   [8]  60 00 16 02 00 00 00 00
 (1789639895.480287)  can0  601   [8]  40 00 16 02 00 00 00 00
 (1789639895.480618)  can0  581   [8]  43 00 16 02 20 03 FF 60
 (1789639895.482294)  can0  601   [8]  2F 00 16 00 02 00 00 00
 (1789639895.482617)  can0  581   [8]  60 00 16 00 00 00 00 00
 (1789639895.484293)  can0  601   [8]  40 00 16 00 00 00 00 00
 (1789639895.484611)  can0  581   [8]  4F 00 16 00 02 00 00 00
 (1789639895.486293)  can0  601   [8]  23 00 14 01 01 02 00 00
 (1789639895.486607)  can0  581   [8]  60 00 14 01 00 00 00 00
 (1789639895.488290)  can0  601   [8]  40 00 14 01 00 00 00 00
 (1789639895.488602)  can0  581   [8]  43 00 14 01 01 02 00 00
 (1789639895.490237)  can0  601   [8]  23 01 18 01 81 02 00 80
 (1789639895.490600)  can0  581   [8]  60 01 18 01 00 00 00 00
 (1789639895.492288)  can0  601   [8]  40 01 18 01 00 00 00 00
 (1789639895.492591)  can0  581   [8]  43 01 18 01 81 02 00 80
 (1789639895.494302)  can0  601   [8]  2F 01 1A 00 00 00 00 00
 (1789639895.494649)  can0  581   [8]  60 01 1A 00 00 00 00 00
 (1789639895.496293)  can0  601   [8]  40 01 1A 00 00 00 00 00
 (1789639895.496644)  can0  581   [8]  4F 01 1A 00 00 00 00 00
 (1789639895.498284)  can0  601   [8]  23 01 1A 01 08 00 61 60
 (1789639895.498637)  can0  581   [8]  60 01 1A 01 00 00 00 00
 (1789639895.500291)  can0  601   [8]  40 01 1A 01 00 00 00 00
 (1789639895.500571)  can0  581   [8]  43 01 1A 01 08 00 61 60
 (1789639895.502288)  can0  601   [8]  23 01 1A 02 20 00 3F 60
 (1789639895.502573)  can0  581   [8]  60 01 1A 02 00 00 00 00
 (1789639895.504233)  can0  601   [8]  40 01 1A 02 00 00 00 00
 (1789639895.504621)  can0  581   [8]  43 01 1A 02 20 00 3F 60
 (1789639895.506298)  can0  601   [8]  2F 01 1A 00 02 00 00 00
 (1789639895.506623)  can0  581   [8]  60 01 1A 00 00 00 00 00
 (1789639895.508290)  can0  601   [8]  40 01 1A 00 00 00 00 00
 (1789639895.508617)  can0  581   [8]  4F 01 1A 00 02 00 00 00
 (1789639895.510290)  can0  601   [8]  2B 01 18 05 64 00 00 00
 (1789639895.510556)  can0  581   [8]  60 01 18 05 00 00 00 00
 (1789639895.512288)  can0  601   [8]  40 01 18 05 00 00 00 00
 (1789639895.512602)  can0  581   [8]  4B 01 18 05 64 00 00 00
 (1789639895.514290)  can0  601   [8]  23 01 18 01 81 02 00 00
 (1789639895.514605)  can0  581   [8]  60 01 18 01 00 00 00 00
 (1789639895.515373)  can0  601   [8]  40 01 18 01 00 00 00 00
 (1789639895.515667)  can0  581   [8]  43 01 18 01 81 02 00 00
 (1789639895.517131)  can0  000   [2]  01 01
 (1789639895.517534)  can0  181   [8]  40 14 40 14 00 00 00 00
 (1789639895.517726)  can0  281   [5]  03 00 00 00 00
 (1789639895.517883)  can0  381   [0] 
 (1789639895.517927)  can0  481   [0] 
 (1789639895.567545)  can0  181   [8]  40 14 40 14 00 00 00 00
 (1789639895.567678)  can0  281   [5]  03 00 00 00 00
 (1789639895.617551)  can0  181   [8]  40 14 40 14 00 00 00 00
 (1789639895.617685)  can0  281   [5]  03 00 00 00 00
 (1789639895.667561)  can0  181   [8]  40 14 40 14 00 00 00 00
 (1789639895.667753)  can0  281   [5]  03 00 00 00 00
 (1789639895.710093)  can0  701   [1]  05
 (1789639895.712327)  can0  601   [8]  23 FF 60 01 00 00 00 00
 (1789639895.712646)  can0  581   [8]  60 FF 60 01 00 00 00 00
 (1789639895.714295)  can0  601   [8]  40 FF 60 01 00 00 00 00
 (1789639895.714642)  can0  581   [8]  43 FF 60 01 00 00 00 00
 (1789639895.716306)  can0  601   [8]  23 FF 60 02 00 00 00 00
 (1789639895.716581)  can0  581   [8]  60 FF 60 02 00 00 00 00
 (1789639895.717514)  can0  181   [8]  40 14 40 14 00 00 00 00
 (1789639895.717704)  can0  281   [5]  03 00 00 00 00
 (1789639895.718003)  can0  601   [8]  40 FF 60 02 00 00 00 00
 (1789639895.718324)  can0  581   [8]  43 FF 60 02 00 00 00 00
 (1789639895.719297)  can0  601   [8]  2B 40 60 00 06 00 00 00
 (1789639895.719632)  can0  581   [8]  60 40 60 00 00 00 00 00
 (1789639895.721292)  can0  601   [8]  40 40 60 00 00 00 00 00
 (1789639895.721624)  can0  581   [8]  4B 40 60 00 06 00 00 00
 (1789639895.767578)  can0  181   [8]  21 14 21 14 00 00 00 00
 (1789639895.767712)  can0  281   [5]  03 00 00 00 00
 (1789639895.769306)  can0  601   [8]  40 00 14 01 00 00 00 00
 (1789639895.769578)  can0  581   [8]  43 00 14 01 01 02 00 00
 (1789639895.771308)  can0  601   [8]  40 00 14 02 00 00 00 00
 (1789639895.771631)  can0  581   [8]  4F 00 14 02 FF 00 00 00
 (1789639895.773298)  can0  601   [8]  40 00 16 00 00 00 00 00
 (1789639895.773632)  can0  581   [8]  4F 00 16 00 02 00 00 00
 (1789639895.775294)  can0  601   [8]  40 00 16 01 00 00 00 00
 (1789639895.775619)  can0  581   [8]  43 00 16 01 10 00 40 60
 (1789639895.777292)  can0  601   [8]  40 00 16 02 00 00 00 00
 (1789639895.777561)  can0  581   [8]  43 00 16 02 20 03 FF 60
 (1789639895.779298)  can0  601   [8]  40 00 18 01 00 00 00 00
 (1789639895.779612)  can0  581   [8]  43 00 18 01 81 01 00 00
 (1789639895.781249)  can0  601   [8]  40 00 18 02 00 00 00 00
 (1789639895.781608)  can0  581   [8]  4F 00 18 02 FF 00 00 00
 (1789639895.783295)  can0  601   [8]  40 00 1A 00 00 00 00 00
 (1789639895.783554)  can0  581   [8]  4F 00 1A 00 02 00 00 00
 (1789639895.785292)  can0  601   [8]  40 00 1A 01 00 00 00 00
 (1789639895.785600)  can0  581   [8]  43 00 1A 01 20 00 41 60
 (1789639895.787298)  can0  601   [8]  40 00 1A 02 00 00 00 00
 (1789639895.787595)  can0  581   [8]  43 00 1A 02 20 03 6C 60
 (1789639895.789294)  can0  601   [8]  40 01 18 01 00 00 00 00
 (1789639895.789651)  can0  581   [8]  43 01 18 01 81 02 00 00
 (1789639895.791244)  can0  601   [8]  40 01 18 02 00 00 00 00
 (1789639895.791648)  can0  581   [8]  4F 01 18 02 FF 00 00 00
 (1789639895.793295)  can0  601   [8]  40 01 1A 00 00 00 00 00
 (1789639895.793644)  can0  581   [8]  4F 01 1A 00 02 00 00 00
 (1789639895.795295)  can0  601   [8]  40 01 1A 01 00 00 00 00
 (1789639895.795576)  can0  581   [8]  43 01 1A 01 08 00 61 60
 (1789639895.797235)  can0  601   [8]  40 01 1A 02 00 00 00 00
 (1789639895.797573)  can0  581   [8]  43 01 1A 02 20 00 3F 60
 (1789639895.799296)  can0  601   [8]  40 0F 20 00 00 00 00 00
 (1789639895.799630)  can0  581   [8]  4B 0F 20 00 01 00 00 00
 (1789639895.817586)  can0  181   [8]  21 14 21 14 00 00 00 00
 (1789639895.817720)  can0  281   [5]  03 00 00 00 00
 (1789639895.840919)  can0  201   [6]  02 00 00 00 00 00
 (1789639895.851333)  can0  201   [6]  02 00 00 00 00 00
 (1789639895.861316)  can0  201   [6]  02 00 00 00 00 00
 (1789639895.867599)  can0  181   [8]  60 14 60 14 00 00 00 00
 (1789639895.867787)  can0  281   [5]  03 00 00 00 00
 (1789639895.871311)  can0  201   [6]  02 00 00 00 00 00
 (1789639895.881312)  can0  201   [6]  02 00 00 00 00 00
 (1789639895.891300)  can0  201   [6]  02 00 00 00 00 00
 (1789639895.901307)  can0  201   [6]  02 00 00 00 00 00
 (1789639895.911293)  can0  201   [6]  02 00 00 00 00 00
 (1789639895.917623)  can0  181   [8]  60 14 60 14 00 00 00 00
 (1789639895.917740)  can0  281   [5]  03 00 00 00 00
 (1789639895.921250)  can0  201   [6]  02 00 00 00 00 00
 (1789639895.931312)  can0  201   [6]  02 00 00 00 00 00
 (1789639895.941320)  can0  201   [6]  02 00 00 00 00 00
 (1789639895.951325)  can0  201   [6]  02 00 00 00 00 00
 (1789639895.959651)  can0  701   [1]  05
 (1789639895.961305)  can0  201   [6]  02 00 00 00 00 00
 (1789639895.967620)  can0  181   [8]  60 14 60 14 00 00 00 00
 (1789639895.967806)  can0  281   [5]  03 00 00 00 00
 (1789639895.971303)  can0  201   [6]  02 00 00 00 00 00
 (1789639895.981290)  can0  201   [6]  02 00 00 00 00 00
 (1789639895.991290)  can0  201   [6]  02 00 00 00 00 00
 (1789639896.001307)  can0  201   [6]  02 00 00 00 00 00
 (1789639896.011297)  can0  201   [6]  02 00 00 00 00 00
 (1789639896.017626)  can0  181   [8]  60 14 60 14 00 00 00 00
 (1789639896.017816)  can0  281   [5]  03 00 00 00 00
 (1789639896.021297)  can0  201   [6]  02 00 00 00 00 00
 (1789639896.031292)  can0  201   [6]  02 00 00 00 00 00
 (1789639896.041297)  can0  201   [6]  02 00 00 00 00 00
 (1789639896.051292)  can0  201   [6]  02 00 00 00 00 00
 (1789639896.061295)  can0  201   [6]  02 00 00 00 00 00
 (1789639896.067636)  can0  181   [8]  60 14 60 14 00 00 00 00
 (1789639896.067769)  can0  281   [5]  03 00 00 00 00
 (1789639896.071284)  can0  201   [6]  02 00 00 00 00 00
 (1789639896.081280)  can0  201   [6]  02 00 00 00 00 00
 (1789639896.091278)  can0  201   [6]  02 00 00 00 00 00
 (1789639896.101273)  can0  201   [6]  02 00 00 00 00 00
 (1789639896.111274)  can0  201   [6]  02 00 00 00 00 00
 (1789639896.117647)  can0  181   [8]  60 14 60 14 00 00 00 00
 (1789639896.117779)  can0  281   [5]  03 00 00 00 00
 (1789639896.121277)  can0  201   [6]  02 00 00 00 00 00
 (1789639896.131277)  can0  201   [6]  02 00 00 00 00 00
 (1789639896.141276)  can0  201   [6]  02 00 00 00 00 00
 (1789639896.151275)  can0  201   [6]  02 00 00 00 00 00
 (1789639896.161274)  can0  201   [6]  02 00 00 00 00 00
 (1789639896.167652)  can0  181   [8]  60 14 60 14 00 00 00 00
 (1789639896.167843)  can0  281   [5]  03 00 00 00 00
 (1789639896.171280)  can0  201   [6]  02 00 00 00 00 00
 (1789639896.181276)  can0  201   [6]  02 00 00 00 00 00
 (1789639896.191274)  can0  201   [6]  02 00 00 00 00 00
 (1789639896.201273)  can0  201   [6]  02 00 00 00 00 00
 (1789639896.209181)  can0  701   [1]  05
 (1789639896.211420)  can0  201   [6]  02 00 00 00 00 00
 (1789639896.217662)  can0  181   [8]  60 14 60 14 00 00 00 00
 (1789639896.217795)  can0  281   [5]  03 00 00 00 00
 (1789639896.221290)  can0  201   [6]  02 00 00 00 00 00
 (1789639896.231281)  can0  201   [6]  02 00 00 00 00 00
 (1789639896.241240)  can0  201   [6]  02 00 00 00 00 00
 (1789639896.251280)  can0  201   [6]  02 00 00 00 00 00
 (1789639896.261275)  can0  201   [6]  02 00 00 00 00 00
 (1789639896.267672)  can0  181   [8]  60 14 60 14 00 00 00 00
 (1789639896.267806)  can0  281   [5]  03 00 00 00 00
 (1789639896.271279)  can0  201   [6]  02 00 00 00 00 00
 (1789639896.281278)  can0  201   [6]  02 00 00 00 00 00
 (1789639896.291274)  can0  201   [6]  02 00 00 00 00 00
 (1789639896.301278)  can0  201   [6]  02 00 00 00 00 00
 (1789639896.311273)  can0  201   [6]  02 00 00 00 00 00
 (1789639896.317678)  can0  181   [8]  60 14 60 14 00 00 00 00
 (1789639896.317879)  can0  281   [5]  03 00 00 00 00
 (1789639896.321277)  can0  201   [6]  02 00 00 00 00 00
 (1789639896.331273)  can0  201   [6]  02 00 00 00 00 00
 (1789639896.341273)  can0  201   [6]  02 00 00 00 00 00
 (1789639896.351275)  can0  201   [6]  02 00 00 00 00 00
 (1789639896.361275)  can0  201   [6]  02 00 00 00 00 00
 (1789639896.367690)  can0  181   [8]  60 14 60 14 00 00 00 00
 (1789639896.367879)  can0  281   [5]  03 00 00 00 00
 (1789639896.371279)  can0  201   [6]  02 00 00 00 00 00
 (1789639896.381286)  can0  201   [6]  02 00 00 00 00 00
 (1789639896.391301)  can0  201   [6]  02 00 00 00 00 00
 (1789639896.401297)  can0  201   [6]  02 00 00 00 00 00
 (1789639896.411288)  can0  201   [6]  02 00 00 00 00 00
 (1789639896.417699)  can0  181   [8]  60 14 60 14 00 00 00 00
 (1789639896.417889)  can0  281   [5]  03 00 00 00 00
 (1789639896.421293)  can0  201   [6]  02 00 00 00 00 00
 (1789639896.431286)  can0  201   [6]  02 00 00 00 00 00
 (1789639896.441290)  can0  201   [6]  02 00 00 00 00 00
 (1789639896.451288)  can0  201   [6]  02 00 00 00 00 00
 (1789639896.458668)  can0  701   [1]  05
 (1789639896.461286)  can0  201   [6]  02 00 00 00 00 00
 (1789639896.467710)  can0  181   [8]  60 14 60 14 00 00 00 00
 (1789639896.467899)  can0  281   [5]  03 00 00 00 00
 (1789639896.471284)  can0  201   [6]  02 00 00 00 00 00
 (1789639896.481279)  can0  201   [6]  02 00 00 00 00 00
 (1789639896.491277)  can0  201   [6]  02 00 00 00 00 00
 (1789639896.501281)  can0  201   [6]  02 00 00 00 00 00
 (1789639896.511277)  can0  201   [6]  02 00 00 00 00 00
 (1789639896.517717)  can0  181   [8]  60 14 60 14 00 00 00 00
 (1789639896.517909)  can0  281   [5]  03 00 00 00 00
 (1789639896.521276)  can0  201   [6]  02 00 00 00 00 00
 (1789639896.531276)  can0  201   [6]  02 00 00 00 00 00
 (1789639896.541275)  can0  201   [6]  02 00 00 00 00 00
 (1789639896.551274)  can0  201   [6]  02 00 00 00 00 00
 (1789639896.561279)  can0  201   [6]  02 00 00 00 00 00
 (1789639896.567727)  can0  181   [8]  60 14 60 14 00 00 00 00
 (1789639896.567919)  can0  281   [5]  03 00 00 00 00
 (1789639896.571275)  can0  201   [6]  02 00 00 00 00 00
 (1789639896.581275)  can0  201   [6]  02 00 00 00 00 00
 (1789639896.591275)  can0  201   [6]  02 00 00 00 00 00
 (1789639896.601225)  can0  201   [6]  02 00 00 00 00 00
 (1789639896.611287)  can0  201   [6]  02 00 00 00 00 00
 (1789639896.617737)  can0  181   [8]  60 14 60 14 00 00 00 00
 (1789639896.617926)  can0  281   [5]  03 00 00 00 00
 (1789639896.621278)  can0  201   [6]  02 00 00 00 00 00
 (1789639896.631277)  can0  201   [6]  02 00 00 00 00 00
 (1789639896.641246)  can0  201   [6]  02 00 00 00 00 00
 (1789639896.651276)  can0  201   [6]  02 00 00 00 00 00
 (1789639896.661274)  can0  201   [6]  02 00 00 00 00 00
 (1789639896.667743)  can0  181   [8]  60 14 60 14 00 00 00 00
 (1789639896.667936)  can0  281   [5]  03 00 00 00 00
 (1789639896.671276)  can0  201   [6]  02 00 00 00 00 00
 (1789639896.681272)  can0  201   [6]  02 00 00 00 00 00
 (1789639896.691273)  can0  201   [6]  02 00 00 00 00 00
 (1789639896.701275)  can0  201   [6]  02 00 00 00 00 00
 (1789639896.708212)  can0  701   [1]  05
 (1789639896.711275)  can0  201   [6]  02 00 00 00 00 00
 (1789639896.717754)  can0  181   [8]  60 14 60 14 00 00 00 00
 (1789639896.717945)  can0  281   [5]  03 00 00 00 00
 (1789639896.721276)  can0  201   [6]  02 00 00 00 00 00
 (1789639896.731272)  can0  201   [6]  02 00 00 00 00 00
 (1789639896.741275)  can0  201   [6]  02 00 00 00 00 00
 (1789639896.751272)  can0  201   [6]  02 00 00 00 00 00
 (1789639896.761276)  can0  201   [6]  02 00 00 00 00 00
 (1789639896.767763)  can0  181   [8]  60 14 60 14 00 00 00 00
 (1789639896.767953)  can0  281   [5]  03 00 00 00 00
 (1789639896.771280)  can0  201   [6]  02 00 00 00 00 00
 (1789639896.781287)  can0  201   [6]  02 00 00 00 00 00
 (1789639896.791302)  can0  201   [6]  02 00 00 00 00 00
 (1789639896.801296)  can0  201   [6]  02 00 00 00 00 00
 (1789639896.811293)  can0  201   [6]  02 00 00 00 00 00
 (1789639896.817776)  can0  181   [8]  60 14 60 14 00 00 00 00
 (1789639896.817963)  can0  281   [5]  03 00 00 00 00
 (1789639896.821288)  can0  201   [6]  02 00 00 00 00 00
 (1789639896.831289)  can0  201   [6]  02 00 00 00 00 00
 (1789639896.841289)  can0  201   [6]  02 00 00 00 00 00
 (1789639896.851279)  can0  201   [6]  02 00 00 00 00 00
 (1789639896.861279)  can0  201   [6]  02 00 00 00 00 00
 (1789639896.867726)  can0  181   [8]  60 14 60 14 00 00 00 00
 (1789639896.867971)  can0  281   [5]  03 00 00 00 00
 (1789639896.871282)  can0  201   [6]  02 00 00 00 00 00
 (1789639896.881274)  can0  201   [6]  02 00 00 00 00 00
 (1789639896.891274)  can0  201   [6]  02 00 00 00 00 00
 (1789639896.901274)  can0  201   [6]  02 00 00 00 00 00
 (1789639896.911280)  can0  201   [6]  02 00 00 00 00 00
 (1789639896.917789)  can0  181   [8]  60 14 60 14 00 00 00 00
 (1789639896.917981)  can0  281   [5]  03 00 00 00 00
 (1789639896.921275)  can0  201   [6]  02 00 00 00 00 00
 (1789639896.931278)  can0  201   [6]  02 00 00 00 00 00
 (1789639896.941272)  can0  201   [6]  02 00 00 00 00 00
 (1789639896.951275)  can0  201   [6]  02 00 00 00 00 00
 (1789639896.957759)  can0  701   [1]  05
 (1789639896.961275)  can0  201   [6]  02 00 00 00 00 00
 (1789639896.967800)  can0  181   [8]  60 14 60 14 00 00 00 00
 (1789639896.967992)  can0  281   [5]  03 00 00 00 00
 (1789639896.971274)  can0  201   [6]  02 00 00 00 00 00
 (1789639896.981276)  can0  201   [6]  02 00 00 00 00 00
 (1789639896.991274)  can0  201   [6]  02 00 00 00 00 00
 (1789639897.001303)  can0  201   [6]  02 00 00 00 00 00
 (1789639897.011286)  can0  201   [6]  02 00 00 00 00 00
 (1789639897.017810)  can0  181   [8]  60 14 60 14 00 00 00 00
 (1789639897.018000)  can0  281   [5]  03 00 00 00 00
 (1789639897.021281)  can0  201   [6]  02 00 00 00 00 00
 (1789639897.031277)  can0  201   [6]  02 00 00 00 00 00
 (1789639897.041239)  can0  201   [6]  02 00 00 00 00 00
 (1789639897.051276)  can0  201   [6]  02 00 00 00 00 00
 (1789639897.061274)  can0  201   [6]  02 00 00 00 00 00
 (1789639897.067818)  can0  181   [8]  60 14 60 14 00 00 00 00
 (1789639897.068008)  can0  281   [5]  03 00 00 00 00
 (1789639897.071277)  can0  201   [6]  02 00 00 00 00 00
 (1789639897.081275)  can0  201   [6]  02 00 00 00 00 00
 (1789639897.091276)  can0  201   [6]  02 00 00 00 00 00
 (1789639897.101241)  can0  201   [6]  02 00 00 00 00 00
 (1789639897.111273)  can0  201   [6]  02 00 00 00 00 00
 (1789639897.117827)  can0  181   [8]  60 14 60 14 00 00 00 00
 (1789639897.118020)  can0  281   [5]  03 00 00 00 00
 (1789639897.121276)  can0  201   [6]  02 00 00 00 00 00
 (1789639897.131276)  can0  201   [6]  02 00 00 00 00 00
 (1789639897.141275)  can0  201   [6]  02 00 00 00 00 00
 (1789639897.151274)  can0  201   [6]  02 00 00 00 00 00
 (1789639897.161277)  can0  201   [6]  02 00 00 00 00 00
 (1789639897.167836)  can0  181   [8]  60 14 60 14 00 00 00 00
 (1789639897.168026)  can0  281   [5]  03 00 00 00 00
 (1789639897.171287)  can0  201   [6]  02 00 00 00 00 00
 (1789639897.181294)  can0  201   [6]  02 00 00 00 00 00
 (1789639897.191242)  can0  201   [6]  02 00 00 00 00 00
 (1789639897.201287)  can0  201   [6]  02 00 00 00 00 00
 (1789639897.207250)  can0  701   [1]  05
 (1789639897.211288)  can0  201   [6]  02 00 00 00 00 00
 (1789639897.217853)  can0  181   [8]  60 14 60 14 00 00 00 00
 (1789639897.218038)  can0  281   [5]  03 00 00 00 00
 (1789639897.221294)  can0  201   [6]  02 00 00 00 00 00
 (1789639897.231289)  can0  201   [6]  02 00 00 00 00 00
 (1789639897.241279)  can0  201   [6]  02 00 00 00 00 00
 (1789639897.251278)  can0  201   [6]  02 00 00 00 00 00
 (1789639897.261278)  can0  201   [6]  02 00 00 00 00 00
 (1789639897.267857)  can0  181   [8]  60 14 60 14 00 00 00 00
 (1789639897.268047)  can0  281   [5]  03 00 00 00 00
 (1789639897.271276)  can0  201   [6]  02 00 00 00 00 00
 (1789639897.281277)  can0  201   [6]  02 00 00 00 00 00
 (1789639897.291275)  can0  201   [6]  02 00 00 00 00 00
 (1789639897.301275)  can0  201   [6]  02 00 00 00 00 00
 (1789639897.311273)  can0  201   [6]  02 00 00 00 00 00
 (1789639897.317866)  can0  181   [8]  60 14 60 14 00 00 00 00
 (1789639897.318056)  can0  281   [5]  03 00 00 00 00
 (1789639897.321274)  can0  201   [6]  02 00 00 00 00 00
 (1789639897.331280)  can0  201   [6]  02 00 00 00 00 00
 (1789639897.341274)  can0  201   [6]  02 00 00 00 00 00
 (1789639897.351275)  can0  201   [6]  02 00 00 00 00 00
 (1789639897.361273)  can0  201   [6]  02 00 00 00 00 00
 (1789639897.367874)  can0  181   [8]  60 14 60 14 00 00 00 00
 (1789639897.368065)  can0  281   [5]  03 00 00 00 00
 (1789639897.371276)  can0  201   [6]  02 00 00 00 00 00
 (1789639897.381272)  can0  201   [6]  02 00 00 00 00 00
 (1789639897.391298)  can0  201   [6]  02 00 00 00 00 00
 (1789639897.401287)  can0  201   [6]  02 00 00 00 00 00
 (1789639897.411279)  can0  201   [6]  02 00 00 00 00 00
 (1789639897.417860)  can0  181   [8]  60 14 60 14 00 00 00 00
 (1789639897.418084)  can0  281   [5]  03 00 00 00 00
 (1789639897.421277)  can0  201   [6]  02 00 00 00 00 00
 (1789639897.431277)  can0  201   [6]  02 00 00 00 00 00
 (1789639897.441276)  can0  201   [6]  02 00 00 00 00 00
 (1789639897.451275)  can0  201   [6]  02 00 00 00 00 00
 (1789639897.456793)  can0  701   [1]  05
 (1789639897.461275)  can0  201   [6]  02 00 00 00 00 00
 (1789639897.467865)  can0  181   [8]  60 14 60 14 00 00 00 00
 (1789639897.468085)  can0  281   [5]  03 00 00 00 00
 (1789639897.471277)  can0  201   [6]  02 00 00 00 00 00
 (1789639897.481279)  can0  201   [6]  02 00 00 00 00 00
 (1789639897.491279)  can0  201   [6]  02 00 00 00 00 00
 (1789639897.501281)  can0  201   [6]  02 00 00 00 00 00
 (1789639897.511276)  can0  201   [6]  02 00 00 00 00 00
 (1789639897.517902)  can0  181   [8]  60 14 60 14 00 00 00 00
 (1789639897.518092)  can0  281   [5]  03 00 00 00 00
 (1789639897.521274)  can0  201   [6]  02 00 00 00 00 00
 (1789639897.531273)  can0  201   [6]  02 00 00 00 00 00
 (1789639897.541280)  can0  201   [6]  02 00 00 00 00 00
 (1789639897.551274)  can0  201   [6]  02 00 00 00 00 00
 (1789639897.561284)  can0  201   [6]  02 00 00 00 00 00
 (1789639897.567881)  can0  181   [8]  60 14 60 14 00 00 00 00
 (1789639897.568101)  can0  281   [5]  03 00 00 00 00
 (1789639897.571292)  can0  201   [6]  02 00 00 00 00 00
 (1789639897.581288)  can0  201   [6]  02 00 00 00 00 00
 (1789639897.591247)  can0  201   [6]  02 00 00 00 00 00
 (1789639897.601257)  can0  201   [6]  06 00 00 00 00 00
 (1789639897.611308)  can0  201   [6]  06 00 00 00 00 00
 (1789639897.617867)  can0  181   [8]  21 14 21 14 00 00 00 00
 (1789639897.618109)  can0  281   [5]  03 00 00 00 00
 (1789639897.621243)  can0  201   [6]  07 00 00 00 00 00
 (1789639897.631320)  can0  201   [6]  07 00 00 00 00 00
 (1789639897.641260)  can0  201   [6]  07 00 00 00 00 00
 (1789639897.651318)  can0  201   [6]  07 00 00 00 00 00
 (1789639897.661303)  can0  201   [6]  07 00 00 00 00 00
 (1789639897.667925)  can0  181   [8]  23 14 23 14 00 00 00 00
 (1789639897.668114)  can0  281   [5]  03 00 00 00 00
 (1789639897.671298)  can0  201   [6]  0F 00 00 00 00 00
 (1789639897.681316)  can0  201   [6]  0F 00 00 00 00 00
 (1789639897.691297)  can0  201   [6]  0F 00 00 00 00 00
 (1789639897.701321)  can0  201   [6]  0F 00 00 00 00 00
 (1789639897.706339)  can0  701   [1]  05
 (1789639897.711280)  can0  201   [6]  0F 00 00 00 00 00
 (1789639897.717879)  can0  181   [8]  27 14 27 14 00 00 00 00
 (1789639897.718121)  can0  281   [5]  03 00 00 00 00
 (1789639897.721300)  can0  201   [6]  0F 00 00 00 00 00
 (1789639897.731299)  can0  201   [6]  0F 00 00 00 00 00
 (1789639897.741297)  can0  201   [6]  0F 00 00 00 00 00
 (1789639897.751308)  can0  201   [6]  0F 00 00 00 00 00
 (1789639897.761300)  can0  201   [6]  0F 00 00 00 00 00
 (1789639897.767888)  can0  181   [8]  27 14 27 14 00 00 00 00
 (1789639897.768075)  can0  281   [5]  03 00 00 00 00
 (1789639897.771297)  can0  201   [6]  0F 00 00 00 00 00
 (1789639897.781280)  can0  201   [6]  0F 00 00 00 00 00
 (1789639897.791281)  can0  201   [6]  0F 00 00 00 00 00
 (1789639897.801278)  can0  201   [6]  0F 00 00 00 00 00
 (1789639897.811282)  can0  201   [6]  0F 00 00 00 00 00
 (1789639897.817864)  can0  181   [8]  27 14 27 14 00 00 00 00
 (1789639897.818074)  can0  281   [5]  03 00 00 00 00
 (1789639897.821283)  can0  201   [6]  0F 00 00 00 00 00
 (1789639897.831278)  can0  201   [6]  0F 00 00 00 00 00
 (1789639897.841280)  can0  201   [6]  0F 00 00 00 00 00
 (1789639897.851275)  can0  201   [6]  0F 00 00 00 00 00
 (1789639897.861280)  can0  201   [6]  0F 00 00 00 00 00
 (1789639897.867837)  can0  181   [8]  27 14 27 14 00 00 00 00
 (1789639897.868028)  can0  281   [5]  03 00 00 00 00
 (1789639897.871278)  can0  201   [6]  0F 00 00 00 00 00
 (1789639897.881276)  can0  201   [6]  0F 00 00 00 00 00
 (1789639897.891278)  can0  201   [6]  0F 00 00 00 00 00
 (1789639897.901275)  can0  201   [6]  0F 00 00 00 00 00
 (1789639897.911280)  can0  201   [6]  0F 00 00 00 00 00
 (1789639897.917841)  can0  181   [8]  27 14 27 14 00 00 00 00
 (1789639897.918031)  can0  281   [5]  03 00 00 00 00
 (1789639897.921280)  can0  201   [6]  0F 00 00 00 00 00
 (1789639897.931309)  can0  201   [6]  0F 00 00 00 00 00
 (1789639897.941283)  can0  201   [6]  0F 00 00 00 00 00
 (1789639897.951278)  can0  201   [6]  0F 00 00 00 00 00
 (1789639897.955829)  can0  701   [1]  05
 (1789639897.961283)  can0  201   [6]  0F 00 00 00 00 00
 (1789639897.967800)  can0  181   [8]  27 14 27 14 00 00 00 00
 (1789639897.967990)  can0  281   [5]  03 00 00 00 00
 (1789639897.971278)  can0  201   [6]  0F 00 00 00 00 00
 (1789639897.981279)  can0  201   [6]  0F 00 00 00 00 00
 (1789639897.991277)  can0  201   [6]  0F 00 00 00 00 00
 (1789639898.001279)  can0  201   [6]  0F 00 00 00 00 00
 (1789639898.011278)  can0  201   [6]  0F 00 00 00 00 00
 (1789639898.017808)  can0  181   [8]  27 14 27 14 00 00 00 00
 (1789639898.018001)  can0  281   [5]  03 00 00 00 00
 (1789639898.021278)  can0  201   [6]  0F 00 00 00 00 00
 (1789639898.031280)  can0  201   [6]  0F 00 00 00 00 00
 (1789639898.041277)  can0  201   [6]  0F 00 00 00 00 00
 (1789639898.051279)  can0  201   [6]  0F 00 00 00 00 00
 (1789639898.061276)  can0  201   [6]  0F 00 00 00 00 00
 (1789639898.067807)  can0  181   [8]  27 14 27 14 00 00 00 00
 (1789639898.067998)  can0  281   [5]  03 00 00 00 00
 (1789639898.071281)  can0  201   [6]  0F 00 00 00 00 00
 (1789639898.081277)  can0  201   [6]  0F 00 00 00 00 00
 (1789639898.091283)  can0  201   [6]  0F 00 00 00 00 00
 (1789639898.101281)  can0  201   [6]  0F 00 00 00 00 00
 (1789639898.111309)  can0  201   [6]  0F 00 00 00 00 00
 (1789639898.117758)  can0  181   [8]  27 14 27 14 00 00 00 00
 (1789639898.117946)  can0  281   [5]  03 00 00 00 00
 (1789639898.121292)  can0  201   [6]  0F 00 00 00 00 00
 (1789639898.131318)  can0  201   [6]  0F 00 00 00 00 00
 (1789639898.141297)  can0  201   [6]  0F 00 00 00 00 00
 (1789639898.151319)  can0  201   [6]  0F 00 00 00 00 00
 (1789639898.161293)  can0  201   [6]  0F 00 00 00 00 00
 (1789639898.167707)  can0  181   [8]  27 14 27 14 00 00 00 00
 (1789639898.167892)  can0  281   [5]  03 00 00 00 00
 (1789639898.171351)  can0  201   [6]  0F 00 00 00 00 00
 (1789639898.181244)  can0  201   [6]  0F 00 00 00 00 00
 (1789639898.191282)  can0  201   [6]  0F 00 00 00 00 00
 (1789639898.201252)  can0  201   [6]  0F 00 00 00 00 00
 (1789639898.205431)  can0  701   [1]  05
 (1789639898.211298)  can0  201   [6]  0F 00 00 00 00 00
 (1789639898.217650)  can0  181   [8]  27 14 27 14 00 00 00 00
 (1789639898.217780)  can0  281   [5]  03 00 00 00 00
 (1789639898.221310)  can0  201   [6]  0F 00 00 00 00 00
 (1789639898.231293)  can0  201   [6]  0F 00 00 00 00 00
 (1789639898.241297)  can0  201   [6]  0F 00 00 00 00 00
 (1789639898.251299)  can0  201   [6]  0F 00 00 00 00 00
 (1789639898.261299)  can0  201   [6]  0F 00 00 00 00 00
 (1789639898.267595)  can0  181   [8]  27 14 27 14 00 00 00 00
 (1789639898.267728)  can0  281   [5]  03 00 00 00 00
 (1789639898.271298)  can0  201   [6]  0F 00 00 00 00 00
 (1789639898.281294)  can0  201   [6]  0F 00 00 00 00 00
 (1789639898.291286)  can0  201   [6]  0F 00 00 00 00 00
 (1789639898.301285)  can0  201   [6]  0F 00 00 00 00 00
 (1789639898.311286)  can0  201   [6]  0F 00 00 00 00 00
 (1789639898.317543)  can0  181   [8]  27 14 27 14 00 00 00 00
 (1789639898.317733)  can0  281   [5]  03 00 00 00 00
 (1789639898.321280)  can0  201   [6]  0F 00 00 00 00 00
 (1789639898.331280)  can0  201   [6]  0F 00 00 00 00 00
 (1789639898.341277)  can0  201   [6]  0F 00 00 00 00 00
 (1789639898.351278)  can0  201   [6]  0F 00 00 00 00 00
 (1789639898.361277)  can0  201   [6]  0F 00 00 00 00 00
 (1789639898.367486)  can0  181   [8]  27 14 27 14 00 00 00 00
 (1789639898.367677)  can0  281   [5]  03 00 00 00 00
 (1789639898.371278)  can0  201   [6]  0F 00 00 00 00 00
 (1789639898.381281)  can0  201   [6]  0F 00 00 00 00 00
 (1789639898.391278)  can0  201   [6]  0F 00 00 00 00 00
 (1789639898.401280)  can0  201   [6]  0F 00 00 00 00 00
 (1789639898.411278)  can0  201   [6]  0F 00 00 00 00 00
 (1789639898.417433)  can0  181   [8]  27 14 27 14 00 00 00 00
 (1789639898.417569)  can0  281   [5]  03 00 00 00 00
 (1789639898.421279)  can0  201   [6]  0F 00 00 00 00 00
 (1789639898.431279)  can0  201   [6]  0F 00 00 00 00 00
 (1789639898.441277)  can0  201   [6]  0F 00 00 00 00 00
 (1789639898.451279)  can0  201   [6]  0F 00 00 00 00 00
 (1789639898.454977)  can0  701   [1]  05
 (1789639898.461278)  can0  201   [6]  0F 00 00 00 00 00
 (1789639898.467452)  can0  181   [8]  27 14 27 14 00 00 00 00
 (1789639898.467577)  can0  281   [5]  03 00 00 00 00
 (1789639898.471305)  can0  201   [6]  0F 00 00 00 00 00
 (1789639898.481286)  can0  201   [6]  0F 00 00 00 00 00
 (1789639898.491278)  can0  201   [6]  0F 00 00 00 00 00
 (1789639898.501282)  can0  201   [6]  0F 00 00 00 00 00
 (1789639898.511277)  can0  201   [6]  0F 00 00 00 00 00
 (1789639898.517406)  can0  181   [8]  27 14 27 14 00 00 00 00
 (1789639898.517597)  can0  281   [5]  03 00 00 00 00
 (1789639898.521280)  can0  201   [6]  0F 00 00 00 00 00
 (1789639898.531278)  can0  201   [6]  0F 00 00 00 00 00
 (1789639898.541280)  can0  201   [6]  0F 00 00 00 00 00
 (1789639898.551278)  can0  201   [6]  0F 00 00 00 00 00
 (1789639898.561278)  can0  201   [6]  0F 00 00 00 00 00
 (1789639898.567459)  can0  181   [8]  27 14 27 14 00 00 00 00
 (1789639898.567652)  can0  281   [5]  03 00 00 00 00
 (1789639898.571276)  can0  201   [6]  0F 00 00 00 00 00
 (1789639898.581278)  can0  201   [6]  0F 00 00 00 00 00
 (1789639898.591282)  can0  201   [6]  0F 00 00 00 00 00
 (1789639898.601279)  can0  201   [6]  0F 00 00 00 00 00
 (1789639898.611281)  can0  201   [6]  0F 00 00 00 00 00
 (1789639898.617471)  can0  181   [8]  27 14 27 14 00 00 00 00
 (1789639898.617605)  can0  281   [5]  03 00 00 00 00
 (1789639898.621278)  can0  201   [6]  0F 00 00 00 00 00
 (1789639898.631283)  can0  201   [6]  0F 00 00 00 00 00
 (1789639898.641280)  can0  201   [6]  0F 00 00 00 00 00
 (1789639898.651312)  can0  201   [6]  0F 00 00 00 00 00
 (1789639898.661294)  can0  201   [6]  0F 00 00 00 00 00
 (1789639898.667481)  can0  181   [8]  27 14 27 14 00 00 00 00
 (1789639898.667614)  can0  281   [5]  03 00 00 00 00
 (1789639898.671290)  can0  201   [6]  0F 00 00 00 00 00
 (1789639898.681292)  can0  201   [6]  0F 00 00 00 00 00
 (1789639898.691286)  can0  201   [6]  0F 00 00 00 00 00
 (1789639898.701299)  can0  201   [6]  0F 00 00 00 00 00
 (1789639898.704650)  can0  701   [1]  05
 (1789639898.711278)  can0  201   [6]  0F 00 00 00 00 00
 (1789639898.717490)  can0  181   [8]  27 14 27 14 00 00 00 00
 (1789639898.717681)  can0  281   [5]  03 00 00 00 00
 (1789639898.721278)  can0  201   [6]  0F 00 00 00 00 00
 (1789639898.731277)  can0  201   [6]  0F 00 00 00 00 00
 (1789639898.741277)  can0  201   [6]  0F 00 00 00 00 00
 (1789639898.751278)  can0  201   [6]  0F 00 00 00 00 00
 (1789639898.761276)  can0  201   [6]  0F 00 00 00 00 00
 (1789639898.767449)  can0  181   [8]  27 14 27 14 00 00 00 00
 (1789639898.767640)  can0  281   [5]  03 00 00 00 00
 (1789639898.771278)  can0  201   [6]  0F 00 00 00 00 00
 (1789639898.781278)  can0  201   [6]  0F 00 00 00 00 00
 (1789639898.791278)  can0  201   [6]  0F 00 00 00 00 00
 (1789639898.801281)  can0  201   [6]  0F 00 00 00 00 00
 (1789639898.811277)  can0  201   [6]  0F 00 00 00 00 00
 (1789639898.817458)  can0  181   [8]  27 14 27 14 00 00 00 00
 (1789639898.817593)  can0  281   [5]  03 00 00 00 00
 (1789639898.821281)  can0  201   [6]  0F 00 00 00 00 00
 (1789639898.831276)  can0  201   [6]  0F 00 00 00 00 00
 (1789639898.841279)  can0  201   [6]  0F 00 00 00 00 00
 (1789639898.851278)  can0  201   [6]  0F 00 00 00 00 00
 (1789639898.861315)  can0  201   [6]  0F 00 00 00 00 00
 (1789639898.867456)  can0  181   [8]  27 14 27 14 00 00 00 00
 (1789639898.867589)  can0  281   [5]  03 00 00 00 00
 (1789639898.871282)  can0  201   [6]  0F 00 00 00 00 00
 (1789639898.881280)  can0  201   [6]  0F 00 00 00 00 00
 (1789639898.891279)  can0  201   [6]  0F 00 00 00 00 00
 (1789639898.901279)  can0  201   [6]  0F 00 00 00 00 00
 (1789639898.911279)  can0  201   [6]  0F 00 00 00 00 00
 (1789639898.917407)  can0  181   [8]  27 14 27 14 00 00 00 00
 (1789639898.917598)  can0  281   [5]  03 00 00 00 00
 (1789639898.921277)  can0  201   [6]  0F 00 00 00 00 00
 (1789639898.931277)  can0  201   [6]  0F 00 00 00 00 00
 (1789639898.941280)  can0  201   [6]  0F 00 00 00 00 00
 (1789639898.951278)  can0  201   [6]  0F 00 00 00 00 00
 (1789639898.954259)  can0  701   [1]  05
 (1789639898.961282)  can0  201   [6]  0F 00 00 00 00 00
 (1789639898.967420)  can0  181   [8]  27 14 27 14 00 00 00 00
 (1789639898.967612)  can0  281   [5]  03 00 00 00 00
 (1789639898.971279)  can0  201   [6]  0F 00 00 00 00 00
 (1789639898.981279)  can0  201   [6]  0F 00 00 00 00 00
 (1789639898.991277)  can0  201   [6]  0F 00 00 00 00 00
 (1789639899.001278)  can0  201   [6]  0F 00 00 00 00 00
 (1789639899.011280)  can0  201   [6]  0F 00 00 00 00 00
 (1789639899.017418)  can0  181   [8]  27 14 27 14 00 00 00 00
 (1789639899.017554)  can0  281   [5]  03 00 00 00 00
 (1789639899.021246)  can0  201   [6]  0F 00 00 00 00 00
 (1789639899.031280)  can0  201   [6]  0F 00 00 00 00 00
 (1789639899.041305)  can0  201   [6]  0F 00 00 00 00 00
 (1789639899.051293)  can0  201   [6]  0F 00 00 00 00 00
 (1789639899.061314)  can0  201   [6]  0F 00 00 00 00 00
 (1789639899.067378)  can0  181   [8]  27 14 27 14 00 00 00 00
 (1789639899.067509)  can0  281   [5]  03 00 00 00 00
 (1789639899.071319)  can0  201   [6]  0F 00 00 00 00 00
 (1789639899.081296)  can0  201   [6]  0F 00 00 00 00 00
 (1789639899.091299)  can0  201   [6]  0F 00 00 00 00 00
 (1789639899.101280)  can0  201   [6]  0F 00 00 00 00 00
 (1789639899.111286)  can0  201   [6]  0F 00 00 00 00 00
 (1789639899.117377)  can0  181   [8]  27 14 27 14 00 00 00 00
 (1789639899.117568)  can0  281   [5]  03 00 00 00 00
 (1789639899.121281)  can0  201   [6]  0F 00 00 00 00 00
 (1789639899.131277)  can0  201   [6]  0F 00 00 00 00 00
 (1789639899.141277)  can0  201   [6]  0F 00 00 00 00 00
 (1789639899.151279)  can0  201   [6]  0F 00 00 00 00 00
 (1789639899.161279)  can0  201   [6]  0F 00 00 00 00 00
 (1789639899.167333)  can0  181   [8]  27 14 27 14 00 00 00 00
 (1789639899.167468)  can0  281   [5]  03 00 00 00 00
 (1789639899.171280)  can0  201   [6]  0F 00 00 00 00 00
 (1789639899.181277)  can0  201   [6]  0F 00 00 00 00 00
 (1789639899.191279)  can0  201   [6]  0F 00 00 00 00 00
 (1789639899.201278)  can0  201   [6]  0F 00 00 00 00 00
 (1789639899.203807)  can0  701   [1]  05
 (1789639899.211276)  can0  201   [6]  0F 00 00 00 00 00
 (1789639899.217331)  can0  181   [8]  27 14 27 14 00 00 00 00
 (1789639899.217465)  can0  281   [5]  03 00 00 00 00
 (1789639899.221279)  can0  201   [6]  0F 00 00 00 00 00
 (1789639899.231278)  can0  201   [6]  0F 00 00 00 00 00
 (1789639899.241279)  can0  201   [6]  0F 00 00 00 00 00
 (1789639899.251314)  can0  201   [6]  0F 00 00 00 00 00
 (1789639899.261281)  can0  201   [6]  0F 00 00 00 00 00
 (1789639899.267285)  can0  181   [8]  27 14 27 14 00 00 00 00
 (1789639899.267474)  can0  281   [5]  03 00 00 00 00
 (1789639899.271282)  can0  201   [6]  0F 00 00 00 00 00
 (1789639899.281278)  can0  201   [6]  0F 00 00 00 00 00
 (1789639899.291280)  can0  201   [6]  0F 00 00 00 00 00
 (1789639899.301276)  can0  201   [6]  0F 00 00 00 00 00
 (1789639899.311278)  can0  201   [6]  0F 00 00 00 00 00
 (1789639899.317287)  can0  181   [8]  27 14 27 14 00 00 00 00
 (1789639899.317479)  can0  281   [5]  03 00 00 00 00
 (1789639899.321279)  can0  201   [6]  0F 00 00 00 00 00
 (1789639899.331280)  can0  201   [6]  0F 00 00 00 00 00
 (1789639899.341251)  can0  201   [6]  0F 00 00 00 00 00
 (1789639899.351279)  can0  201   [6]  0F 00 00 00 00 00
 (1789639899.361279)  can0  201   [6]  0F 00 00 00 00 00
 (1789639899.367248)  can0  181   [8]  27 14 27 14 00 00 00 00
 (1789639899.367382)  can0  281   [5]  03 00 00 00 00
 (1789639899.371279)  can0  201   [6]  0F 00 00 00 00 00
 (1789639899.381278)  can0  201   [6]  0F 00 00 00 00 00
 (1789639899.391279)  can0  201   [6]  0F 00 00 00 00 00
 (1789639899.401278)  can0  201   [6]  0F 00 00 00 00 00
 (1789639899.411282)  can0  201   [6]  0F 00 00 00 00 00
 (1789639899.417258)  can0  181   [8]  27 14 27 14 00 00 00 00
 (1789639899.417392)  can0  281   [5]  03 00 00 00 00
 (1789639899.421286)  can0  201   [6]  0F 00 00 00 00 00
 (1789639899.431314)  can0  201   [6]  0F 00 00 00 00 00
 (1789639899.441296)  can0  201   [6]  0F 00 00 00 00 00
 (1789639899.451287)  can0  201   [6]  0F 00 00 00 00 00
 (1789639899.453362)  can0  701   [1]  05
 (1789639899.461288)  can0  201   [6]  0F 00 00 00 00 00
 (1789639899.467253)  can0  181   [8]  27 14 27 14 00 00 00 00
 (1789639899.467444)  can0  281   [5]  03 00 00 00 00
 (1789639899.471290)  can0  201   [6]  0F 00 00 00 00 00
 (1789639899.481301)  can0  201   [6]  0F 00 00 00 00 00
 (1789639899.491282)  can0  201   [6]  0F 00 00 00 00 00
 (1789639899.501286)  can0  201   [6]  0F 00 00 00 00 00
 (1789639899.511280)  can0  201   [6]  0F 00 00 00 00 00
 (1789639899.517203)  can0  181   [8]  27 14 27 14 00 00 00 00
 (1789639899.517393)  can0  281   [5]  03 00 00 00 00
 (1789639899.521282)  can0  201   [6]  0F 00 00 00 00 00
 (1789639899.531279)  can0  201   [6]  0F 00 00 00 00 00
 (1789639899.541280)  can0  201   [6]  0F 00 00 00 00 00
 (1789639899.551277)  can0  201   [6]  0F 00 00 00 00 00
 (1789639899.561291)  can0  201   [6]  0F 00 00 00 00 00
 (1789639899.567146)  can0  181   [8]  27 14 27 14 00 00 00 00
 (1789639899.567281)  can0  281   [5]  03 00 00 00 00
 (1789639899.571282)  can0  201   [6]  0F 00 00 00 00 00
 (1789639899.581286)  can0  201   [6]  0F 00 00 00 00 00
 (1789639899.591281)  can0  201   [6]  0F 00 00 00 00 00
 (1789639899.601277)  can0  201   [6]  0F 00 00 00 00 00
 (1789639899.611279)  can0  201   [6]  0F 00 00 00 00 00
 (1789639899.617091)  can0  181   [8]  27 14 27 14 00 00 00 00
 (1789639899.617284)  can0  281   [5]  03 00 00 00 00
 (1789639899.621237)  can0  201   [6]  0F 00 00 00 00 00
 (1789639899.631278)  can0  201   [6]  0F 00 00 00 00 00
 (1789639899.641342)  can0  201   [6]  0F 00 00 00 00 00
 (1789639899.651282)  can0  201   [6]  0F 00 00 00 00 00
 (1789639899.661241)  can0  201   [6]  0F 00 00 00 00 00
 (1789639899.667042)  can0  181   [8]  27 14 27 14 00 00 00 00
 (1789639899.667232)  can0  281   [5]  03 00 00 00 00
 (1789639899.671281)  can0  201   [6]  0F 00 00 00 00 00
 (1789639899.681281)  can0  201   [6]  0F 00 00 00 00 00
 (1789639899.691278)  can0  201   [6]  0F 00 00 00 00 00
 (1789639899.701280)  can0  201   [6]  0F 00 00 00 00 00
 (1789639899.702900)  can0  701   [1]  05
 (1789639899.711278)  can0  201   [6]  0F 00 00 00 00 00
 (1789639899.716987)  can0  181   [8]  27 14 27 14 00 00 00 00
 (1789639899.717190)  can0  281   [5]  03 00 00 00 00
 (1789639899.721277)  can0  201   [6]  0F 00 00 00 00 00
 (1789639899.731278)  can0  201   [6]  0F 00 00 00 00 00
 (1789639899.741280)  can0  201   [6]  0F 00 00 00 00 00
 (1789639899.751280)  can0  201   [6]  0F 00 00 00 00 00
 (1789639899.761275)  can0  201   [6]  0F 00 00 00 00 00
 (1789639899.766934)  can0  181   [8]  27 14 27 14 00 00 00 00
 (1789639899.767082)  can0  281   [5]  03 00 00 00 00
 (1789639899.771279)  can0  201   [6]  0F 00 00 00 00 00
 (1789639899.781279)  can0  201   [6]  0F 00 00 00 00 00
 (1789639899.791276)  can0  201   [6]  0F 00 00 00 00 00
 (1789639899.801286)  can0  201   [6]  0F 00 00 00 00 00
 (1789639899.811280)  can0  201   [6]  0F 00 00 00 00 00
 (1789639899.816880)  can0  181   [8]  27 14 27 14 00 00 00 00
 (1789639899.817084)  can0  281   [5]  03 00 00 00 00
 (1789639899.821305)  can0  201   [6]  0F 00 00 00 00 00
 (1789639899.831289)  can0  201   [6]  0F 00 00 00 00 00
 (1789639899.841307)  can0  201   [6]  0F 00 00 00 00 00
 (1789639899.851307)  can0  201   [6]  0F 00 00 00 00 00
 (1789639899.861290)  can0  201   [6]  0F 00 00 00 00 00
 (1789639899.866834)  can0  181   [8]  27 14 27 14 00 00 00 00
 (1789639899.867028)  can0  281   [5]  03 00 00 00 00
 (1789639899.871305)  can0  201   [6]  0F 00 00 00 00 00
 (1789639899.881312)  can0  201   [6]  0F 00 00 00 00 00
 (1789639899.891329)  can0  201   [6]  0F 00 00 00 00 00
 (1789639899.901300)  can0  201   [6]  0F 00 00 00 00 00
 (1789639899.911330)  can0  201   [6]  0F 00 00 00 00 00
 (1789639899.916779)  can0  181   [8]  27 14 27 14 00 00 00 00
 (1789639899.916975)  can0  281   [5]  03 00 00 00 00
 (1789639899.921300)  can0  201   [6]  0F 00 00 00 00 00
 (1789639899.931307)  can0  201   [6]  0F 00 00 00 00 00
 (1789639899.941313)  can0  201   [6]  0F 00 00 00 00 00
 (1789639899.951296)  can0  201   [6]  0F 00 00 00 00 00
 (1789639899.952451)  can0  701   [1]  05
 (1789639899.961296)  can0  201   [6]  0F 00 00 00 00 00
 (1789639899.966985)  can0  181   [8]  27 14 27 14 00 00 00 00
 (1789639899.967114)  can0  281   [5]  03 00 00 00 00
 (1789639899.971312)  can0  201   [6]  0F 00 00 00 00 00
 (1789639899.981294)  can0  201   [6]  0F 00 00 00 00 00
 (1789639899.991290)  can0  201   [6]  0F 00 00 00 00 00
 (1789639900.001289)  can0  201   [6]  0F 00 00 00 00 00
 (1789639900.011292)  can0  201   [6]  0F 00 00 00 00 00
 (1789639900.016677)  can0  181   [8]  27 14 27 14 00 00 00 00
 (1789639900.016879)  can0  281   [5]  03 00 00 00 00
 (1789639900.021294)  can0  201   [6]  0F 00 00 00 00 00
 (1789639900.031288)  can0  201   [6]  0F 00 00 00 00 00
 (1789639900.041279)  can0  201   [6]  0F 00 00 00 00 00
 (1789639900.051280)  can0  201   [6]  0F 00 00 00 00 00
 (1789639900.061281)  can0  201   [6]  0F 00 00 00 00 00
 (1789639900.066617)  can0  181   [8]  27 14 27 14 00 00 00 00
 (1789639900.066815)  can0  281   [5]  03 00 00 00 00
 (1789639900.071276)  can0  201   [6]  0F 00 00 00 00 00
 (1789639900.081281)  can0  201   [6]  0F 00 00 00 00 00
 (1789639900.091280)  can0  201   [6]  0F 00 00 00 00 00
 (1789639900.101279)  can0  201   [6]  0F 00 00 00 00 00
 (1789639900.111276)  can0  201   [6]  0F 00 00 00 00 00
 (1789639900.116560)  can0  181   [8]  27 14 27 14 00 00 00 00
 (1789639900.116761)  can0  281   [5]  03 00 00 00 00
 (1789639900.121279)  can0  201   [6]  0F 00 00 00 00 00
 (1789639900.131277)  can0  201   [6]  0F 00 00 00 00 00
 (1789639900.141276)  can0  201   [6]  0F 00 00 00 00 00
 (1789639900.151296)  can0  201   [6]  0F 00 00 00 00 00
 (1789639900.161280)  can0  201   [6]  0F 00 00 00 00 00
 (1789639900.166506)  can0  181   [8]  27 14 27 14 00 00 FE FF
 (1789639900.166711)  can0  281   [5]  03 00 00 00 00
 (1789639900.171282)  can0  201   [6]  0F 00 00 00 00 00
 (1789639900.181319)  can0  201   [6]  0F 00 00 00 00 00
 (1789639900.191285)  can0  201   [6]  0F 00 00 00 00 00
 (1789639900.201283)  can0  201   [6]  0F 00 00 00 00 00
 (1789639900.201946)  can0  701   [1]  05
 (1789639900.211279)  can0  201   [6]  0F 00 00 00 00 00
 (1789639900.216454)  can0  181   [8]  27 14 27 14 00 00 02 00
 (1789639900.216657)  can0  281   [5]  03 00 00 00 00
 (1789639900.221282)  can0  201   [6]  0F 00 00 00 00 00
 (1789639900.231276)  can0  201   [6]  0F 00 00 00 00 00
 (1789639900.241279)  can0  201   [6]  0F 00 00 00 00 00
 (1789639900.251277)  can0  201   [6]  0F 00 00 00 00 00
 (1789639900.261237)  can0  201   [6]  0F 00 00 00 00 00
 (1789639900.266399)  can0  181   [8]  27 14 27 14 00 00 FE FF
 (1789639900.266603)  can0  281   [5]  03 00 00 00 00
 (1789639900.271281)  can0  201   [6]  0F 00 00 00 00 00
 (1789639900.281279)  can0  201   [6]  0F 00 00 00 00 00
 (1789639900.291279)  can0  201   [6]  0F 00 00 00 00 00
 (1789639900.301229)  can0  201   [6]  0F 00 00 00 00 00
 (1789639900.311279)  can0  201   [6]  0F 00 00 00 00 00
 (1789639900.316348)  can0  181   [8]  27 14 27 14 00 00 01 00
 (1789639900.316550)  can0  281   [5]  03 00 00 00 00
 (1789639900.321277)  can0  201   [6]  0F 00 00 00 00 00
 (1789639900.331281)  can0  201   [6]  0F 00 00 00 00 00
 (1789639900.341280)  can0  201   [6]  0F 00 00 00 00 00
 (1789639900.351279)  can0  201   [6]  0F 00 00 00 00 00
 (1789639900.361295)  can0  201   [6]  0F 00 00 00 00 00
 (1789639900.366298)  can0  181   [8]  27 14 27 14 00 00 02 00
 (1789639900.366496)  can0  281   [5]  03 00 00 00 00
 (1789639900.371299)  can0  201   [6]  0F 00 00 00 00 00
 (1789639900.381287)  can0  201   [6]  0F 00 00 00 00 00
 (1789639900.391318)  can0  201   [6]  0F 00 00 00 00 00
 (1789639900.401294)  can0  201   [6]  0F 00 00 00 00 00
 (1789639900.411321)  can0  201   [6]  0F 00 00 00 00 00
 (1789639900.416244)  can0  181   [8]  27 14 27 14 00 00 FE FF
 (1789639900.416444)  can0  281   [5]  03 00 00 00 00
 (1789639900.421245)  can0  201   [6]  0F 00 00 00 00 00
 (1789639900.431320)  can0  201   [6]  0F 00 00 00 00 00
 (1789639900.441296)  can0  201   [6]  0F 00 00 00 00 00
 (1789639900.451321)  can0  201   [6]  0F 00 00 00 00 00
 (1789639900.451546)  can0  701   [1]  05
 (1789639900.461295)  can0  201   [6]  0F 00 00 00 00 00
 (1789639900.466190)  can0  181   [8]  27 14 27 14 00 00 01 00
 (1789639900.466392)  can0  281   [5]  03 00 00 00 00
 (1789639900.471322)  can0  201   [6]  0F 00 00 00 00 00
 (1789639900.481305)  can0  201   [6]  0F 00 00 00 00 00
 (1789639900.491293)  can0  201   [6]  0F 00 00 00 00 00
 (1789639900.501300)  can0  201   [6]  0F 00 00 00 00 00
 (1789639900.511331)  can0  201   [6]  0F 00 00 00 00 00
 (1789639900.516136)  can0  181   [8]  27 14 27 14 00 00 01 00
 (1789639900.516337)  can0  281   [5]  03 00 00 00 00
 (1789639900.521303)  can0  201   [6]  0F 00 00 00 00 00
 (1789639900.531292)  can0  201   [6]  0F 00 00 00 00 00
 (1789639900.541244)  can0  201   [6]  0F 00 00 00 00 00
 (1789639900.551292)  can0  201   [6]  0F 00 00 00 00 00
 (1789639900.561290)  can0  201   [6]  0F 00 00 00 00 00
 (1789639900.566084)  can0  181   [8]  27 14 27 14 00 00 FE FF
 (1789639900.566284)  can0  281   [5]  03 00 00 00 00
 (1789639900.571287)  can0  201   [6]  0F 00 00 00 00 00
 (1789639900.581282)  can0  201   [6]  0F 00 00 00 00 00
 (1789639900.591280)  can0  201   [6]  0F 00 00 00 00 00
 (1789639900.601277)  can0  201   [6]  0F 00 00 00 00 00
 (1789639900.611278)  can0  201   [6]  0F 00 00 00 00 00
 (1789639900.616028)  can0  181   [8]  27 14 27 14 00 00 01 00
 (1789639900.616233)  can0  281   [5]  03 00 00 00 00
 (1789639900.621236)  can0  201   [6]  0F 00 00 00 00 00
 (1789639900.631278)  can0  201   [6]  0F 00 00 00 00 00
 (1789639900.641278)  can0  201   [6]  0F 00 00 00 00 00
 (1789639900.651278)  can0  201   [6]  0F 00 00 00 00 00
 (1789639900.661278)  can0  201   [6]  0F 00 00 00 00 00
 (1789639900.665973)  can0  181   [8]  27 14 27 14 00 00 01 00
 (1789639900.666178)  can0  281   [5]  03 00 00 00 00
 (1789639900.671278)  can0  201   [6]  0F 00 00 00 00 00
 (1789639900.681278)  can0  201   [6]  0F 00 00 00 00 00
 (1789639900.691280)  can0  201   [6]  0F 00 00 00 00 00
 (1789639900.701026)  can0  701   [1]  05
 (1789639900.701274)  can0  201   [6]  0F 00 00 00 00 00
 (1789639900.711279)  can0  201   [6]  0F 00 00 00 00 00
 (1789639900.715921)  can0  181   [8]  27 14 27 14 00 00 FE FF
 (1789639900.716125)  can0  281   [5]  03 00 00 00 00
 (1789639900.721423)  can0  201   [6]  0F 00 00 00 00 00
 (1789639900.731290)  can0  201   [6]  0F 00 00 00 00 00
 (1789639900.741250)  can0  201   [6]  0F 00 00 00 00 00
 (1789639900.751277)  can0  201   [6]  0F 00 00 00 00 00
 (1789639900.761281)  can0  201   [6]  0F 00 00 00 00 00
 (1789639900.765870)  can0  181   [8]  27 14 27 14 00 00 02 00
 (1789639900.766071)  can0  281   [5]  03 00 00 00 00
 (1789639900.771277)  can0  201   [6]  0F 00 00 00 00 00
 (1789639900.781278)  can0  201   [6]  0F 00 00 00 00 00
 (1789639900.791278)  can0  201   [6]  0F 00 00 00 00 00
 (1789639900.801281)  can0  201   [6]  0F 00 00 00 00 00
 (1789639900.811277)  can0  201   [6]  0F 00 00 00 00 00
 (1789639900.815816)  can0  181   [8]  27 14 27 14 00 00 01 00
 (1789639900.816019)  can0  281   [5]  03 00 00 00 00
 (1789639900.821279)  can0  201   [6]  0F 00 00 00 00 00
 (1789639900.831279)  can0  201   [6]  0F 00 00 00 00 00
 (1789639900.841276)  can0  201   [6]  0F 00 00 00 00 00
 (1789639900.851276)  can0  201   [6]  0F 00 00 00 00 00
 (1789639900.861278)  can0  201   [6]  0F 00 00 00 00 00
 (1789639900.865763)  can0  181   [8]  27 14 27 14 00 00 FD FF
 (1789639900.865966)  can0  281   [5]  03 00 00 00 00
 (1789639900.871281)  can0  201   [6]  0F 00 00 00 00 00
 (1789639900.881280)  can0  201   [6]  0F 00 00 00 00 00
 (1789639900.891281)  can0  201   [6]  0F 00 00 00 00 00
 (1789639900.901296)  can0  201   [6]  0F 00 00 00 00 00
 (1789639900.911294)  can0  201   [6]  0F 00 00 00 00 00
 (1789639900.915712)  can0  181   [8]  27 14 27 14 00 00 02 00
 (1789639900.915913)  can0  281   [5]  03 00 00 00 00
 (1789639900.921292)  can0  201   [6]  0F 00 00 00 00 00
 (1789639900.931318)  can0  201   [6]  0F 00 00 00 00 00
 (1789639900.941308)  can0  201   [6]  0F 00 00 00 00 00
 (1789639900.950580)  can0  701   [1]  05
 (1789639900.951302)  can0  201   [6]  0F 00 00 00 00 00
 (1789639900.961285)  can0  201   [6]  0F 00 00 00 00 00
 (1789639900.965750)  can0  181   [8]  27 14 27 14 00 00 00 00
 (1789639900.965865)  can0  281   [5]  03 00 00 00 00
 (1789639900.971317)  can0  201   [6]  0F 00 00 00 00 00
 (1789639900.981285)  can0  201   [6]  0F 00 00 00 00 00
 (1789639900.991354)  can0  201   [6]  0F 00 00 00 00 00
 (1789639901.001305)  can0  201   [6]  0F 00 00 00 00 00
 (1789639901.011312)  can0  201   [6]  0F 00 00 00 00 00
 (1789639901.015680)  can0  181   [8]  27 14 27 14 00 00 FE FF
 (1789639901.015873)  can0  281   [5]  03 00 00 00 00
 (1789639901.021305)  can0  201   [6]  0F 00 00 00 00 00
 (1789639901.031298)  can0  201   [6]  0F 00 00 00 00 00
 (1789639901.041299)  can0  201   [6]  0F 00 00 00 00 00
 (1789639901.051317)  can0  201   [6]  0F 00 00 00 00 00
 (1789639901.061301)  can0  201   [6]  0F 00 00 00 00 00
 (1789639901.065676)  can0  181   [8]  27 14 27 14 00 00 02 00
 (1789639901.065866)  can0  281   [5]  03 00 00 00 00
 (1789639901.071293)  can0  201   [6]  0F 00 00 00 00 00
 (1789639901.081289)  can0  201   [6]  0F 00 00 00 00 00
 (1789639901.091303)  can0  201   [6]  0F 00 00 00 00 00
 (1789639901.101291)  can0  201   [6]  0F 00 00 00 00 00
 (1789639901.111292)  can0  201   [6]  0F 00 00 00 00 00
 (1789639901.115630)  can0  181   [8]  27 14 27 14 00 00 00 00
 (1789639901.115820)  can0  281   [5]  03 00 00 00 00
 (1789639901.121279)  can0  201   [6]  0F 00 00 00 00 00
 (1789639901.131280)  can0  201   [6]  0F 00 00 00 00 00
 (1789639901.141279)  can0  201   [6]  0F 00 00 00 00 00
 (1789639901.151280)  can0  201   [6]  0F 00 00 00 00 00
 (1789639901.161279)  can0  201   [6]  0F 00 00 00 00 00
 (1789639901.165568)  can0  181   [8]  27 14 27 14 00 00 FE FF
 (1789639901.165759)  can0  281   [5]  03 00 00 00 00
 (1789639901.171278)  can0  201   [6]  0F 00 00 00 00 00
 (1789639901.181279)  can0  201   [6]  0F 00 00 00 00 00
 (1789639901.191276)  can0  201   [6]  0F 00 00 00 00 00
 (1789639901.200122)  can0  701   [1]  05
 (1789639901.201283)  can0  201   [6]  0F 00 00 00 00 00
 (1789639901.211278)  can0  201   [6]  0F 00 00 00 00 00
 (1789639901.215513)  can0  181   [8]  27 14 27 14 00 00 02 00
 (1789639901.215707)  can0  281   [5]  03 00 00 00 00
 (1789639901.221279)  can0  201   [6]  0F 00 00 00 00 00
 (1789639901.231278)  can0  201   [6]  0F 00 00 00 00 00
 (1789639901.241278)  can0  201   [6]  0F 00 00 00 00 00
 (1789639901.251277)  can0  201   [6]  0F 00 00 00 00 00
 (1789639901.261327)  can0  201   [6]  0F 00 00 00 00 00
 (1789639901.265472)  can0  181   [8]  27 14 27 14 00 00 00 00
 (1789639901.265656)  can0  281   [5]  03 00 00 00 00
 (1789639901.271300)  can0  201   [6]  0F 00 00 00 00 00
 (1789639901.281279)  can0  201   [6]  0F 00 00 00 00 00
 (1789639901.291279)  can0  201   [6]  0F 00 00 00 00 00
 (1789639901.301279)  can0  201   [6]  0F 00 00 00 00 00
 (1789639901.311278)  can0  201   [6]  0F 00 00 00 00 00
 (1789639901.315409)  can0  181   [8]  27 14 27 14 00 00 FE FF
 (1789639901.315602)  can0  281   [5]  03 00 00 00 00
 (1789639901.321280)  can0  201   [6]  0F 00 00 00 00 00
 (1789639901.331277)  can0  201   [6]  0F 00 00 00 00 00
 (1789639901.341244)  can0  201   [6]  0F 00 00 00 00 00
 (1789639901.351278)  can0  201   [6]  0F 00 00 00 00 00
 (1789639901.361280)  can0  201   [6]  0F 00 00 00 00 00
 (1789639901.365356)  can0  181   [8]  27 14 27 14 00 00 02 00
 (1789639901.365548)  can0  281   [5]  03 00 00 00 00
 (1789639901.371278)  can0  201   [6]  0F 00 00 00 00 00
 (1789639901.381276)  can0  201   [6]  0F 00 00 00 00 00
 (1789639901.391280)  can0  201   [6]  0F 00 00 00 00 00
 (1789639901.401278)  can0  201   [6]  0F 00 00 00 00 00
 (1789639901.411282)  can0  201   [6]  0F 00 00 00 00 00
 (1789639901.415305)  can0  181   [8]  27 14 27 14 00 00 00 00
 (1789639901.415499)  can0  281   [5]  03 00 00 00 00
 (1789639901.421279)  can0  201   [6]  0F 00 00 00 00 00
 (1789639901.431285)  can0  201   [6]  0F 00 00 00 00 00
 (1789639901.441297)  can0  201   [6]  0F 00 00 00 00 00
 (1789639901.449676)  can0  701   [1]  05
 (1789639901.451301)  can0  201   [6]  0F 00 00 00 00 00
 (1789639901.461290)  can0  201   [6]  0F 00 00 00 00 00
 (1789639901.465253)  can0  181   [8]  27 14 27 14 00 00 FE FF
 (1789639901.465440)  can0  281   [5]  03 00 00 00 00
 (1789639901.471293)  can0  201   [6]  0F 00 00 00 00 00
 (1789639901.481288)  can0  201   [6]  0F 00 00 00 00 00
 (1789639901.491288)  can0  201   [6]  0F 00 00 00 00 00
 (1789639901.501291)  can0  201   [6]  0F 00 00 00 00 00
 (1789639901.511285)  can0  201   [6]  0F 00 00 00 00 00
 (1789639901.515199)  can0  181   [8]  27 14 27 14 00 00 02 00
 (1789639901.515388)  can0  281   [5]  03 00 00 00 00
 (1789639901.521282)  can0  201   [6]  0F 00 00 00 00 00
 (1789639901.531279)  can0  201   [6]  0F 00 00 00 00 00
 (1789639901.541277)  can0  201   [6]  0F 00 00 00 00 00
 (1789639901.551281)  can0  201   [6]  0F 00 00 00 00 00
 (1789639901.561280)  can0  201   [6]  0F 00 00 00 00 00
 (1789639901.565145)  can0  181   [8]  27 14 27 14 00 00 00 00
 (1789639901.565336)  can0  281   [5]  03 00 00 00 00
 (1789639901.571280)  can0  201   [6]  0F 00 00 00 00 00
 (1789639901.581277)  can0  201   [6]  0F 00 00 00 00 00
 (1789639901.591278)  can0  201   [6]  0F 00 00 00 00 00
 (1789639901.601279)  can0  201   [6]  0F 00 00 00 00 00
 (1789639901.611275)  can0  201   [6]  0F 00 00 00 00 00
 (1789639901.615090)  can0  181   [8]  27 14 27 14 00 00 FE FF
 (1789639901.615282)  can0  281   [5]  03 00 00 00 00
 (1789639901.621235)  can0  201   [6]  0F 00 00 00 00 00
 (1789639901.631278)  can0  201   [6]  0F 00 00 00 00 00
 (1789639901.641278)  can0  201   [6]  0F 00 00 00 00 00
 (1789639901.651278)  can0  201   [6]  0F 00 00 00 00 00
 (1789639901.661307)  can0  201   [6]  0F 00 00 00 00 00
 (1789639901.665038)  can0  181   [8]  27 14 27 14 00 00 02 00
 (1789639901.665229)  can0  281   [5]  03 00 00 00 00
 (1789639901.671282)  can0  201   [6]  0F 00 00 00 00 00
 (1789639901.681278)  can0  201   [6]  0F 00 00 00 00 00
 (1789639901.691279)  can0  201   [6]  0F 00 00 00 00 00
 (1789639901.699157)  can0  701   [1]  05
 (1789639901.701278)  can0  201   [6]  0F 00 00 00 00 00
 (1789639901.711280)  can0  201   [6]  0F 00 00 00 00 00
 (1789639901.714987)  can0  181   [8]  27 14 27 14 00 00 00 00
 (1789639901.715179)  can0  281   [5]  03 00 00 00 00
 (1789639901.721281)  can0  201   [6]  0F 00 00 00 00 00
 (1789639901.731278)  can0  201   [6]  0F 00 00 00 00 00
 (1789639901.741279)  can0  201   [6]  0F 00 00 00 00 00
 (1789639901.751276)  can0  201   [6]  0F 00 00 00 00 00
 (1789639901.761279)  can0  201   [6]  0F 00 00 00 00 00
 (1789639901.764932)  can0  181   [8]  27 14 27 14 00 00 FE FF
 (1789639901.765123)  can0  281   [5]  03 00 00 00 00
 (1789639901.771279)  can0  201   [6]  0F 00 00 00 00 00
 (1789639901.781281)  can0  201   [6]  0F 00 00 00 00 00
 (1789639901.791275)  can0  201   [6]  0F 00 00 00 00 00
 (1789639901.801276)  can0  201   [6]  0F 00 00 00 00 00
 (1789639901.811281)  can0  201   [6]  0F 00 00 00 00 00
 (1789639901.814879)  can0  181   [8]  27 14 27 14 00 00 02 00
 (1789639901.815069)  can0  281   [5]  03 00 00 00 00
 (1789639901.821286)  can0  201   [6]  0F 00 00 00 00 00
 (1789639901.831295)  can0  201   [6]  0F 00 00 00 00 00
 (1789639901.841307)  can0  201   [6]  0F 00 00 00 00 00
 (1789639901.851292)  can0  201   [6]  0F 00 00 00 00 00
 (1789639901.861296)  can0  201   [6]  0F 00 00 00 00 00
 (1789639901.864827)  can0  181   [8]  27 14 27 14 00 00 00 00
 (1789639901.865016)  can0  281   [5]  03 00 00 00 00
 (1789639901.871288)  can0  201   [6]  0F 00 00 00 00 00
 (1789639901.881294)  can0  201   [6]  0F 00 00 00 00 00
 (1789639901.891287)  can0  201   [6]  0F 00 00 00 00 00
 (1789639901.901281)  can0  201   [6]  0F 00 00 00 00 00
 (1789639901.911276)  can0  201   [6]  0F 00 00 00 00 00
 (1789639901.914772)  can0  181   [8]  27 14 27 14 00 00 FF FF
 (1789639901.914963)  can0  281   [5]  03 00 00 00 00
 (1789639901.921279)  can0  201   [6]  0F 00 00 00 00 00
 (1789639901.931277)  can0  201   [6]  0F 00 00 00 00 00
 (1789639901.941282)  can0  201   [6]  0F 00 00 00 00 00
 (1789639901.948699)  can0  701   [1]  05
 (1789639901.951283)  can0  201   [6]  0F 00 00 00 00 00
 (1789639901.961279)  can0  201   [6]  0F 00 00 00 00 00
 (1789639901.964716)  can0  181   [8]  27 14 27 14 00 00 02 00
 (1789639901.964908)  can0  281   [5]  03 00 00 00 00
 (1789639901.971281)  can0  201   [6]  0F 00 00 00 00 00
 (1789639901.981245)  can0  201   [6]  0F 00 00 00 00 00
 (1789639901.991279)  can0  201   [6]  0F 00 00 00 00 00
 (1789639902.001277)  can0  201   [6]  0F 00 00 00 00 00
 (1789639902.011277)  can0  201   [6]  0F 00 00 00 00 00
 (1789639902.014667)  can0  181   [8]  27 14 27 14 00 00 00 00
 (1789639902.014859)  can0  281   [5]  03 00 00 00 00
 (1789639902.021280)  can0  201   [6]  0F 00 00 00 00 00
 (1789639902.031277)  can0  201   [6]  0F 00 00 00 00 00
 (1789639902.041277)  can0  201   [6]  0F 00 00 00 00 00
 (1789639902.051325)  can0  201   [6]  0F 00 00 00 00 00
 (1789639902.061289)  can0  201   [6]  0F 00 00 00 00 00
 (1789639902.064587)  can0  181   [8]  27 14 27 14 00 00 FF FF
 (1789639902.064803)  can0  281   [5]  03 00 00 00 00
 (1789639902.071281)  can0  201   [6]  0F 00 00 00 00 00
 (1789639902.081276)  can0  201   [6]  0F 00 00 00 00 00
 (1789639902.091277)  can0  201   [6]  0F 00 00 00 00 00
 (1789639902.101275)  can0  201   [6]  0F 00 00 00 00 00
 (1789639902.111278)  can0  201   [6]  0F 00 00 00 00 00
 (1789639902.114530)  can0  181   [8]  27 14 27 14 00 00 02 00
 (1789639902.114749)  can0  281   [5]  03 00 00 00 00
 (1789639902.121280)  can0  201   [6]  0F 00 00 00 00 00
 (1789639902.131280)  can0  201   [6]  0F 00 00 00 00 00
 (1789639902.141275)  can0  201   [6]  0F 00 00 00 00 00
 (1789639902.151277)  can0  201   [6]  0F 00 00 00 00 00
 (1789639902.161282)  can0  201   [6]  0F 00 00 00 00 00
 (1789639902.164507)  can0  181   [8]  27 14 27 14 00 00 00 00
 (1789639902.164699)  can0  281   [5]  03 00 00 00 00
 (1789639902.171279)  can0  201   [6]  0F 00 00 00 00 00
 (1789639902.181279)  can0  201   [6]  0F 00 00 00 00 00
 (1789639902.191277)  can0  201   [6]  0F 00 00 00 00 00
 (1789639902.198248)  can0  701   [1]  05
 (1789639902.201280)  can0  201   [6]  0F 00 00 00 00 00
 (1789639902.211288)  can0  201   [6]  0F 00 00 00 00 00
 (1789639902.214452)  can0  181   [8]  27 14 27 14 00 00 FF FF
 (1789639902.214641)  can0  281   [5]  03 00 00 00 00
 (1789639902.221230)  can0  201   [6]  0F 00 00 00 00 00
 (1789639902.231306)  can0  201   [6]  0F 00 00 00 00 00
 (1789639902.241289)  can0  201   [6]  0F 00 00 00 00 00
 (1789639902.251292)  can0  201   [6]  0F 00 00 00 00 00
 (1789639902.261291)  can0  201   [6]  0F 00 00 00 00 00
 (1789639902.264401)  can0  181   [8]  27 14 27 14 00 00 02 00
 (1789639902.264591)  can0  281   [5]  03 00 00 00 00
 (1789639902.271297)  can0  201   [6]  0F 00 00 00 00 00
 (1789639902.281289)  can0  201   [6]  0F 00 00 00 00 00
 (1789639902.291280)  can0  201   [6]  0F 00 00 00 00 00
 (1789639902.301290)  can0  201   [6]  0F 00 00 00 00 00
 (1789639902.311278)  can0  201   [6]  0F 00 00 00 00 00
 (1789639902.314348)  can0  181   [8]  27 14 27 14 00 00 00 00
 (1789639902.314487)  can0  281   [5]  03 00 00 00 00
 (1789639902.321274)  can0  201   [6]  0F 00 00 00 00 00
 (1789639902.331273)  can0  201   [6]  0F 00 00 00 00 00
 (1789639902.341273)  can0  201   [6]  0F 00 00 00 00 00
 (1789639902.351273)  can0  201   [6]  0F 00 00 00 00 00
 (1789639902.361274)  can0  201   [6]  0F 00 00 00 00 00
 (1789639902.364295)  can0  181   [8]  27 14 27 14 00 00 FF FF
 (1789639902.364485)  can0  281   [5]  03 00 00 00 00
 (1789639902.371280)  can0  201   [6]  02 00 00 00 00 00
 (1789639902.381274)  can0  201   [6]  02 00 00 00 00 00
 (1789639902.391271)  can0  201   [6]  02 00 00 00 00 00
 (1789639902.401268)  can0  201   [6]  02 00 00 00 00 00
 (1789639902.411269)  can0  201   [6]  02 00 00 00 00 00
 (1789639902.414250)  can0  181   [8]  07 14 07 14 00 00 FE FF
 (1789639902.414441)  can0  281   [5]  03 00 00 00 00
 (1789639902.421270)  can0  201   [6]  02 00 00 00 00 00
 (1789639902.431270)  can0  201   [6]  02 00 00 00 00 00
 (1789639902.441295)  can0  201   [6]  02 00 00 00 00 00
 (1789639902.447743)  can0  701   [1]  05
 (1789639902.451274)  can0  201   [6]  02 00 00 00 00 00
 (1789639902.461271)  can0  201   [6]  02 00 00 00 00 00
 (1789639902.464264)  can0  181   [8]  07 14 07 14 00 00 00 00
 (1789639902.464458)  can0  281   [5]  03 00 00 00 00
 (1789639902.471270)  can0  201   [6]  02 00 00 00 00 00
 (1789639902.481273)  can0  201   [6]  02 00 00 00 00 00
 (1789639902.491273)  can0  201   [6]  02 00 00 00 00 00
 (1789639902.501275)  can0  201   [6]  02 00 00 00 00 00
 (1789639902.511271)  can0  201   [6]  02 00 00 00 00 00
 (1789639902.514275)  can0  181   [8]  07 14 07 14 00 00 00 00
 (1789639902.514408)  can0  281   [5]  03 00 00 00 00
 (1789639902.521271)  can0  201   [6]  02 00 00 00 00 00
 (1789639902.531270)  can0  201   [6]  02 00 00 00 00 00
 (1789639902.541269)  can0  201   [6]  02 00 00 00 00 00
 (1789639902.551269)  can0  201   [6]  02 00 00 00 00 00
 (1789639902.561269)  can0  201   [6]  02 00 00 00 00 00
 (1789639902.564285)  can0  181   [8]  07 14 07 14 00 00 00 00
 (1789639902.564475)  can0  281   [5]  03 00 00 00 00
 (1789639902.571272)  can0  201   [6]  02 00 00 00 00 00
 (1789639902.581235)  can0  201   [6]  02 00 00 00 00 00
 (1789639902.591271)  can0  201   [6]  02 00 00 00 00 00
 (1789639902.601276)  can0  201   [6]  02 00 00 00 00 00
 (1789639902.611270)  can0  201   [6]  02 00 00 00 00 00
 (1789639902.614304)  can0  181   [8]  07 14 07 14 00 00 00 00
 (1789639902.614483)  can0  281   [5]  03 00 00 00 00
 (1789639902.621241)  can0  201   [6]  02 00 00 00 00 00
 (1789639902.631277)  can0  201   [6]  02 00 00 00 00 00
 (1789639902.641294)  can0  201   [6]  02 00 00 00 00 00
 (1789639902.651288)  can0  201   [6]  02 00 00 00 00 00
 (1789639902.661301)  can0  201   [6]  02 00 00 00 00 00
 (1789639902.664304)  can0  181   [8]  07 14 07 14 00 00 00 00
 (1789639902.664494)  can0  281   [5]  03 00 00 00 00
 (1789639902.671282)  can0  201   [6]  02 00 00 00 00 00
 (1789639902.681325)  can0  201   [6]  02 00 00 00 00 00
 (1789639902.691298)  can0  201   [6]  02 00 00 00 00 00
 (1789639902.697286)  can0  701   [1]  05
 (1789639902.701295)  can0  201   [6]  02 00 00 00 00 00
 (1789639902.711295)  can0  201   [6]  02 00 00 00 00 00
 (1789639902.714314)  can0  181   [8]  07 14 07 14 00 00 00 00
 (1789639902.714445)  can0  281   [5]  03 00 00 00 00
 (1789639902.721285)  can0  201   [6]  02 00 00 00 00 00
 (1789639902.731304)  can0  201   [6]  02 00 00 00 00 00
 (1789639902.741287)  can0  201   [6]  02 00 00 00 00 00
 (1789639902.751281)  can0  201   [6]  02 00 00 00 00 00
 (1789639902.761291)  can0  201   [6]  02 00 00 00 00 00
 (1789639902.764326)  can0  181   [8]  07 14 07 14 00 00 00 00
 (1789639902.764455)  can0  281   [5]  03 00 00 00 00
 (1789639902.771288)  can0  201   [6]  02 00 00 00 00 00
 (1789639902.781289)  can0  201   [6]  02 00 00 00 00 00
 (1789639902.791283)  can0  201   [6]  02 00 00 00 00 00
 (1789639902.801283)  can0  201   [6]  02 00 00 00 00 00
 (1789639902.811277)  can0  201   [6]  02 00 00 00 00 00
 (1789639902.814331)  can0  181   [8]  07 14 07 14 00 00 00 00
 (1789639902.814520)  can0  281   [5]  03 00 00 00 00
 (1789639902.821284)  can0  201   [6]  02 00 00 00 00 00
 (1789639902.831272)  can0  201   [6]  02 00 00 00 00 00
 (1789639902.841271)  can0  201   [6]  02 00 00 00 00 00
 (1789639902.851269)  can0  201   [6]  02 00 00 00 00 00
 (1789639902.861251)  can0  201   [6]  02 00 00 00 00 00
 (1789639902.864340)  can0  181   [8]  07 14 07 14 00 00 00 00
 (1789639902.864534)  can0  281   [5]  03 00 00 00 00
 (1789639902.871272)  can0  201   [6]  02 00 00 00 00 00
 (1789639902.881270)  can0  201   [6]  02 00 00 00 00 00
 (1789639902.891271)  can0  201   [6]  02 00 00 00 00 00
 (1789639902.901274)  can0  201   [6]  02 00 00 00 00 00
 (1789639902.911270)  can0  201   [6]  02 00 00 00 00 00
 (1789639902.914349)  can0  181   [8]  07 14 07 14 00 00 00 00
 (1789639902.914549)  can0  281   [5]  03 00 00 00 00
 (1789639902.921272)  can0  201   [6]  02 00 00 00 00 00
 (1789639902.931269)  can0  201   [6]  02 00 00 00 00 00
 (1789639902.941269)  can0  201   [6]  02 00 00 00 00 00
 (1789639902.946832)  can0  701   [1]  05
 (1789639902.951272)  can0  201   [6]  02 00 00 00 00 00
 (1789639902.961271)  can0  201   [6]  02 00 00 00 00 00
 (1789639902.964358)  can0  181   [8]  07 14 07 14 00 00 00 00
 (1789639902.964548)  can0  281   [5]  03 00 00 00 00
 (1789639902.971270)  can0  201   [6]  02 00 00 00 00 00
 (1789639902.981294)  can0  201   [6]  02 00 00 00 00 00
 (1789639902.991279)  can0  201   [6]  02 00 00 00 00 00
 (1789639903.001271)  can0  201   [6]  02 00 00 00 00 00
 (1789639903.011272)  can0  201   [6]  02 00 00 00 00 00
 (1789639903.014368)  can0  181   [8]  07 14 07 14 00 00 00 00
 (1789639903.014555)  can0  281   [5]  03 00 00 00 00
 (1789639903.021270)  can0  201   [6]  02 00 00 00 00 00
 (1789639903.031268)  can0  201   [6]  02 00 00 00 00 00
 (1789639903.041270)  can0  201   [6]  02 00 00 00 00 00
 (1789639903.051269)  can0  201   [6]  02 00 00 00 00 00
 (1789639903.061277)  can0  201   [6]  02 00 00 00 00 00
 (1789639903.064377)  can0  181   [8]  07 14 07 14 00 00 00 00
 (1789639903.064567)  can0  281   [5]  03 00 00 00 00
 (1789639903.071270)  can0  201   [6]  02 00 00 00 00 00
 (1789639903.081270)  can0  201   [6]  02 00 00 00 00 00
 (1789639903.091270)  can0  201   [6]  02 00 00 00 00 00
 (1789639903.101238)  can0  201   [6]  02 00 00 00 00 00
 (1789639903.111269)  can0  201   [6]  02 00 00 00 00 00
 (1789639903.114387)  can0  181   [8]  07 14 07 14 00 00 00 00
 (1789639903.114577)  can0  281   [5]  03 00 00 00 00
 (1789639903.121271)  can0  201   [6]  02 00 00 00 00 00
 (1789639903.131271)  can0  201   [6]  02 00 00 00 00 00
 (1789639903.141277)  can0  201   [6]  02 00 00 00 00 00
 (1789639903.151274)  can0  201   [6]  02 00 00 00 00 00
 (1789639903.161288)  can0  201   [6]  02 00 00 00 00 00
 (1789639903.164394)  can0  181   [8]  07 14 07 14 00 00 00 00
 (1789639903.164585)  can0  281   [5]  03 00 00 00 00
 (1789639903.171277)  can0  201   [6]  02 00 00 00 00 00
 (1789639903.181290)  can0  201   [6]  02 00 00 00 00 00
 (1789639903.191290)  can0  201   [6]  02 00 00 00 00 00
 (1789639903.196321)  can0  701   [1]  05
 (1789639903.201294)  can0  201   [6]  02 00 00 00 00 00
 (1789639903.211292)  can0  201   [6]  02 00 00 00 00 00
 (1789639903.214406)  can0  181   [8]  07 14 07 14 00 00 00 00
 (1789639903.214595)  can0  281   [5]  03 00 00 00 00
 (1789639903.221253)  can0  201   [6]  02 00 00 00 00 00
 (1789639903.231299)  can0  201   [6]  02 00 00 00 00 00
 (1789639903.241334)  can0  201   [6]  02 00 00 00 00 00
 (1789639903.251296)  can0  201   [6]  02 00 00 00 00 00
 (1789639903.261285)  can0  201   [6]  02 00 00 00 00 00
 (1789639903.264420)  can0  181   [8]  07 14 07 14 00 00 00 00
 (1789639903.264609)  can0  281   [5]  03 00 00 00 00
 (1789639903.271296)  can0  201   [6]  02 00 00 00 00 00
 (1789639903.281288)  can0  201   [6]  02 00 00 00 00 00
 (1789639903.291281)  can0  201   [6]  02 00 00 00 00 00
 (1789639903.301278)  can0  201   [6]  02 00 00 00 00 00
 (1789639903.311320)  can0  201   [6]  02 00 00 00 00 00
 (1789639903.314424)  can0  181   [8]  07 14 07 14 00 00 00 00
 (1789639903.314612)  can0  281   [5]  03 00 00 00 00
 (1789639903.321289)  can0  201   [6]  02 00 00 00 00 00
 (1789639903.331286)  can0  201   [6]  02 00 00 00 00 00
 (1789639903.341253)  can0  201   [6]  02 00 00 00 00 00
 (1789639903.351284)  can0  201   [6]  02 00 00 00 00 00
 (1789639903.361284)  can0  201   [6]  02 00 00 00 00 00
 (1789639903.364433)  can0  181   [8]  07 14 07 14 00 00 00 00
 (1789639903.364623)  can0  281   [5]  03 00 00 00 00
 (1789639903.371275)  can0  201   [6]  02 00 00 00 00 00
 (1789639903.381273)  can0  201   [6]  02 00 00 00 00 00
 (1789639903.391272)  can0  201   [6]  02 00 00 00 00 00
 (1789639903.401270)  can0  201   [6]  02 00 00 00 00 00
 (1789639903.411268)  can0  201   [6]  02 00 00 00 00 00
 (1789639903.414442)  can0  181   [8]  07 14 07 14 00 00 00 00
 (1789639903.414633)  can0  281   [5]  03 00 00 00 00
 (1789639903.421272)  can0  201   [6]  02 00 00 00 00 00
 (1789639903.431271)  can0  201   [6]  02 00 00 00 00 00
 (1789639903.441267)  can0  201   [6]  02 00 00 00 00 00
 (1789639903.445864)  can0  701   [1]  05
 (1789639903.451270)  can0  201   [6]  02 00 00 00 00 00
 (1789639903.461274)  can0  201   [6]  02 00 00 00 00 00
 (1789639903.464449)  can0  181   [8]  07 14 07 14 00 00 00 00
 (1789639903.464641)  can0  281   [5]  03 00 00 00 00
 (1789639903.471270)  can0  201   [6]  02 00 00 00 00 00
 (1789639903.481268)  can0  201   [6]  02 00 00 00 00 00
 (1789639903.491271)  can0  201   [6]  02 00 00 00 00 00
 (1789639903.501276)  can0  201   [6]  02 00 00 00 00 00
 (1789639903.511271)  can0  201   [6]  02 00 00 00 00 00
 (1789639903.514459)  can0  181   [8]  07 14 07 14 00 00 00 00
 (1789639903.514649)  can0  281   [5]  03 00 00 00 00
 (1789639903.521354)  can0  201   [6]  02 00 00 00 00 00
 (1789639903.531282)  can0  201   [6]  02 00 00 00 00 00
 (1789639903.541241)  can0  201   [6]  02 00 00 00 00 00
 (1789639903.551271)  can0  201   [6]  02 00 00 00 00 00
 (1789639903.561269)  can0  201   [6]  02 00 00 00 00 00
 (1789639903.564468)  can0  181   [8]  07 14 07 14 00 00 00 00
 (1789639903.564657)  can0  281   [5]  03 00 00 00 00
 (1789639903.571273)  can0  201   [6]  02 00 00 00 00 00
 (1789639903.581270)  can0  201   [6]  02 00 00 00 00 00
 (1789639903.591271)  can0  201   [6]  02 00 00 00 00 00
 (1789639903.601268)  can0  201   [6]  02 00 00 00 00 00
 (1789639903.611269)  can0  201   [6]  02 00 00 00 00 00
 (1789639903.614477)  can0  181   [8]  07 14 07 14 00 00 00 00
 (1789639903.614668)  can0  281   [5]  03 00 00 00 00
 (1789639903.621236)  can0  201   [6]  02 00 00 00 00 00
 (1789639903.631270)  can0  201   [6]  02 00 00 00 00 00
 (1789639903.641270)  can0  201   [6]  02 00 00 00 00 00
 (1789639903.651271)  can0  201   [6]  02 00 00 00 00 00
 (1789639903.661270)  can0  201   [6]  02 00 00 00 00 00
 (1789639903.664487)  can0  181   [8]  07 14 07 14 00 00 00 00
 (1789639903.664678)  can0  281   [5]  03 00 00 00 00
 (1789639903.671268)  can0  201   [6]  02 00 00 00 00 00
 (1789639903.681277)  can0  201   [6]  02 00 00 00 00 00
 (1789639903.691273)  can0  201   [6]  02 00 00 00 00 00
 (1789639903.695411)  can0  701   [1]  05
 (1789639903.701294)  can0  201   [6]  02 00 00 00 00 00
 (1789639903.711280)  can0  201   [6]  02 00 00 00 00 00
 (1789639903.714494)  can0  181   [8]  07 14 07 14 00 00 00 00
 (1789639903.714687)  can0  281   [5]  03 00 00 00 00
 (1789639903.721295)  can0  201   [6]  02 00 00 00 00 00
 (1789639903.731307)  can0  201   [6]  02 00 00 00 00 00
 (1789639903.741289)  can0  201   [6]  02 00 00 00 00 00
 (1789639903.751294)  can0  201   [6]  02 00 00 00 00 00
 (1789639903.761289)  can0  201   [6]  02 00 00 00 00 00
 (1789639903.764527)  can0  181   [8]  07 14 07 14 00 00 00 00
 (1789639903.764643)  can0  281   [5]  03 00 00 00 00
 (1789639903.771290)  can0  201   [6]  02 00 00 00 00 00
 (1789639903.781284)  can0  201   [6]  02 00 00 00 00 00
 (1789639903.791305)  can0  201   [6]  02 00 00 00 00 00
 (1789639903.801285)  can0  201   [6]  02 00 00 00 00 00
 (1789639903.811292)  can0  201   [6]  02 00 00 00 00 00
 (1789639903.814522)  can0  181   [8]  07 14 07 14 00 00 00 00
 (1789639903.814705)  can0  281   [5]  03 00 00 00 00
 (1789639903.821290)  can0  201   [6]  02 00 00 00 00 00
 (1789639903.831277)  can0  201   [6]  02 00 00 00 00 00
 (1789639903.841289)  can0  201   [6]  02 00 00 00 00 00
 (1789639903.851303)  can0  201   [6]  02 00 00 00 00 00
 (1789639903.861286)  can0  201   [6]  02 00 00 00 00 00
 (1789639903.864524)  can0  181   [8]  07 14 07 14 00 00 00 00
 (1789639903.864715)  can0  281   [5]  03 00 00 00 00
 (1789639903.871280)  can0  201   [6]  02 00 00 00 00 00
 (1789639903.881283)  can0  201   [6]  02 00 00 00 00 00
 (1789639903.891275)  can0  201   [6]  02 00 00 00 00 00
 (1789639903.901286)  can0  201   [6]  02 00 00 00 00 00
 (1789639903.911271)  can0  201   [6]  02 00 00 00 00 00
 (1789639903.914525)  can0  181   [8]  07 14 07 14 00 00 00 00
 (1789639903.914722)  can0  281   [5]  03 00 00 00 00
 (1789639903.921273)  can0  201   [6]  02 00 00 00 00 00
 (1789639903.931271)  can0  201   [6]  02 00 00 00 00 00
 (1789639903.941270)  can0  201   [6]  02 00 00 00 00 00
 (1789639903.944898)  can0  701   [1]  05
 (1789639903.951272)  can0  201   [6]  02 00 00 00 00 00
 (1789639903.961270)  can0  201   [6]  02 00 00 00 00 00
 (1789639903.964543)  can0  181   [8]  07 14 07 14 00 00 00 00
 (1789639903.964733)  can0  281   [5]  03 00 00 00 00
 (1789639903.971269)  can0  201   [6]  02 00 00 00 00 00
 (1789639903.981245)  can0  201   [6]  02 00 00 00 00 00
 (1789639903.991269)  can0  201   [6]  02 00 00 00 00 00
 (1789639904.001269)  can0  201   [6]  02 00 00 00 00 00
 (1789639904.011270)  can0  201   [6]  02 00 00 00 00 00
 (1789639904.014550)  can0  181   [8]  07 14 07 14 00 00 00 00
 (1789639904.014743)  can0  281   [5]  03 00 00 00 00
 (1789639904.021241)  can0  201   [6]  02 00 00 00 00 00
 (1789639904.031270)  can0  201   [6]  02 00 00 00 00 00
 (1789639904.041270)  can0  201   [6]  02 00 00 00 00 00
 (1789639904.051271)  can0  201   [6]  02 00 00 00 00 00
 (1789639904.061304)  can0  201   [6]  02 00 00 00 00 00
 (1789639904.064559)  can0  181   [8]  07 14 07 14 00 00 00 00
 (1789639904.064751)  can0  281   [5]  03 00 00 00 00
 (1789639904.071274)  can0  201   [6]  02 00 00 00 00 00
 (1789639904.081270)  can0  201   [6]  02 00 00 00 00 00
 (1789639904.091271)  can0  201   [6]  02 00 00 00 00 00
 (1789639904.101271)  can0  201   [6]  02 00 00 00 00 00
 (1789639904.111268)  can0  201   [6]  02 00 00 00 00 00
 (1789639904.114525)  can0  181   [8]  07 14 07 14 00 00 00 00
 (1789639904.114759)  can0  281   [5]  03 00 00 00 00
 (1789639904.121272)  can0  201   [6]  02 00 00 00 00 00
 (1789639904.131270)  can0  201   [6]  02 00 00 00 00 00
 (1789639904.141235)  can0  201   [6]  02 00 00 00 00 00
 (1789639904.151270)  can0  201   [6]  02 00 00 00 00 00
 (1789639904.161272)  can0  201   [6]  02 00 00 00 00 00
 (1789639904.164577)  can0  181   [8]  07 14 07 14 00 00 00 00
 (1789639904.164769)  can0  281   [5]  03 00 00 00 00
 (1789639904.171272)  can0  201   [6]  02 00 00 00 00 00
 (1789639904.181270)  can0  201   [6]  02 00 00 00 00 00
 (1789639904.191270)  can0  201   [6]  02 00 00 00 00 00
 (1789639904.194442)  can0  701   [1]  05
 (1789639904.201271)  can0  201   [6]  02 00 00 00 00 00
 (1789639904.211270)  can0  201   [6]  02 00 00 00 00 00
 (1789639904.214588)  can0  181   [8]  07 14 07 14 00 00 00 00
 (1789639904.214779)  can0  281   [5]  03 00 00 00 00
 (1789639904.221272)  can0  201   [6]  02 00 00 00 00 00
 (1789639904.231270)  can0  201   [6]  02 00 00 00 00 00
 (1789639904.241289)  can0  201   [6]  02 00 00 00 00 00
 (1789639904.251284)  can0  201   [6]  02 00 00 00 00 00
 (1789639904.261280)  can0  201   [6]  02 00 00 00 00 00
 (1789639904.264600)  can0  181   [8]  07 14 07 14 00 00 00 00
 (1789639904.264790)  can0  281   [5]  03 00 00 00 00
 (1789639904.271278)  can0  201   [6]  02 00 00 00 00 00
 (1789639904.281274)  can0  201   [6]  02 00 00 00 00 00
 (1789639904.291379)  can0  201   [6]  02 00 00 00 00 00
 (1789639904.301219)  can0  201   [6]  02 00 00 00 00 00
 (1789639904.311270)  can0  201   [6]  02 00 00 00 00 00
 (1789639904.314612)  can0  181   [8]  07 14 07 14 00 00 00 00
 (1789639904.314798)  can0  281   [5]  03 00 00 00 00
 (1789639904.321271)  can0  201   [6]  02 00 00 00 00 00
 (1789639904.331271)  can0  201   [6]  02 00 00 00 00 00
 (1789639904.341271)  can0  201   [6]  02 00 00 00 00 00
 (1789639904.351272)  can0  201   [6]  02 00 00 00 00 00
 (1789639904.361270)  can0  201   [6]  02 00 00 00 00 00
 (1789639904.364616)  can0  181   [8]  07 14 07 14 00 00 00 00
 (1789639904.364807)  can0  281   [5]  03 00 00 00 00
 (1789639904.371272)  can0  201   [6]  02 00 00 00 00 00
 (1789639904.381270)  can0  201   [6]  02 00 00 00 00 00
 (1789639904.391269)  can0  201   [6]  02 00 00 00 00 00
 (1789639904.401268)  can0  201   [6]  02 00 00 00 00 00
 (1789639904.411270)  can0  201   [6]  02 00 00 00 00 00
 (1789639904.414622)  can0  181   [8]  07 14 07 14 00 00 00 00
 (1789639904.414815)  can0  281   [5]  03 00 00 00 00
 (1789639904.421279)  can0  201   [6]  02 00 00 00 00 00
 (1789639904.431269)  can0  201   [6]  02 00 00 00 00 00
 (1789639904.441269)  can0  201   [6]  02 00 00 00 00 00
 (1789639904.443990)  can0  701   [1]  05
 (1789639904.451310)  can0  201   [6]  02 00 00 00 00 00
 (1789639904.461275)  can0  201   [6]  02 00 00 00 00 00
 (1789639904.464636)  can0  181   [8]  07 14 07 14 00 00 00 00
 (1789639904.464824)  can0  281   [5]  03 00 00 00 00
 (1789639904.471275)  can0  201   [6]  02 00 00 00 00 00
 (1789639904.481269)  can0  201   [6]  02 00 00 00 00 00
 (1789639904.491272)  can0  201   [6]  02 00 00 00 00 00
 (1789639904.501276)  can0  201   [6]  02 00 00 00 00 00
 (1789639904.511271)  can0  201   [6]  02 00 00 00 00 00
 (1789639904.514642)  can0  181   [8]  07 14 07 14 00 00 00 00
 (1789639904.514834)  can0  281   [5]  03 00 00 00 00
 (1789639904.521270)  can0  201   [6]  02 00 00 00 00 00
 (1789639904.531272)  can0  201   [6]  02 00 00 00 00 00
 (1789639904.541271)  can0  201   [6]  02 00 00 00 00 00
 (1789639904.551269)  can0  201   [6]  02 00 00 00 00 00
 (1789639904.561272)  can0  201   [6]  02 00 00 00 00 00
 (1789639904.564653)  can0  181   [8]  07 14 07 14 00 00 00 00
 (1789639904.564845)  can0  281   [5]  03 00 00 00 00
 (1789639904.571272)  can0  201   [6]  02 00 00 00 00 00
 (1789639904.581272)  can0  201   [6]  02 00 00 00 00 00
 (1789639904.591269)  can0  201   [6]  02 00 00 00 00 00
 (1789639904.601271)  can0  201   [6]  02 00 00 00 00 00
 (1789639904.611276)  can0  201   [6]  02 00 00 00 00 00
 (1789639904.614661)  can0  181   [8]  07 14 07 14 00 00 00 00
 (1789639904.614854)  can0  281   [5]  03 00 00 00 00
 (1789639904.621234)  can0  201   [6]  02 00 00 00 00 00
 (1789639904.631288)  can0  201   [6]  02 00 00 00 00 00
 (1789639904.641281)  can0  201   [6]  02 00 00 00 00 00
 (1789639904.651280)  can0  201   [6]  02 00 00 00 00 00
 (1789639904.661286)  can0  201   [6]  02 00 00 00 00 00
 (1789639904.664673)  can0  181   [8]  07 14 07 14 00 00 00 00
 (1789639904.664860)  can0  281   [5]  03 00 00 00 00
 (1789639904.671281)  can0  201   [6]  02 00 00 00 00 00
 (1789639904.681284)  can0  201   [6]  02 00 00 00 00 00
 (1789639904.691276)  can0  201   [6]  02 00 00 00 00 00
 (1789639904.693477)  can0  701   [1]  05
 (1789639904.701247)  can0  201   [6]  02 00 00 00 00 00
 (1789639904.711269)  can0  201   [6]  02 00 00 00 00 00
 (1789639904.714681)  can0  181   [8]  07 14 07 14 00 00 00 00
 (1789639904.714873)  can0  281   [5]  03 00 00 00 00
 (1789639904.721270)  can0  201   [6]  02 00 00 00 00 00
 (1789639904.731270)  can0  201   [6]  02 00 00 00 00 00
 (1789639904.741241)  can0  201   [6]  02 00 00 00 00 00
 (1789639904.751271)  can0  201   [6]  02 00 00 00 00 00
 (1789639904.761271)  can0  201   [6]  02 00 00 00 00 00
 (1789639904.764691)  can0  181   [8]  07 14 07 14 00 00 00 00
 (1789639904.764882)  can0  281   [5]  03 00 00 00 00
 (1789639904.771274)  can0  201   [6]  02 00 00 00 00 00
 (1789639904.781241)  can0  201   [6]  02 00 00 00 00 00
 (1789639904.791274)  can0  201   [6]  02 00 00 00 00 00
 (1789639904.801270)  can0  201   [6]  02 00 00 00 00 00
 (1789639904.811271)  can0  201   [6]  02 00 00 00 00 00
 (1789639904.814697)  can0  181   [8]  07 14 07 14 00 00 00 00
 (1789639904.814888)  can0  281   [5]  03 00 00 00 00
 (1789639904.821271)  can0  201   [6]  02 00 00 00 00 00
 (1789639904.831270)  can0  201   [6]  02 00 00 00 00 00
 (1789639904.841284)  can0  201   [6]  02 00 00 00 00 00
 (1789639904.851253)  can0  201   [6]  02 00 00 00 00 00
 (1789639904.861325)  can0  201   [6]  02 00 00 00 00 00
 (1789639904.864709)  can0  181   [8]  07 14 07 14 00 00 00 00
 (1789639904.864898)  can0  281   [5]  03 00 00 00 00
 (1789639904.871295)  can0  201   [6]  02 00 00 00 00 00
 (1789639904.881306)  can0  201   [6]  02 00 00 00 00 00
 (1789639904.891289)  can0  201   [6]  02 00 00 00 00 00
 (1789639904.901255)  can0  201   [6]  02 00 00 00 00 00
 (1789639904.911247)  can0  201   [6]  02 00 00 00 00 00
 (1789639904.914718)  can0  181   [8]  07 14 07 14 00 00 00 00
 (1789639904.914908)  can0  281   [5]  03 00 00 00 00
 (1789639904.921235)  can0  201   [6]  02 00 00 00 00 00
 (1789639904.931219)  can0  201   [6]  02 00 00 00 00 00
 (1789639904.941221)  can0  201   [6]  02 00 00 00 00 00
 (1789639904.942970)  can0  701   [1]  05
 (1789639904.951216)  can0  201   [6]  02 00 00 00 00 00
 (1789639904.961214)  can0  201   [6]  02 00 00 00 00 00
 (1789639904.964669)  can0  181   [8]  07 14 07 14 00 00 00 00
 (1789639904.964860)  can0  281   [5]  03 00 00 00 00
 (1789639904.971215)  can0  201   [6]  02 00 00 00 00 00
 (1789639904.981213)  can0  201   [6]  02 00 00 00 00 00
 (1789639904.991215)  can0  201   [6]  02 00 00 00 00 00
 (1789639905.001221)  can0  201   [6]  02 00 00 00 00 00
 (1789639905.011217)  can0  201   [6]  02 00 00 00 00 00
 (1789639905.014679)  can0  181   [8]  07 14 07 14 00 00 00 00
 (1789639905.014870)  can0  281   [5]  03 00 00 00 00
 (1789639905.021230)  can0  201   [6]  02 00 00 00 00 00
 (1789639905.031230)  can0  201   [6]  02 00 00 00 00 00
 (1789639905.041224)  can0  201   [6]  02 00 00 00 00 00
 (1789639905.051220)  can0  201   [6]  02 00 00 00 00 00
 (1789639905.061222)  can0  201   [6]  02 00 00 00 00 00
 (1789639905.064688)  can0  181   [8]  07 14 07 14 00 00 00 00
 (1789639905.064879)  can0  281   [5]  03 00 00 00 00
 (1789639905.071225)  can0  201   [6]  02 00 00 00 00 00
 (1789639905.081221)  can0  201   [6]  02 00 00 00 00 00
 (1789639905.091216)  can0  201   [6]  02 00 00 00 00 00
 (1789639905.101218)  can0  201   [6]  02 00 00 00 00 00
 (1789639905.111223)  can0  201   [6]  02 00 00 00 00 00
 (1789639905.114697)  can0  181   [8]  07 14 07 14 00 00 00 00
 (1789639905.114889)  can0  281   [5]  03 00 00 00 00
 (1789639905.121222)  can0  201   [6]  02 00 00 00 00 00
 (1789639905.131218)  can0  201   [6]  02 00 00 00 00 00
 (1789639905.141217)  can0  201   [6]  02 00 00 00 00 00
 (1789639905.151217)  can0  201   [6]  02 00 00 00 00 00
 (1789639905.161215)  can0  201   [6]  02 00 00 00 00 00
 (1789639905.164712)  can0  181   [8]  07 14 07 14 00 00 00 00
 (1789639905.164903)  can0  281   [5]  03 00 00 00 00
 (1789639905.171222)  can0  201   [6]  02 00 00 00 00 00
 (1789639905.171435)  can0  201   [6]  06 00 00 00 00 00
 (1789639905.171683)  can0  601   [8]  23 FF 60 01 00 00 00 00
 (1789639905.172001)  can0  581   [8]  60 FF 60 01 00 00 00 00
 (1789639905.173237)  can0  601   [8]  40 FF 60 01 00 00 00 00
 (1789639905.173559)  can0  581   [8]  43 FF 60 01 00 00 00 00
 (1789639905.175249)  can0  601   [8]  23 FF 60 02 00 00 00 00
 (1789639905.175612)  can0  581   [8]  60 FF 60 02 00 00 00 00
 (1789639905.177235)  can0  601   [8]  40 FF 60 02 00 00 00 00
 (1789639905.177552)  can0  581   [8]  43 FF 60 02 00 00 00 00
 (1789639905.179240)  can0  601   [8]  2B 40 60 00 00 00 00 00
 (1789639905.179606)  can0  581   [8]  60 40 60 00 00 00 00 00
 (1789639905.180387)  can0  601   [8]  40 40 60 00 00 00 00 00
 (1789639905.180728)  can0  581   [8]  4B 40 60 00 00 00 00 00
 (1789639905.182329)  can0  601   [8]  40 41 60 00 00 00 00 00
 (1789639905.182652)  can0  581   [8]  43 41 60 00 40 14 40 14
 (1789639905.184336)  can0  601   [8]  40 6C 60 01 00 00 00 00
 (1789639905.184654)  can0  581   [8]  43 6C 60 01 00 00 00 00
 (1789639905.186327)  can0  601   [8]  40 6C 60 02 00 00 00 00
 (1789639905.186649)  can0  581   [8]  43 6C 60 02 00 00 00 00
 (1789639905.188325)  can0  601   [8]  40 6C 60 03 00 00 00 00
 (1789639905.188639)  can0  581   [8]  43 6C 60 03 00 00 00 00
 (1789639905.192568)  can0  701   [1]  05
 (1789639905.211320)  can0  601   [8]  40 6C 60 01 00 00 00 00
 (1789639905.211649)  can0  581   [8]  43 6C 60 01 00 00 00 00
 (1789639905.213326)  can0  601   [8]  40 6C 60 02 00 00 00 00
 (1789639905.213643)  can0  581   [8]  43 6C 60 02 00 00 00 00
 (1789639905.214771)  can0  181   [8]  40 14 40 14 00 00 00 00
 (1789639905.214963)  can0  281   [5]  03 00 00 00 00
 (1789639905.215202)  can0  601   [8]  40 6C 60 03 00 00 00 00
 (1789639905.215514)  can0  581   [8]  43 6C 60 03 00 00 00 00
 (1789639905.237383)  can0  601   [8]  40 6C 60 01 00 00 00 00
 (1789639905.237660)  can0  581   [8]  43 6C 60 01 00 00 00 00
 (1789639905.239292)  can0  601   [8]  40 6C 60 02 00 00 00 00
 (1789639905.239651)  can0  581   [8]  43 6C 60 02 00 00 00 00
 (1789639905.241277)  can0  601   [8]  40 6C 60 03 00 00 00 00
 (1789639905.241641)  can0  581   [8]  43 6C 60 03 00 00 00 00
 (1789639905.264317)  can0  601   [8]  40 6C 60 01 00 00 00 00
 (1789639905.264595)  can0  581   [8]  43 6C 60 01 00 00 00 00
 (1789639905.264892)  can0  181   [8]  40 14 40 14 00 00 00 00
 (1789639905.265085)  can0  281   [5]  03 00 00 00 00
 (1789639905.265428)  can0  601   [8]  40 6C 60 02 00 00 00 00
 (1789639905.265717)  can0  581   [8]  43 6C 60 02 00 00 00 00
 (1789639905.267271)  can0  601   [8]  40 6C 60 03 00 00 00 00
 (1789639905.267586)  can0  581   [8]  43 6C 60 03 00 00 00 00
 (1789639905.290239)  can0  601   [8]  40 6C 60 01 00 00 00 00
 (1789639905.290596)  can0  581   [8]  43 6C 60 01 00 00 00 00
 (1789639905.292239)  can0  601   [8]  40 6C 60 02 00 00 00 00
 (1789639905.292592)  can0  581   [8]  43 6C 60 02 00 00 00 00
 (1789639905.294236)  can0  601   [8]  40 6C 60 03 00 00 00 00
 (1789639905.294587)  can0  581   [8]  43 6C 60 03 00 00 00 00
 (1789639905.314729)  can0  181   [8]  40 14 40 14 00 00 00 00
 (1789639905.314920)  can0  281   [5]  03 00 00 00 00
 (1789639905.317235)  can0  601   [8]  40 6C 60 01 00 00 00 00
 (1789639905.317594)  can0  581   [8]  43 6C 60 01 00 00 00 00
 (1789639905.319234)  can0  601   [8]  40 6C 60 02 00 00 00 00
 (1789639905.319591)  can0  581   [8]  43 6C 60 02 00 00 00 00
 (1789639905.321236)  can0  601   [8]  40 6C 60 03 00 00 00 00
 (1789639905.321587)  can0  581   [8]  43 6C 60 03 00 00 00 00
 (1789639905.344238)  can0  601   [8]  40 6C 60 01 00 00 00 00
 (1789639905.344595)  can0  581   [8]  43 6C 60 01 00 00 00 00
 (1789639905.346235)  can0  601   [8]  40 6C 60 02 00 00 00 00
 (1789639905.346591)  can0  581   [8]  43 6C 60 02 00 00 00 00
 (1789639905.348237)  can0  601   [8]  40 6C 60 03 00 00 00 00
 (1789639905.348586)  can0  581   [8]  43 6C 60 03 00 00 00 00
 (1789639905.350135)  can0  000   [2]  80 01
 (1789639905.442002)  can0  701   [1]  7F
 (1789639905.444254)  can0  601   [8]  23 00 14 01 01 02 00 80
 (1789639905.444618)  can0  581   [8]  60 00 14 01 00 00 00 00
 (1789639905.446238)  can0  601   [8]  40 00 14 01 00 00 00 00
 (1789639905.446547)  can0  581   [8]  43 00 14 01 01 02 00 80
 (1789639905.448240)  can0  601   [8]  2F 00 16 00 00 00 00 00
 (1789639905.448555)  can0  581   [8]  60 00 16 00 00 00 00 00
 (1789639905.450237)  can0  601   [8]  40 00 16 00 00 00 00 00
 (1789639905.450600)  can0  581   [8]  4F 00 16 00 00 00 00 00
 (1789639905.452231)  can0  601   [8]  23 00 16 01 10 00 40 60
 (1789639905.452596)  can0  581   [8]  60 00 16 01 00 00 00 00
 (1789639905.454233)  can0  601   [8]  40 00 16 01 00 00 00 00
 (1789639905.454590)  can0  581   [8]  43 00 16 01 10 00 40 60
 (1789639905.456236)  can0  601   [8]  23 00 16 02 08 00 60 60
 (1789639905.456594)  can0  581   [8]  60 00 16 02 00 00 00 00
 (1789639905.458234)  can0  601   [8]  40 00 16 02 00 00 00 00
 (1789639905.458581)  can0  581   [8]  43 00 16 02 08 00 60 60
 (1789639905.460238)  can0  601   [8]  2F 00 16 00 02 00 00 00
 (1789639905.460584)  can0  581   [8]  60 00 16 00 00 00 00 00
 (1789639905.462238)  can0  601   [8]  40 00 16 00 00 00 00 00
 (1789639905.462579)  can0  581   [8]  4F 00 16 00 02 00 00 00
 (1789639905.464235)  can0  601   [8]  23 00 14 01 01 02 00 00
 (1789639905.464572)  can0  581   [8]  60 00 14 01 00 00 00 00
 (1789639905.466235)  can0  601   [8]  40 00 14 01 00 00 00 00
 (1789639905.466564)  can0  581   [8]  43 00 14 01 01 02 00 00
 (1789639905.468238)  can0  601   [8]  23 01 18 01 81 02 00 80
 (1789639905.468564)  can0  581   [8]  60 01 18 01 00 00 00 00
 (1789639905.470232)  can0  601   [8]  40 01 18 01 00 00 00 00
 (1789639905.470553)  can0  581   [8]  43 01 18 01 81 02 00 80
 (1789639905.472236)  can0  601   [8]  2F 01 1A 00 00 00 00 00
 (1789639905.472553)  can0  581   [8]  60 01 1A 00 00 00 00 00
 (1789639905.474235)  can0  601   [8]  40 01 1A 00 00 00 00 00
 (1789639905.474549)  can0  581   [8]  4F 01 1A 00 00 00 00 00
 (1789639905.476240)  can0  601   [8]  23 01 1A 01 00 00 00 00
 (1789639905.476600)  can0  581   [8]  60 01 1A 01 00 00 00 00
 (1789639905.478235)  can0  601   [8]  40 01 1A 01 00 00 00 00
 (1789639905.478594)  can0  581   [8]  43 01 1A 01 00 00 00 00
 (1789639905.480236)  can0  601   [8]  23 01 1A 02 00 00 00 00
 (1789639905.480596)  can0  581   [8]  60 01 1A 02 00 00 00 00
 (1789639905.482232)  can0  601   [8]  40 01 1A 02 00 00 00 00
 (1789639905.482587)  can0  581   [8]  43 01 1A 02 00 00 00 00
 (1789639905.484236)  can0  601   [8]  2F 01 1A 00 00 00 00 00
 (1789639905.484587)  can0  581   [8]  60 01 1A 00 00 00 00 00
 (1789639905.486235)  can0  601   [8]  40 01 1A 00 00 00 00 00
 (1789639905.486583)  can0  581   [8]  4F 01 1A 00 00 00 00 00
 (1789639905.488235)  can0  601   [8]  2B 01 18 05 00 00 00 00
 (1789639905.488580)  can0  581   [8]  60 01 18 05 00 00 00 00
 (1789639905.490231)  can0  601   [8]  40 01 18 05 00 00 00 00
 (1789639905.490570)  can0  581   [8]  4B 01 18 05 00 00 00 00
 (1789639905.492234)  can0  601   [8]  23 01 18 01 81 02 00 00
 (1789639905.492570)  can0  581   [8]  60 01 18 01 00 00 00 00
 (1789639905.494232)  can0  601   [8]  40 01 18 01 00 00 00 00
 (1789639905.494561)  can0  581   [8]  43 01 18 01 81 02 00 00
 (1789639905.496250)  can0  601   [8]  2B 00 20 00 00 00 00 00
 (1789639905.496569)  can0  581   [8]  60 00 20 00 00 00 00 00
 (1789639905.498241)  can0  601   [8]  40 00 20 00 00 00 00 00
 (1789639905.498557)  can0  581   [8]  4B 00 20 00 00 00 00 00
 (1789639905.500239)  can0  601   [8]  2B 17 10 00 00 00 00 00
 (1789639905.500554)  can0  581   [8]  60 17 10 00 00 00 00 00
 (1789639905.502233)  can0  601   [8]  40 17 10 00 00 00 00 00
 (1789639905.502544)  can0  581   [8]  4B 17 10 00 00 00 00 00
