CONTROL_READY: keep sticks neutral; press CH6 once; ZERO recovery window60s; wait for FAULT_READY
WINDOW_REMAINING: 59
WINDOW_REMAINING: 58
WINDOW_REMAINING: 57
WINDOW_REMAINING: 56
FAULT_READY: press and lock X1; wait for RELEASE_FAULT
WINDOW_REMAINING: 55
WINDOW_REMAINING: 54
WINDOW_REMAINING: 53
WINDOW_REMAINING: 52
RELEASE_FAULT: reset X1, hold forward throttle, press/release CH6 once; wait for NEUTRAL_READY
WINDOW_REMAINING: 51
WINDOW_REMAINING: 50
WINDOW_REMAINING: 49
WINDOW_REMAINING: 48
WINDOW_REMAINING: 47
WINDOW_REMAINING: 46
NEUTRAL_READY: return sticks to neutral, keep CH6 released; wait for REARM_READY
WINDOW_REMAINING: 45
WINDOW_REMAINING: 44
WINDOW_REMAINING: 43
REARM_READY: neutral sticks; press/release CH6 once
WINDOW_REMAINING: 42
WINDOW_REMAINING: 41
WINDOW_REMAINING: 40
WINDOW_REMAINING: 39
ZERO_REENABLED: maintain neutral; wait for cleanup
WINDOW_REMAINING: 38
APPLICATION_STOPPING: no further operator actions; neutral and wait for cleanup
APPLICATION_EXIT: no further stick stimulus; remain neutral; inspect result
{"passed": true, "arguments": ["--interface", "can0", "--device", "/dev/serial/by-id/usb-1a86_USB_Single_Serial_586D017868-if00", "--duration-ms", "60000", "--zero-x1-recovery", "--zero-feedback-tenths-rpm", "10"], "artifact_sha256": "616e8ad3ec59c14985106c846c8f706b396617dc16b226b3012e3509fd821cea", "operator_prompted": true, "fault_ready": true, "release_fault": true, "neutral_ready": true, "rearm_ready": true, "zero_reenabled": true, "stopping_prompted": true, "application_exit": 0, "application_elapsed_ms": 22850.483438000083}
