 (1789108397.847785)  can0  601   [8]  40 5A 60 00 00 00 00 00
 (1789108397.848033)  can0  581   [8]  4B 5A 60 00 05 00 00 00
 (1789108397.849714)  can0  601   [8]  40 17 10 00 00 00 00 00
 (1789108397.849965)  can0  581   [8]  4B 17 10 00 00 00 00 00
 (1789108397.851705)  can0  601   [8]  2B 17 10 00 F4 01 00 00
 (1789108397.851967)  can0  581   [8]  60 17 10 00 00 00 00 00
 (1789108397.853696)  can0  601   [8]  40 17 10 00 00 00 00 00
 (1789108397.853954)  can0  581   [8]  4B 17 10 00 F4 01 00 00
 (1789108398.101448)  can0  701   [1]  7F
 (1789108398.102718)  can0  601   [8]  40 00 18 01 00 00 00 00
 (1789108398.103066)  can0  581   [8]  43 00 18 01 81 01 00 00
 (1789108398.104653)  can0  601   [8]  40 00 18 02 00 00 00 00
 (1789108398.105005)  can0  581   [8]  4F 00 18 02 FF 00 00 00
 (1789108398.106706)  can0  601   [8]  40 00 18 05 00 00 00 00
 (1789108398.107059)  can0  581   [8]  4B 00 18 05 64 00 00 00
 (1789108398.108707)  can0  601   [8]  40 00 1A 00 00 00 00 00
 (1789108398.109055)  can0  581   [8]  4F 00 1A 00 02 00 00 00
 (1789108398.110705)  can0  601   [8]  40 00 1A 01 00 00 00 00
 (1789108398.111049)  can0  581   [8]  43 00 1A 01 20 00 41 60
 (1789108398.112710)  can0  601   [8]  40 00 1A 02 00 00 00 00
 (1789108398.113053)  can0  581   [8]  43 00 1A 02 20 03 6C 60
 (1789108398.114652)  can0  601   [8]  40 60 60 00 00 00 00 00
 (1789108398.114981)  can0  581   [8]  4F 60 60 00 03 00 00 00
 (1789108398.116647)  can0  601   [8]  40 61 60 00 00 00 00 00
 (1789108398.116975)  can0  581   [8]  4F 61 60 00 03 00 00 00
 (1789108398.118647)  can0  601   [8]  40 FF 60 01 00 00 00 00
 (1789108398.119032)  can0  581   [8]  43 FF 60 01 00 00 00 00
 (1789108398.120708)  can0  601   [8]  40 FF 60 02 00 00 00 00
 (1789108398.120973)  can0  581   [8]  43 FF 60 02 00 00 00 00
 (1789108398.122706)  can0  601   [8]  40 3F 60 00 00 00 00 00
 (1789108398.122964)  can0  581   [8]  43 3F 60 00 00 00 00 00
 (1789108398.124708)  can0  601   [8]  40 6C 60 01 00 00 00 00
 (1789108398.124960)  can0  581   [8]  43 6C 60 01 00 00 00 00
 (1789108398.126703)  can0  601   [8]  40 6C 60 02 00 00 00 00
 (1789108398.126960)  can0  581   [8]  43 6C 60 02 00 00 00 00
 (1789108398.128648)  can0  601   [8]  40 6C 60 03 00 00 00 00
 (1789108398.128955)  can0  581   [8]  43 6C 60 03 00 00 00 00
 (1789108398.130653)  can0  601   [8]  40 0F 20 00 00 00 00 00
 (1789108398.131006)  can0  581   [8]  4B 0F 20 00 01 00 00 00
 (1789108398.132660)  can0  601   [8]  23 FF 60 03 00 00 00 00
 (1789108398.133006)  can0  581   [8]  60 FF 60 03 00 00 00 00
 (1789108398.134668)  can0  601   [8]  40 FF 60 03 00 00 00 00
 (1789108398.135000)  can0  581   [8]  43 FF 60 03 00 00 00 00
 (1789108398.136711)  can0  601   [8]  23 FF 60 03 00 00 00 00
 (1789108398.137053)  can0  581   [8]  60 FF 60 03 00 00 00 00
 (1789108398.138644)  can0  601   [8]  40 FF 60 03 00 00 00 00
 (1789108398.138989)  can0  581   [8]  43 FF 60 03 00 00 00 00
 (1789108398.140544)  can0  000   [2]  01 01
 (1789108398.140869)  can0  181   [8]  60 14 60 14 00 00 00 00
 (1789108398.140973)  can0  281   [0] 
 (1789108398.141068)  can0  381   [0] 
 (1789108398.141171)  can0  481   [0] 
 (1789108398.190927)  can0  181   [8]  60 14 60 14 00 00 00 00
 (1789108398.240875)  can0  181   [8]  60 14 60 14 00 00 00 00
 (1789108398.290823)  can0  181   [8]  60 14 60 14 00 00 00 00
 (1789108398.340770)  can0  181   [8]  60 14 60 14 00 00 00 00
 (1789108398.350997)  can0  701   [1]  05
 (1789108398.352716)  can0  601   [8]  2F 60 60 00 03 00 00 00
 (1789108398.353002)  can0  581   [8]  60 60 60 00 00 00 00 00
 (1789108398.354650)  can0  601   [8]  40 61 60 00 00 00 00 00
 (1789108398.354990)  can0  581   [8]  4F 61 60 00 03 00 00 00
 (1789108398.356722)  can0  601   [8]  2B 40 60 00 06 00 00 00
 (1789108398.356992)  can0  581   [8]  60 40 60 00 00 00 00 00
 (1789108398.390715)  can0  181   [8]  21 14 21 14 00 00 00 00
 (1789108398.392714)  can0  601   [8]  40 6C 60 01 00 00 00 00
 (1789108398.392966)  can0  581   [8]  43 6C 60 01 00 00 00 00
 (1789108398.394647)  can0  601   [8]  40 6C 60 02 00 00 00 00
 (1789108398.394960)  can0  581   [8]  43 6C 60 02 00 00 00 00
 (1789108398.396707)  can0  601   [8]  40 6C 60 03 00 00 00 00
 (1789108398.396957)  can0  581   [8]  43 6C 60 03 00 00 00 00
 (1789108398.398716)  can0  601   [8]  2B 40 60 00 07 00 00 00
 (1789108398.399078)  can0  581   [8]  60 40 60 00 00 00 00 00
 (1789108398.440654)  can0  181   [8]  23 14 23 14 00 00 00 00
 (1789108398.442710)  can0  601   [8]  40 6C 60 01 00 00 00 00
 (1789108398.442968)  can0  581   [8]  43 6C 60 01 00 00 00 00
 (1789108398.444646)  can0  601   [8]  40 6C 60 02 00 00 00 00
 (1789108398.444963)  can0  581   [8]  43 6C 60 02 00 00 00 00
 (1789108398.446703)  can0  601   [8]  40 6C 60 03 00 00 00 00
 (1789108398.446960)  can0  581   [8]  43 6C 60 03 00 00 00 00
 (1789108398.448658)  can0  601   [8]  2B 40 60 00 0F 00 00 00
 (1789108398.449026)  can0  581   [8]  60 40 60 00 00 00 00 00
 (1789108398.490604)  can0  181   [8]  27 14 27 14 00 00 00 00
 (1789108398.492711)  can0  601   [8]  40 6C 60 01 00 00 00 00
 (1789108398.493049)  can0  581   [8]  43 6C 60 01 00 00 00 00
 (1789108398.494704)  can0  601   [8]  40 6C 60 02 00 00 00 00
 (1789108398.494973)  can0  581   [8]  43 6C 60 02 00 00 00 00
 (1789108398.496649)  can0  601   [8]  40 6C 60 03 00 00 00 00
 (1789108398.496968)  can0  581   [8]  43 6C 60 03 00 00 00 00
 (1789108398.498671)  can0  601   [8]  23 FF 60 03 00 00 05 00
 (1789108398.498983)  can0  581   [8]  60 FF 60 03 00 00 00 00
 (1789108398.500647)  can0  601   [8]  40 FF 60 03 00 00 00 00
 (1789108398.500962)  can0  581   [8]  43 FF 60 03 00 00 05 00
 (1789108398.540504)  can0  181   [8]  27 14 27 44 00 00 10 00
 (1789108398.590449)  can0  181   [8]  27 14 27 44 00 00 33 00
 (1789108398.600481)  can0  701   [1]  05
 (1789108398.640401)  can0  181   [8]  27 14 27 44 00 00 2F 00
 (1789108398.690347)  can0  181   [8]  27 14 27 44 00 00 2F 00
 (1789108398.740292)  can0  181   [8]  27 14 27 44 00 00 33 00
 (1789108398.790242)  can0  181   [8]  27 14 27 44 00 00 2F 00
 (1789108398.840190)  can0  181   [8]  27 14 27 44 00 00 2F 00
 (1789108398.850032)  can0  701   [1]  05
 (1789108398.890134)  can0  181   [8]  27 14 27 44 00 00 33 00
 (1789108398.940087)  can0  181   [8]  27 14 27 44 00 00 35 00
 (1789108398.990031)  can0  181   [8]  27 14 27 44 00 00 2F 00
 (1789108399.039981)  can0  181   [8]  27 14 27 44 00 00 32 00
 (1789108399.089928)  can0  181   [8]  27 14 27 44 00 00 2E 00
 (1789108399.099521)  can0  701   [1]  05
 (1789108399.139873)  can0  181   [8]  27 14 27 44 00 00 33 00
 (1789108399.189867)  can0  181   [8]  27 14 27 44 00 00 31 00
 (1789108399.239816)  can0  181   [8]  27 14 27 44 00 00 2F 00
 (1789108399.289762)  can0  181   [8]  27 14 27 44 00 00 32 00
 (1789108399.339664)  can0  181   [8]  27 14 27 44 00 00 36 00
 (1789108399.349072)  can0  701   [1]  05
 (1789108399.389617)  can0  181   [8]  27 14 27 44 00 00 30 00
 (1789108399.439561)  can0  181   [8]  27 14 27 44 00 00 33 00
 (1789108399.489506)  can0  181   [8]  27 14 27 44 00 00 2D 00
 (1789108399.499717)  can0  601   [8]  2B 40 60 00 02 00 00 00
 (1789108399.500039)  can0  581   [8]  60 40 60 00 00 00 00 00
 (1789108399.539509)  can0  181   [8]  07 14 07 14 00 00 0E 00
 (1789108399.589456)  can0  181   [8]  07 14 07 14 00 00 E4 FF
 (1789108399.598566)  can0  701   [1]  05
 (1789108399.639402)  can0  181   [8]  07 14 07 14 00 00 F6 FF
 (1789108399.689351)  can0  181   [8]  07 14 07 14 00 00 02 00
 (1789108399.739304)  can0  181   [8]  07 14 07 14 00 00 FF FF
 (1789108399.789257)  can0  181   [8]  07 14 07 14 00 00 00 00
 (1789108399.790711)  can0  601   [8]  40 6C 60 01 00 00 00 00
 (1789108399.791000)  can0  581   [8]  43 6C 60 01 00 00 00 00
 (1789108399.792702)  can0  601   [8]  40 6C 60 02 00 00 00 00
 (1789108399.793052)  can0  581   [8]  43 6C 60 02 00 00 00 00
 (1789108399.794699)  can0  601   [8]  40 6C 60 03 00 00 00 00
 (1789108399.794992)  can0  581   [8]  43 6C 60 03 00 00 00 00
 (1789108399.796710)  can0  601   [8]  23 FF 60 03 00 00 00 00
 (1789108399.797054)  can0  581   [8]  60 FF 60 03 00 00 00 00
 (1789108399.798696)  can0  601   [8]  40 FF 60 03 00 00 00 00
 (1789108399.798986)  can0  581   [8]  43 FF 60 03 00 00 00 00
 (1789108399.800647)  can0  601   [8]  23 FF 60 03 00 00 00 00
 (1789108399.800984)  can0  581   [8]  60 FF 60 03 00 00 00 00
 (1789108399.802638)  can0  601   [8]  40 FF 60 03 00 00 00 00
 (1789108399.802978)  can0  581   [8]  43 FF 60 03 00 00 00 00
 (1789108399.804650)  can0  601   [8]  40 6C 60 01 00 00 00 00
 (1789108399.804967)  can0  581   [8]  43 6C 60 01 00 00 00 00
 (1789108399.806639)  can0  601   [8]  40 6C 60 02 00 00 00 00
 (1789108399.806963)  can0  581   [8]  43 6C 60 02 00 00 00 00
 (1789108399.808641)  can0  601   [8]  40 6C 60 03 00 00 00 00
 (1789108399.809017)  can0  581   [8]  43 6C 60 03 00 00 00 00
 (1789108399.810594)  can0  000   [2]  80 01
 (1789108399.848062)  can0  701   [1]  7F
 (1789108399.849706)  can0  601   [8]  2B 17 10 00 00 00 00 00
 (1789108399.849995)  can0  581   [8]  60 17 10 00 00 00 00 00
 (1789108399.851637)  can0  601   [8]  40 17 10 00 00 00 00 00
 (1789108399.851987)  can0  581   [8]  4B 17 10 00 00 00 00 00
