{
  "status": "FAIL",
  "requested_hours": 1,
  "elapsed_s": 0.5535160529998393,
  "cycles": 0,
  "failure": "AssertionError: candump exited rc=0",
  "capture_stopped": true,
  "capture_returncode": 0,
  "executor_stopped": true,
  "x1_must_remain_locked_until_drive_power_off": true,
  "drive_power_off_confirmed": false
}
ARCHIVE=/tmp/tmppvr10bbt/interrupted.tar.gz
{
  "status": "PASS_PHASE6_ZERO_MOTION_SOAK",
  "cycles": 1,
  "elapsed_s": 3600,
  "can": {
    "frames": 5,
    "tpdo1_frames": 1,
    "sdo_requests": 2
  },
  "counter_increases": {},
  "scope": "Repeated 60-second disabled/NMT/heartbeat/TPDO lifecycle soak; no motion or load claim.",
  "operator_next_step": "Keep X1 locked, power the drive OFF, then restore X1 only after both wheels are stopped."
}
PASS: Phase 6 zero-motion soak parsers and fail-closed checks
