 (1789101892.451415)  can0  601   [8]  40 17 10 00 00 00 00 00
 (1789101892.451742)  can0  581   [8]  4B 17 10 00 00 00 00 00
 (1789101892.453367)  can0  601   [8]  2B 17 10 00 F4 01 00 00
 (1789101892.453682)  can0  581   [8]  60 17 10 00 00 00 00 00
 (1789101892.455360)  can0  601   [8]  40 17 10 00 00 00 00 00
 (1789101892.455668)  can0  581   [8]  4B 17 10 00 F4 01 00 00
 (1789101892.703102)  can0  701   [1]  7F
 (1789101892.704370)  can0  601   [8]  40 00 18 01 00 00 00 00
 (1789101892.704719)  can0  581   [8]  43 00 18 01 81 01 00 00
 (1789101892.706364)  can0  601   [8]  40 00 18 02 00 00 00 00
 (1789101892.706715)  can0  581   [8]  4F 00 18 02 FF 00 00 00
 (1789101892.708362)  can0  601   [8]  40 00 18 05 00 00 00 00
 (1789101892.708712)  can0  581   [8]  4B 00 18 05 64 00 00 00
 (1789101892.710365)  can0  601   [8]  40 00 1A 00 00 00 00 00
 (1789101892.710709)  can0  581   [8]  4F 00 1A 00 02 00 00 00
 (1789101892.712362)  can0  601   [8]  40 00 1A 01 00 00 00 00
 (1789101892.712696)  can0  581   [8]  43 00 1A 01 20 00 41 60
 (1789101892.714366)  can0  601   [8]  40 00 1A 02 00 00 00 00
 (1789101892.714634)  can0  581   [8]  43 00 1A 02 20 03 6C 60
 (1789101892.716365)  can0  601   [8]  40 60 60 00 00 00 00 00
 (1789101892.716692)  can0  581   [8]  4F 60 60 00 03 00 00 00
 (1789101892.718362)  can0  601   [8]  40 61 60 00 00 00 00 00
 (1789101892.718628)  can0  581   [8]  4F 61 60 00 03 00 00 00
 (1789101892.720304)  can0  601   [8]  40 FF 60 01 00 00 00 00
 (1789101892.720627)  can0  581   [8]  43 FF 60 01 00 00 00 00
 (1789101892.722306)  can0  601   [8]  40 FF 60 02 00 00 00 00
 (1789101892.722623)  can0  581   [8]  43 FF 60 02 00 00 00 00
 (1789101892.724308)  can0  601   [8]  40 3F 60 00 00 00 00 00
 (1789101892.724619)  can0  581   [8]  43 3F 60 00 00 00 00 00
 (1789101892.726308)  can0  601   [8]  40 6C 60 01 00 00 00 00
 (1789101892.726615)  can0  581   [8]  43 6C 60 01 00 00 00 00
 (1789101892.728303)  can0  601   [8]  40 6C 60 02 00 00 00 00
 (1789101892.728610)  can0  581   [8]  43 6C 60 02 00 00 00 00
 (1789101892.730363)  can0  601   [8]  40 6C 60 03 00 00 00 00
 (1789101892.730717)  can0  581   [8]  43 6C 60 03 00 00 00 00
 (1789101892.732364)  can0  601   [8]  40 0F 20 00 00 00 00 00
 (1789101892.732660)  can0  581   [8]  4B 0F 20 00 01 00 00 00
 (1789101892.734371)  can0  601   [8]  23 FF 60 03 00 00 00 00
 (1789101892.734717)  can0  581   [8]  60 FF 60 03 00 00 00 00
 (1789101892.736363)  can0  601   [8]  40 FF 60 03 00 00 00 00
 (1789101892.736710)  can0  581   [8]  43 FF 60 03 00 00 00 00
 (1789101892.738366)  can0  601   [8]  23 FF 60 03 00 00 00 00
 (1789101892.738651)  can0  581   [8]  60 FF 60 03 00 00 00 00
 (1789101892.740305)  can0  601   [8]  40 FF 60 03 00 00 00 00
 (1789101892.740643)  can0  581   [8]  43 FF 60 03 00 00 00 00
 (1789101892.742201)  can0  000   [2]  01 01
 (1789101892.742518)  can0  181   [8]  21 14 21 14 00 00 00 00
 (1789101892.742618)  can0  281   [0] 
 (1789101892.742717)  can0  381   [0] 
 (1789101892.742872)  can0  481   [0] 
 (1789101892.792576)  can0  181   [8]  21 14 21 14 00 00 00 00
 (1789101892.842526)  can0  181   [8]  21 14 21 14 00 00 00 00
 (1789101892.892470)  can0  181   [8]  21 14 21 14 00 00 00 00
 (1789101892.942417)  can0  181   [8]  21 14 21 14 00 00 00 00
 (1789101892.952645)  can0  701   [1]  05
 (1789101892.954368)  can0  601   [8]  2F 60 60 00 03 00 00 00
 (1789101892.954708)  can0  581   [8]  60 60 60 00 00 00 00 00
 (1789101892.956366)  can0  601   [8]  40 61 60 00 00 00 00 00
 (1789101892.956697)  can0  581   [8]  4F 61 60 00 03 00 00 00
 (1789101892.958369)  can0  601   [8]  2B 40 60 00 06 00 00 00
 (1789101892.958641)  can0  581   [8]  60 40 60 00 00 00 00 00
 (1789101892.992366)  can0  181   [8]  21 14 21 14 00 00 00 00
 (1789101892.994369)  can0  601   [8]  40 6C 60 01 00 00 00 00
 (1789101892.994677)  can0  581   [8]  43 6C 60 01 00 00 00 00
 (1789101892.996363)  can0  601   [8]  40 6C 60 02 00 00 00 00
 (1789101892.996671)  can0  581   [8]  43 6C 60 02 00 00 00 00
 (1789101892.998362)  can0  601   [8]  40 6C 60 03 00 00 00 00
 (1789101892.998614)  can0  581   [8]  43 6C 60 03 00 00 00 00
 (1789101893.000366)  can0  601   [8]  2B 40 60 00 07 00 00 00
 (1789101893.000669)  can0  581   [8]  60 40 60 00 00 00 00 00
 (1789101893.042320)  can0  181   [8]  23 14 23 14 00 00 00 00
 (1789101893.043367)  can0  601   [8]  40 6C 60 01 00 00 00 00
 (1789101893.043676)  can0  581   [8]  43 6C 60 01 00 00 00 00
 (1789101893.045304)  can0  601   [8]  40 6C 60 02 00 00 00 00
 (1789101893.045611)  can0  581   [8]  43 6C 60 02 00 00 00 00
 (1789101893.047362)  can0  601   [8]  40 6C 60 03 00 00 00 00
 (1789101893.047666)  can0  581   [8]  43 6C 60 03 00 00 00 00
 (1789101893.049367)  can0  601   [8]  2B 40 60 00 0F 00 00 00
 (1789101893.049675)  can0  581   [8]  60 40 60 00 00 00 00 00
 (1789101893.092322)  can0  181   [8]  27 14 27 14 00 00 00 00
 (1789101893.094365)  can0  601   [8]  40 6C 60 01 00 00 00 00
 (1789101893.094680)  can0  581   [8]  43 6C 60 01 00 00 00 00
 (1789101893.096360)  can0  601   [8]  40 6C 60 02 00 00 00 00
 (1789101893.096676)  can0  581   [8]  43 6C 60 02 00 00 00 00
 (1789101893.098362)  can0  601   [8]  40 6C 60 03 00 00 00 00
 (1789101893.098615)  can0  581   [8]  43 6C 60 03 00 00 00 00
 (1789101893.100372)  can0  601   [8]  23 FF 60 03 05 00 00 00
 (1789101893.100627)  can0  581   [8]  60 FF 60 03 00 00 00 00
 (1789101893.102304)  can0  601   [8]  40 FF 60 03 00 00 00 00
 (1789101893.102614)  can0  581   [8]  43 FF 60 03 05 00 00 00
 (1789101893.142277)  can0  181   [8]  27 44 27 14 10 00 00 00
 (1789101893.192271)  can0  181   [8]  27 44 27 14 2E 00 00 00
 (1789101893.202125)  can0  701   [1]  05
 (1789101893.202449)  can0  601   [8]  40 6C 60 01 00 00 00 00
 (1789101893.202753)  can0  581   [8]  43 6C 60 01 31 00 00 00
 (1789101893.204365)  can0  601   [8]  40 6C 60 02 00 00 00 00
 (1789101893.204630)  can0  581   [8]  43 6C 60 02 00 00 00 00
 (1789101893.206366)  can0  601   [8]  40 6C 60 03 00 00 00 00
 (1789101893.206666)  can0  581   [8]  43 6C 60 03 31 00 00 00
 (1789101893.242226)  can0  181   [8]  27 44 27 14 33 00 00 00
 (1789101893.292229)  can0  181   [8]  27 44 27 14 2E 00 00 00
 (1789101893.342187)  can0  181   [8]  27 44 27 14 30 00 00 00
 (1789101893.392181)  can0  181   [8]  27 44 27 14 35 00 00 00
 (1789101893.442138)  can0  181   [8]  27 44 27 14 33 00 00 00
 (1789101893.451671)  can0  701   [1]  05
 (1789101893.492140)  can0  181   [8]  27 44 27 14 32 00 00 00
 (1789101893.542097)  can0  181   [8]  27 44 27 14 32 00 00 00
 (1789101893.592093)  can0  181   [8]  27 44 27 14 2F 00 00 00
 (1789101893.642048)  can0  181   [8]  27 44 27 14 33 00 00 00
 (1789101893.692053)  can0  181   [8]  27 44 27 14 2F 00 00 00
 (1789101893.701155)  can0  701   [1]  05
 (1789101893.712369)  can0  601   [8]  40 6C 60 01 00 00 00 00
 (1789101893.712584)  can0  581   [8]  43 6C 60 01 2E 00 00 00
 (1789101893.714366)  can0  601   [8]  40 6C 60 02 00 00 00 00
 (1789101893.714579)  can0  581   [8]  43 6C 60 02 00 00 00 00
 (1789101893.716365)  can0  601   [8]  40 6C 60 03 00 00 00 00
 (1789101893.716629)  can0  581   [8]  43 6C 60 03 2E 00 00 00
 (1789101893.742008)  can0  181   [8]  27 44 27 14 30 00 00 00
 (1789101893.792001)  can0  181   [8]  27 44 27 14 34 00 00 00
 (1789101893.841899)  can0  181   [8]  27 44 27 14 34 00 00 00
 (1789101893.891850)  can0  181   [8]  27 44 27 14 30 00 00 00
 (1789101893.941794)  can0  181   [8]  27 44 27 14 32 00 00 00
 (1789101893.950703)  can0  701   [1]  05
 (1789101893.991741)  can0  181   [8]  27 44 27 14 2E 00 00 00
 (1789101894.041687)  can0  181   [8]  27 44 27 14 32 00 00 00
 (1789101894.091634)  can0  181   [8]  27 44 27 14 2E 00 00 00
 (1789101894.141580)  can0  181   [8]  27 44 27 14 2F 00 00 00
 (1789101894.191526)  can0  181   [8]  27 44 27 14 33 00 00 00
 (1789101894.200186)  can0  701   [1]  05
 (1789101894.222369)  can0  601   [8]  40 6C 60 01 00 00 00 00
 (1789101894.222587)  can0  581   [8]  43 6C 60 01 34 00 00 00
 (1789101894.224365)  can0  601   [8]  40 6C 60 02 00 00 00 00
 (1789101894.224686)  can0  581   [8]  43 6C 60 02 00 00 00 00
 (1789101894.226365)  can0  601   [8]  40 6C 60 03 00 00 00 00
 (1789101894.226632)  can0  581   [8]  43 6C 60 03 35 00 00 00
 (1789101894.241469)  can0  181   [8]  27 44 27 14 35 00 00 00
 (1789101894.291418)  can0  181   [8]  27 44 27 14 31 00 00 00
 (1789101894.341365)  can0  181   [8]  27 44 27 14 33 00 00 00
 (1789101894.391357)  can0  181   [8]  27 44 27 14 2F 00 00 00
 (1789101894.441259)  can0  181   [8]  27 44 27 14 33 00 00 00
 (1789101894.449730)  can0  701   [1]  05
 (1789101894.491207)  can0  181   [8]  27 44 27 14 2E 00 00 00
 (1789101894.541152)  can0  181   [8]  27 44 27 14 2F 00 00 00
 (1789101894.591098)  can0  181   [8]  27 44 27 14 33 00 00 00
 (1789101894.641044)  can0  181   [8]  27 44 27 14 35 00 00 00
 (1789101894.690996)  can0  181   [8]  27 44 27 14 30 00 00 00
 (1789101894.699215)  can0  701   [1]  05
 (1789101894.732371)  can0  601   [8]  40 6C 60 01 00 00 00 00
 (1789101894.732694)  can0  581   [8]  43 6C 60 01 34 00 00 00
 (1789101894.734368)  can0  601   [8]  40 6C 60 02 00 00 00 00
 (1789101894.734688)  can0  581   [8]  43 6C 60 02 00 00 00 00
 (1789101894.736365)  can0  601   [8]  40 6C 60 03 00 00 00 00
 (1789101894.736638)  can0  581   [8]  43 6C 60 03 34 00 00 00
 (1789101894.740940)  can0  181   [8]  27 44 27 14 33 00 00 00
 (1789101894.790888)  can0  181   [8]  27 44 27 14 2D 00 00 00
 (1789101894.840835)  can0  181   [8]  27 44 27 14 32 00 00 00
 (1789101894.890829)  can0  181   [8]  27 44 27 14 30 00 00 00
 (1789101894.940728)  can0  181   [8]  27 44 27 14 2E 00 00 00
 (1789101894.948763)  can0  701   [1]  05
 (1789101894.990674)  can0  181   [8]  27 44 27 14 31 00 00 00
 (1789101895.040619)  can0  181   [8]  27 44 27 14 35 00 00 00
 (1789101895.090570)  can0  181   [8]  27 44 27 14 30 00 00 00
 (1789101895.140513)  can0  181   [8]  27 44 27 14 34 00 00 00
 (1789101895.190461)  can0  181   [8]  27 44 27 14 2E 00 00 00
 (1789101895.198245)  can0  701   [1]  05
 (1789101895.240407)  can0  181   [8]  27 44 27 14 32 00 00 00
 (1789101895.242368)  can0  601   [8]  40 6C 60 01 00 00 00 00
 (1789101895.242657)  can0  581   [8]  43 6C 60 01 32 00 00 00
 (1789101895.244367)  can0  601   [8]  40 6C 60 02 00 00 00 00
 (1789101895.244694)  can0  581   [8]  43 6C 60 02 00 00 00 00
 (1789101895.246365)  can0  601   [8]  40 6C 60 03 00 00 00 00
 (1789101895.246643)  can0  581   [8]  43 6C 60 03 32 00 00 00
 (1789101895.290353)  can0  181   [8]  27 44 27 14 31 00 00 00
 (1789101895.340300)  can0  181   [8]  27 44 27 14 2E 00 00 00
 (1789101895.390249)  can0  181   [8]  27 44 27 14 31 00 00 00
 (1789101895.440194)  can0  181   [8]  27 44 27 14 34 00 00 00
 (1789101895.447792)  can0  701   [1]  05
 (1789101895.490249)  can0  181   [8]  27 44 27 14 30 00 00 00
 (1789101895.540147)  can0  181   [8]  27 44 27 14 34 00 00 00
 (1789101895.590097)  can0  181   [8]  27 44 27 14 2D 00 00 00
 (1789101895.640040)  can0  181   [8]  27 44 27 14 33 00 00 00
 (1789101895.689988)  can0  181   [8]  27 44 27 14 31 00 00 00
 (1789101895.697339)  can0  701   [1]  05
 (1789101895.739936)  can0  181   [8]  27 44 27 14 2E 00 00 00
 (1789101895.752372)  can0  601   [8]  40 6C 60 01 00 00 00 00
 (1789101895.752701)  can0  581   [8]  43 6C 60 01 2F 00 00 00
 (1789101895.754365)  can0  601   [8]  40 6C 60 02 00 00 00 00
 (1789101895.754699)  can0  581   [8]  43 6C 60 02 00 00 00 00
 (1789101895.756365)  can0  601   [8]  40 6C 60 03 00 00 00 00
 (1789101895.756691)  can0  581   [8]  43 6C 60 03 2F 00 00 00
 (1789101895.789882)  can0  181   [8]  27 44 27 14 31 00 00 00
 (1789101895.839873)  can0  181   [8]  27 44 27 14 34 00 00 00
 (1789101895.889779)  can0  181   [8]  27 44 27 14 30 00 00 00
 (1789101895.939662)  can0  181   [8]  27 44 27 14 35 00 00 00
 (1789101895.946822)  can0  701   [1]  05
 (1789101895.989669)  can0  181   [8]  27 44 27 14 2D 00 00 00
 (1789101896.039614)  can0  181   [8]  27 44 27 14 33 00 00 00
 (1789101896.089562)  can0  181   [8]  27 44 27 14 32 00 00 00
 (1789101896.101372)  can0  601   [8]  23 FF 60 03 00 00 00 00
 (1789101896.101715)  can0  581   [8]  60 FF 60 03 00 00 00 00
 (1789101896.103361)  can0  601   [8]  40 FF 60 03 00 00 00 00
 (1789101896.103662)  can0  581   [8]  43 FF 60 03 00 00 00 00
 (1789101896.105367)  can0  601   [8]  23 FF 60 03 00 00 00 00
 (1789101896.105646)  can0  581   [8]  60 FF 60 03 00 00 00 00
 (1789101896.107361)  can0  601   [8]  40 FF 60 03 00 00 00 00
 (1789101896.107652)  can0  581   [8]  43 FF 60 03 00 00 00 00
 (1789101896.109362)  can0  601   [8]  23 FF 60 03 00 00 00 00
 (1789101896.109694)  can0  581   [8]  60 FF 60 03 00 00 00 00
 (1789101896.111358)  can0  601   [8]  40 FF 60 03 00 00 00 00
 (1789101896.111644)  can0  581   [8]  43 FF 60 03 00 00 00 00
 (1789101896.113366)  can0  601   [8]  2B 40 60 00 06 00 00 00
 (1789101896.113686)  can0  581   [8]  60 40 60 00 00 00 00 00
 (1789101896.139563)  can0  181   [8]  21 54 21 14 13 00 00 00
 (1789101896.189507)  can0  181   [8]  21 14 21 14 EA FF 00 00
 (1789101896.196374)  can0  701   [1]  05
 (1789101896.239453)  can0  181   [8]  21 14 21 14 07 00 00 00
 (1789101896.289402)  can0  181   [8]  21 14 21 14 FE FF 00 00
 (1789101896.339350)  can0  181   [8]  21 14 21 14 FF FF 00 00
 (1789101896.389303)  can0  181   [8]  21 14 21 14 FF FF 00 00
 (1789101896.439304)  can0  181   [8]  21 14 21 14 FF FF 00 00
 (1789101896.445859)  can0  701   [1]  05
 (1789101896.489254)  can0  181   [8]  21 14 21 14 00 00 00 00
 (1789101896.491378)  can0  601   [8]  40 6C 60 01 00 00 00 00
 (1789101896.491686)  can0  581   [8]  43 6C 60 01 00 00 00 00
 (1789101896.493364)  can0  601   [8]  40 6C 60 02 00 00 00 00
 (1789101896.493682)  can0  581   [8]  43 6C 60 02 00 00 00 00
 (1789101896.495364)  can0  601   [8]  40 6C 60 03 00 00 00 00
 (1789101896.495677)  can0  581   [8]  43 6C 60 03 00 00 00 00
 (1789101896.497259)  can0  000   [2]  80 01
 (1789101896.695407)  can0  701   [1]  7F
 (1789101896.696372)  can0  601   [8]  2B 17 10 00 00 00 00 00
 (1789101896.696716)  can0  581   [8]  60 17 10 00 00 00 00 00
 (1789101896.698362)  can0  601   [8]  40 17 10 00 00 00 00 00
 (1789101896.698706)  can0  581   [8]  4B 17 10 00 00 00 00 00
