 (1789107133.791895)  can0  601   [8]  40 00 20 00 00 00 00 00
 (1789107133.792162)  can0  581   [8]  4B 00 20 00 00 00 00 00
 (1789107133.793839)  can0  601   [8]  40 17 10 00 00 00 00 00
 (1789107133.794092)  can0  581   [8]  4B 17 10 00 00 00 00 00
 (1789107133.795840)  can0  601   [8]  2B 17 10 00 F4 01 00 00
 (1789107133.796205)  can0  581   [8]  60 17 10 00 00 00 00 00
 (1789107133.797830)  can0  601   [8]  40 17 10 00 00 00 00 00
 (1789107133.798142)  can0  581   [8]  4B 17 10 00 F4 01 00 00
 (1789107134.045584)  can0  701   [1]  7F
 (1789107134.047844)  can0  601   [8]  40 00 18 01 00 00 00 00
 (1789107134.048137)  can0  581   [8]  43 00 18 01 81 01 00 00
 (1789107134.049838)  can0  601   [8]  40 00 18 02 00 00 00 00
 (1789107134.050188)  can0  581   [8]  4F 00 18 02 FF 00 00 00
 (1789107134.051834)  can0  601   [8]  40 00 18 05 00 00 00 00
 (1789107134.052129)  can0  581   [8]  4B 00 18 05 64 00 00 00
 (1789107134.053836)  can0  601   [8]  40 00 1A 00 00 00 00 00
 (1789107134.054185)  can0  581   [8]  4F 00 1A 00 02 00 00 00
 (1789107134.055842)  can0  601   [8]  40 00 1A 01 00 00 00 00
 (1789107134.056173)  can0  581   [8]  43 00 1A 01 20 00 41 60
 (1789107134.057780)  can0  601   [8]  40 00 1A 02 00 00 00 00
 (1789107134.058107)  can0  581   [8]  43 00 1A 02 20 03 6C 60
 (1789107134.059779)  can0  601   [8]  40 60 60 00 00 00 00 00
 (1789107134.060109)  can0  581   [8]  4F 60 60 00 03 00 00 00
 (1789107134.061775)  can0  601   [8]  40 61 60 00 00 00 00 00
 (1789107134.062103)  can0  581   [8]  4F 61 60 00 03 00 00 00
 (1789107134.063775)  can0  601   [8]  40 FF 60 01 00 00 00 00
 (1789107134.064102)  can0  581   [8]  43 FF 60 01 00 00 00 00
 (1789107134.065844)  can0  601   [8]  40 FF 60 02 00 00 00 00
 (1789107134.066159)  can0  581   [8]  43 FF 60 02 00 00 00 00
 (1789107134.067836)  can0  601   [8]  40 3F 60 00 00 00 00 00
 (1789107134.068095)  can0  581   [8]  43 3F 60 00 00 00 00 00
 (1789107134.069780)  can0  601   [8]  40 6C 60 01 00 00 00 00
 (1789107134.070145)  can0  581   [8]  43 6C 60 01 00 00 00 00
 (1789107134.071775)  can0  601   [8]  40 6C 60 02 00 00 00 00
 (1789107134.072082)  can0  581   [8]  43 6C 60 02 00 00 00 00
 (1789107134.073833)  can0  601   [8]  40 6C 60 03 00 00 00 00
 (1789107134.074142)  can0  581   [8]  43 6C 60 03 00 00 00 00
 (1789107134.075788)  can0  601   [8]  40 0F 20 00 00 00 00 00
 (1789107134.076135)  can0  581   [8]  4B 0F 20 00 01 00 00 00
 (1789107134.077783)  can0  601   [8]  23 FF 60 03 00 00 00 00
 (1789107134.078135)  can0  581   [8]  60 FF 60 03 00 00 00 00
 (1789107134.079832)  can0  601   [8]  40 FF 60 03 00 00 00 00
 (1789107134.080186)  can0  581   [8]  43 FF 60 03 00 00 00 00
 (1789107134.081794)  can0  601   [8]  23 FF 60 03 00 00 00 00
 (1789107134.082127)  can0  581   [8]  60 FF 60 03 00 00 00 00
 (1789107134.083832)  can0  601   [8]  40 FF 60 03 00 00 00 00
 (1789107134.084178)  can0  581   [8]  43 FF 60 03 00 00 00 00
 (1789107134.085735)  can0  000   [2]  01 01
 (1789107134.085997)  can0  181   [8]  21 14 21 14 00 00 00 00
 (1789107134.086096)  can0  281   [0] 
 (1789107134.086195)  can0  381   [0] 
 (1789107134.086293)  can0  481   [0] 
 (1789107134.136055)  can0  181   [8]  21 14 21 14 00 00 00 00
 (1789107134.186003)  can0  181   [8]  21 14 21 14 00 00 00 00
 (1789107134.235953)  can0  181   [8]  21 14 21 14 00 00 00 00
 (1789107134.285905)  can0  181   [8]  21 14 21 14 00 00 00 00
 (1789107134.295135)  can0  701   [1]  05
 (1789107134.296837)  can0  601   [8]  2F 60 60 00 03 00 00 00
 (1789107134.297199)  can0  581   [8]  60 60 60 00 00 00 00 00
 (1789107134.298834)  can0  601   [8]  40 61 60 00 00 00 00 00
 (1789107134.299186)  can0  581   [8]  4F 61 60 00 03 00 00 00
 (1789107134.300786)  can0  601   [8]  2B 40 60 00 06 00 00 00
 (1789107134.301131)  can0  581   [8]  60 40 60 00 00 00 00 00
 (1789107134.335852)  can0  181   [8]  21 14 21 14 00 00 00 00
 (1789107134.337839)  can0  601   [8]  40 6C 60 01 00 00 00 00
 (1789107134.338103)  can0  581   [8]  43 6C 60 01 00 00 00 00
 (1789107134.339830)  can0  601   [8]  40 6C 60 02 00 00 00 00
 (1789107134.340155)  can0  581   [8]  43 6C 60 02 00 00 00 00
 (1789107134.341776)  can0  601   [8]  40 6C 60 03 00 00 00 00
 (1789107134.342093)  can0  581   [8]  43 6C 60 03 00 00 00 00
 (1789107134.343781)  can0  601   [8]  2B 40 60 00 07 00 00 00
 (1789107134.344095)  can0  581   [8]  60 40 60 00 00 00 00 00
 (1789107134.385749)  can0  181   [8]  23 14 23 14 00 00 00 00
 (1789107134.387838)  can0  601   [8]  40 6C 60 01 00 00 00 00
 (1789107134.388106)  can0  581   [8]  43 6C 60 01 00 00 00 00
 (1789107134.389831)  can0  601   [8]  40 6C 60 02 00 00 00 00
 (1789107134.390159)  can0  581   [8]  43 6C 60 02 00 00 00 00
 (1789107134.391834)  can0  601   [8]  40 6C 60 03 00 00 00 00
 (1789107134.392153)  can0  581   [8]  43 6C 60 03 00 00 00 00
 (1789107134.393779)  can0  601   [8]  2B 40 60 00 0F 00 00 00
 (1789107134.394100)  can0  581   [8]  60 40 60 00 00 00 00 00
 (1789107134.435646)  can0  181   [8]  27 14 27 14 00 00 00 00
 (1789107134.437838)  can0  601   [8]  40 6C 60 01 00 00 00 00
 (1789107134.438118)  can0  581   [8]  43 6C 60 01 00 00 00 00
 (1789107134.439830)  can0  601   [8]  40 6C 60 02 00 00 00 00
 (1789107134.440113)  can0  581   [8]  43 6C 60 02 00 00 00 00
 (1789107134.441775)  can0  601   [8]  40 6C 60 03 00 00 00 00
 (1789107134.442108)  can0  581   [8]  43 6C 60 03 00 00 00 00
 (1789107134.443838)  can0  601   [8]  2B 00 20 00 E8 03 00 00
 (1789107134.444171)  can0  581   [8]  60 00 20 00 00 00 00 00
 (1789107134.445785)  can0  601   [8]  40 00 20 00 00 00 00 00
 (1789107134.446100)  can0  581   [8]  4B 00 20 00 E8 03 00 00
 (1789107134.447786)  can0  601   [8]  23 FF 60 03 00 00 05 00
 (1789107134.448102)  can0  581   [8]  60 FF 60 03 00 00 00 00
 (1789107134.449833)  can0  601   [8]  40 FF 60 03 00 00 00 00
 (1789107134.450094)  can0  581   [8]  43 FF 60 03 00 00 05 00
 (1789107134.485644)  can0  181   [8]  27 14 27 44 00 00 0D 00
 (1789107134.535596)  can0  181   [8]  27 14 27 44 00 00 30 00
 (1789107134.544636)  can0  701   [1]  05
 (1789107134.585545)  can0  181   [8]  27 14 27 44 00 00 35 00
 (1789107134.635538)  can0  181   [8]  27 14 27 44 00 00 2C 00
 (1789107134.648842)  can0  601   [8]  40 6C 60 01 00 00 00 00
 (1789107134.649147)  can0  581   [8]  43 6C 60 01 00 00 00 00
 (1789107134.650832)  can0  601   [8]  40 6C 60 02 00 00 00 00
 (1789107134.651136)  can0  581   [8]  43 6C 60 02 2C 00 00 00
 (1789107134.685445)  can0  181   [8]  27 14 27 44 00 00 30 00
 (1789107134.735391)  can0  181   [8]  27 14 27 44 00 00 34 00
 (1789107134.785340)  can0  181   [8]  27 14 27 44 00 00 32 00
 (1789107134.794185)  can0  701   [1]  05
 (1789107134.835290)  can0  181   [8]  27 14 27 44 00 00 32 00
 (1789107134.885237)  can0  181   [8]  27 14 27 44 00 00 31 00
 (1789107134.935188)  can0  181   [8]  27 14 27 44 00 00 2F 00
 (1789107134.985138)  can0  181   [8]  27 14 27 44 00 00 35 00
 (1789107135.035087)  can0  181   [8]  27 14 27 44 00 00 2E 00
 (1789107135.043689)  can0  701   [1]  05
 (1789107135.085037)  can0  181   [8]  27 14 27 44 00 00 2F 00
 (1789107135.134987)  can0  181   [8]  27 14 27 44 00 00 34 00
 (1789107135.184933)  can0  181   [8]  27 14 27 14 00 00 29 00
 (1789107135.234884)  can0  181   [8]  27 14 27 14 00 00 F8 FF
 (1789107135.284835)  can0  181   [8]  27 14 27 14 00 00 00 00
 (1789107135.293243)  can0  701   [1]  05
 (1789107135.334784)  can0  181   [8]  27 14 27 14 00 00 00 00
 (1789107135.384732)  can0  181   [8]  27 14 27 14 00 00 00 00
 (1789107135.434682)  can0  181   [8]  27 14 27 14 00 00 00 00
 (1789107135.484632)  can0  181   [8]  27 14 27 14 00 00 00 00
 (1789107135.534629)  can0  181   [8]  27 14 27 14 00 00 00 00
 (1789107135.542742)  can0  701   [1]  05
 (1789107135.584529)  can0  181   [8]  27 14 27 14 00 00 00 00
 (1789107135.634479)  can0  181   [8]  27 14 27 14 00 00 00 00
 (1789107135.684427)  can0  181   [8]  27 14 27 14 00 00 00 00
 (1789107135.734376)  can0  181   [8]  27 14 27 14 00 00 00 00
 (1789107135.784327)  can0  181   [8]  27 14 27 14 00 00 00 00
 (1789107135.792304)  can0  701   [1]  05
 (1789107135.834276)  can0  181   [8]  27 14 27 14 00 00 00 00
 (1789107135.884225)  can0  181   [8]  27 14 27 14 00 00 00 00
 (1789107135.934173)  can0  181   [8]  27 14 27 14 00 00 00 00
 (1789107135.984123)  can0  181   [8]  27 14 27 14 00 00 00 00
 (1789107136.034071)  can0  181   [8]  27 14 27 14 00 00 00 00
 (1789107136.041797)  can0  701   [1]  05
 (1789107136.084020)  can0  181   [8]  27 14 27 14 00 00 00 00
 (1789107136.133975)  can0  181   [8]  27 14 27 14 00 00 00 00
 (1789107136.153851)  can0  601   [8]  23 FF 60 03 00 00 00 00
 (1789107136.154163)  can0  581   [8]  60 FF 60 03 00 00 00 00
 (1789107136.155838)  can0  601   [8]  40 FF 60 03 00 00 00 00
 (1789107136.156156)  can0  581   [8]  43 FF 60 03 00 00 00 00
 (1789107136.157836)  can0  601   [8]  23 FF 60 03 00 00 00 00
 (1789107136.158156)  can0  581   [8]  60 FF 60 03 00 00 00 00
 (1789107136.159832)  can0  601   [8]  40 FF 60 03 00 00 00 00
 (1789107136.160147)  can0  581   [8]  43 FF 60 03 00 00 00 00
 (1789107136.161837)  can0  601   [8]  2B 40 60 00 06 00 00 00
 (1789107136.162090)  can0  581   [8]  60 40 60 00 00 00 00 00
 (1789107136.183972)  can0  181   [8]  21 14 21 14 00 00 00 00
 (1789107136.185846)  can0  601   [8]  40 6C 60 01 00 00 00 00
 (1789107136.186154)  can0  581   [8]  43 6C 60 01 00 00 00 00
 (1789107136.187830)  can0  601   [8]  40 6C 60 02 00 00 00 00
 (1789107136.188150)  can0  581   [8]  43 6C 60 02 00 00 00 00
 (1789107136.189831)  can0  601   [8]  40 6C 60 03 00 00 00 00
 (1789107136.190146)  can0  581   [8]  43 6C 60 03 00 00 00 00
 (1789107136.191725)  can0  000   [2]  80 01
 (1789107136.291358)  can0  701   [1]  7F
 (1789107136.292834)  can0  601   [8]  2B 17 10 00 00 00 00 00
 (1789107136.293167)  can0  581   [8]  60 17 10 00 00 00 00 00
 (1789107136.294773)  can0  601   [8]  40 17 10 00 00 00 00 00
 (1789107136.295102)  can0  581   [8]  4B 17 10 00 00 00 00 00
 (1789107136.295847)  can0  601   [8]  2B 00 20 00 00 00 00 00
 (1789107136.296164)  can0  581   [8]  60 00 20 00 00 00 00 00
 (1789107136.297831)  can0  601   [8]  40 00 20 00 00 00 00 00
 (1789107136.298158)  can0  581   [8]  4B 00 20 00 00 00 00 00
