[OUTPUT] 
Internal ctest changing into directory: /home/gtc/Desktop/workspace/Linux_PROJ/robot_control/out/build/review-fixes

[HANDLER_OUTPUT] 
Test project /home/gtc/Desktop/workspace/Linux_PROJ/robot_control/out/build/review-fixes

      Start  1: platform_probe_help
 1/62 Test  #1: platform_probe_help ...............................................................................   Passed    0.00 sec
      Start  2: platform_probe_run
 2/62 Test  #2: platform_probe_run ................................................................................   Passed    0.00 sec
      Start  3: platform_probe_phase3_smoke
 3/62 Test  #3: platform_probe_phase3_smoke .......................................................................   Passed    0.00 sec
      Start  4: can_probe_help
 4/62 Test  #4: can_probe_help ....................................................................................   Passed    0.00 sec
      Start  5: can_probe_missing_interface
 5/62 Test  #5: can_probe_missing_interface .......................................................................   Passed    0.00 sec
      Start  6: can_probe_unknown_argument
 6/62 Test  #6: can_probe_unknown_argument ........................................................................   Passed    0.00 sec
      Start  7: can_probe_duration_zero
 7/62 Test  #7: can_probe_duration_zero ...........................................................................   Passed    0.00 sec
      Start  8: can_probe_duration_nonnumeric
 8/62 Test  #8: can_probe_duration_nonnumeric .....................................................................   Passed    0.00 sec
      Start  9: can_probe_duration_overflow
 9/62 Test  #9: can_probe_duration_overflow .......................................................................   Passed    0.00 sec
      Start 10: can_probe_duplicate_interface
10/62 Test #10: can_probe_duplicate_interface .....................................................................   Passed    0.00 sec
      Start 11: can_probe_duplicate_duration
11/62 Test #11: can_probe_duplicate_duration ......................................................................   Passed    0.00 sec
      Start 12: can_probe_interface_missing_value
12/62 Test #12: can_probe_interface_missing_value .................................................................   Passed    0.00 sec
      Start 13: can_probe_duration_missing_value
13/62 Test #13: can_probe_duration_missing_value ..................................................................   Passed    0.00 sec
      Start 14: can_probe_duration_negative
14/62 Test #14: can_probe_duration_negative .......................................................................   Passed    0.00 sec
      Start 15: canopen_observer_help
15/62 Test #15: canopen_observer_help .............................................................................   Passed    0.00 sec
      Start 16: canopen_observer_invalid_
16/62 Test #16: canopen_observer_invalid_ .........................................................................   Passed    0.00 sec
      Start 17: canopen_observer_invalid___unknown
17/62 Test #17: canopen_observer_invalid___unknown ................................................................   Passed    0.00 sec
      Start 18: canopen_observer_invalid___interface_unused0
18/62 Test #18: canopen_observer_invalid___interface_unused0 ......................................................   Passed    0.00 sec
      Start 19: canopen_observer_invalid___interface_unused0___interface_unused1
19/62 Test #19: canopen_observer_invalid___interface_unused0___interface_unused1 ..................................   Passed    0.00 sec
      Start 20: canopen_observer_invalid___duration_ms_0
20/62 Test #20: canopen_observer_invalid___duration_ms_0 ..........................................................   Passed    0.00 sec
      Start 21: canopen_observer_invalid___duration_ms_1___duration_ms_2
21/62 Test #21: canopen_observer_invalid___duration_ms_1___duration_ms_2 ..........................................   Passed    0.00 sec
      Start 22: zlac_qualification_invalid___interface_vcan0___manual_tpdo___duration_ms_1000
22/62 Test #22: zlac_qualification_invalid___interface_vcan0___manual_tpdo___duration_ms_1000 .....................   Passed    0.00 sec
      Start 23: zlac_qualification_invalid___interface_vcan0___nmt_operational
23/62 Test #23: zlac_qualification_invalid___interface_vcan0___nmt_operational ....................................   Passed    0.00 sec
      Start 24: zlac_qualification_invalid___interface_vcan0___velocity_mode
24/62 Test #24: zlac_qualification_invalid___interface_vcan0___velocity_mode ......................................   Passed    0.00 sec
      Start 25: zlac_qualification_invalid___interface_vcan0___controlword_switch_on
25/62 Test #25: zlac_qualification_invalid___interface_vcan0___controlword_switch_on ..............................   Passed    0.00 sec
      Start 26: zlac_qualification_invalid___interface_vcan0___controlword_enable_operation
26/62 Test #26: zlac_qualification_invalid___interface_vcan0___controlword_enable_operation .......................   Passed    0.00 sec
      Start 27: zlac_qualification_invalid___interface_vcan0___manual_tpdo___watchdog_once
27/62 Test #27: zlac_qualification_invalid___interface_vcan0___manual_tpdo___watchdog_once ........................   Passed    0.00 sec
      Start 28: zlac_qualification_invalid_
28/62 Test #28: zlac_qualification_invalid_ .......................................................................   Passed    0.00 sec
      Start 29: zlac_qualification_invalid___unknown
29/62 Test #29: zlac_qualification_invalid___unknown ..............................................................   Passed    0.00 sec
      Start 30: zlac_qualification_invalid___interface_vcan0
30/62 Test #30: zlac_qualification_invalid___interface_vcan0 ......................................................   Passed    0.00 sec
      Start 31: zlac_qualification_invalid___interface_vcan0___nmt_reset_node
31/62 Test #31: zlac_qualification_invalid___interface_vcan0___nmt_reset_node .....................................   Passed    0.00 sec
      Start 32: zlac_qualification_invalid___interface_vcan0___controlword_quick_stop
32/62 Test #32: zlac_qualification_invalid___interface_vcan0___controlword_quick_stop .............................   Passed    0.00 sec
      Start 33: zlac_qualification_invalid___interface_vcan0___target_once_1_11___duration_ms_10
33/62 Test #33: zlac_qualification_invalid___interface_vcan0___target_once_1_11___duration_ms_10 ..................   Passed    0.00 sec
      Start 34: zlac_qualification_invalid___interface_vcan0___target_once_1_5___duration_ms_3001
34/62 Test #34: zlac_qualification_invalid___interface_vcan0___target_once_1_5___duration_ms_3001 .................   Passed    0.00 sec
      Start 35: zlac_qualification_invalid___interface_vcan0___target_once_1_1
35/62 Test #35: zlac_qualification_invalid___interface_vcan0___target_once_1_1 ....................................   Passed    0.00 sec
      Start 36: zlac_qualification_invalid___interface_vcan0___rpdo_once_1_11___duration_ms_10
36/62 Test #36: zlac_qualification_invalid___interface_vcan0___rpdo_once_1_11___duration_ms_10 ....................   Passed    0.00 sec
      Start 37: zlac_qualification_invalid___interface_vcan0___rpdo_once_2_5___duration_ms_3001
37/62 Test #37: zlac_qualification_invalid___interface_vcan0___rpdo_once_2_5___duration_ms_3001 ...................   Passed    0.00 sec
      Start 38: zlac_qualification_invalid___interface_vcan0___rpdo_once_1_5___target_once_1_5___duration_ms_10
38/62 Test #38: zlac_qualification_invalid___interface_vcan0___rpdo_once_1_5___target_once_1_5___duration_ms_10 ...   Passed    0.00 sec
      Start 39: zlac_qualification_invalid___interface_vcan0___nmt_stop_once_2_5___duration_ms_2001
39/62 Test #39: zlac_qualification_invalid___interface_vcan0___nmt_stop_once_2_5___duration_ms_2001 ...............   Passed    0.00 sec
      Start 40: zlac_qualification_invalid___interface_vcan0___nmt_stop_once_2_5
40/62 Test #40: zlac_qualification_invalid___interface_vcan0___nmt_stop_once_2_5 ..................................   Passed    0.00 sec
      Start 41: zlac_qualification_invalid___interface_vcan0___shutdown_once_2_5
41/62 Test #41: zlac_qualification_invalid___interface_vcan0___shutdown_once_2_5 ..................................   Passed    0.00 sec
      Start 42: zlac_qualification_invalid___interface_vcan0___shutdown_once_2_5___duration_ms_10001
42/62 Test #42: zlac_qualification_invalid___interface_vcan0___shutdown_once_2_5___duration_ms_10001 ..............   Passed    0.00 sec
      Start 43: zlac_qualification_invalid___interface_vcan0___disable_voltage_once_2_5
43/62 Test #43: zlac_qualification_invalid___interface_vcan0___disable_voltage_once_2_5 ...........................   Passed    0.00 sec
      Start 44: zlac_qualification_invalid___interface_vcan0___disable_voltage_once_2_5___duration_ms_10001
44/62 Test #44: zlac_qualification_invalid___interface_vcan0___disable_voltage_once_2_5___duration_ms_10001 .......   Passed    0.00 sec
      Start 45: zlac_qualification_invalid___interface_vcan0___quick_stop_once_2_5
45/62 Test #45: zlac_qualification_invalid___interface_vcan0___quick_stop_once_2_5 ................................   Passed    0.00 sec
      Start 46: zlac_qualification_invalid___interface_vcan0___quick_stop_once_2_5___duration_ms_10001
46/62 Test #46: zlac_qualification_invalid___interface_vcan0___quick_stop_once_2_5___duration_ms_10001 ............   Passed    0.00 sec
      Start 47: zlac_qualification_invalid___interface_vcan0___watchdog_once___duration_ms_1500
47/62 Test #47: zlac_qualification_invalid___interface_vcan0___watchdog_once___duration_ms_1500 ...................   Passed    0.00 sec
      Start 48: zlac_qualification_invalid___interface_vcan0___heartbeat_loss_once_2_5
48/62 Test #48: zlac_qualification_invalid___interface_vcan0___heartbeat_loss_once_2_5 ............................   Passed    0.00 sec
      Start 49: zlac_qualification_invalid___interface_vcan0___tpdo_loss_once___watchdog_once
49/62 Test #49: zlac_qualification_invalid___interface_vcan0___tpdo_loss_once___watchdog_once .....................   Passed    0.00 sec
      Start 50: zlac_qualification_invalid___interface_vcan0___external_loss_once___duration_ms_1000
50/62 Test #50: zlac_qualification_invalid___interface_vcan0___external_loss_once___duration_ms_1000 ..............   Passed    0.00 sec
      Start 51: zlac_qualification_invalid___interface_vcan0___external_loss_once___watchdog_once
51/62 Test #51: zlac_qualification_invalid___interface_vcan0___external_loss_once___watchdog_once .................   Passed    0.00 sec
      Start 52: zlac_qualification_invalid___interface_vcan0___zero_sequence___zero_targets
52/62 Test #52: zlac_qualification_invalid___interface_vcan0___zero_sequence___zero_targets .......................   Passed    0.00 sec
      Start 53: zlac_qualification_invalid___interface_vcan0___zero_sequence___duration_ms_10
53/62 Test #53: zlac_qualification_invalid___interface_vcan0___zero_sequence___duration_ms_10 .....................   Passed    0.00 sec
      Start 54: domain_behavior_lock
54/62 Test #54: domain_behavior_lock ..............................................................................   Passed    0.00 sec
      Start 55: canopen_stack_build
55/62 Test #55: canopen_stack_build ...............................................................................   Passed    0.00 sec
      Start 56: canopen_vcan_managed
56/62 Test #56: canopen_vcan_managed ..............................................................................   Passed    0.63 sec
      Start 57: socketcan_frame_codec
57/62 Test #57: socketcan_frame_codec .............................................................................   Passed    0.00 sec
      Start 58: socketcan_socket_lifecycle
58/62 Test #58: socketcan_socket_lifecycle ........................................................................   Passed    0.00 sec
      Start 59: socketcan_vcan_managed
59/62 Test #59: socketcan_vcan_managed ............................................................................   Passed    0.16 sec
      Start 60: canopen_qualification_gate
60/62 Test #60: canopen_qualification_gate ........................................................................   Passed    0.00 sec
      Start 61: canopen_qualification_vcan_managed
61/62 Test #61: canopen_qualification_vcan_managed ................................................................   Passed   63.41 sec
      Start 62: linux_platform_integration
62/62 Test #62: linux_platform_integration ........................................................................   Passed    0.20 sec

100% tests passed, 0 tests failed out of 62

Total Test time (real) =  64.61 sec
