 (1789380272.065377)  can0  601   [8]  40 00 20 00 00 00 00 00
 (1789380272.065742)  can0  581   [8]  4B 00 20 00 00 00 00 00
 (1789380272.067312)  can0  601   [8]  40 17 10 00 00 00 00 00
 (1789380272.067673)  can0  581   [8]  4B 17 10 00 00 00 00 00
 (1789380272.069309)  can0  601   [8]  2B 17 10 00 F4 01 00 00
 (1789380272.069668)  can0  581   [8]  60 17 10 00 00 00 00 00
 (1789380272.071307)  can0  601   [8]  40 17 10 00 00 00 00 00
 (1789380272.071657)  can0  581   [8]  4B 17 10 00 F4 01 00 00
 (1789380272.319108)  can0  701   [1]  7F
 (1789380272.321340)  can0  601   [8]  40 00 18 01 00 00 00 00
 (1789380272.321660)  can0  581   [8]  43 00 18 01 81 01 00 00
 (1789380272.323335)  can0  601   [8]  40 00 18 02 00 00 00 00
 (1789380272.323600)  can0  581   [8]  4F 00 18 02 FF 00 00 00
 (1789380272.325316)  can0  601   [8]  40 00 18 05 00 00 00 00
 (1789380272.325651)  can0  581   [8]  4B 00 18 05 64 00 00 00
 (1789380272.327313)  can0  601   [8]  40 00 1A 00 00 00 00 00
 (1789380272.327652)  can0  581   [8]  4F 00 1A 00 02 00 00 00
 (1789380272.329311)  can0  601   [8]  40 00 1A 01 00 00 00 00
 (1789380272.329583)  can0  581   [8]  43 00 1A 01 20 00 41 60
 (1789380272.331315)  can0  601   [8]  40 00 1A 02 00 00 00 00
 (1789380272.331573)  can0  581   [8]  43 00 1A 02 20 03 6C 60
 (1789380272.333338)  can0  601   [8]  40 60 60 00 00 00 00 00
 (1789380272.333699)  can0  581   [8]  4F 60 60 00 03 00 00 00
 (1789380272.335309)  can0  601   [8]  40 61 60 00 00 00 00 00
 (1789380272.335568)  can0  581   [8]  4F 61 60 00 03 00 00 00
 (1789380272.337311)  can0  601   [8]  40 FF 60 01 00 00 00 00
 (1789380272.337623)  can0  581   [8]  43 FF 60 01 00 00 00 00
 (1789380272.339318)  can0  601   [8]  40 FF 60 02 00 00 00 00
 (1789380272.339628)  can0  581   [8]  43 FF 60 02 00 00 00 00
 (1789380272.341314)  can0  601   [8]  40 3F 60 00 00 00 00 00
 (1789380272.341621)  can0  581   [8]  43 3F 60 00 00 00 00 00
 (1789380272.343257)  can0  601   [8]  40 6C 60 01 00 00 00 00
 (1789380272.343612)  can0  581   [8]  43 6C 60 01 00 00 00 00
 (1789380272.345308)  can0  601   [8]  40 6C 60 02 00 00 00 00
 (1789380272.345608)  can0  581   [8]  43 6C 60 02 00 00 00 00
 (1789380272.347307)  can0  601   [8]  40 6C 60 03 00 00 00 00
 (1789380272.347664)  can0  581   [8]  43 6C 60 03 00 00 00 00
 (1789380272.349258)  can0  601   [8]  40 0F 20 00 00 00 00 00
 (1789380272.349601)  can0  581   [8]  4B 0F 20 00 01 00 00 00
 (1789380272.351317)  can0  601   [8]  23 FF 60 03 00 00 00 00
 (1789380272.351601)  can0  581   [8]  60 FF 60 03 00 00 00 00
 (1789380272.353251)  can0  601   [8]  40 FF 60 03 00 00 00 00
 (1789380272.353594)  can0  581   [8]  43 FF 60 03 00 00 00 00
 (1789380272.355322)  can0  601   [8]  23 FF 60 03 00 00 00 00
 (1789380272.355593)  can0  581   [8]  60 FF 60 03 00 00 00 00
 (1789380272.357307)  can0  601   [8]  40 FF 60 03 00 00 00 00
 (1789380272.357641)  can0  581   [8]  43 FF 60 03 00 00 00 00
 (1789380272.359149)  can0  000   [2]  01 01
 (1789380272.359574)  can0  181   [8]  00 14 00 14 00 00 00 00
 (1789380272.359673)  can0  281   [0] 
 (1789380272.359773)  can0  381   [0] 
 (1789380272.359871)  can0  481   [0] 
 (1789380272.409533)  can0  181   [8]  00 14 00 14 00 00 00 00
 (1789380272.459605)  can0  181   [8]  00 14 00 14 00 00 00 00
 (1789380272.509557)  can0  181   [8]  00 14 00 14 00 00 00 00
 (1789380272.559627)  can0  181   [8]  00 14 00 14 00 00 00 00
 (1789380272.568664)  can0  701   [1]  05
 (1789380272.570332)  can0  601   [8]  2F 60 60 00 03 00 00 00
 (1789380272.570665)  can0  581   [8]  60 60 60 00 00 00 00 00
 (1789380272.572314)  can0  601   [8]  40 61 60 00 00 00 00 00
 (1789380272.572595)  can0  581   [8]  4F 61 60 00 03 00 00 00
 (1789380272.574324)  can0  601   [8]  2B 40 60 00 06 00 00 00
 (1789380272.574656)  can0  581   [8]  60 40 60 00 00 00 00 00
 (1789380272.609632)  can0  181   [8]  21 14 21 14 00 00 00 00
 (1789380272.611321)  can0  601   [8]  40 6C 60 01 00 00 00 00
 (1789380272.611683)  can0  581   [8]  43 6C 60 01 00 00 00 00
 (1789380272.613308)  can0  601   [8]  40 6C 60 02 00 00 00 00
 (1789380272.613563)  can0  581   [8]  43 6C 60 02 00 00 00 00
 (1789380272.615310)  can0  601   [8]  40 6C 60 03 00 00 00 00
 (1789380272.615621)  can0  581   [8]  43 6C 60 03 00 00 00 00
 (1789380272.617324)  can0  601   [8]  2B 40 60 00 07 00 00 00
 (1789380272.617684)  can0  581   [8]  60 40 60 00 00 00 00 00
 (1789380272.659634)  can0  181   [8]  23 14 23 14 00 00 00 00
 (1789380272.661315)  can0  601   [8]  40 6C 60 01 00 00 00 00
 (1789380272.661626)  can0  581   [8]  43 6C 60 01 00 00 00 00
 (1789380272.663311)  can0  601   [8]  40 6C 60 02 00 00 00 00
 (1789380272.663567)  can0  581   [8]  43 6C 60 02 00 00 00 00
 (1789380272.665310)  can0  601   [8]  40 6C 60 03 00 00 00 00
 (1789380272.665621)  can0  581   [8]  43 6C 60 03 00 00 00 00
 (1789380272.667314)  can0  601   [8]  2B 40 60 00 0F 00 00 00
 (1789380272.667629)  can0  581   [8]  60 40 60 00 00 00 00 00
 (1789380272.709590)  can0  181   [8]  27 14 27 14 00 00 00 00
 (1789380272.711322)  can0  601   [8]  40 6C 60 01 00 00 00 00
 (1789380272.711639)  can0  581   [8]  43 6C 60 01 00 00 00 00
 (1789380272.713313)  can0  601   [8]  40 6C 60 02 00 00 00 00
 (1789380272.713580)  can0  581   [8]  43 6C 60 02 00 00 00 00
 (1789380272.715312)  can0  601   [8]  40 6C 60 03 00 00 00 00
 (1789380272.715574)  can0  581   [8]  43 6C 60 03 00 00 00 00
 (1789380272.717320)  can0  601   [8]  2B 00 20 00 E8 03 00 00
 (1789380272.717638)  can0  581   [8]  60 00 20 00 00 00 00 00
 (1789380272.719314)  can0  601   [8]  40 00 20 00 00 00 00 00
 (1789380272.719566)  can0  581   [8]  4B 00 20 00 E8 03 00 00
 (1789380272.721323)  can0  601   [8]  23 FF 60 03 00 00 05 00
 (1789380272.721637)  can0  581   [8]  60 FF 60 03 00 00 00 00
 (1789380272.723309)  can0  601   [8]  40 FF 60 03 00 00 00 00
 (1789380272.723563)  can0  581   [8]  43 FF 60 03 00 00 05 00
 (1789380272.759590)  can0  181   [8]  27 14 27 44 00 00 0E 00
 (1789380272.809554)  can0  181   [8]  27 14 27 44 00 00 2F 00
 (1789380272.818159)  can0  701   [1]  05
 (1789380272.859551)  can0  181   [8]  27 14 27 44 00 00 33 00
 (1789380272.909509)  can0  181   [8]  27 14 27 44 00 00 2E 00
 (1789380272.922276)  can0  601   [8]  40 6C 60 01 00 00 00 00
 (1789380272.922604)  can0  581   [8]  43 6C 60 01 00 00 00 00
 (1789380272.924319)  can0  601   [8]  40 6C 60 02 00 00 00 00
 (1789380272.924652)  can0  581   [8]  43 6C 60 02 2D 00 00 00
 (1789380272.937323)  can0  601   [8]  40 6C 60 02 00 00 00 00
 (1789380272.937625)  can0  581   [8]  43 6C 60 02 2E 00 00 00
 (1789380272.959454)  can0  181   [8]  27 14 27 44 00 00 30 00
 (1789380272.993332)  can0  601   [8]  40 6C 60 02 00 00 00 00
 (1789380272.993579)  can0  581   [8]  43 6C 60 02 33 00 00 00
 (1789380273.009403)  can0  181   [8]  27 14 27 44 00 00 35 00
 (1789380273.050331)  can0  601   [8]  40 6C 60 02 00 00 00 00
 (1789380273.050606)  can0  581   [8]  43 6C 60 02 35 00 00 00
 (1789380273.059348)  can0  181   [8]  27 14 27 44 00 00 34 00
 (1789380273.067655)  can0  701   [1]  05
 (1789380273.106338)  can0  601   [8]  40 6C 60 02 00 00 00 00
 (1789380273.106623)  can0  581   [8]  43 6C 60 02 30 00 00 00
 (1789380273.109297)  can0  181   [8]  27 14 27 44 00 00 31 00
 (1789380273.159254)  can0  181   [8]  27 14 27 44 00 00 30 00
 (1789380273.163329)  can0  601   [8]  40 6C 60 02 00 00 00 00
 (1789380273.163618)  can0  581   [8]  43 6C 60 02 2F 00 00 00
 (1789380273.209203)  can0  181   [8]  27 14 27 44 00 00 2F 00
 (1789380273.220282)  can0  601   [8]  40 6C 60 02 00 00 00 00
 (1789380273.220614)  can0  581   [8]  43 6C 60 02 32 00 00 00
 (1789380273.259152)  can0  181   [8]  27 14 27 44 00 00 34 00
 (1789380273.276385)  can0  601   [8]  40 6C 60 02 00 00 00 00
 (1789380273.276630)  can0  581   [8]  43 6C 60 02 33 00 00 00
 (1789380273.309101)  can0  181   [8]  27 14 27 44 00 00 2C 00
 (1789380273.317174)  can0  701   [1]  05
 (1789380273.333381)  can0  601   [8]  40 6C 60 02 00 00 00 00
 (1789380273.333669)  can0  581   [8]  43 6C 60 02 2E 00 00 00
 (1789380273.359051)  can0  181   [8]  27 14 27 44 00 00 30 00
 (1789380273.390384)  can0  601   [8]  40 6C 60 02 00 00 00 00
 (1789380273.390727)  can0  581   [8]  43 6C 60 02 31 00 00 00
 (1789380273.408998)  can0  181   [8]  27 14 27 44 00 00 34 00
 (1789380273.447323)  can0  601   [8]  40 6C 60 02 00 00 00 00
 (1789380273.447720)  can0  581   [8]  43 6C 60 02 36 00 00 00
 (1789380273.458950)  can0  181   [8]  27 14 27 44 00 00 35 00
 (1789380273.504383)  can0  601   [8]  40 6C 60 02 00 00 00 00
 (1789380273.504714)  can0  581   [8]  43 6C 60 02 31 00 00 00
 (1789380273.508896)  can0  181   [8]  27 14 27 44 00 00 32 00
 (1789380273.558846)  can0  181   [8]  27 14 27 44 00 00 33 00
 (1789380273.561380)  can0  601   [8]  40 6C 60 02 00 00 00 00
 (1789380273.561711)  can0  581   [8]  43 6C 60 02 32 00 00 00
 (1789380273.566768)  can0  701   [1]  05
 (1789380273.608795)  can0  181   [8]  27 14 27 44 00 00 2E 00
 (1789380273.618395)  can0  601   [8]  40 6C 60 02 00 00 00 00
 (1789380273.618708)  can0  581   [8]  43 6C 60 02 31 00 00 00
 (1789380273.658747)  can0  181   [8]  27 14 27 44 00 00 35 00
 (1789380273.675387)  can0  601   [8]  40 6C 60 02 00 00 00 00
 (1789380273.675706)  can0  581   [8]  43 6C 60 02 35 00 00 00
 (1789380273.708690)  can0  181   [8]  27 14 27 44 00 00 2D 00
 (1789380273.732382)  can0  601   [8]  40 6C 60 02 00 00 00 00
 (1789380273.732703)  can0  581   [8]  43 6C 60 02 2C 00 00 00
 (1789380273.758645)  can0  181   [8]  27 14 27 44 00 00 2F 00
 (1789380273.789393)  can0  601   [8]  40 6C 60 02 00 00 00 00
 (1789380273.789637)  can0  581   [8]  43 6C 60 02 30 00 00 00
 (1789380273.808587)  can0  181   [8]  27 14 27 44 00 00 33 00
 (1789380273.816268)  can0  701   [1]  05
 (1789380273.846387)  can0  601   [8]  40 6C 60 02 00 00 00 00
 (1789380273.846633)  can0  581   [8]  43 6C 60 02 34 00 00 00
 (1789380273.858541)  can0  181   [8]  27 14 27 44 00 00 34 00
 (1789380273.902392)  can0  601   [8]  40 6C 60 02 00 00 00 00
 (1789380273.902695)  can0  581   [8]  43 6C 60 02 31 00 00 00
 (1789380273.908489)  can0  181   [8]  27 14 27 44 00 00 32 00
 (1789380273.958441)  can0  181   [8]  27 14 27 44 00 00 34 00
 (1789380273.958844)  can0  601   [8]  40 6C 60 02 00 00 00 00
 (1789380273.959186)  can0  581   [8]  43 6C 60 02 34 00 00 00
 (1789380274.008390)  can0  181   [8]  27 14 27 44 00 00 2B 00
 (1789380274.015384)  can0  601   [8]  40 6C 60 02 00 00 00 00
 (1789380274.015687)  can0  581   [8]  43 6C 60 02 2D 00 00 00
 (1789380274.058336)  can0  181   [8]  27 14 27 44 00 00 33 00
 (1789380274.065825)  can0  701   [1]  05
 (1789380274.072392)  can0  601   [8]  40 6C 60 02 00 00 00 00
 (1789380274.072694)  can0  581   [8]  43 6C 60 02 34 00 00 00
 (1789380274.108289)  can0  181   [8]  27 14 27 44 00 00 2F 00
 (1789380274.128386)  can0  601   [8]  40 6C 60 02 00 00 00 00
 (1789380274.128695)  can0  581   [8]  43 6C 60 02 2C 00 00 00
 (1789380274.158240)  can0  181   [8]  27 14 27 44 00 00 2F 00
 (1789380274.185390)  can0  601   [8]  40 6C 60 02 00 00 00 00
 (1789380274.185735)  can0  581   [8]  43 6C 60 02 30 00 00 00
 (1789380274.208186)  can0  181   [8]  27 14 27 44 00 00 32 00
 (1789380274.241383)  can0  601   [8]  40 6C 60 02 00 00 00 00
 (1789380274.241684)  can0  581   [8]  43 6C 60 02 34 00 00 00
 (1789380274.258137)  can0  181   [8]  27 14 27 44 00 00 35 00
 (1789380274.298392)  can0  601   [8]  40 6C 60 02 00 00 00 00
 (1789380274.298728)  can0  581   [8]  43 6C 60 02 31 00 00 00
 (1789380274.308080)  can0  181   [8]  27 14 27 44 00 00 32 00
 (1789380274.315321)  can0  701   [1]  05
 (1789380274.355386)  can0  601   [8]  40 6C 60 02 00 00 00 00
 (1789380274.355725)  can0  581   [8]  43 6C 60 02 35 00 00 00
 (1789380274.358033)  can0  181   [8]  27 14 27 44 00 00 35 00
 (1789380274.407982)  can0  181   [8]  27 14 27 44 00 00 2D 00
 (1789380274.412371)  can0  601   [8]  40 6C 60 02 00 00 00 00
 (1789380274.412719)  can0  581   [8]  43 6C 60 02 2E 00 00 00
 (1789380274.457930)  can0  181   [8]  27 14 27 44 00 00 33 00
 (1789380274.468383)  can0  601   [8]  40 6C 60 02 00 00 00 00
 (1789380274.468720)  can0  581   [8]  43 6C 60 02 34 00 00 00
 (1789380274.507886)  can0  181   [8]  27 14 27 44 00 00 30 00
 (1789380274.525382)  can0  601   [8]  40 6C 60 02 00 00 00 00
 (1789380274.525716)  can0  581   [8]  43 6C 60 02 2C 00 00 00
 (1789380274.557831)  can0  181   [8]  27 14 27 44 00 00 2E 00
 (1789380274.564882)  can0  701   [1]  05
 (1789380274.582380)  can0  601   [8]  40 6C 60 02 00 00 00 00
 (1789380274.582709)  can0  581   [8]  43 6C 60 02 30 00 00 00
 (1789380274.607780)  can0  181   [8]  27 14 27 44 00 00 32 00
 (1789380274.639388)  can0  601   [8]  40 6C 60 02 00 00 00 00
 (1789380274.639647)  can0  581   [8]  43 6C 60 02 34 00 00 00
 (1789380274.657672)  can0  181   [8]  27 14 27 44 00 00 34 00
 (1789380274.696384)  can0  601   [8]  40 6C 60 02 00 00 00 00
 (1789380274.696642)  can0  581   [8]  43 6C 60 02 2F 00 00 00
 (1789380274.707677)  can0  181   [8]  27 14 27 44 00 00 30 00
 (1789380274.752382)  can0  601   [8]  40 6C 60 02 00 00 00 00
 (1789380274.752704)  can0  581   [8]  43 6C 60 02 34 00 00 00
 (1789380274.757623)  can0  181   [8]  27 14 27 44 00 00 34 00
 (1789380274.807576)  can0  181   [8]  27 14 27 44 00 00 2C 00
 (1789380274.809374)  can0  601   [8]  40 6C 60 02 00 00 00 00
 (1789380274.809641)  can0  581   [8]  43 6C 60 02 2C 00 00 00
 (1789380274.814322)  can0  701   [1]  05
 (1789380274.857527)  can0  181   [8]  27 14 27 44 00 00 34 00
 (1789380274.866376)  can0  601   [8]  40 6C 60 02 00 00 00 00
 (1789380274.866631)  can0  581   [8]  43 6C 60 02 34 00 00 00
 (1789380274.907416)  can0  181   [8]  27 14 27 44 00 00 31 00
 (1789380274.923373)  can0  601   [8]  40 6C 60 02 00 00 00 00
 (1789380274.923629)  can0  581   [8]  43 6C 60 02 2D 00 00 00
 (1789380274.957421)  can0  181   [8]  27 14 27 44 00 00 2D 00
 (1789380274.979380)  can0  601   [8]  40 6C 60 02 00 00 00 00
 (1789380274.979628)  can0  581   [8]  43 6C 60 02 30 00 00 00
 (1789380275.007372)  can0  181   [8]  27 14 27 44 00 00 31 00
 (1789380275.036383)  can0  601   [8]  40 6C 60 02 00 00 00 00
 (1789380275.036627)  can0  581   [8]  43 6C 60 02 35 00 00 00
 (1789380275.057320)  can0  181   [8]  27 14 27 44 00 00 36 00
 (1789380275.063883)  can0  701   [1]  05
 (1789380275.093379)  can0  601   [8]  40 6C 60 02 00 00 00 00
 (1789380275.093623)  can0  581   [8]  43 6C 60 02 2F 00 00 00
 (1789380275.107223)  can0  181   [8]  27 14 27 44 00 00 2F 00
 (1789380275.150375)  can0  601   [8]  40 6C 60 02 00 00 00 00
 (1789380275.150676)  can0  581   [8]  43 6C 60 02 35 00 00 00
 (1789380275.157173)  can0  181   [8]  27 14 27 44 00 00 35 00
 (1789380275.207166)  can0  181   [8]  27 14 27 44 00 00 2D 00
 (1789380275.207403)  can0  601   [8]  40 6C 60 02 00 00 00 00
 (1789380275.207726)  can0  581   [8]  43 6C 60 02 2D 00 00 00
 (1789380275.257123)  can0  181   [8]  27 14 27 44 00 00 33 00
 (1789380275.264385)  can0  601   [8]  40 6C 60 02 00 00 00 00
 (1789380275.264728)  can0  581   [8]  43 6C 60 02 33 00 00 00
 (1789380275.307070)  can0  181   [8]  27 14 27 44 00 00 34 00
 (1789380275.313435)  can0  701   [1]  05
 (1789380275.321380)  can0  601   [8]  40 6C 60 02 00 00 00 00
 (1789380275.321721)  can0  581   [8]  43 6C 60 02 30 00 00 00
 (1789380275.357018)  can0  181   [8]  27 14 27 44 00 00 2B 00
 (1789380275.378385)  can0  601   [8]  40 6C 60 02 00 00 00 00
 (1789380275.378716)  can0  581   [8]  43 6C 60 02 2F 00 00 00
 (1789380275.406965)  can0  181   [8]  27 14 27 44 00 00 31 00
 (1789380275.435383)  can0  601   [8]  40 6C 60 02 00 00 00 00
 (1789380275.435713)  can0  581   [8]  43 6C 60 02 35 00 00 00
 (1789380275.456918)  can0  181   [8]  27 14 27 44 00 00 36 00
 (1789380275.492382)  can0  601   [8]  40 6C 60 02 00 00 00 00
 (1789380275.492706)  can0  581   [8]  43 6C 60 02 30 00 00 00
 (1789380275.506864)  can0  181   [8]  27 14 27 44 00 00 2E 00
 (1789380275.549375)  can0  601   [8]  40 6C 60 02 00 00 00 00
 (1789380275.549645)  can0  581   [8]  43 6C 60 02 33 00 00 00
 (1789380275.556812)  can0  181   [8]  27 14 27 44 00 00 33 00
 (1789380275.562996)  can0  701   [1]  05
 (1789380275.606388)  can0  601   [8]  40 6C 60 02 00 00 00 00
 (1789380275.606647)  can0  581   [8]  43 6C 60 02 2C 00 00 00
 (1789380275.606883)  can0  181   [8]  27 14 27 44 00 00 2C 00
 (1789380275.656966)  can0  181   [8]  27 14 27 44 00 00 33 00
 (1789380275.663376)  can0  601   [8]  40 6C 60 02 00 00 00 00
 (1789380275.663639)  can0  581   [8]  43 6C 60 02 33 00 00 00
 (1789380275.706724)  can0  181   [8]  27 14 27 44 00 00 34 00
 (1789380275.720380)  can0  601   [8]  40 6C 60 02 00 00 00 00
 (1789380275.720692)  can0  581   [8]  43 6C 60 02 31 00 00 00
 (1789380275.756675)  can0  181   [8]  27 14 27 44 00 00 2C 00
 (1789380275.777380)  can0  601   [8]  40 6C 60 02 00 00 00 00
 (1789380275.777685)  can0  581   [8]  43 6C 60 02 2F 00 00 00
 (1789380275.806627)  can0  181   [8]  27 14 27 44 00 00 30 00
 (1789380275.812494)  can0  701   [1]  05
 (1789380275.834379)  can0  601   [8]  40 6C 60 02 00 00 00 00
 (1789380275.834682)  can0  581   [8]  43 6C 60 02 34 00 00 00
 (1789380275.856571)  can0  181   [8]  27 14 27 44 00 00 36 00
 (1789380275.891390)  can0  601   [8]  40 6C 60 02 00 00 00 00
 (1789380275.891692)  can0  581   [8]  43 6C 60 02 33 00 00 00
 (1789380275.906519)  can0  181   [8]  27 14 27 44 00 00 30 00
 (1789380275.948383)  can0  601   [8]  40 6C 60 02 00 00 00 00
 (1789380275.948685)  can0  581   [8]  43 6C 60 02 32 00 00 00
 (1789380275.956470)  can0  181   [8]  27 14 27 44 00 00 34 00
 (1789380276.005384)  can0  601   [8]  40 6C 60 02 00 00 00 00
 (1789380276.005689)  can0  581   [8]  43 6C 60 02 2D 00 00 00
 (1789380276.006417)  can0  181   [8]  27 14 27 44 00 00 2D 00
 (1789380276.056372)  can0  181   [8]  27 14 27 44 00 00 32 00
 (1789380276.061386)  can0  601   [8]  40 6C 60 02 00 00 00 00
 (1789380276.061731)  can0  581   [8]  43 6C 60 02 32 00 00 00
 (1789380276.062050)  can0  701   [1]  05
 (1789380276.106317)  can0  181   [8]  27 14 27 44 00 00 34 00
 (1789380276.117382)  can0  601   [8]  40 6C 60 02 00 00 00 00
 (1789380276.117728)  can0  581   [8]  43 6C 60 02 31 00 00 00
 (1789380276.156271)  can0  181   [8]  27 14 27 44 00 00 2C 00
 (1789380276.174386)  can0  601   [8]  40 6C 60 02 00 00 00 00
 (1789380276.174728)  can0  581   [8]  43 6C 60 02 2E 00 00 00
 (1789380276.206219)  can0  181   [8]  27 14 27 44 00 00 30 00
 (1789380276.231383)  can0  601   [8]  40 6C 60 02 00 00 00 00
 (1789380276.231723)  can0  581   [8]  43 6C 60 02 34 00 00 00
 (1789380276.256167)  can0  181   [8]  27 14 27 44 00 00 36 00
 (1789380276.288384)  can0  601   [8]  40 6C 60 02 00 00 00 00
 (1789380276.288717)  can0  581   [8]  43 6C 60 02 33 00 00 00
 (1789380276.306117)  can0  181   [8]  27 14 27 44 00 00 2F 00
 (1789380276.311548)  can0  701   [1]  05
 (1789380276.344382)  can0  601   [8]  40 6C 60 02 00 00 00 00
 (1789380276.344715)  can0  581   [8]  43 6C 60 02 31 00 00 00
 (1789380276.356065)  can0  181   [8]  27 14 27 44 00 00 33 00
 (1789380276.400383)  can0  601   [8]  40 6C 60 02 00 00 00 00
 (1789380276.400712)  can0  581   [8]  43 6C 60 02 2E 00 00 00
 (1789380276.406017)  can0  181   [8]  27 14 27 44 00 00 2C 00
 (1789380276.455965)  can0  181   [8]  27 14 27 44 00 00 31 00
 (1789380276.456343)  can0  601   [8]  40 6C 60 02 00 00 00 00
 (1789380276.456651)  can0  581   [8]  43 6C 60 02 31 00 00 00
 (1789380276.505918)  can0  181   [8]  27 14 27 44 00 00 34 00
 (1789380276.513380)  can0  601   [8]  40 6C 60 02 00 00 00 00
 (1789380276.513649)  can0  581   [8]  43 6C 60 02 33 00 00 00
 (1789380276.555866)  can0  181   [8]  27 14 27 44 00 00 2D 00
 (1789380276.561110)  can0  701   [1]  05
 (1789380276.570375)  can0  601   [8]  40 6C 60 02 00 00 00 00
 (1789380276.570700)  can0  581   [8]  43 6C 60 02 2D 00 00 00
 (1789380276.605815)  can0  181   [8]  27 14 27 44 00 00 30 00
 (1789380276.627380)  can0  601   [8]  40 6C 60 02 00 00 00 00
 (1789380276.627699)  can0  581   [8]  43 6C 60 02 32 00 00 00
 (1789380276.655763)  can0  181   [8]  27 14 27 44 00 00 36 00
 (1789380276.684378)  can0  601   [8]  40 6C 60 02 00 00 00 00
 (1789380276.684692)  can0  581   [8]  43 6C 60 02 37 00 00 00
 (1789380276.705715)  can0  181   [8]  27 14 27 44 00 00 32 00
 (1789380276.741387)  can0  601   [8]  40 6C 60 02 00 00 00 00
 (1789380276.741691)  can0  581   [8]  43 6C 60 02 2E 00 00 00
 (1789380276.755658)  can0  181   [8]  27 14 27 44 00 00 31 00
 (1789380276.798383)  can0  601   [8]  40 6C 60 02 00 00 00 00
 (1789380276.798686)  can0  581   [8]  43 6C 60 02 32 00 00 00
 (1789380276.805609)  can0  181   [8]  27 14 27 44 00 00 30 00
 (1789380276.810554)  can0  701   [1]  05
 (1789380276.854382)  can0  601   [8]  40 6C 60 02 00 00 00 00
 (1789380276.854684)  can0  581   [8]  43 6C 60 02 31 00 00 00
 (1789380276.855553)  can0  181   [8]  27 14 27 44 00 00 31 00
 (1789380276.905510)  can0  181   [8]  27 14 27 44 00 00 34 00
 (1789380276.910377)  can0  601   [8]  40 6C 60 02 00 00 00 00
 (1789380276.910681)  can0  581   [8]  43 6C 60 02 33 00 00 00
 (1789380276.955457)  can0  181   [8]  27 14 27 44 00 00 2D 00
 (1789380276.966375)  can0  601   [8]  40 6C 60 02 00 00 00 00
 (1789380276.966621)  can0  581   [8]  43 6C 60 02 2D 00 00 00
 (1789380277.005409)  can0  181   [8]  27 14 27 44 00 00 30 00
 (1789380277.023383)  can0  601   [8]  40 6C 60 02 00 00 00 00
 (1789380277.023626)  can0  581   [8]  43 6C 60 02 31 00 00 00
 (1789380277.055613)  can0  181   [8]  27 14 27 44 00 00 35 00
 (1789380277.060162)  can0  701   [1]  05
 (1789380277.080379)  can0  601   [8]  40 6C 60 02 00 00 00 00
 (1789380277.080681)  can0  581   [8]  43 6C 60 02 37 00 00 00
 (1789380277.105303)  can0  181   [8]  27 14 27 44 00 00 33 00
 (1789380277.137379)  can0  601   [8]  40 6C 60 02 00 00 00 00
 (1789380277.137683)  can0  581   [8]  43 6C 60 02 2E 00 00 00
 (1789380277.155252)  can0  181   [8]  27 14 27 44 00 00 2F 00
 (1789380277.194382)  can0  601   [8]  40 6C 60 02 00 00 00 00
 (1789380277.194725)  can0  581   [8]  43 6C 60 02 32 00 00 00
 (1789380277.205204)  can0  181   [8]  27 14 27 44 00 00 30 00
 (1789380277.251378)  can0  601   [8]  40 6C 60 02 00 00 00 00
 (1789380277.251721)  can0  581   [8]  43 6C 60 02 2F 00 00 00
 (1789380277.255155)  can0  181   [8]  27 14 27 44 00 00 30 00
 (1789380277.305103)  can0  181   [8]  27 14 27 44 00 00 34 00
 (1789380277.308378)  can0  601   [8]  40 6C 60 02 00 00 00 00
 (1789380277.308716)  can0  581   [8]  43 6C 60 02 34 00 00 00
 (1789380277.309659)  can0  701   [1]  05
 (1789380277.355052)  can0  181   [8]  27 14 27 44 00 00 2C 00
 (1789380277.364376)  can0  601   [8]  40 6C 60 02 00 00 00 00
 (1789380277.364720)  can0  581   [8]  43 6C 60 02 2C 00 00 00
 (1789380277.405003)  can0  181   [8]  27 14 27 44 00 00 30 00
 (1789380277.421384)  can0  601   [8]  40 6C 60 02 00 00 00 00
 (1789380277.421715)  can0  581   [8]  43 6C 60 02 30 00 00 00
 (1789380277.454952)  can0  181   [8]  27 14 27 44 00 00 34 00
 (1789380277.477381)  can0  601   [8]  40 6C 60 02 00 00 00 00
 (1789380277.477711)  can0  581   [8]  43 6C 60 02 36 00 00 00
 (1789380277.504899)  can0  181   [8]  27 14 27 44 00 00 34 00
 (1789380277.534385)  can0  601   [8]  40 6C 60 02 00 00 00 00
 (1789380277.534706)  can0  581   [8]  43 6C 60 02 30 00 00 00
 (1789380277.554847)  can0  181   [8]  27 14 27 44 00 00 31 00
 (1789380277.559220)  can0  701   [1]  05
 (1789380277.591386)  can0  601   [8]  40 6C 60 02 00 00 00 00
 (1789380277.591702)  can0  581   [8]  43 6C 60 02 34 00 00 00
 (1789380277.604795)  can0  181   [8]  27 14 27 44 00 00 31 00
 (1789380277.648386)  can0  601   [8]  40 6C 60 02 00 00 00 00
 (1789380277.648698)  can0  581   [8]  43 6C 60 02 2E 00 00 00
 (1789380277.654745)  can0  181   [8]  27 14 27 44 00 00 2F 00
 (1789380277.704701)  can0  181   [8]  27 14 27 44 00 00 35 00
 (1789380277.705104)  can0  601   [8]  40 6C 60 02 00 00 00 00
 (1789380277.705444)  can0  581   [8]  43 6C 60 02 35 00 00 00
 (1789380277.754648)  can0  181   [8]  27 14 27 44 00 00 2C 00
 (1789380277.761326)  can0  601   [8]  40 6C 60 02 00 00 00 00
 (1789380277.761634)  can0  581   [8]  43 6C 60 02 2B 00 00 00
 (1789380277.804594)  can0  181   [8]  27 14 27 44 00 00 2F 00
 (1789380277.808714)  can0  701   [1]  05
 (1789380277.818383)  can0  601   [8]  40 6C 60 02 00 00 00 00
 (1789380277.818686)  can0  581   [8]  43 6C 60 02 30 00 00 00
 (1789380277.854545)  can0  181   [8]  27 14 27 44 00 00 34 00
 (1789380277.875381)  can0  601   [8]  40 6C 60 02 00 00 00 00
 (1789380277.875684)  can0  581   [8]  43 6C 60 02 34 00 00 00
 (1789380277.904493)  can0  181   [8]  27 14 27 44 00 00 32 00
 (1789380277.932385)  can0  601   [8]  40 6C 60 02 00 00 00 00
 (1789380277.932688)  can0  581   [8]  43 6C 60 02 30 00 00 00
 (1789380277.954440)  can0  181   [8]  27 14 27 44 00 00 31 00
 (1789380277.989399)  can0  601   [8]  40 6C 60 02 00 00 00 00
 (1789380277.989678)  can0  581   [8]  43 6C 60 02 35 00 00 00
 (1789380278.004388)  can0  181   [8]  27 14 27 44 00 00 33 00
 (1789380278.046385)  can0  601   [8]  40 6C 60 02 00 00 00 00
 (1789380278.046629)  can0  581   [8]  43 6C 60 02 2B 00 00 00
 (1789380278.054339)  can0  181   [8]  27 14 27 44 00 00 2D 00
 (1789380278.058276)  can0  701   [1]  05
 (1789380278.102385)  can0  601   [8]  40 6C 60 02 00 00 00 00
 (1789380278.102732)  can0  581   [8]  43 6C 60 02 34 00 00 00
 (1789380278.104287)  can0  181   [8]  27 14 27 44 00 00 34 00
 (1789380278.154238)  can0  181   [8]  27 14 27 44 00 00 2D 00
 (1789380278.159384)  can0  601   [8]  40 6C 60 02 00 00 00 00
 (1789380278.159673)  can0  581   [8]  43 6C 60 02 2C 00 00 00
 (1789380278.204192)  can0  181   [8]  27 14 27 44 00 00 2F 00
 (1789380278.215385)  can0  601   [8]  40 6C 60 02 00 00 00 00
 (1789380278.215725)  can0  581   [8]  43 6C 60 02 30 00 00 00
 (1789380278.254135)  can0  181   [8]  27 14 27 44 00 00 33 00
 (1789380278.272380)  can0  601   [8]  40 6C 60 02 00 00 00 00
 (1789380278.272717)  can0  581   [8]  43 6C 60 02 34 00 00 00
 (1789380278.304085)  can0  181   [8]  27 14 27 44 00 00 33 00
 (1789380278.307773)  can0  701   [1]  05
 (1789380278.329385)  can0  601   [8]  40 6C 60 02 00 00 00 00
 (1789380278.329659)  can0  581   [8]  43 6C 60 02 30 00 00 00
 (1789380278.354035)  can0  181   [8]  27 14 27 44 00 00 31 00
 (1789380278.386381)  can0  601   [8]  40 6C 60 02 00 00 00 00
 (1789380278.386715)  can0  581   [8]  43 6C 60 02 35 00 00 00
 (1789380278.403986)  can0  181   [8]  27 14 27 44 00 00 33 00
 (1789380278.443383)  can0  601   [8]  40 6C 60 02 00 00 00 00
 (1789380278.443648)  can0  581   [8]  43 6C 60 02 2D 00 00 00
 (1789380278.453886)  can0  181   [8]  27 14 27 44 00 00 2E 00
 (1789380278.500379)  can0  601   [8]  40 6C 60 02 00 00 00 00
 (1789380278.500643)  can0  581   [8]  43 6C 60 02 34 00 00 00
 (1789380278.503825)  can0  181   [8]  27 14 27 44 00 00 34 00
 (1789380278.553837)  can0  181   [8]  27 14 27 44 00 00 2E 00
 (1789380278.557376)  can0  601   [8]  40 6C 60 02 00 00 00 00
 (1789380278.557497)  can0  701   [1]  05
 (1789380278.557732)  can0  581   [8]  43 6C 60 02 2D 00 00 00
 (1789380278.603781)  can0  181   [8]  27 14 27 44 00 00 2F 00
 (1789380278.614379)  can0  601   [8]  40 6C 60 02 00 00 00 00
 (1789380278.614692)  can0  581   [8]  43 6C 60 02 30 00 00 00
 (1789380278.653732)  can0  181   [8]  27 14 27 44 00 00 33 00
 (1789380278.671383)  can0  601   [8]  40 6C 60 02 00 00 00 00
 (1789380278.671690)  can0  581   [8]  43 6C 60 02 34 00 00 00
 (1789380278.703681)  can0  181   [8]  27 14 27 44 00 00 33 00
 (1789380278.728381)  can0  601   [8]  40 6C 60 02 00 00 00 00
 (1789380278.728686)  can0  581   [8]  43 6C 60 02 2F 00 00 00
 (1789380278.753575)  can0  181   [8]  27 14 27 44 00 00 30 00
 (1789380278.785378)  can0  601   [8]  40 6C 60 02 00 00 00 00
 (1789380278.785682)  can0  581   [8]  43 6C 60 02 33 00 00 00
 (1789380278.803580)  can0  181   [8]  27 14 27 44 00 00 32 00
 (1789380278.806828)  can0  701   [1]  05
 (1789380278.842381)  can0  601   [8]  40 6C 60 02 00 00 00 00
 (1789380278.842685)  can0  581   [8]  43 6C 60 02 2D 00 00 00
 (1789380278.853528)  can0  181   [8]  27 14 27 44 00 00 2D 00
 (1789380278.899381)  can0  601   [8]  40 6C 60 02 00 00 00 00
 (1789380278.899625)  can0  581   [8]  43 6C 60 02 33 00 00 00
 (1789380278.903474)  can0  181   [8]  27 14 27 44 00 00 34 00
 (1789380278.953432)  can0  181   [8]  27 14 27 44 00 00 30 00
 (1789380278.956384)  can0  601   [8]  40 6C 60 02 00 00 00 00
 (1789380278.956687)  can0  581   [8]  43 6C 60 02 2F 00 00 00
 (1789380279.003379)  can0  181   [8]  27 14 27 44 00 00 2E 00
 (1789380279.013378)  can0  601   [8]  40 6C 60 02 00 00 00 00
 (1789380279.013671)  can0  581   [8]  43 6C 60 02 30 00 00 00
 (1789380279.053325)  can0  181   [8]  27 14 27 44 00 00 33 00
 (1789380279.056387)  can0  701   [1]  05
 (1789380279.070377)  can0  601   [8]  40 6C 60 02 00 00 00 00
 (1789380279.070720)  can0  581   [8]  43 6C 60 02 35 00 00 00
 (1789380279.103340)  can0  181   [8]  27 14 27 44 00 00 35 00
 (1789380279.127378)  can0  601   [8]  40 6C 60 02 00 00 00 00
 (1789380279.127716)  can0  581   [8]  43 6C 60 02 2F 00 00 00
 (1789380279.153229)  can0  181   [8]  27 14 27 44 00 00 2F 00
 (1789380279.184382)  can0  601   [8]  40 6C 60 02 00 00 00 00
 (1789380279.184715)  can0  581   [8]  43 6C 60 02 33 00 00 00
 (1789380279.203425)  can0  181   [8]  27 14 27 44 00 00 33 00
 (1789380279.241384)  can0  601   [8]  40 6C 60 02 00 00 00 00
 (1789380279.241712)  can0  581   [8]  43 6C 60 02 2E 00 00 00
 (1789380279.253180)  can0  181   [8]  27 14 27 44 00 00 2E 00
 (1789380279.297378)  can0  601   [8]  40 6C 60 02 00 00 00 00
 (1789380279.297705)  can0  581   [8]  43 6C 60 02 33 00 00 00
 (1789380279.303132)  can0  181   [8]  27 14 27 44 00 00 33 00
 (1789380279.305946)  can0  701   [1]  05
 (1789380279.353083)  can0  181   [8]  27 14 27 44 00 00 32 00
 (1789380279.353464)  can0  601   [8]  40 6C 60 02 00 00 00 00
 (1789380279.353770)  can0  581   [8]  43 6C 60 02 31 00 00 00
 (1789380279.403033)  can0  181   [8]  27 14 27 44 00 00 2D 00
 (1789380279.410378)  can0  601   [8]  40 6C 60 02 00 00 00 00
 (1789380279.410701)  can0  581   [8]  43 6C 60 02 2F 00 00 00
 (1789380279.452980)  can0  181   [8]  27 14 27 44 00 00 32 00
 (1789380279.467380)  can0  601   [8]  40 6C 60 02 00 00 00 00
 (1789380279.467698)  can0  581   [8]  43 6C 60 02 34 00 00 00
 (1789380279.502929)  can0  181   [8]  27 14 27 44 00 00 36 00
 (1789380279.524377)  can0  601   [8]  40 6C 60 02 00 00 00 00
 (1789380279.524692)  can0  581   [8]  43 6C 60 02 31 00 00 00
 (1789380279.552880)  can0  181   [8]  27 14 27 44 00 00 2D 00
 (1789380279.555444)  can0  701   [1]  05
 (1789380279.581375)  can0  601   [8]  40 6C 60 02 00 00 00 00
 (1789380279.581689)  can0  581   [8]  43 6C 60 02 31 00 00 00
 (1789380279.602828)  can0  181   [8]  27 14 27 44 00 00 32 00
 (1789380279.638380)  can0  601   [8]  40 6C 60 02 00 00 00 00
 (1789380279.638685)  can0  581   [8]  43 6C 60 02 2D 00 00 00
 (1789380279.652778)  can0  181   [8]  27 14 27 44 00 00 2D 00
 (1789380279.695383)  can0  601   [8]  40 6C 60 02 00 00 00 00
 (1789380279.695683)  can0  581   [8]  43 6C 60 02 33 00 00 00
 (1789380279.702725)  can0  181   [8]  27 14 27 44 00 00 33 00
 (1789380279.752315)  can0  601   [8]  40 6C 60 02 00 00 00 00
 (1789380279.752620)  can0  581   [8]  43 6C 60 02 31 00 00 00
 (1789380279.752854)  can0  181   [8]  27 14 27 44 00 00 31 00
 (1789380279.802816)  can0  181   [8]  27 14 27 44 00 00 2D 00
 (1789380279.805003)  can0  701   [1]  05
 (1789380279.809372)  can0  601   [8]  40 6C 60 02 00 00 00 00
 (1789380279.809620)  can0  581   [8]  43 6C 60 02 2F 00 00 00
 (1789380279.852764)  can0  181   [8]  27 14 27 44 00 00 32 00
 (1789380279.866377)  can0  601   [8]  40 6C 60 02 00 00 00 00
 (1789380279.866622)  can0  581   [8]  43 6C 60 02 34 00 00 00
 (1789380279.902713)  can0  181   [8]  27 14 27 44 00 00 36 00
 (1789380279.923380)  can0  601   [8]  40 6C 60 02 00 00 00 00
 (1789380279.923669)  can0  581   [8]  43 6C 60 02 33 00 00 00
 (1789380279.952662)  can0  181   [8]  27 14 27 44 00 00 2F 00
 (1789380279.980376)  can0  601   [8]  40 6C 60 02 00 00 00 00
 (1789380279.980665)  can0  581   [8]  43 6C 60 02 31 00 00 00
 (1789380280.002606)  can0  181   [8]  27 14 27 44 00 00 33 00
 (1789380280.037379)  can0  601   [8]  40 6C 60 02 00 00 00 00
 (1789380280.037716)  can0  581   [8]  43 6C 60 02 2D 00 00 00
 (1789380280.052562)  can0  181   [8]  27 14 27 44 00 00 2E 00
 (1789380280.054501)  can0  701   [1]  05
 (1789380280.094388)  can0  601   [8]  40 6C 60 02 00 00 00 00
 (1789380280.094714)  can0  581   [8]  43 6C 60 02 33 00 00 00
 (1789380280.102504)  can0  181   [8]  27 14 27 44 00 00 33 00
 (1789380280.151375)  can0  601   [8]  40 6C 60 02 00 00 00 00
 (1789380280.151709)  can0  581   [8]  43 6C 60 02 31 00 00 00
 (1789380280.152454)  can0  181   [8]  27 14 27 44 00 00 31 00
 (1789380280.202411)  can0  181   [8]  27 14 27 44 00 00 2E 00
 (1789380280.207376)  can0  601   [8]  40 6C 60 02 00 00 00 00
 (1789380280.207704)  can0  581   [8]  43 6C 60 02 2E 00 00 00
 (1789380280.252359)  can0  181   [8]  27 14 27 44 00 00 32 00
 (1789380280.263381)  can0  601   [8]  40 6C 60 02 00 00 00 00
 (1789380280.263647)  can0  581   [8]  43 6C 60 02 34 00 00 00
 (1789380280.302308)  can0  181   [8]  27 14 27 44 00 00 36 00
 (1789380280.304060)  can0  701   [1]  05
 (1789380280.320377)  can0  601   [8]  40 6C 60 02 00 00 00 00
 (1789380280.320699)  can0  581   [8]  43 6C 60 02 34 00 00 00
 (1789380280.352251)  can0  181   [8]  27 14 27 44 00 00 2D 00
 (1789380280.377322)  can0  601   [8]  40 6C 60 02 00 00 00 00
 (1789380280.377639)  can0  581   [8]  43 6C 60 02 30 00 00 00
 (1789380280.402206)  can0  181   [8]  27 14 27 44 00 00 34 00
 (1789380280.434378)  can0  601   [8]  40 6C 60 02 00 00 00 00
 (1789380280.434692)  can0  581   [8]  43 6C 60 02 2E 00 00 00
 (1789380280.452154)  can0  181   [8]  27 14 27 44 00 00 2B 00
 (1789380280.491386)  can0  601   [8]  40 6C 60 02 00 00 00 00
 (1789380280.491691)  can0  581   [8]  43 6C 60 02 31 00 00 00
 (1789380280.502102)  can0  181   [8]  27 14 27 44 00 00 32 00
 (1789380280.548375)  can0  601   [8]  40 6C 60 02 00 00 00 00
 (1789380280.548684)  can0  581   [8]  43 6C 60 02 32 00 00 00
 (1789380280.552049)  can0  181   [8]  27 14 27 44 00 00 31 00
 (1789380280.553555)  can0  701   [1]  05
 (1789380280.602005)  can0  181   [8]  27 14 27 44 00 00 2E 00
 (1789380280.605382)  can0  601   [8]  40 6C 60 02 00 00 00 00
 (1789380280.605690)  can0  581   [8]  43 6C 60 02 2E 00 00 00
 (1789380280.651955)  can0  181   [8]  27 14 27 44 00 00 30 00
 (1789380280.662374)  can0  601   [8]  40 6C 60 02 00 00 00 00
 (1789380280.662676)  can0  581   [8]  43 6C 60 02 32 00 00 00
 (1789380280.701902)  can0  181   [8]  27 14 27 44 00 00 37 00
 (1789380280.719433)  can0  601   [8]  23 FF 60 03 00 00 00 00
 (1789380280.719684)  can0  581   [8]  60 FF 60 03 00 00 00 00
 (1789380280.721340)  can0  601   [8]  40 FF 60 03 00 00 00 00
 (1789380280.721672)  can0  581   [8]  43 FF 60 03 00 00 00 00
 (1789380280.723349)  can0  601   [8]  23 FF 60 03 00 00 00 00
 (1789380280.723612)  can0  581   [8]  60 FF 60 03 00 00 00 00
 (1789380280.725331)  can0  601   [8]  40 FF 60 03 00 00 00 00
 (1789380280.725664)  can0  581   [8]  43 FF 60 03 00 00 00 00
 (1789380280.727355)  can0  601   [8]  2B 40 60 00 06 00 00 00
 (1789380280.727669)  can0  581   [8]  60 40 60 00 00 00 00 00
 (1789380280.751860)  can0  181   [8]  21 14 21 14 00 00 28 00
 (1789380280.801869)  can0  181   [8]  21 14 21 14 00 00 FB FF
 (1789380280.803119)  can0  701   [1]  05
 (1789380280.851886)  can0  181   [8]  21 14 21 14 00 00 02 00
 (1789380280.901897)  can0  181   [8]  21 14 21 14 00 00 FF FF
 (1789380280.951907)  can0  181   [8]  21 14 21 14 00 00 FF FF
 (1789380281.001859)  can0  181   [8]  21 14 21 14 00 00 FF FF
 (1789380281.051806)  can0  181   [8]  21 14 21 14 00 00 00 00
 (1789380281.052618)  can0  701   [1]  05
 (1789380281.053386)  can0  601   [8]  40 6C 60 01 00 00 00 00
 (1789380281.053737)  can0  581   [8]  43 6C 60 01 00 00 00 00
 (1789380281.055296)  can0  601   [8]  40 6C 60 02 00 00 00 00
 (1789380281.055610)  can0  581   [8]  43 6C 60 02 00 00 00 00
 (1789380281.057344)  can0  601   [8]  40 6C 60 03 00 00 00 00
 (1789380281.057665)  can0  581   [8]  43 6C 60 03 00 00 00 00
 (1789380281.059236)  can0  000   [2]  80 01
 (1789380281.627390)  can0  20000004   [8]  00 08 00 00 00 00 60 00   ERRORFRAME
	controller-problem{tx-error-warning}
	error-counter-tx-rx{{96}{0}}
