 (1789122265.644442)  can0  601   [8]  40 00 20 00 00 00 00 00
 (1789122265.644783)  can0  581   [8]  4B 00 20 00 00 00 00 00
 (1789122265.646225)  can0  601   [8]  40 17 10 00 00 00 00 00
 (1789122265.646536)  can0  581   [8]  4B 17 10 00 00 00 00 00
 (1789122265.648208)  can0  601   [8]  2B 17 10 00 F4 01 00 00
 (1789122265.648531)  can0  581   [8]  60 17 10 00 00 00 00 00
 (1789122265.650207)  can0  601   [8]  40 17 10 00 00 00 00 00
 (1789122265.650517)  can0  581   [8]  4B 17 10 00 F4 01 00 00
 (1789122265.897954)  can0  701   [1]  7F
 (1789122265.900218)  can0  601   [8]  40 00 18 01 00 00 00 00
 (1789122265.900573)  can0  581   [8]  43 00 18 01 81 01 00 00
 (1789122265.902210)  can0  601   [8]  40 00 18 02 00 00 00 00
 (1789122265.902568)  can0  581   [8]  4F 00 18 02 FF 00 00 00
 (1789122265.904208)  can0  601   [8]  40 00 18 05 00 00 00 00
 (1789122265.904563)  can0  581   [8]  4B 00 18 05 64 00 00 00
 (1789122265.906210)  can0  601   [8]  40 00 1A 00 00 00 00 00
 (1789122265.906561)  can0  581   [8]  4F 00 1A 00 02 00 00 00
 (1789122265.908209)  can0  601   [8]  40 00 1A 01 00 00 00 00
 (1789122265.908549)  can0  581   [8]  43 00 1A 01 20 00 41 60
 (1789122265.910211)  can0  601   [8]  40 00 1A 02 00 00 00 00
 (1789122265.910542)  can0  581   [8]  43 00 1A 02 20 03 6C 60
 (1789122265.912213)  can0  601   [8]  40 60 60 00 00 00 00 00
 (1789122265.912544)  can0  581   [8]  4F 60 60 00 03 00 00 00
 (1789122265.914211)  can0  601   [8]  40 61 60 00 00 00 00 00
 (1789122265.914539)  can0  581   [8]  4F 61 60 00 03 00 00 00
 (1789122265.916208)  can0  601   [8]  40 FF 60 01 00 00 00 00
 (1789122265.916538)  can0  581   [8]  43 FF 60 01 00 00 00 00
 (1789122265.918212)  can0  601   [8]  40 FF 60 02 00 00 00 00
 (1789122265.918536)  can0  581   [8]  43 FF 60 02 00 00 00 00
 (1789122265.920212)  can0  601   [8]  40 3F 60 00 00 00 00 00
 (1789122265.920527)  can0  581   [8]  43 3F 60 00 00 00 00 00
 (1789122265.922211)  can0  601   [8]  40 6C 60 01 00 00 00 00
 (1789122265.922522)  can0  581   [8]  43 6C 60 01 00 00 00 00
 (1789122265.924205)  can0  601   [8]  40 6C 60 02 00 00 00 00
 (1789122265.924515)  can0  581   [8]  43 6C 60 02 00 00 00 00
 (1789122265.926209)  can0  601   [8]  40 6C 60 03 00 00 00 00
 (1789122265.926568)  can0  581   [8]  43 6C 60 03 00 00 00 00
 (1789122265.928215)  can0  601   [8]  40 0F 20 00 00 00 00 00
 (1789122265.928571)  can0  581   [8]  4B 0F 20 00 01 00 00 00
 (1789122265.930216)  can0  601   [8]  23 FF 60 03 00 00 00 00
 (1789122265.930570)  can0  581   [8]  60 FF 60 03 00 00 00 00
 (1789122265.932220)  can0  601   [8]  40 FF 60 03 00 00 00 00
 (1789122265.932564)  can0  581   [8]  43 FF 60 03 00 00 00 00
 (1789122265.934212)  can0  601   [8]  23 FF 60 03 00 00 00 00
 (1789122265.934561)  can0  581   [8]  60 FF 60 03 00 00 00 00
 (1789122265.936207)  can0  601   [8]  40 FF 60 03 00 00 00 00
 (1789122265.936552)  can0  581   [8]  43 FF 60 03 00 00 00 00
 (1789122265.938103)  can0  000   [2]  01 01
 (1789122265.938480)  can0  181   [8]  21 14 21 14 00 00 00 00
 (1789122265.938580)  can0  281   [0] 
 (1789122265.938680)  can0  381   [0] 
 (1789122265.938778)  can0  481   [0] 
 (1789122265.988431)  can0  181   [8]  21 14 21 14 00 00 00 00
 (1789122266.038440)  can0  181   [8]  21 14 21 14 00 00 00 00
 (1789122266.088451)  can0  181   [8]  21 14 21 14 00 00 00 00
 (1789122266.138517)  can0  181   [8]  21 14 21 14 00 00 00 00
 (1789122266.147562)  can0  701   [1]  05
 (1789122266.149276)  can0  601   [8]  2F 60 60 00 03 00 00 00
 (1789122266.149627)  can0  581   [8]  60 60 60 00 00 00 00 00
 (1789122266.151268)  can0  601   [8]  40 61 60 00 00 00 00 00
 (1789122266.151613)  can0  581   [8]  4F 61 60 00 03 00 00 00
 (1789122266.153278)  can0  601   [8]  2B 40 60 00 06 00 00 00
 (1789122266.153615)  can0  581   [8]  60 40 60 00 00 00 00 00
 (1789122266.188476)  can0  181   [8]  21 14 21 14 00 00 00 00
 (1789122266.190215)  can0  601   [8]  40 6C 60 01 00 00 00 00
 (1789122266.190528)  can0  581   [8]  43 6C 60 01 00 00 00 00
 (1789122266.192209)  can0  601   [8]  40 6C 60 02 00 00 00 00
 (1789122266.192524)  can0  581   [8]  43 6C 60 02 00 00 00 00
 (1789122266.194208)  can0  601   [8]  40 6C 60 03 00 00 00 00
 (1789122266.194520)  can0  581   [8]  43 6C 60 03 00 00 00 00
 (1789122266.196216)  can0  601   [8]  2B 40 60 00 07 00 00 00
 (1789122266.196582)  can0  581   [8]  60 40 60 00 00 00 00 00
 (1789122266.238475)  can0  181   [8]  23 14 23 14 00 00 00 00
 (1789122266.240214)  can0  601   [8]  40 6C 60 01 00 00 00 00
 (1789122266.240531)  can0  581   [8]  43 6C 60 01 00 00 00 00
 (1789122266.242207)  can0  601   [8]  40 6C 60 02 00 00 00 00
 (1789122266.242527)  can0  581   [8]  43 6C 60 02 00 00 00 00
 (1789122266.244209)  can0  601   [8]  40 6C 60 03 00 00 00 00
 (1789122266.244523)  can0  581   [8]  43 6C 60 03 00 00 00 00
 (1789122266.246213)  can0  601   [8]  2B 40 60 00 0F 00 00 00
 (1789122266.246524)  can0  581   [8]  60 40 60 00 00 00 00 00
 (1789122266.288430)  can0  181   [8]  27 14 27 14 00 00 00 00
 (1789122266.290212)  can0  601   [8]  40 6C 60 01 00 00 00 00
 (1789122266.290541)  can0  581   [8]  43 6C 60 01 00 00 00 00
 (1789122266.291226)  can0  601   [8]  40 6C 60 02 00 00 00 00
 (1789122266.291539)  can0  581   [8]  43 6C 60 02 00 00 00 00
 (1789122266.293210)  can0  601   [8]  40 6C 60 03 00 00 00 00
 (1789122266.293536)  can0  581   [8]  43 6C 60 03 00 00 00 00
 (1789122266.295213)  can0  601   [8]  2B 00 20 00 E8 03 00 00
 (1789122266.295541)  can0  581   [8]  60 00 20 00 00 00 00 00
 (1789122266.297209)  can0  601   [8]  40 00 20 00 00 00 00 00
 (1789122266.297524)  can0  581   [8]  4B 00 20 00 E8 03 00 00
 (1789122266.299219)  can0  601   [8]  23 FF 60 03 00 00 05 00
 (1789122266.299530)  can0  581   [8]  60 FF 60 03 00 00 00 00
 (1789122266.301209)  can0  601   [8]  40 FF 60 03 00 00 00 00
 (1789122266.301520)  can0  581   [8]  43 FF 60 03 00 00 05 00
 (1789122266.338430)  can0  181   [8]  27 14 27 44 00 00 0F 00
 (1789122266.388383)  can0  181   [8]  27 14 27 44 00 00 35 00
 (1789122266.396988)  can0  701   [1]  05
 (1789122266.438385)  can0  181   [8]  27 14 27 44 00 00 2F 00
 (1789122266.488341)  can0  181   [8]  27 14 27 44 00 00 33 00
 (1789122266.500218)  can0  601   [8]  40 6C 60 01 00 00 00 00
 (1789122266.500558)  can0  581   [8]  43 6C 60 01 00 00 00 00
 (1789122266.502210)  can0  601   [8]  40 6C 60 02 00 00 00 00
 (1789122266.502552)  can0  581   [8]  43 6C 60 02 30 00 00 00
 (1789122266.515208)  can0  601   [8]  40 6C 60 02 00 00 00 00
 (1789122266.515521)  can0  581   [8]  43 6C 60 02 2E 00 00 00
 (1789122266.538344)  can0  181   [8]  27 14 27 44 00 00 2E 00
 (1789122266.571212)  can0  601   [8]  40 6C 60 02 00 00 00 00
 (1789122266.571517)  can0  581   [8]  43 6C 60 02 33 00 00 00
 (1789122266.588297)  can0  181   [8]  27 14 27 44 00 00 33 00
 (1789122266.628210)  can0  601   [8]  40 6C 60 02 00 00 00 00
 (1789122266.628514)  can0  581   [8]  43 6C 60 02 31 00 00 00
 (1789122266.638301)  can0  181   [8]  27 14 27 44 00 00 2F 00
 (1789122266.646540)  can0  701   [1]  05
 (1789122266.685210)  can0  601   [8]  40 6C 60 02 00 00 00 00
 (1789122266.685513)  can0  581   [8]  43 6C 60 02 2E 00 00 00
 (1789122266.688262)  can0  181   [8]  27 14 27 44 00 00 2E 00
 (1789122266.738260)  can0  181   [8]  27 14 27 44 00 00 32 00
 (1789122266.742210)  can0  601   [8]  40 6C 60 02 00 00 00 00
 (1789122266.742513)  can0  581   [8]  43 6C 60 02 32 00 00 00
 (1789122266.788266)  can0  181   [8]  27 14 27 44 00 00 34 00
 (1789122266.799270)  can0  601   [8]  40 6C 60 02 00 00 00 00
 (1789122266.799612)  can0  581   [8]  43 6C 60 02 32 00 00 00
 (1789122266.838209)  can0  181   [8]  27 14 27 44 00 00 31 00
 (1789122266.856268)  can0  601   [8]  40 6C 60 02 00 00 00 00
 (1789122266.856550)  can0  581   [8]  43 6C 60 02 31 00 00 00
 (1789122266.888157)  can0  181   [8]  27 14 27 44 00 00 33 00
 (1789122266.896087)  can0  701   [1]  05
 (1789122266.913266)  can0  601   [8]  40 6C 60 02 00 00 00 00
 (1789122266.913544)  can0  581   [8]  43 6C 60 02 2F 00 00 00
 (1789122266.938109)  can0  181   [8]  27 14 27 44 00 00 2D 00
 (1789122266.970265)  can0  601   [8]  40 6C 60 02 00 00 00 00
 (1789122266.970594)  can0  581   [8]  43 6C 60 02 32 00 00 00
 (1789122266.988052)  can0  181   [8]  27 14 27 44 00 00 33 00
 (1789122267.027265)  can0  601   [8]  40 6C 60 02 00 00 00 00
 (1789122267.027590)  can0  581   [8]  43 6C 60 02 34 00 00 00
 (1789122267.038004)  can0  181   [8]  27 14 27 44 00 00 32 00
 (1789122267.084266)  can0  601   [8]  40 6C 60 02 00 00 00 00
 (1789122267.084583)  can0  581   [8]  43 6C 60 02 2D 00 00 00
 (1789122267.087952)  can0  181   [8]  27 14 27 44 00 00 2E 00
 (1789122267.137897)  can0  181   [8]  27 14 27 44 00 00 31 00
 (1789122267.141267)  can0  601   [8]  40 6C 60 02 00 00 00 00
 (1789122267.141579)  can0  581   [8]  43 6C 60 02 32 00 00 00
 (1789122267.145638)  can0  701   [1]  05
 (1789122267.187848)  can0  181   [8]  27 14 27 44 00 00 36 00
 (1789122267.198269)  can0  601   [8]  40 6C 60 02 00 00 00 00
 (1789122267.198571)  can0  581   [8]  43 6C 60 02 36 00 00 00
 (1789122267.237794)  can0  181   [8]  27 14 27 44 00 00 2F 00
 (1789122267.255267)  can0  601   [8]  40 6C 60 02 00 00 00 00
 (1789122267.255569)  can0  581   [8]  43 6C 60 02 31 00 00 00
 (1789122267.287741)  can0  181   [8]  27 14 27 44 00 00 34 00
 (1789122267.312266)  can0  601   [8]  40 6C 60 02 00 00 00 00
 (1789122267.312570)  can0  581   [8]  43 6C 60 02 30 00 00 00
 (1789122267.337689)  can0  181   [8]  27 14 27 44 00 00 2E 00
 (1789122267.369266)  can0  601   [8]  40 6C 60 02 00 00 00 00
 (1789122267.369571)  can0  581   [8]  43 6C 60 02 32 00 00 00
 (1789122267.387635)  can0  181   [8]  27 14 27 44 00 00 33 00
 (1789122267.395127)  can0  701   [1]  05
 (1789122267.426268)  can0  601   [8]  40 6C 60 02 00 00 00 00
 (1789122267.426611)  can0  581   [8]  43 6C 60 02 35 00 00 00
 (1789122267.437584)  can0  181   [8]  27 14 27 44 00 00 33 00
 (1789122267.483265)  can0  601   [8]  40 6C 60 02 00 00 00 00
 (1789122267.483552)  can0  581   [8]  43 6C 60 02 2C 00 00 00
 (1789122267.487534)  can0  181   [8]  27 14 27 44 00 00 2C 00
 (1789122267.537483)  can0  181   [8]  27 14 27 44 00 00 30 00
 (1789122267.540265)  can0  601   [8]  40 6C 60 02 00 00 00 00
 (1789122267.540541)  can0  581   [8]  43 6C 60 02 31 00 00 00
 (1789122267.587433)  can0  181   [8]  27 14 27 44 00 00 35 00
 (1789122267.597266)  can0  601   [8]  40 6C 60 02 00 00 00 00
 (1789122267.597592)  can0  581   [8]  43 6C 60 02 36 00 00 00
 (1789122267.637377)  can0  181   [8]  27 14 27 44 00 00 2F 00
 (1789122267.644680)  can0  701   [1]  05
 (1789122267.654265)  can0  601   [8]  40 6C 60 02 00 00 00 00
 (1789122267.654588)  can0  581   [8]  43 6C 60 02 2F 00 00 00
 (1789122267.687321)  can0  181   [8]  27 14 27 44 00 00 33 00
 (1789122267.711265)  can0  601   [8]  40 6C 60 02 00 00 00 00
 (1789122267.711582)  can0  581   [8]  43 6C 60 02 31 00 00 00
 (1789122267.737269)  can0  181   [8]  27 14 27 44 00 00 2D 00
 (1789122267.768266)  can0  601   [8]  40 6C 60 02 00 00 00 00
 (1789122267.768575)  can0  581   [8]  43 6C 60 02 30 00 00 00
 (1789122267.787221)  can0  181   [8]  27 14 27 44 00 00 32 00
 (1789122267.825266)  can0  601   [8]  40 6C 60 02 00 00 00 00
 (1789122267.825568)  can0  581   [8]  43 6C 60 02 35 00 00 00
 (1789122267.837167)  can0  181   [8]  27 14 27 44 00 00 34 00
 (1789122267.881267)  can0  601   [8]  40 6C 60 02 00 00 00 00
 (1789122267.881569)  can0  581   [8]  43 6C 60 02 2D 00 00 00
 (1789122267.887113)  can0  181   [8]  27 14 27 44 00 00 2D 00
 (1789122267.894170)  can0  701   [1]  05
 (1789122267.937067)  can0  181   [8]  27 14 27 44 00 00 30 00
 (1789122267.937327)  can0  601   [8]  40 6C 60 02 00 00 00 00
 (1789122267.937686)  can0  581   [8]  43 6C 60 02 30 00 00 00
 (1789122267.987013)  can0  181   [8]  27 14 27 44 00 00 35 00
 (1789122267.994266)  can0  601   [8]  40 6C 60 02 00 00 00 00
 (1789122267.994570)  can0  581   [8]  43 6C 60 02 36 00 00 00
 (1789122268.036956)  can0  181   [8]  27 14 27 44 00 00 31 00
 (1789122268.051267)  can0  601   [8]  40 6C 60 02 00 00 00 00
 (1789122268.051612)  can0  581   [8]  43 6C 60 02 30 00 00 00
 (1789122268.086905)  can0  181   [8]  27 14 27 44 00 00 33 00
 (1789122268.108267)  can0  601   [8]  40 6C 60 02 00 00 00 00
 (1789122268.108607)  can0  581   [8]  43 6C 60 02 32 00 00 00
 (1789122268.136851)  can0  181   [8]  27 14 27 44 00 00 2D 00
 (1789122268.143721)  can0  701   [1]  05
 (1789122268.165266)  can0  601   [8]  40 6C 60 02 00 00 00 00
 (1789122268.165600)  can0  581   [8]  43 6C 60 02 2F 00 00 00
 (1789122268.186801)  can0  181   [8]  27 14 27 44 00 00 32 00
 (1789122268.222266)  can0  601   [8]  40 6C 60 02 00 00 00 00
 (1789122268.222596)  can0  581   [8]  43 6C 60 02 33 00 00 00
 (1789122268.236748)  can0  181   [8]  27 14 27 44 00 00 33 00
 (1789122268.279265)  can0  601   [8]  40 6C 60 02 00 00 00 00
 (1789122268.279532)  can0  581   [8]  43 6C 60 02 2D 00 00 00
 (1789122268.286695)  can0  181   [8]  27 14 27 44 00 00 2D 00
 (1789122268.336231)  can0  601   [8]  40 6C 60 02 00 00 00 00
 (1789122268.336531)  can0  581   [8]  43 6C 60 02 30 00 00 00
 (1789122268.336768)  can0  181   [8]  27 14 27 44 00 00 30 00
 (1789122268.386660)  can0  181   [8]  27 14 27 44 00 00 35 00
 (1789122268.393274)  can0  601   [8]  40 6C 60 02 00 00 00 00
 (1789122268.393339)  can0  701   [1]  05
 (1789122268.393576)  can0  581   [8]  43 6C 60 02 35 00 00 00
 (1789122268.436605)  can0  181   [8]  27 14 27 44 00 00 30 00
 (1789122268.450269)  can0  601   [8]  40 6C 60 02 00 00 00 00
 (1789122268.450516)  can0  581   [8]  43 6C 60 02 2F 00 00 00
 (1789122268.486548)  can0  181   [8]  27 14 27 44 00 00 33 00
 (1789122268.507267)  can0  601   [8]  40 6C 60 02 00 00 00 00
 (1789122268.507572)  can0  581   [8]  43 6C 60 02 34 00 00 00
 (1789122268.536496)  can0  181   [8]  27 14 27 44 00 00 2D 00
 (1789122268.564267)  can0  601   [8]  40 6C 60 02 00 00 00 00
 (1789122268.564575)  can0  581   [8]  43 6C 60 02 2C 00 00 00
 (1789122268.586445)  can0  181   [8]  27 14 27 44 00 00 31 00
 (1789122268.621267)  can0  601   [8]  40 6C 60 02 00 00 00 00
 (1789122268.621570)  can0  581   [8]  43 6C 60 02 33 00 00 00
 (1789122268.636393)  can0  181   [8]  27 14 27 44 00 00 34 00
 (1789122268.642762)  can0  701   [1]  05
 (1789122268.678265)  can0  601   [8]  40 6C 60 02 00 00 00 00
 (1789122268.678610)  can0  581   [8]  43 6C 60 02 2D 00 00 00
 (1789122268.686342)  can0  181   [8]  27 14 27 44 00 00 2D 00
 (1789122268.735267)  can0  601   [8]  40 6C 60 02 00 00 00 00
 (1789122268.735605)  can0  581   [8]  43 6C 60 02 30 00 00 00
 (1789122268.736293)  can0  181   [8]  27 14 27 44 00 00 30 00
 (1789122268.786239)  can0  181   [8]  27 14 27 44 00 00 35 00
 (1789122268.791221)  can0  601   [8]  40 6C 60 02 00 00 00 00
 (1789122268.791600)  can0  581   [8]  43 6C 60 02 36 00 00 00
 (1789122268.836183)  can0  181   [8]  27 14 27 44 00 00 33 00
 (1789122268.847267)  can0  601   [8]  40 6C 60 02 00 00 00 00
 (1789122268.847597)  can0  581   [8]  43 6C 60 02 31 00 00 00
 (1789122268.886130)  can0  181   [8]  27 14 27 44 00 00 31 00
 (1789122268.892252)  can0  701   [1]  05
 (1789122268.903265)  can0  601   [8]  40 6C 60 02 00 00 00 00
 (1789122268.903591)  can0  581   [8]  43 6C 60 02 34 00 00 00
 (1789122268.936083)  can0  181   [8]  27 14 27 44 00 00 30 00
 (1789122268.960215)  can0  601   [8]  40 6C 60 02 00 00 00 00
 (1789122268.960533)  can0  581   [8]  43 6C 60 02 2C 00 00 00
 (1789122268.985972)  can0  181   [8]  27 14 27 44 00 00 30 00
 (1789122269.017212)  can0  601   [8]  40 6C 60 02 00 00 00 00
 (1789122269.017523)  can0  581   [8]  43 6C 60 02 32 00 00 00
