CONTROL_READY: keep sticks neutral; press CH6 once; ZERO recovery window60s; wait for FAULT_READY
WINDOW_REMAINING: 59
WINDOW_REMAINING: 58
WINDOW_REMAINING: 57
FAULT_READY: disconnect SBUS SIGNAL ONLY; USB, GROUND AND POWER STAY CONNECTED; transmitter stays ON; keep X1 released; wait for RELEASE_FAULT
WINDOW_REMAINING: 56
WINDOW_REMAINING: 55
WINDOW_REMAINING: 54
WINDOW_REMAINING: 53
WINDOW_REMAINING: 52
RELEASE_FAULT: neutral sticks and CH6 released, reconnect SBUS SIGNAL to original port; USB, ground and power unchanged; after reconnection hold forward throttle, press/release CH6 once; wait for NEUTRAL_READY
WINDOW_REMAINING: 51
WINDOW_REMAINING: 50
APPLICATION_STOPPING: no further operator actions; neutral and wait for cleanup
APPLICATION_EXIT: no further stick stimulus; remain neutral; inspect result
{"passed": false, "arguments": ["--interface", "can0", "--device", "/dev/serial/by-id/usb-1a86_USB_Single_Serial_586D017868-if00", "--duration-ms", "60000", "--zero-uart-recovery", "--zero-feedback-tenths-rpm", "20"], "artifact_sha256": "13ccbd9db41a349fedf2131f6490fc779eed1054d77a4c0ba6fcef490ca6b933", "operator_prompted": true, "fault_ready": true, "release_fault": true, "stopping_prompted": true, "application_exit": 1, "application_elapsed_ms": 10819.989920011722, "error": "application failed; inspect log before any retry"}
Traceback (most recent call last):
  File "/home/cat/.cache/robot-control/staging/p103-uart-partial-13ccbd9d-uart-a2-20260917/recovery-once.py", line 133, in <module>
    main()
  File "/home/cat/.cache/robot-control/staging/p103-uart-partial-13ccbd9d-uart-a2-20260917/recovery-once.py", line 110, in main
    assert application.returncode == 0, 'application failed; inspect log before any retry'
AssertionError: application failed; inspect log before any retry
