 (1789633716.172456)  can0  601   [8]  40 41 60 00 00 00 00 00
 (1789633716.172804)  can0  581   [8]  43 41 60 00 60 14 60 14
 (1789633716.174220)  can0  601   [8]  40 60 60 00 00 00 00 00
 (1789633716.174497)  can0  581   [8]  4F 60 60 00 03 00 00 00
 (1789633716.176160)  can0  601   [8]  40 61 60 00 00 00 00 00
 (1789633716.176482)  can0  581   [8]  4F 61 60 00 03 00 00 00
 (1789633716.178165)  can0  601   [8]  40 3F 60 00 00 00 00 00
 (1789633716.178482)  can0  581   [8]  43 3F 60 00 00 00 00 00
 (1789633716.180161)  can0  601   [8]  40 FF 60 01 00 00 00 00
 (1789633716.180479)  can0  581   [8]  43 FF 60 01 00 00 00 00
 (1789633716.182161)  can0  601   [8]  40 FF 60 02 00 00 00 00
 (1789633716.182476)  can0  581   [8]  43 FF 60 02 00 00 00 00
 (1789633716.184164)  can0  601   [8]  40 0F 20 00 00 00 00 00
 (1789633716.184469)  can0  581   [8]  4B 0F 20 00 01 00 00 00
 (1789633716.186164)  can0  601   [8]  40 00 20 00 00 00 00 00
 (1789633716.186472)  can0  581   [8]  4B 00 20 00 00 00 00 00
 (1789633716.188100)  can0  601   [8]  40 17 10 00 00 00 00 00
 (1789633716.188524)  can0  581   [8]  4B 17 10 00 00 00 00 00
 (1789633716.190160)  can0  601   [8]  40 00 14 01 00 00 00 00
 (1789633716.190515)  can0  581   [8]  43 00 14 01 01 02 00 00
 (1789633716.192160)  can0  601   [8]  40 00 14 02 00 00 00 00
 (1789633716.192508)  can0  581   [8]  4F 00 14 02 FF 00 00 00
 (1789633716.194157)  can0  601   [8]  40 00 14 05 00 00 00 00
 (1789633716.194504)  can0  581   [8]  4B 00 14 05 E8 03 00 00
 (1789633716.196162)  can0  601   [8]  40 00 16 00 00 00 00 00
 (1789633716.196506)  can0  581   [8]  4F 00 16 00 02 00 00 00
 (1789633716.198157)  can0  601   [8]  40 00 16 01 00 00 00 00
 (1789633716.198498)  can0  581   [8]  43 00 16 01 10 00 40 60
 (1789633716.200103)  can0  601   [8]  40 00 16 02 00 00 00 00
 (1789633716.200434)  can0  581   [8]  43 00 16 02 08 00 60 60
 (1789633716.202163)  can0  601   [8]  40 00 18 01 00 00 00 00
 (1789633716.202488)  can0  581   [8]  43 00 18 01 81 01 00 00
 (1789633716.204158)  can0  601   [8]  40 00 18 02 00 00 00 00
 (1789633716.204428)  can0  581   [8]  4F 00 18 02 FF 00 00 00
 (1789633716.206157)  can0  601   [8]  40 00 18 05 00 00 00 00
 (1789633716.206479)  can0  581   [8]  4B 00 18 05 64 00 00 00
 (1789633716.208161)  can0  601   [8]  40 00 1A 00 00 00 00 00
 (1789633716.208477)  can0  581   [8]  4F 00 1A 00 02 00 00 00
 (1789633716.210158)  can0  601   [8]  40 00 1A 01 00 00 00 00
 (1789633716.210466)  can0  581   [8]  43 00 1A 01 20 00 41 60
 (1789633716.212105)  can0  601   [8]  40 00 1A 02 00 00 00 00
 (1789633716.212460)  can0  581   [8]  43 00 1A 02 20 03 6C 60
 (1789633716.214100)  can0  601   [8]  40 01 18 01 00 00 00 00
 (1789633716.214460)  can0  581   [8]  43 01 18 01 81 02 00 00
 (1789633716.216157)  can0  601   [8]  40 01 18 02 00 00 00 00
 (1789633716.216519)  can0  581   [8]  4F 01 18 02 FF 00 00 00
 (1789633716.218155)  can0  601   [8]  40 01 18 05 00 00 00 00
 (1789633716.218511)  can0  581   [8]  4B 01 18 05 00 00 00 00
 (1789633716.220203)  can0  601   [8]  40 01 1A 00 00 00 00 00
 (1789633716.220536)  can0  581   [8]  4F 01 1A 00 00 00 00 00
 (1789633716.222219)  can0  601   [8]  40 01 1A 01 00 00 00 00
 (1789633716.222503)  can0  581   [8]  43 01 1A 01 00 00 00 00
 (1789633716.224159)  can0  601   [8]  40 01 1A 02 00 00 00 00
 (1789633716.224441)  can0  581   [8]  43 01 1A 02 00 00 00 00
 (1789633716.226105)  can0  601   [8]  40 6C 60 01 00 00 00 00
 (1789633716.226436)  can0  581   [8]  43 6C 60 01 00 00 00 00
 (1789633716.228100)  can0  601   [8]  40 6C 60 02 00 00 00 00
 (1789633716.228437)  can0  581   [8]  43 6C 60 02 00 00 00 00
 (1789633716.230158)  can0  601   [8]  40 6C 60 03 00 00 00 00
 (1789633716.230484)  can0  581   [8]  43 6C 60 03 00 00 00 00
 (1789633716.253155)  can0  601   [8]  40 6C 60 01 00 00 00 00
 (1789633716.253435)  can0  581   [8]  43 6C 60 01 00 00 00 00
 (1789633716.255162)  can0  601   [8]  40 6C 60 02 00 00 00 00
 (1789633716.255488)  can0  581   [8]  43 6C 60 02 00 00 00 00
 (1789633716.257157)  can0  601   [8]  40 6C 60 03 00 00 00 00
 (1789633716.257484)  can0  581   [8]  43 6C 60 03 00 00 00 00
 (1789633716.280161)  can0  601   [8]  40 6C 60 01 00 00 00 00
 (1789633716.280438)  can0  581   [8]  43 6C 60 01 00 00 00 00
 (1789633716.282155)  can0  601   [8]  40 6C 60 02 00 00 00 00
 (1789633716.282489)  can0  581   [8]  43 6C 60 02 00 00 00 00
 (1789633716.284156)  can0  601   [8]  40 6C 60 03 00 00 00 00
 (1789633716.284484)  can0  581   [8]  43 6C 60 03 00 00 00 00
 (1789633716.307156)  can0  601   [8]  40 6C 60 01 00 00 00 00
 (1789633716.307436)  can0  581   [8]  43 6C 60 01 00 00 00 00
 (1789633716.309155)  can0  601   [8]  40 6C 60 02 00 00 00 00
 (1789633716.309488)  can0  581   [8]  43 6C 60 02 00 00 00 00
 (1789633716.311156)  can0  601   [8]  40 6C 60 03 00 00 00 00
 (1789633716.311486)  can0  581   [8]  43 6C 60 03 00 00 00 00
 (1789633716.334159)  can0  601   [8]  40 6C 60 01 00 00 00 00
 (1789633716.334438)  can0  581   [8]  43 6C 60 01 00 00 00 00
 (1789633716.336157)  can0  601   [8]  40 6C 60 02 00 00 00 00
 (1789633716.336489)  can0  581   [8]  43 6C 60 02 00 00 00 00
 (1789633716.338157)  can0  601   [8]  40 6C 60 03 00 00 00 00
 (1789633716.338495)  can0  581   [8]  43 6C 60 03 00 00 00 00
 (1789633716.361157)  can0  601   [8]  40 6C 60 01 00 00 00 00
 (1789633716.361437)  can0  581   [8]  43 6C 60 01 00 00 00 00
 (1789633716.363158)  can0  601   [8]  40 6C 60 02 00 00 00 00
 (1789633716.363488)  can0  581   [8]  43 6C 60 02 00 00 00 00
 (1789633716.365156)  can0  601   [8]  40 6C 60 03 00 00 00 00
 (1789633716.365485)  can0  581   [8]  43 6C 60 03 00 00 00 00
 (1789633716.388161)  can0  601   [8]  40 6C 60 01 00 00 00 00
 (1789633716.388506)  can0  581   [8]  43 6C 60 01 00 00 00 00
 (1789633716.390156)  can0  601   [8]  40 6C 60 02 00 00 00 00
 (1789633716.390488)  can0  581   [8]  43 6C 60 02 00 00 00 00
 (1789633716.392158)  can0  601   [8]  40 6C 60 03 00 00 00 00
 (1789633716.392483)  can0  581   [8]  43 6C 60 03 00 00 00 00
 (1789633716.394173)  can0  601   [8]  2B 17 10 00 F4 01 00 00
 (1789633716.394540)  can0  581   [8]  60 17 10 00 00 00 00 00
 (1789633716.396155)  can0  601   [8]  40 17 10 00 00 00 00 00
 (1789633716.396478)  can0  581   [8]  4B 17 10 00 F4 01 00 00
 (1789633716.643916)  can0  701   [1]  7F
 (1789633716.645008)  can0  000   [2]  80 01
 (1789633716.893462)  can0  701   [1]  7F
 (1789633716.894185)  can0  601   [8]  2B 00 20 00 E8 03 00 00
 (1789633716.894523)  can0  581   [8]  60 00 20 00 00 00 00 00
 (1789633716.896165)  can0  601   [8]  40 00 20 00 00 00 00 00
 (1789633716.896508)  can0  581   [8]  4B 00 20 00 E8 03 00 00
 (1789633716.898162)  can0  601   [8]  23 00 14 01 01 02 00 80
 (1789633716.898508)  can0  581   [8]  60 00 14 01 00 00 00 00
 (1789633716.900160)  can0  601   [8]  40 00 14 01 00 00 00 00
 (1789633716.900497)  can0  581   [8]  43 00 14 01 01 02 00 80
 (1789633716.902162)  can0  601   [8]  2F 00 16 00 00 00 00 00
 (1789633716.902498)  can0  581   [8]  60 00 16 00 00 00 00 00
 (1789633716.904105)  can0  601   [8]  40 00 16 00 00 00 00 00
 (1789633716.904437)  can0  581   [8]  4F 00 16 00 00 00 00 00
 (1789633716.906155)  can0  601   [8]  23 00 16 01 10 00 40 60
 (1789633716.906491)  can0  581   [8]  60 00 16 01 00 00 00 00
 (1789633716.908157)  can0  601   [8]  40 00 16 01 00 00 00 00
 (1789633716.908422)  can0  581   [8]  43 00 16 01 10 00 40 60
 (1789633716.910155)  can0  601   [8]  23 00 16 02 20 03 FF 60
 (1789633716.910482)  can0  581   [8]  60 00 16 02 00 00 00 00
 (1789633716.912156)  can0  601   [8]  40 00 16 02 00 00 00 00
 (1789633716.912473)  can0  581   [8]  43 00 16 02 20 03 FF 60
 (1789633716.914159)  can0  601   [8]  2F 00 16 00 02 00 00 00
 (1789633716.914419)  can0  581   [8]  60 00 16 00 00 00 00 00
 (1789633716.916158)  can0  601   [8]  40 00 16 00 00 00 00 00
 (1789633716.916469)  can0  581   [8]  4F 00 16 00 02 00 00 00
 (1789633716.918101)  can0  601   [8]  23 00 14 01 01 02 00 00
 (1789633716.918521)  can0  581   [8]  60 00 14 01 00 00 00 00
 (1789633716.920156)  can0  601   [8]  40 00 14 01 00 00 00 00
 (1789633716.920514)  can0  581   [8]  43 00 14 01 01 02 00 00
 (1789633716.922158)  can0  601   [8]  23 01 18 01 81 02 00 80
 (1789633716.922515)  can0  581   [8]  60 01 18 01 00 00 00 00
 (1789633716.924156)  can0  601   [8]  40 01 18 01 00 00 00 00
 (1789633716.924447)  can0  581   [8]  43 01 18 01 81 02 00 80
 (1789633716.926158)  can0  601   [8]  2F 01 1A 00 00 00 00 00
 (1789633716.926504)  can0  581   [8]  60 01 1A 00 00 00 00 00
 (1789633716.928157)  can0  601   [8]  40 01 1A 00 00 00 00 00
 (1789633716.928499)  can0  581   [8]  4F 01 1A 00 00 00 00 00
 (1789633716.930095)  can0  601   [8]  23 01 1A 01 08 00 61 60
 (1789633716.930436)  can0  581   [8]  60 01 1A 01 00 00 00 00
 (1789633716.932157)  can0  601   [8]  40 01 1A 01 00 00 00 00
 (1789633716.932483)  can0  581   [8]  43 01 1A 01 08 00 61 60
 (1789633716.934155)  can0  601   [8]  23 01 1A 02 20 00 3F 60
 (1789633716.934428)  can0  581   [8]  60 01 1A 02 00 00 00 00
 (1789633716.936157)  can0  601   [8]  40 01 1A 02 00 00 00 00
 (1789633716.936475)  can0  581   [8]  43 01 1A 02 20 00 3F 60
 (1789633716.938158)  can0  601   [8]  2F 01 1A 00 02 00 00 00
 (1789633716.938425)  can0  581   [8]  60 01 1A 00 00 00 00 00
 (1789633716.940157)  can0  601   [8]  40 01 1A 00 00 00 00 00
 (1789633716.940472)  can0  581   [8]  4F 01 1A 00 02 00 00 00
 (1789633716.942156)  can0  601   [8]  2B 01 18 05 64 00 00 00
 (1789633716.942413)  can0  581   [8]  60 01 18 05 00 00 00 00
 (1789633716.944097)  can0  601   [8]  40 01 18 05 00 00 00 00
 (1789633716.944404)  can0  581   [8]  4B 01 18 05 64 00 00 00
 (1789633716.946155)  can0  601   [8]  23 01 18 01 81 02 00 00
 (1789633716.946518)  can0  581   [8]  60 01 18 01 00 00 00 00
 (1789633716.948154)  can0  601   [8]  40 01 18 01 00 00 00 00
 (1789633716.948512)  can0  581   [8]  43 01 18 01 81 02 00 00
 (1789633716.950051)  can0  000   [2]  01 01
 (1789633716.950444)  can0  181   [8]  60 14 60 14 00 00 00 00
 (1789633716.950636)  can0  281   [5]  03 00 00 00 00
 (1789633716.950684)  can0  381   [0] 
 (1789633716.950833)  can0  481   [0] 
 (1789633717.000403)  can0  181   [8]  60 14 60 14 00 00 00 00
 (1789633717.000589)  can0  281   [5]  03 00 00 00 00
 (1789633717.050387)  can0  181   [8]  60 14 60 14 00 00 00 00
 (1789633717.050597)  can0  281   [5]  03 00 00 00 00
 (1789633717.100413)  can0  181   [8]  60 14 60 14 00 00 00 00
 (1789633717.100603)  can0  281   [5]  03 00 00 00 00
 (1789633717.142940)  can0  701   [1]  05
 (1789633717.145145)  can0  601   [8]  23 FF 60 01 00 00 00 00
 (1789633717.145499)  can0  581   [8]  60 FF 60 01 00 00 00 00
 (1789633717.147156)  can0  601   [8]  40 FF 60 01 00 00 00 00
 (1789633717.147495)  can0  581   [8]  43 FF 60 01 00 00 00 00
 (1789633717.149169)  can0  601   [8]  23 FF 60 02 00 00 00 00
 (1789633717.149489)  can0  581   [8]  60 FF 60 02 00 00 00 00
 (1789633717.150429)  can0  181   [8]  60 14 60 14 00 00 00 00
 (1789633717.150623)  can0  281   [5]  03 00 00 00 00
 (1789633717.150862)  can0  601   [8]  40 FF 60 02 00 00 00 00
 (1789633717.151180)  can0  581   [8]  43 FF 60 02 00 00 00 00
 (1789633717.152162)  can0  601   [8]  2B 40 60 00 06 00 00 00
 (1789633717.152483)  can0  581   [8]  60 40 60 00 00 00 00 00
 (1789633717.154162)  can0  601   [8]  40 40 60 00 00 00 00 00
 (1789633717.154477)  can0  581   [8]  4B 40 60 00 06 00 00 00
 (1789633717.200497)  can0  181   [8]  21 14 21 14 00 00 00 00
 (1789633717.200624)  can0  281   [5]  03 00 00 00 00
 (1789633717.202172)  can0  601   [8]  40 00 14 01 00 00 00 00
 (1789633717.202489)  can0  581   [8]  43 00 14 01 01 02 00 00
 (1789633717.204172)  can0  601   [8]  40 00 14 02 00 00 00 00
 (1789633717.204428)  can0  581   [8]  4F 00 14 02 FF 00 00 00
 (1789633717.206165)  can0  601   [8]  40 00 16 00 00 00 00 00
 (1789633717.206483)  can0  581   [8]  4F 00 16 00 02 00 00 00
 (1789633717.208158)  can0  601   [8]  40 00 16 01 00 00 00 00
 (1789633717.208473)  can0  581   [8]  43 00 16 01 10 00 40 60
 (1789633717.210167)  can0  601   [8]  40 00 16 02 00 00 00 00
 (1789633717.210471)  can0  581   [8]  43 00 16 02 20 03 FF 60
 (1789633717.212164)  can0  601   [8]  40 00 18 01 00 00 00 00
 (1789633717.212526)  can0  581   [8]  43 00 18 01 81 01 00 00
 (1789633717.214106)  can0  601   [8]  40 00 18 02 00 00 00 00
 (1789633717.214466)  can0  581   [8]  4F 00 18 02 FF 00 00 00
 (1789633717.216162)  can0  601   [8]  40 00 1A 00 00 00 00 00
 (1789633717.216524)  can0  581   [8]  4F 00 1A 00 02 00 00 00
 (1789633717.218160)  can0  601   [8]  40 00 1A 01 00 00 00 00
 (1789633717.218514)  can0  581   [8]  43 00 1A 01 20 00 41 60
 (1789633717.220163)  can0  601   [8]  40 00 1A 02 00 00 00 00
 (1789633717.220509)  can0  581   [8]  43 00 1A 02 20 03 6C 60
 (1789633717.222160)  can0  601   [8]  40 01 18 01 00 00 00 00
 (1789633717.222504)  can0  581   [8]  43 01 18 01 81 02 00 00
 (1789633717.224159)  can0  601   [8]  40 01 18 02 00 00 00 00
 (1789633717.224446)  can0  581   [8]  4F 01 18 02 FF 00 00 00
 (1789633717.226107)  can0  601   [8]  40 01 1A 00 00 00 00 00
 (1789633717.226443)  can0  581   [8]  4F 01 1A 00 02 00 00 00
 (1789633717.228106)  can0  601   [8]  40 01 1A 01 00 00 00 00
 (1789633717.228435)  can0  581   [8]  43 01 1A 01 08 00 61 60
 (1789633717.230162)  can0  601   [8]  40 01 1A 02 00 00 00 00
 (1789633717.230485)  can0  581   [8]  43 01 1A 02 20 00 3F 60
 (1789633717.232163)  can0  601   [8]  40 0F 20 00 00 00 00 00
 (1789633717.232494)  can0  581   [8]  4B 0F 20 00 01 00 00 00
 (1789633717.250451)  can0  181   [8]  21 14 21 14 00 00 00 00
 (1789633717.250633)  can0  281   [5]  03 00 00 00 00
 (1789633717.273189)  can0  201   [6]  02 00 00 00 00 00
 (1789633717.284206)  can0  201   [6]  02 00 00 00 00 00
 (1789633717.294177)  can0  201   [6]  02 00 00 00 00 00
 (1789633717.300455)  can0  181   [8]  60 14 60 14 00 00 00 00
 (1789633717.300645)  can0  281   [5]  03 00 00 00 00
 (1789633717.304171)  can0  201   [6]  02 00 00 00 00 00
 (1789633717.314185)  can0  201   [6]  02 00 00 00 00 00
 (1789633717.324170)  can0  201   [6]  02 00 00 00 00 00
 (1789633717.334159)  can0  201   [6]  02 00 00 00 00 00
 (1789633717.344162)  can0  201   [6]  02 00 00 00 00 00
 (1789633717.350463)  can0  181   [8]  60 14 60 14 00 00 00 00
 (1789633717.350651)  can0  281   [5]  03 00 00 00 00
 (1789633717.354164)  can0  201   [6]  02 00 00 00 00 00
 (1789633717.364157)  can0  201   [6]  02 00 00 00 00 00
 (1789633717.374154)  can0  201   [6]  02 00 00 00 00 00
 (1789633717.384150)  can0  201   [6]  02 00 00 00 00 00
 (1789633717.392490)  can0  701   [1]  05
 (1789633717.394149)  can0  201   [6]  02 00 00 00 00 00
 (1789633717.400470)  can0  181   [8]  60 14 60 14 00 00 00 00
 (1789633717.400606)  can0  281   [5]  03 00 00 00 00
 (1789633717.404145)  can0  201   [6]  02 00 00 00 00 00
 (1789633717.414142)  can0  201   [6]  02 00 00 00 00 00
 (1789633717.424146)  can0  201   [6]  02 00 00 00 00 00
 (1789633717.434143)  can0  201   [6]  02 00 00 00 00 00
 (1789633717.444143)  can0  201   [6]  02 00 00 00 00 00
 (1789633717.450479)  can0  181   [8]  60 14 60 14 00 00 00 00
 (1789633717.450670)  can0  281   [5]  03 00 00 00 00
 (1789633717.454144)  can0  201   [6]  02 00 00 00 00 00
 (1789633717.464144)  can0  201   [6]  02 00 00 00 00 00
 (1789633717.474142)  can0  201   [6]  02 00 00 00 00 00
 (1789633717.484143)  can0  201   [6]  02 00 00 00 00 00
 (1789633717.494146)  can0  201   [6]  02 00 00 00 00 00
 (1789633717.500488)  can0  181   [8]  60 14 60 14 00 00 00 00
 (1789633717.500680)  can0  281   [5]  03 00 00 00 00
 (1789633717.504142)  can0  201   [6]  02 00 00 00 00 00
 (1789633717.514144)  can0  201   [6]  02 00 00 00 00 00
 (1789633717.524170)  can0  201   [6]  02 00 00 00 00 00
 (1789633717.534152)  can0  201   [6]  02 00 00 00 00 00
 (1789633717.544144)  can0  201   [6]  02 00 00 00 00 00
 (1789633717.550500)  can0  181   [8]  60 14 60 14 00 00 00 00
 (1789633717.550690)  can0  281   [5]  03 00 00 00 00
 (1789633717.554146)  can0  201   [6]  02 00 00 00 00 00
 (1789633717.564144)  can0  201   [6]  02 00 00 00 00 00
 (1789633717.574140)  can0  201   [6]  02 00 00 00 00 00
 (1789633717.584143)  can0  201   [6]  02 00 00 00 00 00
 (1789633717.594144)  can0  201   [6]  02 00 00 00 00 00
 (1789633717.600507)  can0  181   [8]  60 14 60 14 00 00 00 00
 (1789633717.600643)  can0  281   [5]  03 00 00 00 00
 (1789633717.604146)  can0  201   [6]  02 00 00 00 00 00
 (1789633717.614142)  can0  201   [6]  02 00 00 00 00 00
 (1789633717.624142)  can0  201   [6]  02 00 00 00 00 00
 (1789633717.634144)  can0  201   [6]  02 00 00 00 00 00
 (1789633717.642036)  can0  701   [1]  05
 (1789633717.644142)  can0  201   [6]  02 00 00 00 00 00
 (1789633717.650518)  can0  181   [8]  60 14 60 14 00 00 00 00
 (1789633717.650710)  can0  281   [5]  03 00 00 00 00
 (1789633717.654143)  can0  201   [6]  02 00 00 00 00 00
 (1789633717.664144)  can0  201   [6]  02 00 00 00 00 00
 (1789633717.674142)  can0  201   [6]  02 00 00 00 00 00
 (1789633717.684141)  can0  201   [6]  02 00 00 00 00 00
 (1789633717.694147)  can0  201   [6]  02 00 00 00 00 00
 (1789633717.700530)  can0  181   [8]  60 14 60 14 00 00 00 00
 (1789633717.700721)  can0  281   [5]  03 00 00 00 00
 (1789633717.704170)  can0  201   [6]  02 00 00 00 00 00
 (1789633717.714148)  can0  201   [6]  02 00 00 00 00 00
 (1789633717.724156)  can0  201   [6]  02 00 00 00 00 00
 (1789633717.734163)  can0  201   [6]  02 00 00 00 00 00
 (1789633717.744151)  can0  201   [6]  02 00 00 00 00 00
 (1789633717.750538)  can0  181   [8]  60 14 60 14 00 00 00 00
 (1789633717.750729)  can0  281   [5]  03 00 00 00 00
 (1789633717.754150)  can0  201   [6]  02 00 00 00 00 00
 (1789633717.764142)  can0  201   [6]  02 00 00 00 00 00
 (1789633717.774142)  can0  201   [6]  02 00 00 00 00 00
 (1789633717.784140)  can0  201   [6]  02 00 00 00 00 00
 (1789633717.794143)  can0  201   [6]  02 00 00 00 00 00
 (1789633717.800547)  can0  181   [8]  60 14 60 14 00 00 00 00
 (1789633717.800737)  can0  281   [5]  03 00 00 00 00
 (1789633717.804140)  can0  201   [6]  02 00 00 00 00 00
 (1789633717.814145)  can0  201   [6]  02 00 00 00 00 00
 (1789633717.824143)  can0  201   [6]  02 00 00 00 00 00
 (1789633717.834142)  can0  201   [6]  02 00 00 00 00 00
 (1789633717.844143)  can0  201   [6]  02 00 00 00 00 00
 (1789633717.850556)  can0  181   [8]  60 14 60 14 00 00 00 00
 (1789633717.850747)  can0  281   [5]  03 00 00 00 00
 (1789633717.854141)  can0  201   [6]  02 00 00 00 00 00
 (1789633717.864142)  can0  201   [6]  02 00 00 00 00 00
 (1789633717.874141)  can0  201   [6]  02 00 00 00 00 00
 (1789633717.884142)  can0  201   [6]  02 00 00 00 00 00
 (1789633717.891527)  can0  701   [1]  05
 (1789633717.894141)  can0  201   [6]  02 00 00 00 00 00
 (1789633717.900565)  can0  181   [8]  60 14 60 14 00 00 00 00
 (1789633717.900756)  can0  281   [5]  03 00 00 00 00
 (1789633717.904316)  can0  201   [6]  02 00 00 00 00 00
 (1789633717.914149)  can0  201   [6]  02 00 00 00 00 00
 (1789633717.924142)  can0  201   [6]  02 00 00 00 00 00
 (1789633717.934145)  can0  201   [6]  02 00 00 00 00 00
 (1789633717.944141)  can0  201   [6]  02 00 00 00 00 00
 (1789633717.950575)  can0  181   [8]  60 14 60 14 00 00 00 00
 (1789633717.950766)  can0  281   [5]  03 00 00 00 00
 (1789633717.954144)  can0  201   [6]  02 00 00 00 00 00
 (1789633717.964142)  can0  201   [6]  02 00 00 00 00 00
 (1789633717.974140)  can0  201   [6]  02 00 00 00 00 00
 (1789633717.984142)  can0  201   [6]  02 00 00 00 00 00
 (1789633717.994140)  can0  201   [6]  02 00 00 00 00 00
 (1789633718.000583)  can0  181   [8]  60 14 60 14 00 00 00 00
 (1789633718.000718)  can0  281   [5]  03 00 00 00 00
 (1789633718.004144)  can0  201   [6]  02 00 00 00 00 00
 (1789633718.014140)  can0  201   [6]  02 00 00 00 00 00
 (1789633718.024146)  can0  201   [6]  02 00 00 00 00 00
 (1789633718.034141)  can0  201   [6]  02 00 00 00 00 00
 (1789633718.044142)  can0  201   [6]  02 00 00 00 00 00
 (1789633718.050593)  can0  181   [8]  60 14 60 14 00 00 00 00
 (1789633718.050785)  can0  281   [5]  03 00 00 00 00
 (1789633718.054145)  can0  201   [6]  02 00 00 00 00 00
 (1789633718.064142)  can0  201   [6]  02 00 00 00 00 00
 (1789633718.074142)  can0  201   [6]  02 00 00 00 00 00
 (1789633718.084165)  can0  201   [6]  02 00 00 00 00 00
 (1789633718.094154)  can0  201   [6]  02 00 00 00 00 00
 (1789633718.100605)  can0  181   [8]  60 14 60 14 00 00 00 00
 (1789633718.100795)  can0  281   [5]  03 00 00 00 00
 (1789633718.104151)  can0  201   [6]  02 00 00 00 00 00
 (1789633718.114147)  can0  201   [6]  02 00 00 00 00 00
 (1789633718.124155)  can0  201   [6]  02 00 00 00 00 00
 (1789633718.134152)  can0  201   [6]  02 00 00 00 00 00
 (1789633718.141071)  can0  701   [1]  05
 (1789633718.144149)  can0  201   [6]  02 00 00 00 00 00
 (1789633718.150613)  can0  181   [8]  60 14 60 14 00 00 00 00
 (1789633718.150803)  can0  281   [5]  03 00 00 00 00
 (1789633718.154142)  can0  201   [6]  02 00 00 00 00 00
 (1789633718.164141)  can0  201   [6]  02 00 00 00 00 00
 (1789633718.174141)  can0  201   [6]  02 00 00 00 00 00
 (1789633718.184141)  can0  201   [6]  02 00 00 00 00 00
 (1789633718.194142)  can0  201   [6]  02 00 00 00 00 00
 (1789633718.200622)  can0  181   [8]  60 14 60 14 00 00 00 00
 (1789633718.200757)  can0  281   [5]  03 00 00 00 00
 (1789633718.204141)  can0  201   [6]  02 00 00 00 00 00
 (1789633718.214141)  can0  201   [6]  02 00 00 00 00 00
 (1789633718.224141)  can0  201   [6]  02 00 00 00 00 00
 (1789633718.234143)  can0  201   [6]  02 00 00 00 00 00
 (1789633718.244142)  can0  201   [6]  02 00 00 00 00 00
 (1789633718.250631)  can0  181   [8]  60 14 60 14 00 00 00 00
 (1789633718.250823)  can0  281   [5]  03 00 00 00 00
 (1789633718.254143)  can0  201   [6]  02 00 00 00 00 00
 (1789633718.264141)  can0  201   [6]  02 00 00 00 00 00
 (1789633718.274140)  can0  201   [6]  02 00 00 00 00 00
 (1789633718.284140)  can0  201   [6]  02 00 00 00 00 00
 (1789633718.294164)  can0  201   [6]  02 00 00 00 00 00
 (1789633718.300643)  can0  181   [8]  60 14 60 14 00 00 00 00
 (1789633718.300830)  can0  281   [5]  03 00 00 00 00
 (1789633718.304146)  can0  201   [6]  02 00 00 00 00 00
 (1789633718.314141)  can0  201   [6]  02 00 00 00 00 00
 (1789633718.324138)  can0  201   [6]  02 00 00 00 00 00
 (1789633718.334145)  can0  201   [6]  02 00 00 00 00 00
 (1789633718.344147)  can0  201   [6]  02 00 00 00 00 00
 (1789633718.350649)  can0  181   [8]  60 14 60 14 00 00 00 00
 (1789633718.350842)  can0  281   [5]  03 00 00 00 00
 (1789633718.354145)  can0  201   [6]  02 00 00 00 00 00
 (1789633718.364139)  can0  201   [6]  02 00 00 00 00 00
 (1789633718.374144)  can0  201   [6]  02 00 00 00 00 00
 (1789633718.384138)  can0  201   [6]  02 00 00 00 00 00
 (1789633718.390618)  can0  701   [1]  05
 (1789633718.394144)  can0  201   [6]  02 00 00 00 00 00
 (1789633718.400659)  can0  181   [8]  60 14 60 14 00 00 00 00
 (1789633718.400795)  can0  281   [5]  03 00 00 00 00
 (1789633718.404144)  can0  201   [6]  02 00 00 00 00 00
 (1789633718.414140)  can0  201   [6]  02 00 00 00 00 00
 (1789633718.424141)  can0  201   [6]  02 00 00 00 00 00
 (1789633718.434139)  can0  201   [6]  02 00 00 00 00 00
 (1789633718.444166)  can0  201   [6]  02 00 00 00 00 00
 (1789633718.450671)  can0  181   [8]  60 14 60 14 00 00 00 00
 (1789633718.450860)  can0  281   [5]  03 00 00 00 00
 (1789633718.454148)  can0  201   [6]  02 00 00 00 00 00
 (1789633718.464176)  can0  201   [6]  02 00 00 00 00 00
 (1789633718.474162)  can0  201   [6]  02 00 00 00 00 00
 (1789633718.484163)  can0  201   [6]  02 00 00 00 00 00
 (1789633718.494153)  can0  201   [6]  02 00 00 00 00 00
 (1789633718.500680)  can0  181   [8]  60 14 60 14 00 00 00 00
 (1789633718.500870)  can0  281   [5]  03 00 00 00 00
 (1789633718.504147)  can0  201   [6]  02 00 00 00 00 00
 (1789633718.514147)  can0  201   [6]  02 00 00 00 00 00
 (1789633718.524142)  can0  201   [6]  02 00 00 00 00 00
 (1789633718.534141)  can0  201   [6]  02 00 00 00 00 00
 (1789633718.544142)  can0  201   [6]  02 00 00 00 00 00
 (1789633718.550687)  can0  181   [8]  60 14 60 14 00 00 00 00
 (1789633718.550879)  can0  281   [5]  03 00 00 00 00
 (1789633718.554144)  can0  201   [6]  02 00 00 00 00 00
 (1789633718.564146)  can0  201   [6]  02 00 00 00 00 00
 (1789633718.574141)  can0  201   [6]  02 00 00 00 00 00
 (1789633718.584142)  can0  201   [6]  02 00 00 00 00 00
 (1789633718.594142)  can0  201   [6]  02 00 00 00 00 00
 (1789633718.600699)  can0  181   [8]  60 14 60 14 00 00 00 00
 (1789633718.600832)  can0  281   [5]  03 00 00 00 00
 (1789633718.604142)  can0  201   [6]  02 00 00 00 00 00
 (1789633718.614142)  can0  201   [6]  02 00 00 00 00 00
 (1789633718.624141)  can0  201   [6]  02 00 00 00 00 00
 (1789633718.634141)  can0  201   [6]  02 00 00 00 00 00
 (1789633718.640166)  can0  701   [1]  05
 (1789633718.644141)  can0  201   [6]  02 00 00 00 00 00
 (1789633718.650705)  can0  181   [8]  60 14 60 14 00 00 00 00
 (1789633718.650898)  can0  281   [5]  03 00 00 00 00
 (1789633718.654140)  can0  201   [6]  02 00 00 00 00 00
 (1789633718.664143)  can0  201   [6]  02 00 00 00 00 00
 (1789633718.674193)  can0  201   [6]  02 00 00 00 00 00
 (1789633718.684143)  can0  201   [6]  02 00 00 00 00 00
 (1789633718.694143)  can0  201   [6]  02 00 00 00 00 00
 (1789633718.700717)  can0  181   [8]  60 14 60 14 00 00 00 00
 (1789633718.700906)  can0  281   [5]  03 00 00 00 00
 (1789633718.704143)  can0  201   [6]  02 00 00 00 00 00
 (1789633718.714139)  can0  201   [6]  02 00 00 00 00 00
 (1789633718.724150)  can0  201   [6]  02 00 00 00 00 00
 (1789633718.734140)  can0  201   [6]  02 00 00 00 00 00
 (1789633718.744142)  can0  201   [6]  02 00 00 00 00 00
 (1789633718.750724)  can0  181   [8]  60 14 60 14 00 00 00 00
 (1789633718.750916)  can0  281   [5]  03 00 00 00 00
 (1789633718.754145)  can0  201   [6]  02 00 00 00 00 00
 (1789633718.764142)  can0  201   [6]  02 00 00 00 00 00
 (1789633718.774143)  can0  201   [6]  02 00 00 00 00 00
 (1789633718.784142)  can0  201   [6]  02 00 00 00 00 00
 (1789633718.794143)  can0  201   [6]  02 00 00 00 00 00
 (1789633718.800734)  can0  181   [8]  60 14 60 14 00 00 00 00
 (1789633718.800869)  can0  281   [5]  03 00 00 00 00
 (1789633718.804142)  can0  201   [6]  02 00 00 00 00 00
 (1789633718.814140)  can0  201   [6]  02 00 00 00 00 00
 (1789633718.824146)  can0  201   [6]  06 00 00 00 00 00
 (1789633718.834147)  can0  201   [6]  06 00 00 00 00 00
 (1789633718.844148)  can0  201   [6]  06 00 00 00 00 00
 (1789633718.850751)  can0  181   [8]  21 14 21 14 00 00 00 00
 (1789633718.850933)  can0  281   [5]  03 00 00 00 00
 (1789633718.854154)  can0  201   [6]  07 00 00 00 00 00
 (1789633718.864151)  can0  201   [6]  07 00 00 00 00 00
 (1789633718.874153)  can0  201   [6]  07 00 00 00 00 00
 (1789633718.884158)  can0  201   [6]  07 00 00 00 00 00
 (1789633718.889654)  can0  701   [1]  05
 (1789633718.894154)  can0  201   [6]  07 00 00 00 00 00
 (1789633718.900747)  can0  181   [8]  23 14 23 14 00 00 00 00
 (1789633718.900936)  can0  281   [5]  03 00 00 00 00
 (1789633718.904150)  can0  201   [6]  0F 00 00 00 00 00
 (1789633718.914145)  can0  201   [6]  0F 00 00 00 00 00
 (1789633718.924145)  can0  201   [6]  0F 00 00 00 00 00
 (1789633718.934144)  can0  201   [6]  0F 00 00 00 00 00
 (1789633718.944144)  can0  201   [6]  0F 00 00 00 00 00
 (1789633718.950690)  can0  181   [8]  27 14 27 14 00 00 00 00
 (1789633718.950883)  can0  281   [5]  03 00 00 00 00
 (1789633718.954144)  can0  201   [6]  0F 00 00 00 00 00
 (1789633718.964144)  can0  201   [6]  0F 00 00 00 00 00
 (1789633718.974145)  can0  201   [6]  0F 00 00 00 00 00
 (1789633718.984147)  can0  201   [6]  0F 00 00 00 00 00
 (1789633718.994143)  can0  201   [6]  0F 00 00 00 00 00
 (1789633719.000638)  can0  181   [8]  27 14 27 14 00 00 00 00
 (1789633719.000774)  can0  281   [5]  03 00 00 00 00
 (1789633719.004146)  can0  201   [6]  0F 00 00 00 00 00
 (1789633719.014144)  can0  201   [6]  0F 00 00 00 00 00
 (1789633719.024144)  can0  201   [6]  0F 00 00 00 00 00
 (1789633719.034145)  can0  201   [6]  0F 00 00 00 00 00
 (1789633719.044144)  can0  201   [6]  0F 00 00 00 00 00
 (1789633719.050585)  can0  181   [8]  27 14 27 14 00 00 00 00
 (1789633719.050777)  can0  281   [5]  03 00 00 00 00
 (1789633719.054307)  can0  201   [6]  0F 00 00 00 00 00
 (1789633719.064150)  can0  201   [6]  0F 00 00 00 00 00
 (1789633719.074161)  can0  201   [6]  0F 00 00 00 00 00
 (1789633719.084145)  can0  201   [6]  0F 00 00 00 00 00
 (1789633719.094143)  can0  201   [6]  0F 00 00 00 00 00
 (1789633719.100536)  can0  181   [8]  27 14 27 14 00 00 00 00
 (1789633719.100726)  can0  281   [5]  03 00 00 00 00
 (1789633719.104149)  can0  201   [6]  0F 00 00 00 00 00
 (1789633719.114144)  can0  201   [6]  0F 00 00 00 00 00
 (1789633719.124145)  can0  201   [6]  0F 00 00 00 00 00
 (1789633719.134144)  can0  201   [6]  0F 00 00 00 00 00
 (1789633719.139205)  can0  701   [1]  05
 (1789633719.144146)  can0  201   [6]  0F 00 00 00 00 00
 (1789633719.150479)  can0  181   [8]  27 14 27 14 00 00 00 00
 (1789633719.150669)  can0  281   [5]  03 00 00 00 00
 (1789633719.154145)  can0  201   [6]  0F 00 00 00 00 00
 (1789633719.164145)  can0  201   [6]  0F 00 00 00 00 00
 (1789633719.174145)  can0  201   [6]  0F 00 00 00 00 00
 (1789633719.184145)  can0  201   [6]  0F 00 00 00 00 00
 (1789633719.194147)  can0  201   [6]  0F 00 00 00 00 00
 (1789633719.200426)  can0  181   [8]  27 14 27 14 00 00 00 00
 (1789633719.200619)  can0  281   [5]  03 00 00 00 00
 (1789633719.204145)  can0  201   [6]  0F 00 00 00 00 00
 (1789633719.214147)  can0  201   [6]  0F 00 00 00 00 00
 (1789633719.224146)  can0  201   [6]  0F 00 00 00 00 00
 (1789633719.234162)  can0  201   [6]  0F 00 00 00 00 00
 (1789633719.244151)  can0  201   [6]  0F 00 00 00 00 00
 (1789633719.250374)  can0  181   [8]  27 14 27 14 00 00 00 00
 (1789633719.250563)  can0  281   [5]  03 00 00 00 00
 (1789633719.254150)  can0  201   [6]  0F 00 00 00 00 00
 (1789633719.264152)  can0  201   [6]  0F 00 00 00 00 00
 (1789633719.274147)  can0  201   [6]  0F 00 00 00 00 00
 (1789633719.284105)  can0  201   [6]  0F 00 00 00 00 00
 (1789633719.294147)  can0  201   [6]  0F 00 00 00 00 00
 (1789633719.300322)  can0  181   [8]  27 14 27 14 00 00 00 00
 (1789633719.300513)  can0  281   [5]  03 00 00 00 00
 (1789633719.304147)  can0  201   [6]  0F 00 00 00 00 00
 (1789633719.314149)  can0  201   [6]  0F 00 00 00 00 00
 (1789633719.324145)  can0  201   [6]  0F 00 00 00 00 00
 (1789633719.334144)  can0  201   [6]  0F 00 00 00 00 00
 (1789633719.344145)  can0  201   [6]  0F 00 00 00 00 00
 (1789633719.350267)  can0  181   [8]  27 14 27 14 00 00 00 00
 (1789633719.350402)  can0  281   [5]  03 00 00 00 00
 (1789633719.354146)  can0  201   [6]  0F 00 00 00 00 00
 (1789633719.364142)  can0  201   [6]  0F 00 00 00 00 00
 (1789633719.374142)  can0  201   [6]  0F 00 00 00 00 00
 (1789633719.384144)  can0  201   [6]  0F 00 00 00 00 00
 (1789633719.388750)  can0  701   [1]  05
 (1789633719.394146)  can0  201   [6]  0F 00 00 00 00 00
 (1789633719.400214)  can0  181   [8]  27 14 27 14 00 00 00 00
 (1789633719.400349)  can0  281   [5]  03 00 00 00 00
 (1789633719.404145)  can0  201   [6]  0F 00 00 00 00 00
 (1789633719.414146)  can0  201   [6]  0F 00 00 00 00 00
 (1789633719.424146)  can0  201   [6]  0F 00 00 00 00 00
 (1789633719.434145)  can0  201   [6]  0F 00 00 00 00 00
 (1789633719.444165)  can0  201   [6]  0F 00 00 00 00 00
 (1789633719.450163)  can0  181   [8]  27 14 27 14 00 00 00 00
 (1789633719.450355)  can0  281   [5]  03 00 00 00 00
 (1789633719.454148)  can0  201   [6]  0F 00 00 00 00 00
 (1789633719.464144)  can0  201   [6]  0F 00 00 00 00 00
 (1789633719.474144)  can0  201   [6]  0F 00 00 00 00 00
 (1789633719.484143)  can0  201   [6]  0F 00 00 00 00 00
 (1789633719.494147)  can0  201   [6]  0F 00 00 00 00 00
 (1789633719.500109)  can0  181   [8]  27 14 27 14 00 00 00 00
 (1789633719.500301)  can0  281   [5]  03 00 00 00 00
 (1789633719.504091)  can0  201   [6]  0F 00 00 00 00 00
 (1789633719.514144)  can0  201   [6]  0F 00 00 00 00 00
 (1789633719.524149)  can0  201   [6]  0F 00 00 00 00 00
 (1789633719.534143)  can0  201   [6]  0F 00 00 00 00 00
 (1789633719.544144)  can0  201   [6]  0F 00 00 00 00 00
 (1789633719.550056)  can0  181   [8]  27 14 27 14 00 00 00 00
 (1789633719.550191)  can0  281   [5]  03 00 00 00 00
 (1789633719.554145)  can0  201   [6]  0F 00 00 00 00 00
 (1789633719.564089)  can0  201   [6]  0F 00 00 00 00 00
 (1789633719.574144)  can0  201   [6]  0F 00 00 00 00 00
 (1789633719.584144)  can0  201   [6]  0F 00 00 00 00 00
 (1789633719.594148)  can0  201   [6]  0F 00 00 00 00 00
 (1789633719.600004)  can0  181   [8]  27 14 27 14 00 00 00 00
 (1789633719.600194)  can0  281   [5]  03 00 00 00 00
 (1789633719.604147)  can0  201   [6]  0F 00 00 00 00 00
 (1789633719.614157)  can0  201   [6]  0F 00 00 00 00 00
 (1789633719.624170)  can0  201   [6]  0F 00 00 00 00 00
 (1789633719.634099)  can0  201   [6]  0F 00 00 00 00 00
 (1789633719.638239)  can0  701   [1]  05
 (1789633719.644156)  can0  201   [6]  0F 00 00 00 00 00
 (1789633719.649951)  can0  181   [8]  27 14 27 14 00 00 00 00
 (1789633719.650142)  can0  281   [5]  03 00 00 00 00
 (1789633719.654149)  can0  201   [6]  0F 00 00 00 00 00
 (1789633719.664152)  can0  201   [6]  0F 00 00 00 00 00
 (1789633719.674148)  can0  201   [6]  0F 00 00 00 00 00
 (1789633719.684146)  can0  201   [6]  0F 00 00 00 00 00
 (1789633719.694144)  can0  201   [6]  0F 00 00 00 00 00
 (1789633719.699900)  can0  181   [8]  27 14 27 14 00 00 00 00
 (1789633719.700090)  can0  281   [5]  03 00 00 00 00
 (1789633719.704147)  can0  201   [6]  0F 00 00 00 00 00
 (1789633719.714144)  can0  201   [6]  0F 00 00 00 00 00
 (1789633719.724152)  can0  201   [6]  0F 00 00 00 00 00
 (1789633719.734149)  can0  201   [6]  0F 00 00 00 00 00
 (1789633719.744145)  can0  201   [6]  0F 00 00 00 00 00
 (1789633719.749845)  can0  181   [8]  27 14 27 14 00 00 00 00
 (1789633719.750036)  can0  281   [5]  03 00 00 00 00
 (1789633719.754147)  can0  201   [6]  0F 00 00 00 00 00
 (1789633719.764144)  can0  201   [6]  0F 00 00 00 00 00
 (1789633719.774147)  can0  201   [6]  0F 00 00 00 00 00
 (1789633719.784143)  can0  201   [6]  0F 00 00 00 00 00
 (1789633719.794144)  can0  201   [6]  0F 00 00 00 00 00
 (1789633719.799792)  can0  181   [8]  27 14 27 14 00 00 00 00
 (1789633719.799984)  can0  281   [5]  03 00 00 00 00
 (1789633719.804149)  can0  201   [6]  0F 00 00 00 00 00
 (1789633719.814144)  can0  201   [6]  0F 00 00 00 00 00
 (1789633719.824175)  can0  201   [6]  0F 00 00 00 00 00
 (1789633719.834151)  can0  201   [6]  0F 00 00 00 00 00
 (1789633719.844146)  can0  201   [6]  0F 00 00 00 00 00
 (1789633719.849741)  can0  181   [8]  27 14 27 14 00 00 00 00
 (1789633719.849931)  can0  281   [5]  03 00 00 00 00
 (1789633719.854148)  can0  201   [6]  0F 00 00 00 00 00
 (1789633719.864142)  can0  201   [6]  0F 00 00 00 00 00
 (1789633719.874146)  can0  201   [6]  0F 00 00 00 00 00
 (1789633719.884143)  can0  201   [6]  0F 00 00 00 00 00
 (1789633719.887782)  can0  701   [1]  05
 (1789633719.894146)  can0  201   [6]  0F 00 00 00 00 00
 (1789633719.899687)  can0  181   [8]  27 14 27 14 00 00 00 00
 (1789633719.899879)  can0  281   [5]  03 00 00 00 00
 (1789633719.904144)  can0  201   [6]  0F 00 00 00 00 00
 (1789633719.914092)  can0  201   [6]  0F 00 00 00 00 00
 (1789633719.924147)  can0  201   [6]  0F 00 00 00 00 00
 (1789633719.934144)  can0  201   [6]  0F 00 00 00 00 00
 (1789633719.944147)  can0  201   [6]  0F 00 00 00 00 00
 (1789633719.949633)  can0  181   [8]  27 14 27 14 00 00 00 00
 (1789633719.949825)  can0  281   [5]  03 00 00 00 00
 (1789633719.954144)  can0  201   [6]  0F 00 00 00 00 00
 (1789633719.964145)  can0  201   [6]  0F 00 00 00 00 00
 (1789633719.974143)  can0  201   [6]  0F 00 00 00 00 00
 (1789633719.984149)  can0  201   [6]  0F 00 00 00 00 00
 (1789633719.994145)  can0  201   [6]  0F 00 00 00 00 00
 (1789633719.999585)  can0  181   [8]  27 14 27 14 00 00 00 00
 (1789633719.999774)  can0  281   [5]  03 00 00 00 00
 (1789633720.004157)  can0  201   [6]  0F 00 00 00 00 00
 (1789633720.014157)  can0  201   [6]  0F 00 00 00 00 00
 (1789633720.024154)  can0  201   [6]  0F 00 00 00 00 00
 (1789633720.034151)  can0  201   [6]  0F 00 00 00 00 00
 (1789633720.044155)  can0  201   [6]  0F 00 00 00 00 00
 (1789633720.049602)  can0  181   [8]  27 14 27 14 00 00 00 00
 (1789633720.049663)  can0  281   [5]  03 00 00 00 00
 (1789633720.054154)  can0  201   [6]  0F 00 00 00 00 00
 (1789633720.064146)  can0  201   [6]  0F 00 00 00 00 00
 (1789633720.074144)  can0  201   [6]  0F 00 00 00 00 00
 (1789633720.084145)  can0  201   [6]  0F 00 00 00 00 00
 (1789633720.094142)  can0  201   [6]  0F 00 00 00 00 00
 (1789633720.099475)  can0  181   [8]  27 14 27 14 00 00 00 00
 (1789633720.099668)  can0  281   [5]  03 00 00 00 00
 (1789633720.104146)  can0  201   [6]  0F 00 00 00 00 00
 (1789633720.114142)  can0  201   [6]  0F 00 00 00 00 00
 (1789633720.124146)  can0  201   [6]  0F 00 00 00 00 00
 (1789633720.134144)  can0  201   [6]  0F 00 00 00 00 00
 (1789633720.137329)  can0  701   [1]  05
 (1789633720.144144)  can0  201   [6]  0F 00 00 00 00 00
 (1789633720.149423)  can0  181   [8]  27 14 27 14 00 00 00 00
 (1789633720.149613)  can0  281   [5]  03 00 00 00 00
 (1789633720.154147)  can0  201   [6]  0F 00 00 00 00 00
 (1789633720.164144)  can0  201   [6]  0F 00 00 00 00 00
 (1789633720.174146)  can0  201   [6]  0F 00 00 00 00 00
 (1789633720.184144)  can0  201   [6]  0F 00 00 00 00 00
 (1789633720.194090)  can0  201   [6]  0F 00 00 00 00 00
 (1789633720.199368)  can0  181   [8]  27 14 27 14 00 00 00 00
 (1789633720.199559)  can0  281   [5]  03 00 00 00 00
 (1789633720.204112)  can0  201   [6]  0F 00 00 00 00 00
 (1789633720.214146)  can0  201   [6]  0F 00 00 00 00 00
 (1789633720.224148)  can0  201   [6]  0F 00 00 00 00 00
 (1789633720.234142)  can0  201   [6]  0F 00 00 00 00 00
 (1789633720.244145)  can0  201   [6]  0F 00 00 00 00 00
 (1789633720.249319)  can0  181   [8]  27 14 27 14 00 00 00 00
 (1789633720.249509)  can0  281   [5]  03 00 00 00 00
 (1789633720.254146)  can0  201   [6]  0F 00 00 00 00 00
 (1789633720.264146)  can0  201   [6]  0F 00 00 00 00 00
 (1789633720.274142)  can0  201   [6]  0F 00 00 00 00 00
 (1789633720.284142)  can0  201   [6]  0F 00 00 00 00 00
 (1789633720.294142)  can0  201   [6]  0F 00 00 00 00 00
 (1789633720.299263)  can0  181   [8]  27 14 27 14 00 00 00 00
 (1789633720.299454)  can0  281   [5]  03 00 00 00 00
 (1789633720.304143)  can0  201   [6]  0F 00 00 00 00 00
 (1789633720.314146)  can0  201   [6]  0F 00 00 00 00 00
 (1789633720.324144)  can0  201   [6]  0F 00 00 00 00 00
 (1789633720.334145)  can0  201   [6]  0F 00 00 00 00 00
 (1789633720.344144)  can0  201   [6]  0F 00 00 00 00 00
 (1789633720.349210)  can0  181   [8]  27 14 27 14 00 00 00 00
 (1789633720.349405)  can0  281   [5]  03 00 00 00 00
 (1789633720.354144)  can0  201   [6]  0F 00 00 00 00 00
 (1789633720.364155)  can0  201   [6]  0F 00 00 00 00 00
 (1789633720.374146)  can0  201   [6]  0F 00 00 00 00 00
 (1789633720.384157)  can0  201   [6]  0F 00 00 00 00 00
 (1789633720.386822)  can0  701   [1]  05
 (1789633720.394151)  can0  201   [6]  0F 00 00 00 00 00
 (1789633720.399159)  can0  181   [8]  27 14 27 14 00 00 00 00
 (1789633720.399349)  can0  281   [5]  03 00 00 00 00
 (1789633720.404152)  can0  201   [6]  0F 00 00 00 00 00
 (1789633720.414149)  can0  201   [6]  0F 00 00 00 00 00
 (1789633720.424147)  can0  201   [6]  0F 00 00 00 00 00
 (1789633720.434165)  can0  201   [6]  0F 00 00 00 00 00
 (1789633720.444146)  can0  201   [6]  0F 00 00 00 00 00
 (1789633720.449106)  can0  181   [8]  27 14 27 14 00 00 00 00
 (1789633720.449297)  can0  281   [5]  03 00 00 00 00
 (1789633720.454149)  can0  201   [6]  0F 00 00 00 00 00
 (1789633720.464145)  can0  201   [6]  0F 00 00 00 00 00
 (1789633720.474146)  can0  201   [6]  0F 00 00 00 00 00
 (1789633720.484143)  can0  201   [6]  0F 00 00 00 00 00
 (1789633720.494144)  can0  201   [6]  0F 00 00 00 00 00
 (1789633720.499053)  can0  181   [8]  27 14 27 14 00 00 00 00
 (1789633720.499244)  can0  281   [5]  03 00 00 00 00
 (1789633720.504146)  can0  201   [6]  0F 00 00 00 00 00
 (1789633720.514144)  can0  201   [6]  0F 00 00 00 00 00
 (1789633720.524143)  can0  201   [6]  0F 00 00 00 00 00
 (1789633720.534145)  can0  201   [6]  0F 00 00 00 00 00
 (1789633720.544147)  can0  201   [6]  0F 00 00 00 00 00
 (1789633720.548997)  can0  181   [8]  27 14 27 14 00 00 00 00
 (1789633720.549189)  can0  281   [5]  03 00 00 00 00
 (1789633720.554145)  can0  201   [6]  0F 00 00 00 00 00
 (1789633720.564142)  can0  201   [6]  0F 00 00 00 00 00
 (1789633720.574147)  can0  201   [6]  0F 00 00 00 00 00
 (1789633720.584143)  can0  201   [6]  0F 00 00 00 00 00
 (1789633720.594165)  can0  201   [6]  0F 00 00 00 00 00
 (1789633720.598946)  can0  181   [8]  27 14 27 14 00 00 00 00
 (1789633720.599137)  can0  281   [5]  03 00 00 00 00
 (1789633720.604149)  can0  201   [6]  0F 00 00 00 00 00
 (1789633720.614146)  can0  201   [6]  0F 00 00 00 00 00
 (1789633720.624142)  can0  201   [6]  0F 00 00 00 00 00
 (1789633720.634146)  can0  201   [6]  0F 00 00 00 00 00
 (1789633720.636365)  can0  701   [1]  05
 (1789633720.644146)  can0  201   [6]  0F 00 00 00 00 00
 (1789633720.648894)  can0  181   [8]  27 14 27 14 00 00 00 00
 (1789633720.649085)  can0  281   [5]  03 00 00 00 00
 (1789633720.654145)  can0  201   [6]  0F 00 00 00 00 00
 (1789633720.664145)  can0  201   [6]  0F 00 00 00 00 00
 (1789633720.674145)  can0  201   [6]  0F 00 00 00 00 00
 (1789633720.684145)  can0  201   [6]  0F 00 00 00 00 00
 (1789633720.694143)  can0  201   [6]  0F 00 00 00 00 00
 (1789633720.698841)  can0  181   [8]  27 14 27 14 00 00 00 00
 (1789633720.699033)  can0  281   [5]  03 00 00 00 00
 (1789633720.704144)  can0  201   [6]  0F 00 00 00 00 00
 (1789633720.714146)  can0  201   [6]  0F 00 00 00 00 00
 (1789633720.724148)  can0  201   [6]  0F 00 00 00 00 00
 (1789633720.734146)  can0  201   [6]  0F 00 00 00 00 00
 (1789633720.744150)  can0  201   [6]  0F 00 00 00 00 00
 (1789633720.748787)  can0  181   [8]  27 14 27 14 00 00 00 00
 (1789633720.748978)  can0  281   [5]  03 00 00 00 00
 (1789633720.754147)  can0  201   [6]  0F 00 00 00 00 00
 (1789633720.764158)  can0  201   [6]  0F 00 00 00 00 00
 (1789633720.774164)  can0  201   [6]  0F 00 00 00 00 00
 (1789633720.784154)  can0  201   [6]  0F 00 00 00 00 00
 (1789633720.794168)  can0  201   [6]  0F 00 00 00 00 00
 (1789633720.798736)  can0  181   [8]  27 14 27 14 00 00 00 00
 (1789633720.798924)  can0  281   [5]  03 00 00 00 00
 (1789633720.804158)  can0  201   [6]  0F 00 00 00 00 00
 (1789633720.814168)  can0  201   [6]  0F 00 00 00 00 00
 (1789633720.824159)  can0  201   [6]  0F 00 00 00 00 00
 (1789633720.834178)  can0  201   [6]  0F 00 00 00 00 00
 (1789633720.844164)  can0  201   [6]  0F 00 00 00 00 00
 (1789633720.848693)  can0  181   [8]  27 14 27 14 00 00 00 00
 (1789633720.848820)  can0  281   [5]  03 00 00 00 00
 (1789633720.854183)  can0  201   [6]  0F 00 00 00 00 00
 (1789633720.864163)  can0  201   [6]  0F 00 00 00 00 00
 (1789633720.874186)  can0  201   [6]  0F 00 00 00 00 00
 (1789633720.884164)  can0  201   [6]  0F 00 00 00 00 00
 (1789633720.885915)  can0  701   [1]  05
 (1789633720.894156)  can0  201   [6]  0F 00 00 00 00 00
 (1789633720.898628)  can0  181   [8]  27 14 27 14 00 00 00 00
 (1789633720.898821)  can0  281   [5]  03 00 00 00 00
 (1789633720.904151)  can0  201   [6]  0F 00 00 00 00 00
 (1789633720.914171)  can0  201   [6]  0F 00 00 00 00 00
 (1789633720.924161)  can0  201   [6]  0F 00 00 00 00 00
 (1789633720.934151)  can0  201   [6]  0F 00 00 00 00 00
 (1789633720.944160)  can0  201   [6]  0F 00 00 00 00 00
 (1789633720.948536)  can0  181   [8]  27 14 27 14 00 00 00 00
 (1789633720.948766)  can0  281   [5]  03 00 00 00 00
 (1789633720.954156)  can0  201   [6]  0F 00 00 00 00 00
 (1789633720.964158)  can0  201   [6]  0F 00 00 00 00 00
 (1789633720.974148)  can0  201   [6]  0F 00 00 00 00 00
 (1789633720.984147)  can0  201   [6]  0F 00 00 00 00 00
 (1789633720.994146)  can0  201   [6]  0F 00 00 00 00 00
 (1789633720.998524)  can0  181   [8]  27 14 27 14 00 00 00 00
 (1789633720.998714)  can0  281   [5]  03 00 00 00 00
 (1789633721.004143)  can0  201   [6]  0F 00 00 00 00 00
 (1789633721.014146)  can0  201   [6]  0F 00 00 00 00 00
 (1789633721.024143)  can0  201   [6]  0F 00 00 00 00 00
 (1789633721.034146)  can0  201   [6]  0F 00 00 00 00 00
 (1789633721.044142)  can0  201   [6]  0F 00 00 00 00 00
 (1789633721.048469)  can0  181   [8]  27 14 27 14 00 00 00 00
 (1789633721.048662)  can0  281   [5]  03 00 00 00 00
 (1789633721.054146)  can0  201   [6]  0F 00 00 00 00 00
 (1789633721.064146)  can0  201   [6]  0F 00 00 00 00 00
 (1789633721.074143)  can0  201   [6]  0F 00 00 00 00 00
 (1789633721.084146)  can0  201   [6]  0F 00 00 00 00 00
 (1789633721.094146)  can0  201   [6]  0F 00 00 00 00 00
 (1789633721.098416)  can0  181   [8]  27 14 27 14 00 00 00 00
 (1789633721.098608)  can0  281   [5]  03 00 00 00 00
 (1789633721.104146)  can0  201   [6]  0F 00 00 00 00 00
 (1789633721.114142)  can0  201   [6]  0F 00 00 00 00 00
 (1789633721.124170)  can0  201   [6]  0F 00 00 00 00 00
 (1789633721.134148)  can0  201   [6]  0F 00 00 00 00 00
 (1789633721.135405)  can0  701   [1]  05
 (1789633721.144145)  can0  201   [6]  0F 00 00 00 00 00
 (1789633721.148364)  can0  181   [8]  27 14 27 14 00 00 00 00
 (1789633721.148553)  can0  281   [5]  03 00 00 00 00
 (1789633721.154147)  can0  201   [6]  0F 00 00 00 00 00
 (1789633721.164144)  can0  201   [6]  0F 00 00 00 00 00
 (1789633721.174145)  can0  201   [6]  0F 00 00 00 00 00
 (1789633721.184145)  can0  201   [6]  0F 00 00 00 00 00
 (1789633721.194143)  can0  201   [6]  0F 00 00 00 00 00
 (1789633721.198312)  can0  181   [8]  27 14 27 14 00 00 00 00
 (1789633721.198505)  can0  281   [5]  03 00 00 00 00
 (1789633721.204150)  can0  201   [6]  0F 00 00 00 00 00
 (1789633721.214144)  can0  201   [6]  0F 00 00 00 00 00
 (1789633721.224145)  can0  201   [6]  0F 00 00 00 00 00
 (1789633721.234144)  can0  201   [6]  0F 00 00 00 00 00
 (1789633721.244143)  can0  201   [6]  0F 00 00 00 00 00
 (1789633721.248256)  can0  181   [8]  27 14 27 14 00 00 00 00
 (1789633721.248449)  can0  281   [5]  03 00 00 00 00
 (1789633721.254145)  can0  201   [6]  0F 00 00 00 00 00
 (1789633721.264146)  can0  201   [6]  0F 00 00 00 00 00
 (1789633721.274147)  can0  201   [6]  0F 00 00 00 00 00
 (1789633721.284144)  can0  201   [6]  0F 00 00 00 00 00
 (1789633721.294151)  can0  201   [6]  0F 00 00 00 00 00
 (1789633721.298211)  can0  181   [8]  27 14 27 14 00 00 00 00
 (1789633721.298395)  can0  281   [5]  03 00 00 00 00
 (1789633721.304169)  can0  201   [6]  0F 00 00 00 00 00
 (1789633721.314153)  can0  201   [6]  0F 00 00 00 00 00
 (1789633721.324169)  can0  201   [6]  0F 00 00 00 00 00
 (1789633721.334157)  can0  201   [6]  0F 00 00 00 00 00
 (1789633721.344173)  can0  201   [6]  0F 00 00 00 00 00
 (1789633721.348157)  can0  181   [8]  27 14 27 14 00 00 00 00
 (1789633721.348288)  can0  281   [5]  03 00 00 00 00
 (1789633721.354155)  can0  201   [6]  0F 00 00 00 00 00
 (1789633721.364186)  can0  201   [6]  0F 00 00 00 00 00
 (1789633721.374158)  can0  201   [6]  0F 00 00 00 00 00
 (1789633721.384184)  can0  201   [6]  0F 00 00 00 00 00
 (1789633721.384893)  can0  701   [1]  05
 (1789633721.394166)  can0  201   [6]  0F 00 00 00 00 00
 (1789633721.398044)  can0  181   [8]  27 14 27 14 00 00 00 00
 (1789633721.398233)  can0  281   [5]  03 00 00 00 00
 (1789633721.404187)  can0  201   [6]  0F 00 00 00 00 00
 (1789633721.414168)  can0  201   [6]  0F 00 00 00 00 00
 (1789633721.424152)  can0  201   [6]  0F 00 00 00 00 00
 (1789633721.434155)  can0  201   [6]  0F 00 00 00 00 00
 (1789633721.444168)  can0  201   [6]  0F 00 00 00 00 00
 (1789633721.448050)  can0  181   [8]  27 14 27 14 00 00 00 00
 (1789633721.448238)  can0  281   [5]  03 00 00 00 00
 (1789633721.454103)  can0  201   [6]  0F 00 00 00 00 00
 (1789633721.464153)  can0  201   [6]  0F 00 00 00 00 00
 (1789633721.474156)  can0  201   [6]  0F 00 00 00 00 00
 (1789633721.484152)  can0  201   [6]  0F 00 00 00 00 00
 (1789633721.494154)  can0  201   [6]  0F 00 00 00 00 00
 (1789633721.497996)  can0  181   [8]  27 14 27 14 00 00 00 00
 (1789633721.498128)  can0  281   [5]  03 00 00 00 00
 (1789633721.504151)  can0  201   [6]  0F 00 00 00 00 00
 (1789633721.514147)  can0  201   [6]  0F 00 00 00 00 00
 (1789633721.524092)  can0  201   [6]  0F 00 00 00 00 00
 (1789633721.534146)  can0  201   [6]  0F 00 00 00 00 00
 (1789633721.544144)  can0  201   [6]  0F 00 00 00 00 00
 (1789633721.547942)  can0  181   [8]  27 14 27 14 00 00 00 00
 (1789633721.548076)  can0  281   [5]  03 00 00 00 00
 (1789633721.554149)  can0  201   [6]  0F 00 00 00 00 00
 (1789633721.564145)  can0  201   [6]  0F 00 00 00 00 00
 (1789633721.574148)  can0  201   [6]  0F 00 00 00 00 00
 (1789633721.584142)  can0  201   [6]  0F 00 00 00 00 00
 (1789633721.594145)  can0  201   [6]  0F 00 00 00 00 00
 (1789633721.597889)  can0  181   [8]  27 14 27 14 00 00 00 00
 (1789633721.598080)  can0  281   [5]  03 00 00 00 00
 (1789633721.604146)  can0  201   [6]  0F 00 00 00 00 00
 (1789633721.614146)  can0  201   [6]  0F 00 00 00 00 00
 (1789633721.624147)  can0  201   [6]  0F 00 00 00 00 00
 (1789633721.634144)  can0  201   [6]  0F 00 00 00 00 00
 (1789633721.634496)  can0  701   [1]  05
 (1789633721.644145)  can0  201   [6]  0F 00 00 00 00 00
 (1789633721.647836)  can0  181   [8]  27 14 27 14 00 00 00 00
 (1789633721.648027)  can0  281   [5]  03 00 00 00 00
 (1789633721.654182)  can0  201   [6]  0F 00 00 00 00 00
 (1789633721.664151)  can0  201   [6]  0F 00 00 00 00 00
 (1789633721.674144)  can0  201   [6]  0F 00 00 00 00 00
 (1789633721.684149)  can0  201   [6]  0F 00 00 00 00 00
 (1789633721.694146)  can0  201   [6]  0F 00 00 00 00 00
 (1789633721.697783)  can0  181   [8]  27 14 27 14 00 00 00 00
 (1789633721.697917)  can0  281   [5]  03 00 00 00 00
 (1789633721.704146)  can0  201   [6]  0F 00 00 00 00 00
 (1789633721.714147)  can0  201   [6]  0F 00 00 00 00 00
 (1789633721.724151)  can0  201   [6]  0F 00 00 00 00 00
 (1789633721.734146)  can0  201   [6]  0F 00 00 00 00 00
 (1789633721.744144)  can0  201   [6]  0F 00 00 00 00 00
 (1789633721.747694)  can0  181   [8]  27 14 27 14 00 00 00 00
 (1789633721.747864)  can0  281   [5]  03 00 00 00 00
 (1789633721.754145)  can0  201   [6]  0F 00 00 00 00 00
 (1789633721.764144)  can0  201   [6]  0F 00 00 00 00 00
 (1789633721.774144)  can0  201   [6]  0F 00 00 00 00 00
 (1789633721.784149)  can0  201   [6]  0F 00 00 00 03 00
 (1789633721.794145)  can0  201   [6]  0F 00 00 00 03 00
 (1789633721.797674)  can0  181   [8]  27 14 27 40 00 00 00 00
 (1789633721.797865)  can0  281   [5]  03 00 00 00 00
 (1789633721.804090)  can0  201   [6]  0F 00 00 00 03 00
 (1789633721.814147)  can0  201   [6]  0F 00 00 00 03 00
 (1789633721.824149)  can0  201   [6]  0F 00 00 00 03 00
 (1789633721.834166)  can0  201   [6]  0F 00 00 00 03 00
 (1789633721.844152)  can0  201   [6]  0F 00 00 00 03 00
 (1789633721.847619)  can0  181   [8]  27 14 27 44 00 00 17 00
 (1789633721.847752)  can0  281   [5]  03 00 00 00 00
 (1789633721.854168)  can0  201   [6]  0F 00 00 00 03 00
 (1789633721.864161)  can0  201   [6]  0F 00 00 00 03 00
 (1789633721.874100)  can0  201   [6]  0F 00 00 00 03 00
 (1789633721.883996)  can0  701   [1]  05
 (1789633721.884199)  can0  201   [6]  0F 00 00 00 04 00
 (1789633721.894199)  can0  201   [6]  0F 00 00 00 04 00
 (1789633721.897574)  can0  181   [8]  27 14 27 40 00 00 1D 00
 (1789633721.897763)  can0  281   [5]  03 00 00 00 00
 (1789633721.904157)  can0  201   [6]  0F 00 00 00 04 00
 (1789633721.914211)  can0  201   [6]  0F 00 00 00 04 00
 (1789633721.924178)  can0  201   [6]  0F 00 00 00 04 00
 (1789633721.934155)  can0  201   [6]  0F 00 00 00 04 00
 (1789633721.944113)  can0  201   [6]  0F 00 00 00 04 00
 (1789633721.947517)  can0  181   [8]  27 14 27 44 00 00 22 00
 (1789633721.947707)  can0  281   [5]  03 00 00 00 00
 (1789633721.954152)  can0  201   [6]  0F 00 00 00 04 00
 (1789633721.964154)  can0  201   [6]  0F 00 00 00 04 00
 (1789633721.974161)  can0  201   [6]  0F 00 00 00 04 00
 (1789633721.984158)  can0  201   [6]  0F 00 00 00 04 00
 (1789633721.994155)  can0  201   [6]  0F 00 00 00 04 00
 (1789633721.997461)  can0  181   [8]  27 14 27 44 00 00 26 00
 (1789633721.997594)  can0  281   [5]  03 00 00 00 00
 (1789633722.004157)  can0  201   [6]  0F 00 00 00 05 00
 (1789633722.014151)  can0  201   [6]  0F 00 00 00 05 00
 (1789633722.024154)  can0  201   [6]  0F 00 00 00 05 00
 (1789633722.034157)  can0  201   [6]  0F 00 00 00 05 00
 (1789633722.044146)  can0  201   [6]  0F 00 00 00 05 00
 (1789633722.047411)  can0  181   [8]  27 14 27 44 00 00 2E 00
 (1789633722.047602)  can0  281   [5]  03 00 00 00 00
 (1789633722.054145)  can0  201   [6]  0F 00 00 00 05 00
 (1789633722.064146)  can0  201   [6]  0F 00 00 00 05 00
 (1789633722.074143)  can0  201   [6]  0F 00 00 00 05 00
 (1789633722.084146)  can0  201   [6]  0F 00 00 00 05 00
 (1789633722.094146)  can0  201   [6]  0F 00 00 00 05 00
 (1789633722.097355)  can0  181   [8]  27 14 27 44 00 00 34 00
 (1789633722.097547)  can0  281   [5]  03 00 00 00 00
 (1789633722.104145)  can0  201   [6]  0F 00 00 00 05 00
 (1789633722.114144)  can0  201   [6]  0F 00 00 00 05 00
 (1789633722.124144)  can0  201   [6]  0F 00 00 00 05 00
 (1789633722.133531)  can0  701   [1]  05
 (1789633722.133778)  can0  201   [6]  0F 00 00 00 05 00
 (1789633722.144148)  can0  201   [6]  0F 00 00 00 05 00
 (1789633722.147246)  can0  181   [8]  27 14 27 44 00 00 31 00
 (1789633722.147435)  can0  281   [5]  03 00 00 00 00
 (1789633722.154147)  can0  201   [6]  0F 00 00 00 05 00
 (1789633722.164143)  can0  201   [6]  0F 00 00 00 05 00
 (1789633722.174143)  can0  201   [6]  0F 00 00 00 05 00
 (1789633722.184152)  can0  201   [6]  0F 00 00 00 05 00
 (1789633722.194153)  can0  201   [6]  0F 00 00 00 05 00
 (1789633722.197253)  can0  181   [8]  27 14 27 44 00 00 34 00
 (1789633722.197443)  can0  281   [5]  03 00 00 00 00
 (1789633722.204147)  can0  201   [6]  0F 00 00 00 05 00
 (1789633722.214142)  can0  201   [6]  0F 00 00 00 05 00
 (1789633722.224145)  can0  201   [6]  0F 00 00 00 05 00
 (1789633722.234145)  can0  201   [6]  0F 00 00 00 05 00
 (1789633722.244144)  can0  201   [6]  0F 00 00 00 05 00
 (1789633722.247195)  can0  181   [8]  27 14 27 44 00 00 2D 00
 (1789633722.247388)  can0  281   [5]  03 00 00 00 00
 (1789633722.254146)  can0  201   [6]  0F 00 00 00 05 00
 (1789633722.264145)  can0  201   [6]  0F 00 00 00 05 00
 (1789633722.274145)  can0  201   [6]  0F 00 00 00 05 00
 (1789633722.284142)  can0  201   [6]  0F 00 00 00 05 00
 (1789633722.294088)  can0  201   [6]  0F 00 00 00 05 00
 (1789633722.297144)  can0  181   [8]  27 14 27 44 00 00 34 00
 (1789633722.297337)  can0  281   [5]  03 00 00 00 00
 (1789633722.304146)  can0  201   [6]  0F 00 00 00 05 00
 (1789633722.314144)  can0  201   [6]  0F 00 00 00 05 00
 (1789633722.324146)  can0  201   [6]  0F 00 00 00 05 00
 (1789633722.334144)  can0  201   [6]  0F 00 00 00 05 00
 (1789633722.344145)  can0  201   [6]  0F 00 00 00 05 00
 (1789633722.347094)  can0  181   [8]  27 14 27 44 00 00 32 00
 (1789633722.347284)  can0  281   [5]  03 00 00 00 00
 (1789633722.354147)  can0  201   [6]  0F 00 00 00 05 00
 (1789633722.364164)  can0  201   [6]  0F 00 00 00 05 00
 (1789633722.374151)  can0  201   [6]  0F 00 00 00 05 00
 (1789633722.383089)  can0  701   [1]  05
 (1789633722.383412)  can0  201   [6]  0F 00 00 00 05 00
 (1789633722.394170)  can0  201   [6]  0F 00 00 00 05 00
 (1789633722.397040)  can0  181   [8]  27 14 27 44 00 00 2D 00
 (1789633722.397228)  can0  281   [5]  03 00 00 00 00
 (1789633722.404156)  can0  201   [6]  0F 00 00 00 05 00
 (1789633722.414173)  can0  201   [6]  0F 00 00 00 05 00
 (1789633722.424185)  can0  201   [6]  0F 00 00 00 05 00
 (1789633722.434167)  can0  201   [6]  0F 00 00 00 05 00
 (1789633722.444158)  can0  201   [6]  0F 00 00 00 05 00
 (1789633722.446993)  can0  181   [8]  27 14 27 44 00 00 31 00
 (1789633722.447176)  can0  281   [5]  03 00 00 00 00
 (1789633722.454189)  can0  201   [6]  0F 00 00 00 05 00
 (1789633722.464157)  can0  201   [6]  0F 00 00 00 05 00
 (1789633722.474164)  can0  201   [6]  0F 00 00 00 05 00
 (1789633722.484160)  can0  201   [6]  0F 00 00 00 05 00
 (1789633722.494159)  can0  201   [6]  0F 00 00 00 05 00
 (1789633722.496934)  can0  181   [8]  27 14 27 44 00 00 36 00
 (1789633722.497124)  can0  281   [5]  03 00 00 00 00
 (1789633722.504155)  can0  201   [6]  0F 00 00 00 05 00
 (1789633722.514185)  can0  201   [6]  0F 00 00 00 05 00
 (1789633722.524157)  can0  201   [6]  0F 00 00 00 05 00
 (1789633722.534158)  can0  201   [6]  0F 00 00 00 05 00
 (1789633722.544151)  can0  201   [6]  0F 00 00 00 05 00
 (1789633722.546881)  can0  181   [8]  27 14 27 44 00 00 2F 00
 (1789633722.547015)  can0  281   [5]  03 00 00 00 00
 (1789633722.554158)  can0  201   [6]  0F 00 00 00 05 00
 (1789633722.564166)  can0  201   [6]  0F 00 00 00 05 00
 (1789633722.574095)  can0  201   [6]  0F 00 00 00 05 00
 (1789633722.584144)  can0  201   [6]  0F 00 00 00 05 00
 (1789633722.594142)  can0  201   [6]  0F 00 00 00 05 00
 (1789633722.596829)  can0  181   [8]  27 14 27 44 00 00 34 00
 (1789633722.597018)  can0  281   [5]  03 00 00 00 00
 (1789633722.604146)  can0  201   [6]  0F 00 00 00 05 00
 (1789633722.614147)  can0  201   [6]  0F 00 00 00 05 00
 (1789633722.624144)  can0  201   [6]  0F 00 00 00 05 00
 (1789633722.632625)  can0  701   [1]  05
 (1789633722.634145)  can0  201   [6]  0F 00 00 00 05 00
 (1789633722.644155)  can0  201   [6]  0F 00 00 00 05 00
 (1789633722.646774)  can0  181   [8]  27 14 27 44 00 00 2E 00
 (1789633722.646964)  can0  281   [5]  03 00 00 00 00
 (1789633722.654147)  can0  201   [6]  0F 00 00 00 05 00
 (1789633722.664144)  can0  201   [6]  0F 00 00 00 05 00
 (1789633722.674147)  can0  201   [6]  0F 00 00 00 05 00
 (1789633722.684143)  can0  201   [6]  0F 00 00 00 05 00
 (1789633722.694145)  can0  201   [6]  0F 00 00 00 05 00
 (1789633722.696721)  can0  181   [8]  27 14 27 44 00 00 33 00
 (1789633722.696912)  can0  281   [5]  03 00 00 00 00
 (1789633722.704143)  can0  201   [6]  0F 00 00 00 05 00
 (1789633722.714147)  can0  201   [6]  0F 00 00 00 05 00
 (1789633722.724185)  can0  201   [6]  0F 00 00 00 05 00
 (1789633722.734146)  can0  201   [6]  0F 00 00 00 05 00
 (1789633722.744259)  can0  201   [6]  0F 00 00 00 05 00
 (1789633722.746669)  can0  181   [8]  27 14 27 44 00 00 34 00
 (1789633722.746858)  can0  281   [5]  03 00 00 00 00
 (1789633722.754145)  can0  201   [6]  0F 00 00 00 05 00
 (1789633722.764152)  can0  201   [6]  0F 00 00 00 05 00
 (1789633722.774146)  can0  201   [6]  0F 00 00 00 05 00
 (1789633722.784144)  can0  201   [6]  0F 00 00 00 05 00
 (1789633722.794145)  can0  201   [6]  0F 00 00 00 05 00
 (1789633722.796871)  can0  181   [8]  27 14 27 44 00 00 2C 00
 (1789633722.797062)  can0  281   [5]  03 00 00 00 00
 (1789633722.804145)  can0  201   [6]  0F 00 00 00 05 00
 (1789633722.814145)  can0  201   [6]  0F 00 00 00 05 00
 (1789633722.824144)  can0  201   [6]  0F 00 00 00 05 00
 (1789633722.834144)  can0  201   [6]  0F 00 00 00 05 00
 (1789633722.844144)  can0  201   [6]  0F 00 00 00 05 00
 (1789633722.846561)  can0  181   [8]  27 14 27 44 00 00 31 00
 (1789633722.846752)  can0  281   [5]  03 00 00 00 00
 (1789633722.854096)  can0  201   [6]  0F 00 00 00 05 00
 (1789633722.864143)  can0  201   [6]  0F 00 00 00 05 00
 (1789633722.874145)  can0  201   [6]  0F 00 00 00 05 00
 (1789633722.882115)  can0  701   [1]  05
 (1789633722.884150)  can0  201   [6]  0F 00 00 00 05 00
 (1789633722.894153)  can0  201   [6]  0F 00 00 00 05 00
 (1789633722.896511)  can0  181   [8]  27 14 27 44 00 00 36 00
 (1789633722.896702)  can0  281   [5]  03 00 00 00 00
 (1789633722.904161)  can0  201   [6]  0F 00 00 00 05 00
 (1789633722.914148)  can0  201   [6]  0F 00 00 00 05 00
 (1789633722.924158)  can0  201   [6]  0F 00 00 00 05 00
 (1789633722.934149)  can0  201   [6]  0F 00 00 00 05 00
 (1789633722.944149)  can0  201   [6]  0F 00 00 00 05 00
 (1789633722.946458)  can0  181   [8]  27 14 27 44 00 00 2F 00
 (1789633722.946648)  can0  281   [5]  03 00 00 00 00
 (1789633722.954151)  can0  201   [6]  0F 00 00 00 05 00
 (1789633722.964146)  can0  201   [6]  0F 00 00 00 05 00
 (1789633722.974146)  can0  201   [6]  0F 00 00 00 05 00
 (1789633722.984143)  can0  201   [6]  0F 00 00 00 05 00
 (1789633722.994147)  can0  201   [6]  0F 00 00 00 05 00
 (1789633722.996401)  can0  181   [8]  27 14 27 44 00 00 33 00
 (1789633722.996594)  can0  281   [5]  03 00 00 00 00
 (1789633723.004145)  can0  201   [6]  0F 00 00 00 05 00
 (1789633723.014144)  can0  201   [6]  0F 00 00 00 05 00
 (1789633723.024148)  can0  201   [6]  0F 00 00 00 05 00
 (1789633723.034144)  can0  201   [6]  0F 00 00 00 05 00
 (1789633723.044146)  can0  201   [6]  0F 00 00 00 05 00
 (1789633723.046350)  can0  181   [8]  27 14 27 44 00 00 2E 00
 (1789633723.046542)  can0  281   [5]  03 00 00 00 00
 (1789633723.054146)  can0  201   [6]  0F 00 00 00 05 00
 (1789633723.064146)  can0  201   [6]  0F 00 00 00 05 00
 (1789633723.074144)  can0  201   [6]  0F 00 00 00 05 00
 (1789633723.084143)  can0  201   [6]  0F 00 00 00 05 00
 (1789633723.094145)  can0  201   [6]  0F 00 00 00 05 00
 (1789633723.096298)  can0  181   [8]  27 14 27 44 00 00 32 00
 (1789633723.096490)  can0  281   [5]  03 00 00 00 00
 (1789633723.104189)  can0  201   [6]  0F 00 00 00 05 00
 (1789633723.114148)  can0  201   [6]  0F 00 00 00 05 00
 (1789633723.124144)  can0  201   [6]  0F 00 00 00 05 00
 (1789633723.131663)  can0  701   [1]  05
 (1789633723.134093)  can0  201   [6]  0F 00 00 00 05 00
 (1789633723.144144)  can0  201   [6]  0F 00 00 00 05 00
 (1789633723.146247)  can0  181   [8]  27 14 27 44 00 00 34 00
 (1789633723.146438)  can0  281   [5]  03 00 00 00 00
 (1789633723.154145)  can0  201   [6]  0F 00 00 00 05 00
 (1789633723.164146)  can0  201   [6]  0F 00 00 00 05 00
 (1789633723.174144)  can0  201   [6]  0F 00 00 00 05 00
 (1789633723.184146)  can0  201   [6]  0F 00 00 00 05 00
 (1789633723.194143)  can0  201   [6]  0F 00 00 00 05 00
 (1789633723.196191)  can0  181   [8]  27 14 27 44 00 00 2D 00
 (1789633723.196382)  can0  281   [5]  03 00 00 00 00
 (1789633723.204145)  can0  201   [6]  0F 00 00 00 05 00
 (1789633723.214145)  can0  201   [6]  0F 00 00 00 05 00
 (1789633723.224145)  can0  201   [6]  0F 00 00 00 05 00
 (1789633723.234146)  can0  201   [6]  0F 00 00 00 05 00
 (1789633723.244145)  can0  201   [6]  0F 00 00 00 05 00
 (1789633723.246142)  can0  181   [8]  27 14 27 44 00 00 30 00
 (1789633723.246334)  can0  281   [5]  03 00 00 00 00
 (1789633723.254148)  can0  201   [6]  0F 00 00 00 05 00
 (1789633723.264157)  can0  201   [6]  0F 00 00 00 05 00
 (1789633723.274152)  can0  201   [6]  0F 00 00 00 05 00
 (1789633723.284156)  can0  201   [6]  0F 00 00 00 05 00
 (1789633723.294149)  can0  201   [6]  0F 00 00 00 05 00
 (1789633723.296090)  can0  181   [8]  27 14 27 44 00 00 35 00
 (1789633723.296279)  can0  281   [5]  03 00 00 00 00
 (1789633723.304176)  can0  201   [6]  0F 00 00 00 05 00
 (1789633723.314173)  can0  201   [6]  0F 00 00 00 05 00
 (1789633723.324168)  can0  201   [6]  0F 00 00 00 05 00
 (1789633723.334156)  can0  201   [6]  0F 00 00 00 05 00
 (1789633723.344191)  can0  201   [6]  0F 00 00 00 05 00
 (1789633723.346034)  can0  181   [8]  27 14 27 44 00 00 31 00
 (1789633723.346224)  can0  281   [5]  03 00 00 00 00
 (1789633723.354155)  can0  201   [6]  0F 00 00 00 05 00
 (1789633723.364227)  can0  201   [6]  0F 00 00 00 05 00
 (1789633723.374176)  can0  201   [6]  0F 00 00 00 05 00
 (1789633723.381210)  can0  701   [1]  05
 (1789633723.384176)  can0  201   [6]  0F 00 00 00 05 00
 (1789633723.394165)  can0  201   [6]  0F 00 00 00 05 00
 (1789633723.396043)  can0  181   [8]  27 14 27 44 00 00 33 00
 (1789633723.396232)  can0  281   [5]  03 00 00 00 00
 (1789633723.404155)  can0  201   [6]  0F 00 00 00 05 00
 (1789633723.414156)  can0  201   [6]  0F 00 00 00 05 00
 (1789633723.424191)  can0  201   [6]  0F 00 00 00 05 00
 (1789633723.434160)  can0  201   [6]  0F 00 00 00 05 00
 (1789633723.444160)  can0  201   [6]  0F 00 00 00 05 00
 (1789633723.445987)  can0  181   [8]  27 14 27 44 00 00 2D 00
 (1789633723.446178)  can0  281   [5]  03 00 00 00 00
 (1789633723.454164)  can0  201   [6]  0F 00 00 00 05 00
 (1789633723.464154)  can0  201   [6]  0F 00 00 00 05 00
 (1789633723.474152)  can0  201   [6]  0F 00 00 00 05 00
 (1789633723.484153)  can0  201   [6]  0F 00 00 00 05 00
 (1789633723.494144)  can0  201   [6]  0F 00 00 00 05 00
 (1789633723.495938)  can0  181   [8]  27 14 27 44 00 00 32 00
 (1789633723.496129)  can0  281   [5]  03 00 00 00 00
 (1789633723.504146)  can0  201   [6]  0F 00 00 00 05 00
 (1789633723.514146)  can0  201   [6]  0F 00 00 00 05 00
 (1789633723.524145)  can0  201   [6]  0F 00 00 00 05 00
 (1789633723.534149)  can0  201   [6]  0F 00 00 00 05 00
 (1789633723.544145)  can0  201   [6]  0F 00 00 00 05 00
 (1789633723.545882)  can0  181   [8]  27 14 27 44 00 00 33 00
 (1789633723.546073)  can0  281   [5]  03 00 00 00 00
 (1789633723.554091)  can0  201   [6]  0F 00 00 00 05 00
 (1789633723.564144)  can0  201   [6]  0F 00 00 00 05 00
 (1789633723.574144)  can0  201   [6]  0F 00 00 00 05 00
 (1789633723.584145)  can0  201   [6]  0F 00 00 00 05 00
 (1789633723.594144)  can0  201   [6]  0F 00 00 00 05 00
 (1789633723.595829)  can0  181   [8]  27 14 27 44 00 00 2D 00
 (1789633723.596022)  can0  281   [5]  03 00 00 00 00
 (1789633723.604146)  can0  201   [6]  0F 00 00 00 05 00
 (1789633723.614146)  can0  201   [6]  0F 00 00 00 05 00
 (1789633723.624145)  can0  201   [6]  0F 00 00 00 05 00
 (1789633723.630803)  can0  701   [1]  05
 (1789633723.634186)  can0  201   [6]  0F 00 00 00 05 00
 (1789633723.644149)  can0  201   [6]  0F 00 00 00 05 00
 (1789633723.645783)  can0  181   [8]  27 14 27 44 00 00 30 00
 (1789633723.645973)  can0  281   [5]  03 00 00 00 00
 (1789633723.654147)  can0  201   [6]  0F 00 00 00 05 00
 (1789633723.664143)  can0  201   [6]  0F 00 00 00 05 00
 (1789633723.674148)  can0  201   [6]  0F 00 00 00 05 00
 (1789633723.684144)  can0  201   [6]  0F 00 00 00 05 00
 (1789633723.694089)  can0  201   [6]  0F 00 00 00 05 00
 (1789633723.695727)  can0  181   [8]  27 14 27 44 00 00 35 00
 (1789633723.695918)  can0  281   [5]  03 00 00 00 00
 (1789633723.704143)  can0  201   [6]  0F 00 00 00 05 00
 (1789633723.714145)  can0  201   [6]  0F 00 00 00 05 00
 (1789633723.724152)  can0  201   [6]  0F 00 00 00 05 00
 (1789633723.734147)  can0  201   [6]  0F 00 00 00 05 00
 (1789633723.744145)  can0  201   [6]  0F 00 00 00 05 00
 (1789633723.745675)  can0  181   [8]  27 14 27 44 00 00 30 00
 (1789633723.745865)  can0  281   [5]  03 00 00 00 00
 (1789633723.754145)  can0  201   [6]  0F 00 00 00 05 00
 (1789633723.764146)  can0  201   [6]  0F 00 00 00 05 00
 (1789633723.774144)  can0  201   [6]  0F 00 00 00 05 00
 (1789633723.784144)  can0  201   [6]  0F 00 00 00 05 00
 (1789633723.794146)  can0  201   [6]  0F 00 00 00 05 00
 (1789633723.795617)  can0  181   [8]  27 14 27 44 00 00 33 00
 (1789633723.795807)  can0  281   [5]  03 00 00 00 00
 (1789633723.804144)  can0  201   [6]  0F 00 00 00 05 00
 (1789633723.814163)  can0  201   [6]  0F 00 00 00 05 00
 (1789633723.824153)  can0  201   [6]  0F 00 00 00 05 00
 (1789633723.834167)  can0  201   [6]  0F 00 00 00 05 00
 (1789633723.844168)  can0  201   [6]  0F 00 00 00 05 00
 (1789633723.845564)  can0  181   [8]  27 14 27 44 00 00 2D 00
 (1789633723.845754)  can0  281   [5]  03 00 00 00 00
 (1789633723.854182)  can0  201   [6]  0F 00 00 00 05 00
 (1789633723.864158)  can0  201   [6]  0F 00 00 00 05 00
 (1789633723.874233)  can0  201   [6]  0F 00 00 00 05 00
 (1789633723.880314)  can0  701   [1]  05
 (1789633723.884163)  can0  201   [6]  0F 00 00 00 05 00
 (1789633723.894198)  can0  201   [6]  0F 00 00 00 05 00
 (1789633723.895515)  can0  181   [8]  27 14 27 44 00 00 31 00
 (1789633723.895702)  can0  281   [5]  03 00 00 00 00
 (1789633723.904177)  can0  201   [6]  0F 00 00 00 05 00
 (1789633723.914153)  can0  201   [6]  0F 00 00 00 05 00
 (1789633723.924171)  can0  201   [6]  0F 00 00 00 05 00
 (1789633723.934154)  can0  201   [6]  0F 00 00 00 05 00
 (1789633723.944154)  can0  201   [6]  0F 00 00 00 05 00
 (1789633723.945463)  can0  181   [8]  27 14 27 44 00 00 34 00
 (1789633723.945652)  can0  281   [5]  03 00 00 00 00
 (1789633723.954202)  can0  201   [6]  0F 00 00 00 05 00
 (1789633723.964174)  can0  201   [6]  0F 00 00 00 05 00
 (1789633723.974165)  can0  201   [6]  0F 00 00 00 05 00
 (1789633723.984160)  can0  201   [6]  0F 00 00 00 05 00
 (1789633723.994153)  can0  201   [6]  0F 00 00 00 05 00
 (1789633723.995408)  can0  181   [8]  27 14 27 44 00 00 2D 00
 (1789633723.995597)  can0  281   [5]  03 00 00 00 00
 (1789633724.004156)  can0  201   [6]  0F 00 00 00 05 00
 (1789633724.014153)  can0  201   [6]  0F 00 00 00 05 00
 (1789633724.024148)  can0  201   [6]  0F 00 00 00 05 00
 (1789633724.034143)  can0  201   [6]  0F 00 00 00 05 00
 (1789633724.044145)  can0  201   [6]  0F 00 00 00 05 00
 (1789633724.045359)  can0  181   [8]  27 14 27 44 00 00 30 00
 (1789633724.045549)  can0  281   [5]  03 00 00 00 00
 (1789633724.054145)  can0  201   [6]  0F 00 00 00 05 00
 (1789633724.064150)  can0  201   [6]  0F 00 00 00 05 00
 (1789633724.074147)  can0  201   [6]  0F 00 00 00 05 00
 (1789633724.084143)  can0  201   [6]  0F 00 00 00 05 00
 (1789633724.094145)  can0  201   [6]  0F 00 00 00 05 00
 (1789633724.095303)  can0  181   [8]  27 14 27 44 00 00 36 00
 (1789633724.095494)  can0  281   [5]  03 00 00 00 00
 (1789633724.104144)  can0  201   [6]  0F 00 00 00 05 00
 (1789633724.114143)  can0  201   [6]  0F 00 00 00 05 00
 (1789633724.124146)  can0  201   [6]  0F 00 00 00 05 00
 (1789633724.129801)  can0  701   [1]  05
 (1789633724.134144)  can0  201   [6]  0F 00 00 00 05 00
 (1789633724.144143)  can0  201   [6]  0F 00 00 00 05 00
 (1789633724.145248)  can0  181   [8]  27 14 27 44 00 00 33 00
 (1789633724.145438)  can0  281   [5]  03 00 00 00 00
 (1789633724.154145)  can0  201   [6]  0F 00 00 00 05 00
 (1789633724.164296)  can0  201   [6]  0F 00 00 00 05 00
 (1789633724.174150)  can0  201   [6]  0F 00 00 00 05 00
 (1789633724.184144)  can0  201   [6]  0F 00 00 00 05 00
 (1789633724.194146)  can0  201   [6]  0F 00 00 00 05 00
 (1789633724.195196)  can0  181   [8]  27 14 27 44 00 00 31 00
 (1789633724.195388)  can0  281   [5]  03 00 00 00 00
 (1789633724.204145)  can0  201   [6]  0F 00 00 00 05 00
 (1789633724.214145)  can0  201   [6]  0F 00 00 00 05 00
 (1789633724.224142)  can0  201   [6]  0F 00 00 00 05 00
 (1789633724.234145)  can0  201   [6]  0F 00 00 00 05 00
 (1789633724.244142)  can0  201   [6]  0F 00 00 00 05 00
 (1789633724.245147)  can0  181   [8]  27 14 27 44 00 00 30 00
 (1789633724.245337)  can0  281   [5]  03 00 00 00 00
 (1789633724.254145)  can0  201   [6]  0F 00 00 00 05 00
 (1789633724.264145)  can0  201   [6]  0F 00 00 00 05 00
 (1789633724.274145)  can0  201   [6]  0F 00 00 00 05 00
 (1789633724.284156)  can0  201   [6]  0F 00 00 00 05 00
 (1789633724.294142)  can0  201   [6]  0F 00 00 00 05 00
 (1789633724.295036)  can0  181   [8]  27 14 27 44 00 00 30 00
 (1789633724.295285)  can0  281   [5]  03 00 00 00 00
 (1789633724.304145)  can0  201   [6]  0F 00 00 00 05 00
 (1789633724.314143)  can0  201   [6]  0F 00 00 00 05 00
 (1789633724.324140)  can0  201   [6]  0F 00 00 00 05 00
 (1789633724.334147)  can0  201   [6]  0F 00 00 00 05 00
 (1789633724.344163)  can0  201   [6]  0F 00 00 00 05 00
 (1789633724.345038)  can0  181   [8]  27 14 27 44 00 00 33 00
 (1789633724.345227)  can0  281   [5]  03 00 00 00 00
 (1789633724.354153)  can0  201   [6]  0F 00 00 00 05 00
 (1789633724.364149)  can0  201   [6]  0F 00 00 00 05 00
 (1789633724.374158)  can0  201   [6]  0F 00 00 00 05 00
 (1789633724.379342)  can0  701   [1]  05
 (1789633724.384167)  can0  201   [6]  0F 00 00 00 05 00
 (1789633724.394165)  can0  201   [6]  0F 00 00 00 05 00
 (1789633724.394984)  can0  181   [8]  27 14 27 44 00 00 2D 00
 (1789633724.395173)  can0  281   [5]  03 00 00 00 00
 (1789633724.404147)  can0  201   [6]  0F 00 00 00 05 00
 (1789633724.414143)  can0  201   [6]  0F 00 00 00 05 00
 (1789633724.424146)  can0  201   [6]  0F 00 00 00 05 00
 (1789633724.434144)  can0  201   [6]  0F 00 00 00 05 00
 (1789633724.444144)  can0  201   [6]  0F 00 00 00 05 00
 (1789633724.444936)  can0  181   [8]  27 14 27 44 00 00 30 00
 (1789633724.445128)  can0  281   [5]  03 00 00 00 00
 (1789633724.454144)  can0  201   [6]  0F 00 00 00 05 00
 (1789633724.464144)  can0  201   [6]  0F 00 00 00 05 00
 (1789633724.474144)  can0  201   [6]  0F 00 00 00 05 00
 (1789633724.484145)  can0  201   [6]  0F 00 00 00 05 00
 (1789633724.494148)  can0  201   [6]  0F 00 00 00 05 00
 (1789633724.494824)  can0  181   [8]  27 14 27 44 00 00 34 00
 (1789633724.495014)  can0  281   [5]  03 00 00 00 00
 (1789633724.504146)  can0  201   [6]  0F 00 00 00 05 00
 (1789633724.514145)  can0  201   [6]  0F 00 00 00 05 00
 (1789633724.524144)  can0  201   [6]  0F 00 00 00 05 00
 (1789633724.534144)  can0  201   [6]  0F 00 00 00 05 00
 (1789633724.544144)  can0  201   [6]  0F 00 00 00 05 00
 (1789633724.544825)  can0  181   [8]  27 14 27 44 00 00 34 00
 (1789633724.545017)  can0  281   [5]  03 00 00 00 00
 (1789633724.554180)  can0  201   [6]  0F 00 00 00 05 00
 (1789633724.564147)  can0  201   [6]  0F 00 00 00 05 00
 (1789633724.574144)  can0  201   [6]  0F 00 00 00 05 00
 (1789633724.584148)  can0  201   [6]  0F 00 00 00 05 00
 (1789633724.594145)  can0  201   [6]  0F 00 00 00 05 00
 (1789633724.594776)  can0  181   [8]  27 14 27 44 00 00 30 00
 (1789633724.594966)  can0  281   [5]  03 00 00 00 00
 (1789633724.604146)  can0  201   [6]  0F 00 00 00 05 00
 (1789633724.614146)  can0  201   [6]  0F 00 00 00 05 00
 (1789633724.624144)  can0  201   [6]  0F 00 00 00 05 00
 (1789633724.628889)  can0  701   [1]  05
 (1789633724.634146)  can0  201   [6]  0F 00 00 00 05 00
 (1789633724.644143)  can0  201   [6]  0F 00 00 00 05 00
 (1789633724.644723)  can0  181   [8]  27 14 27 44 00 00 30 00
 (1789633724.644913)  can0  281   [5]  03 00 00 00 00
 (1789633724.654146)  can0  201   [6]  0F 00 00 00 05 00
 (1789633724.664145)  can0  201   [6]  0F 00 00 00 05 00
 (1789633724.674147)  can0  201   [6]  0F 00 00 00 05 00
 (1789633724.684145)  can0  201   [6]  0F 00 00 00 05 00
 (1789633724.694153)  can0  201   [6]  0F 00 00 00 05 00
 (1789633724.694864)  can0  181   [8]  27 14 27 44 00 00 2F 00
 (1789633724.695057)  can0  281   [5]  03 00 00 00 00
 (1789633724.704150)  can0  201   [6]  0F 00 00 00 05 00
 (1789633724.714142)  can0  201   [6]  0F 00 00 00 05 00
 (1789633724.724209)  can0  201   [6]  0F 00 00 00 05 00
 (1789633724.734163)  can0  201   [6]  0F 00 00 00 05 00
 (1789633724.734379)  can0  201   [6]  06 00 00 00 00 00
 (1789633724.744625)  can0  181   [8]  21 14 21 14 00 00 34 00
 (1789633724.744820)  can0  281   [5]  03 00 00 00 00
 (1789633724.794643)  can0  181   [8]  21 14 21 14 00 00 FD FF
 (1789633724.794828)  can0  281   [5]  03 00 00 00 00
 (1789633724.844654)  can0  181   [8]  21 14 21 14 00 00 FF FF
 (1789633724.844835)  can0  281   [5]  03 00 00 00 00
 (1789633724.878451)  can0  701   [1]  05
 (1789633724.894655)  can0  181   [8]  21 14 21 14 00 00 FB FF
 (1789633724.894784)  can0  281   [5]  03 00 00 00 00
 (1789633724.944672)  can0  181   [8]  21 14 21 14 00 00 FF FF
 (1789633724.944854)  can0  281   [5]  03 00 00 00 00
 (1789633724.994671)  can0  181   [8]  21 14 21 14 00 00 FF FF
 (1789633724.994862)  can0  281   [5]  03 00 00 00 00
 (1789633724.996242)  can0  601   [8]  23 FF 60 01 00 00 00 00
 (1789633724.996603)  can0  581   [8]  60 FF 60 01 00 00 00 00
 (1789633724.998162)  can0  601   [8]  40 FF 60 01 00 00 00 00
 (1789633724.998482)  can0  581   [8]  43 FF 60 01 00 00 00 00
 (1789633725.000173)  can0  601   [8]  23 FF 60 02 00 00 00 00
 (1789633725.000536)  can0  581   [8]  60 FF 60 02 00 00 00 00
 (1789633725.002158)  can0  601   [8]  40 FF 60 02 00 00 00 00
 (1789633725.002475)  can0  581   [8]  43 FF 60 02 00 00 00 00
 (1789633725.004165)  can0  601   [8]  2B 40 60 00 00 00 00 00
 (1789633725.004529)  can0  581   [8]  60 40 60 00 00 00 00 00
 (1789633725.006162)  can0  601   [8]  40 40 60 00 00 00 00 00
 (1789633725.006527)  can0  581   [8]  4B 40 60 00 00 00 00 00
 (1789633725.008160)  can0  601   [8]  40 41 60 00 00 00 00 00
 (1789633725.008511)  can0  581   [8]  43 41 60 00 60 14 60 14
 (1789633725.010163)  can0  601   [8]  40 6C 60 01 00 00 00 00
 (1789633725.010511)  can0  581   [8]  43 6C 60 01 00 00 00 00
 (1789633725.012158)  can0  601   [8]  40 6C 60 02 00 00 00 00
 (1789633725.012509)  can0  581   [8]  43 6C 60 02 FF FF FF FF
 (1789633725.014157)  can0  601   [8]  40 6C 60 03 00 00 00 00
 (1789633725.014448)  can0  581   [8]  43 6C 60 03 00 00 FF FF
 (1789633725.037157)  can0  601   [8]  40 6C 60 01 00 00 00 00
 (1789633725.037511)  can0  581   [8]  43 6C 60 01 00 00 00 00
 (1789633725.039158)  can0  601   [8]  40 6C 60 02 00 00 00 00
 (1789633725.039505)  can0  581   [8]  43 6C 60 02 00 00 00 00
 (1789633725.041159)  can0  601   [8]  40 6C 60 03 00 00 00 00
 (1789633725.041445)  can0  581   [8]  43 6C 60 03 00 00 00 00
 (1789633725.044683)  can0  181   [8]  60 14 60 14 00 00 00 00
 (1789633725.044874)  can0  281   [5]  03 00 00 00 00
 (1789633725.064159)  can0  601   [8]  40 6C 60 01 00 00 00 00
 (1789633725.064510)  can0  581   [8]  43 6C 60 01 00 00 00 00
 (1789633725.066157)  can0  601   [8]  40 6C 60 02 00 00 00 00
 (1789633725.066505)  can0  581   [8]  43 6C 60 02 00 00 00 00
 (1789633725.068157)  can0  601   [8]  40 6C 60 03 00 00 00 00
 (1789633725.068504)  can0  581   [8]  43 6C 60 03 00 00 00 00
 (1789633725.091169)  can0  601   [8]  40 6C 60 01 00 00 00 00
 (1789633725.091511)  can0  581   [8]  43 6C 60 01 00 00 00 00
 (1789633725.093160)  can0  601   [8]  40 6C 60 02 00 00 00 00
 (1789633725.093506)  can0  581   [8]  43 6C 60 02 00 00 00 00
 (1789633725.094693)  can0  181   [8]  60 14 60 14 00 00 00 00
 (1789633725.094886)  can0  281   [5]  03 00 00 00 00
 (1789633725.095125)  can0  601   [8]  40 6C 60 03 00 00 00 00
 (1789633725.095444)  can0  581   [8]  43 6C 60 03 00 00 00 00
 (1789633725.117160)  can0  601   [8]  40 6C 60 01 00 00 00 00
 (1789633725.117514)  can0  581   [8]  43 6C 60 01 00 00 00 00
 (1789633725.119158)  can0  601   [8]  40 6C 60 02 00 00 00 00
 (1789633725.119510)  can0  581   [8]  43 6C 60 02 00 00 00 00
 (1789633725.121160)  can0  601   [8]  40 6C 60 03 00 00 00 00
 (1789633725.121504)  can0  581   [8]  43 6C 60 03 00 00 00 00
 (1789633725.127929)  can0  701   [1]  05
 (1789633725.144159)  can0  601   [8]  40 6C 60 01 00 00 00 00
 (1789633725.144514)  can0  581   [8]  43 6C 60 01 00 00 00 00
 (1789633725.144755)  can0  181   [8]  60 14 60 14 00 00 00 00
 (1789633725.144947)  can0  281   [5]  03 00 00 00 00
 (1789633725.145264)  can0  601   [8]  40 6C 60 02 00 00 00 00
 (1789633725.145573)  can0  581   [8]  43 6C 60 02 00 00 00 00
 (1789633725.147159)  can0  601   [8]  40 6C 60 03 00 00 00 00
 (1789633725.147507)  can0  581   [8]  43 6C 60 03 00 00 00 00
 (1789633725.170160)  can0  601   [8]  40 6C 60 01 00 00 00 00
 (1789633725.170517)  can0  581   [8]  43 6C 60 01 00 00 00 00
 (1789633725.172158)  can0  601   [8]  40 6C 60 02 00 00 00 00
 (1789633725.172511)  can0  581   [8]  43 6C 60 02 00 00 00 00
 (1789633725.174158)  can0  601   [8]  40 6C 60 03 00 00 00 00
 (1789633725.174505)  can0  581   [8]  43 6C 60 03 00 00 00 00
 (1789633725.176059)  can0  000   [2]  80 01
 (1789633725.377484)  can0  701   [1]  7F
 (1789633725.379179)  can0  601   [8]  23 00 14 01 01 02 00 80
 (1789633725.379538)  can0  581   [8]  60 00 14 01 00 00 00 00
 (1789633725.381164)  can0  601   [8]  40 00 14 01 00 00 00 00
 (1789633725.381474)  can0  581   [8]  43 00 14 01 01 02 00 80
 (1789633725.383163)  can0  601   [8]  2F 00 16 00 00 00 00 00
 (1789633725.383530)  can0  581   [8]  60 00 16 00 00 00 00 00
 (1789633725.385158)  can0  601   [8]  40 00 16 00 00 00 00 00
 (1789633725.385522)  can0  581   [8]  4F 00 16 00 00 00 00 00
 (1789633725.387154)  can0  601   [8]  23 00 16 01 10 00 40 60
 (1789633725.387518)  can0  581   [8]  60 00 16 01 00 00 00 00
 (1789633725.389154)  can0  601   [8]  40 00 16 01 00 00 00 00
 (1789633725.389508)  can0  581   [8]  43 00 16 01 10 00 40 60
 (1789633725.391158)  can0  601   [8]  23 00 16 02 08 00 60 60
 (1789633725.391455)  can0  581   [8]  60 00 16 02 00 00 00 00
 (1789633725.393155)  can0  601   [8]  40 00 16 02 00 00 00 00
 (1789633725.393502)  can0  581   [8]  43 00 16 02 08 00 60 60
 (1789633725.395159)  can0  601   [8]  2F 00 16 00 02 00 00 00
 (1789633725.395503)  can0  581   [8]  60 00 16 00 00 00 00 00
 (1789633725.397159)  can0  601   [8]  40 00 16 00 00 00 00 00
 (1789633725.397497)  can0  581   [8]  4F 00 16 00 02 00 00 00
 (1789633725.399157)  can0  601   [8]  23 00 14 01 01 02 00 00
 (1789633725.399493)  can0  581   [8]  60 00 14 01 00 00 00 00
 (1789633725.401159)  can0  601   [8]  40 00 14 01 00 00 00 00
 (1789633725.401482)  can0  581   [8]  43 00 14 01 01 02 00 00
 (1789633725.403158)  can0  601   [8]  23 01 18 01 81 02 00 80
 (1789633725.403482)  can0  581   [8]  60 01 18 01 00 00 00 00
 (1789633725.405156)  can0  601   [8]  40 01 18 01 00 00 00 00
 (1789633725.405470)  can0  581   [8]  43 01 18 01 81 02 00 80
 (1789633725.407164)  can0  601   [8]  2F 01 1A 00 00 00 00 00
 (1789633725.407480)  can0  581   [8]  60 01 1A 00 00 00 00 00
 (1789633725.409159)  can0  601   [8]  40 01 1A 00 00 00 00 00
 (1789633725.409472)  can0  581   [8]  4F 01 1A 00 00 00 00 00
 (1789633725.411159)  can0  601   [8]  23 01 1A 01 00 00 00 00
 (1789633725.411523)  can0  581   [8]  60 01 1A 01 00 00 00 00
 (1789633725.413158)  can0  601   [8]  40 01 1A 01 00 00 00 00
 (1789633725.413517)  can0  581   [8]  43 01 1A 01 00 00 00 00
 (1789633725.415159)  can0  601   [8]  23 01 1A 02 00 00 00 00
 (1789633725.415513)  can0  581   [8]  60 01 1A 02 00 00 00 00
 (1789633725.417156)  can0  601   [8]  40 01 1A 02 00 00 00 00
 (1789633725.417508)  can0  581   [8]  43 01 1A 02 00 00 00 00
 (1789633725.419158)  can0  601   [8]  2F 01 1A 00 00 00 00 00
 (1789633725.419507)  can0  581   [8]  60 01 1A 00 00 00 00 00
 (1789633725.421157)  can0  601   [8]  40 01 1A 00 00 00 00 00
 (1789633725.421445)  can0  581   [8]  4F 01 1A 00 00 00 00 00
 (1789633725.423156)  can0  601   [8]  2B 01 18 05 00 00 00 00
 (1789633725.423497)  can0  581   [8]  60 01 18 05 00 00 00 00
 (1789633725.425155)  can0  601   [8]  40 01 18 05 00 00 00 00
 (1789633725.425491)  can0  581   [8]  4B 01 18 05 00 00 00 00
 (1789633725.427155)  can0  601   [8]  23 01 18 01 81 02 00 00
 (1789633725.427489)  can0  581   [8]  60 01 18 01 00 00 00 00
 (1789633725.429156)  can0  601   [8]  40 01 18 01 00 00 00 00
 (1789633725.429480)  can0  581   [8]  43 01 18 01 81 02 00 00
 (1789633725.431164)  can0  601   [8]  2B 00 20 00 00 00 00 00
 (1789633725.431429)  can0  581   [8]  60 00 20 00 00 00 00 00
 (1789633725.433159)  can0  601   [8]  40 00 20 00 00 00 00 00
 (1789633725.433478)  can0  581   [8]  4B 00 20 00 00 00 00 00
 (1789633725.435159)  can0  601   [8]  2B 17 10 00 00 00 00 00
 (1789633725.435475)  can0  581   [8]  60 17 10 00 00 00 00 00
 (1789633725.437155)  can0  601   [8]  40 17 10 00 00 00 00 00
 (1789633725.437467)  can0  581   [8]  4B 17 10 00 00 00 00 00
