 (1789623581.057114)  can0  281   [5]  03 00 00 00 00
 (1789623581.106814)  can0  181   [8]  60 14 60 14 00 00 00 00
 (1789623581.107125)  can0  281   [5]  03 00 00 00 00
 (1789623581.156821)  can0  181   [8]  60 14 60 14 00 00 00 00
 (1789623581.157134)  can0  281   [5]  03 00 00 00 00
 (1789623581.206823)  can0  181   [8]  60 14 60 14 00 00 00 00
 (1789623581.207148)  can0  281   [5]  03 00 00 00 00
 (1789623581.256835)  can0  181   [8]  60 14 60 14 00 00 00 00
 (1789623581.257159)  can0  281   [5]  03 00 00 00 00
 (1789623581.306106)  can0  701   [1]  05
 (1789623581.306846)  can0  181   [8]  60 14 60 14 00 00 00 00
 (1789623581.307170)  can0  281   [5]  03 00 00 00 00
 (1789623581.314493)  can0  601   [8]  40 41 60 00 00 00 00 00
 (1789623581.314820)  can0  581   [8]  43 41 60 00 60 14 60 14
 (1789623581.316301)  can0  601   [8]  40 60 60 00 00 00 00 00
 (1789623581.316635)  can0  581   [8]  4F 60 60 00 03 00 00 00
 (1789623581.318243)  can0  601   [8]  40 61 60 00 00 00 00 00
 (1789623581.318564)  can0  581   [8]  4F 61 60 00 03 00 00 00
 (1789623581.320239)  can0  601   [8]  40 3F 60 00 00 00 00 00
 (1789623581.320564)  can0  581   [8]  43 3F 60 00 00 00 00 00
 (1789623581.322237)  can0  601   [8]  40 FF 60 01 00 00 00 00
 (1789623581.322562)  can0  581   [8]  43 FF 60 01 00 00 00 00
 (1789623581.324241)  can0  601   [8]  40 FF 60 02 00 00 00 00
 (1789623581.324559)  can0  581   [8]  43 FF 60 02 00 00 00 00
 (1789623581.326211)  can0  601   [8]  40 0F 20 00 00 00 00 00
 (1789623581.326555)  can0  581   [8]  4B 0F 20 00 01 00 00 00
 (1789623581.328243)  can0  601   [8]  40 00 20 00 00 00 00 00
 (1789623581.328604)  can0  581   [8]  4B 00 20 00 E8 03 00 00
 (1789623581.356858)  can0  181   [8]  60 14 60 14 00 00 00 00
 (1789623581.357183)  can0  281   [5]  03 00 00 00 00
 (1789623581.406868)  can0  181   [8]  60 14 60 14 00 00 00 00
 (1789623581.407193)  can0  281   [5]  03 00 00 00 00
 (1789623581.456880)  can0  181   [8]  60 14 60 14 00 00 00 00
 (1789623581.457201)  can0  281   [5]  03 00 00 00 00
 (1789623581.506897)  can0  181   [8]  60 14 60 14 00 00 00 00
 (1789623581.507214)  can0  281   [5]  03 00 00 00 00
 (1789623581.555707)  can0  701   [1]  05
 (1789623581.556908)  can0  181   [8]  60 14 60 14 00 00 00 00
 (1789623581.557227)  can0  281   [5]  03 00 00 00 00
 (1789623581.606919)  can0  181   [8]  60 14 60 14 00 00 00 00
 (1789623581.607235)  can0  281   [5]  03 00 00 00 00
 (1789623581.656934)  can0  181   [8]  60 14 60 14 00 00 00 00
 (1789623581.657246)  can0  281   [5]  03 00 00 00 00
 (1789623581.706936)  can0  181   [8]  60 14 60 14 00 00 00 00
 (1789623581.707261)  can0  281   [5]  03 00 00 00 00
 (1789623581.756948)  can0  181   [8]  60 14 60 14 00 00 00 00
 (1789623581.757271)  can0  281   [5]  03 00 00 00 00
 (1789623581.805148)  can0  701   [1]  05
 (1789623581.806956)  can0  181   [8]  60 14 60 14 00 00 00 00
 (1789623581.807280)  can0  281   [5]  03 00 00 00 00
 (1789623581.856974)  can0  181   [8]  60 14 60 14 00 00 00 00
 (1789623581.857293)  can0  281   [5]  03 00 00 00 00
 (1789623581.906979)  can0  181   [8]  60 14 60 14 00 00 00 00
 (1789623581.907303)  can0  281   [5]  03 00 00 00 00
 (1789623581.956991)  can0  181   [8]  60 14 60 14 00 00 00 00
 (1789623581.957313)  can0  281   [5]  03 00 00 00 00
 (1789623582.007007)  can0  181   [8]  60 14 60 14 00 00 00 00
 (1789623582.007325)  can0  281   [5]  03 00 00 00 00
 (1789623582.054712)  can0  701   [1]  05
 (1789623582.057014)  can0  181   [8]  60 14 60 14 00 00 00 00
 (1789623582.057339)  can0  281   [5]  03 00 00 00 00
 (1789623582.107025)  can0  181   [8]  60 14 60 14 00 00 00 00
 (1789623582.107349)  can0  281   [5]  03 00 00 00 00
 (1789623582.157035)  can0  181   [8]  60 14 60 14 00 00 00 00
 (1789623582.157360)  can0  281   [5]  03 00 00 00 00
 (1789623582.207053)  can0  181   [8]  60 14 60 14 00 00 00 00
 (1789623582.207370)  can0  281   [5]  03 00 00 00 00
 (1789623582.257058)  can0  181   [8]  60 14 60 14 00 00 00 00
 (1789623582.257383)  can0  281   [5]  03 00 00 00 00
 (1789623582.304260)  can0  701   [1]  05
 (1789623582.307071)  can0  181   [8]  60 14 60 14 00 00 00 00
 (1789623582.307392)  can0  281   [5]  03 00 00 00 00
 (1789623582.357085)  can0  181   [8]  60 14 60 14 00 00 00 00
 (1789623582.357400)  can0  281   [5]  03 00 00 00 00
