 (1789632180.068955)  can0  601   [8]  40 41 60 00 00 00 00 00
 (1789632180.069306)  can0  581   [8]  43 41 60 00 60 14 60 14
 (1789632180.070420)  can0  601   [8]  40 60 60 00 00 00 00 00
 (1789632180.070688)  can0  581   [8]  4F 60 60 00 03 00 00 00
 (1789632180.072330)  can0  601   [8]  40 61 60 00 00 00 00 00
 (1789632180.072677)  can0  581   [8]  4F 61 60 00 03 00 00 00
 (1789632180.074327)  can0  601   [8]  40 3F 60 00 00 00 00 00
 (1789632180.074620)  can0  581   [8]  43 3F 60 00 00 00 00 00
 (1789632180.076309)  can0  601   [8]  40 FF 60 01 00 00 00 00
 (1789632180.076672)  can0  581   [8]  43 FF 60 01 00 00 00 00
 (1789632180.078243)  can0  601   [8]  40 FF 60 02 00 00 00 00
 (1789632180.078668)  can0  581   [8]  43 FF 60 02 00 00 00 00
 (1789632180.080300)  can0  601   [8]  40 0F 20 00 00 00 00 00
 (1789632180.080603)  can0  581   [8]  4B 0F 20 00 01 00 00 00
 (1789632180.082292)  can0  601   [8]  40 00 20 00 00 00 00 00
 (1789632180.082658)  can0  581   [8]  4B 00 20 00 00 00 00 00
 (1789632180.084230)  can0  601   [8]  40 17 10 00 00 00 00 00
 (1789632180.084591)  can0  581   [8]  4B 17 10 00 00 00 00 00
 (1789632180.086291)  can0  601   [8]  40 00 14 01 00 00 00 00
 (1789632180.086588)  can0  581   [8]  43 00 14 01 01 02 00 00
 (1789632180.088233)  can0  601   [8]  40 00 14 02 00 00 00 00
 (1789632180.088582)  can0  581   [8]  4F 00 14 02 FF 00 00 00
 (1789632180.090285)  can0  601   [8]  40 00 14 05 00 00 00 00
 (1789632180.090579)  can0  581   [8]  4B 00 14 05 E8 03 00 00
 (1789632180.092289)  can0  601   [8]  40 00 16 00 00 00 00 00
 (1789632180.092634)  can0  581   [8]  4F 00 16 00 02 00 00 00
 (1789632180.094231)  can0  601   [8]  40 00 16 01 00 00 00 00
 (1789632180.094565)  can0  581   [8]  43 00 16 01 10 00 40 60
 (1789632180.096288)  can0  601   [8]  40 00 16 02 00 00 00 00
 (1789632180.096564)  can0  581   [8]  43 00 16 02 08 00 60 60
 (1789632180.098234)  can0  601   [8]  40 00 18 01 00 00 00 00
 (1789632180.098561)  can0  581   [8]  43 00 18 01 81 01 00 00
 (1789632180.100285)  can0  601   [8]  40 00 18 02 00 00 00 00
 (1789632180.100558)  can0  581   [8]  4F 00 18 02 FF 00 00 00
 (1789632180.102285)  can0  601   [8]  40 00 18 05 00 00 00 00
 (1789632180.102610)  can0  581   [8]  4B 00 18 05 64 00 00 00
 (1789632180.104231)  can0  601   [8]  40 00 1A 00 00 00 00 00
 (1789632180.104553)  can0  581   [8]  4F 00 1A 00 02 00 00 00
 (1789632180.106287)  can0  601   [8]  40 00 1A 01 00 00 00 00
 (1789632180.106539)  can0  581   [8]  43 00 1A 01 20 00 41 60
 (1789632180.108234)  can0  601   [8]  40 00 1A 02 00 00 00 00
 (1789632180.108650)  can0  581   [8]  43 00 1A 02 20 03 6C 60
 (1789632180.110284)  can0  601   [8]  40 01 18 01 00 00 00 00
 (1789632180.110593)  can0  581   [8]  43 01 18 01 81 02 00 00
 (1789632180.112282)  can0  601   [8]  40 01 18 02 00 00 00 00
 (1789632180.112646)  can0  581   [8]  4F 01 18 02 FF 00 00 00
 (1789632180.114228)  can0  601   [8]  40 01 18 05 00 00 00 00
 (1789632180.114585)  can0  581   [8]  4B 01 18 05 00 00 00 00
 (1789632180.116232)  can0  601   [8]  40 01 1A 00 00 00 00 00
 (1789632180.116586)  can0  581   [8]  4F 01 1A 00 00 00 00 00
 (1789632180.118231)  can0  601   [8]  40 01 1A 01 00 00 00 00
 (1789632180.118576)  can0  581   [8]  43 01 1A 01 00 00 00 00
 (1789632180.120285)  can0  601   [8]  40 01 1A 02 00 00 00 00
 (1789632180.120571)  can0  581   [8]  43 01 1A 02 00 00 00 00
 (1789632180.122290)  can0  601   [8]  40 6C 60 01 00 00 00 00
 (1789632180.122624)  can0  581   [8]  43 6C 60 01 00 00 00 00
 (1789632180.124228)  can0  601   [8]  40 6C 60 02 00 00 00 00
 (1789632180.124561)  can0  581   [8]  43 6C 60 02 00 00 00 00
 (1789632180.126284)  can0  601   [8]  40 6C 60 03 00 00 00 00
 (1789632180.126557)  can0  581   [8]  43 6C 60 03 00 00 00 00
 (1789632180.149288)  can0  601   [8]  40 6C 60 01 00 00 00 00
 (1789632180.149625)  can0  581   [8]  43 6C 60 01 00 00 00 00
 (1789632180.151289)  can0  601   [8]  40 6C 60 02 00 00 00 00
 (1789632180.151563)  can0  581   [8]  43 6C 60 02 00 00 00 00
 (1789632180.153286)  can0  601   [8]  40 6C 60 03 00 00 00 00
 (1789632180.153616)  can0  581   [8]  43 6C 60 03 00 00 00 00
 (1789632180.176280)  can0  601   [8]  40 6C 60 01 00 00 00 00
 (1789632180.176568)  can0  581   [8]  43 6C 60 01 00 00 00 00
 (1789632180.178232)  can0  601   [8]  40 6C 60 02 00 00 00 00
 (1789632180.178563)  can0  581   [8]  43 6C 60 02 00 00 00 00
 (1789632180.180286)  can0  601   [8]  40 6C 60 03 00 00 00 00
 (1789632180.180614)  can0  581   [8]  43 6C 60 03 00 00 00 00
 (1789632180.203280)  can0  601   [8]  40 6C 60 01 00 00 00 00
 (1789632180.203627)  can0  581   [8]  43 6C 60 01 00 00 00 00
 (1789632180.205283)  can0  601   [8]  40 6C 60 02 00 00 00 00
 (1789632180.205619)  can0  581   [8]  43 6C 60 02 00 00 00 00
 (1789632180.207288)  can0  601   [8]  40 6C 60 03 00 00 00 00
 (1789632180.207560)  can0  581   [8]  43 6C 60 03 00 00 00 00
 (1789632180.230279)  can0  601   [8]  40 6C 60 01 00 00 00 00
 (1789632180.230624)  can0  581   [8]  43 6C 60 01 00 00 00 00
 (1789632180.232283)  can0  601   [8]  40 6C 60 02 00 00 00 00
 (1789632180.232620)  can0  581   [8]  43 6C 60 02 00 00 00 00
 (1789632180.234286)  can0  601   [8]  40 6C 60 03 00 00 00 00
 (1789632180.234560)  can0  581   [8]  43 6C 60 03 00 00 00 00
 (1789632180.257278)  can0  601   [8]  40 6C 60 01 00 00 00 00
 (1789632180.257571)  can0  581   [8]  43 6C 60 01 00 00 00 00
 (1789632180.259284)  can0  601   [8]  40 6C 60 02 00 00 00 00
 (1789632180.259622)  can0  581   [8]  43 6C 60 02 00 00 00 00
 (1789632180.261285)  can0  601   [8]  40 6C 60 03 00 00 00 00
 (1789632180.261559)  can0  581   [8]  43 6C 60 03 00 00 00 00
 (1789632180.283713)  can0  601   [8]  40 6C 60 01 00 00 00 00
 (1789632180.284004)  can0  581   [8]  43 6C 60 01 00 00 00 00
 (1789632180.285317)  can0  601   [8]  40 6C 60 02 00 00 00 00
 (1789632180.285625)  can0  581   [8]  43 6C 60 02 00 00 00 00
 (1789632180.287288)  can0  601   [8]  40 6C 60 03 00 00 00 00
 (1789632180.287563)  can0  581   [8]  43 6C 60 03 00 00 00 00
 (1789632180.289325)  can0  601   [8]  2B 17 10 00 F4 01 00 00
 (1789632180.289685)  can0  581   [8]  60 17 10 00 00 00 00 00
 (1789632180.291224)  can0  601   [8]  40 17 10 00 00 00 00 00
 (1789632180.291551)  can0  581   [8]  4B 17 10 00 F4 01 00 00
 (1789632180.539058)  can0  701   [1]  7F
 (1789632180.540107)  can0  000   [2]  80 01
 (1789632180.788602)  can0  701   [1]  7F
 (1789632180.789219)  can0  601   [8]  2B 00 20 00 E8 03 00 00
 (1789632180.789543)  can0  581   [8]  60 00 20 00 00 00 00 00
 (1789632180.791201)  can0  601   [8]  40 00 20 00 00 00 00 00
 (1789632180.791528)  can0  581   [8]  4B 00 20 00 E8 03 00 00
 (1789632180.793199)  can0  601   [8]  23 00 14 01 01 02 00 80
 (1789632180.793528)  can0  581   [8]  60 00 14 01 00 00 00 00
 (1789632180.795197)  can0  601   [8]  40 00 14 01 00 00 00 00
 (1789632180.795518)  can0  581   [8]  43 00 14 01 01 02 00 80
 (1789632180.797198)  can0  601   [8]  2F 00 16 00 00 00 00 00
 (1789632180.797520)  can0  581   [8]  60 00 16 00 00 00 00 00
 (1789632180.799200)  can0  601   [8]  40 00 16 00 00 00 00 00
 (1789632180.799513)  can0  581   [8]  4F 00 16 00 00 00 00 00
 (1789632180.801194)  can0  601   [8]  23 00 16 01 10 00 40 60
 (1789632180.801511)  can0  581   [8]  60 00 16 01 00 00 00 00
 (1789632180.803196)  can0  601   [8]  40 00 16 01 00 00 00 00
 (1789632180.803503)  can0  581   [8]  43 00 16 01 10 00 40 60
 (1789632180.805197)  can0  601   [8]  23 00 16 02 20 03 FF 60
 (1789632180.805564)  can0  581   [8]  60 00 16 02 00 00 00 00
 (1789632180.807195)  can0  601   [8]  40 00 16 02 00 00 00 00
 (1789632180.807554)  can0  581   [8]  43 00 16 02 20 03 FF 60
 (1789632180.809199)  can0  601   [8]  2F 00 16 00 02 00 00 00
 (1789632180.809556)  can0  581   [8]  60 00 16 00 00 00 00 00
 (1789632180.811198)  can0  601   [8]  40 00 16 00 00 00 00 00
 (1789632180.811550)  can0  581   [8]  4F 00 16 00 02 00 00 00
 (1789632180.813202)  can0  601   [8]  23 00 14 01 01 02 00 00
 (1789632180.813546)  can0  581   [8]  60 00 14 01 00 00 00 00
 (1789632180.815198)  can0  601   [8]  40 00 14 01 00 00 00 00
 (1789632180.815535)  can0  581   [8]  43 00 14 01 01 02 00 00
 (1789632180.817200)  can0  601   [8]  23 01 18 01 81 02 00 80
 (1789632180.817535)  can0  581   [8]  60 01 18 01 00 00 00 00
 (1789632180.819195)  can0  601   [8]  40 01 18 01 00 00 00 00
 (1789632180.819524)  can0  581   [8]  43 01 18 01 81 02 00 80
 (1789632180.821197)  can0  601   [8]  2F 01 1A 00 00 00 00 00
 (1789632180.821524)  can0  581   [8]  60 01 1A 00 00 00 00 00
 (1789632180.823199)  can0  601   [8]  40 01 1A 00 00 00 00 00
 (1789632180.823520)  can0  581   [8]  4F 01 1A 00 00 00 00 00
 (1789632180.825190)  can0  601   [8]  23 01 1A 01 08 00 61 60
 (1789632180.825514)  can0  581   [8]  60 01 1A 01 00 00 00 00
 (1789632180.827196)  can0  601   [8]  40 01 1A 01 00 00 00 00
 (1789632180.827503)  can0  581   [8]  43 01 1A 01 08 00 61 60
 (1789632180.829196)  can0  601   [8]  23 01 1A 02 20 00 3F 60
 (1789632180.829507)  can0  581   [8]  60 01 1A 02 00 00 00 00
 (1789632180.831195)  can0  601   [8]  40 01 1A 02 00 00 00 00
 (1789632180.831553)  can0  581   [8]  43 01 1A 02 20 00 3F 60
 (1789632180.833199)  can0  601   [8]  2F 01 1A 00 02 00 00 00
 (1789632180.833560)  can0  581   [8]  60 01 1A 00 00 00 00 00
 (1789632180.835197)  can0  601   [8]  40 01 1A 00 00 00 00 00
 (1789632180.835554)  can0  581   [8]  4F 01 1A 00 02 00 00 00
 (1789632180.837197)  can0  601   [8]  2B 01 18 05 64 00 00 00
 (1789632180.837550)  can0  581   [8]  60 01 18 05 00 00 00 00
 (1789632180.839192)  can0  601   [8]  40 01 18 05 00 00 00 00
 (1789632180.839539)  can0  581   [8]  4B 01 18 05 64 00 00 00
 (1789632180.841196)  can0  601   [8]  23 01 18 01 81 02 00 00
 (1789632180.841543)  can0  581   [8]  60 01 18 01 00 00 00 00
 (1789632180.843195)  can0  601   [8]  40 01 18 01 00 00 00 00
 (1789632180.843533)  can0  581   [8]  43 01 18 01 81 02 00 00
 (1789632180.845093)  can0  000   [2]  01 01
 (1789632180.845464)  can0  181   [8]  60 14 60 14 00 00 00 00
 (1789632180.845656)  can0  281   [5]  03 00 00 00 00
 (1789632180.845756)  can0  381   [0] 
 (1789632180.845854)  can0  481   [0] 
 (1789632180.895540)  can0  181   [8]  60 14 60 14 00 00 00 00
 (1789632180.895732)  can0  281   [5]  03 00 00 00 00
 (1789632180.945609)  can0  181   [8]  60 14 60 14 00 00 00 00
 (1789632180.945801)  can0  281   [5]  03 00 00 00 00
 (1789632180.995562)  can0  181   [8]  60 14 60 14 00 00 00 00
 (1789632180.995752)  can0  281   [5]  03 00 00 00 00
 (1789632181.038151)  can0  701   [1]  05
 (1789632181.040218)  can0  601   [8]  23 FF 60 01 00 00 00 00
 (1789632181.040583)  can0  581   [8]  60 FF 60 01 00 00 00 00
 (1789632181.042198)  can0  601   [8]  40 FF 60 01 00 00 00 00
 (1789632181.042518)  can0  581   [8]  43 FF 60 01 00 00 00 00
 (1789632181.044208)  can0  601   [8]  23 FF 60 02 00 00 00 00
 (1789632181.044573)  can0  581   [8]  60 FF 60 02 00 00 00 00
 (1789632181.045569)  can0  181   [8]  60 14 60 14 00 00 00 00
 (1789632181.045761)  can0  281   [5]  03 00 00 00 00
 (1789632181.046003)  can0  601   [8]  40 FF 60 02 00 00 00 00
 (1789632181.046323)  can0  581   [8]  43 FF 60 02 00 00 00 00
 (1789632181.047201)  can0  601   [8]  2B 40 60 00 06 00 00 00
 (1789632181.047569)  can0  581   [8]  60 40 60 00 00 00 00 00
 (1789632181.049201)  can0  601   [8]  40 40 60 00 00 00 00 00
 (1789632181.049564)  can0  581   [8]  4B 40 60 00 06 00 00 00
 (1789632181.095579)  can0  181   [8]  21 14 21 14 00 00 00 00
 (1789632181.095769)  can0  281   [5]  03 00 00 00 00
 (1789632181.096220)  can0  601   [8]  40 00 14 01 00 00 00 00
 (1789632181.096577)  can0  581   [8]  43 00 14 01 01 02 00 00
 (1789632181.098215)  can0  601   [8]  40 00 14 02 00 00 00 00
 (1789632181.098573)  can0  581   [8]  4F 00 14 02 FF 00 00 00
 (1789632181.100203)  can0  601   [8]  40 00 16 00 00 00 00 00
 (1789632181.100570)  can0  581   [8]  4F 00 16 00 02 00 00 00
 (1789632181.102200)  can0  601   [8]  40 00 16 01 00 00 00 00
 (1789632181.102559)  can0  581   [8]  43 00 16 01 10 00 40 60
 (1789632181.104200)  can0  601   [8]  40 00 16 02 00 00 00 00
 (1789632181.104559)  can0  581   [8]  43 00 16 02 20 03 FF 60
 (1789632181.106204)  can0  601   [8]  40 00 18 01 00 00 00 00
 (1789632181.106555)  can0  581   [8]  43 00 18 01 81 01 00 00
 (1789632181.108197)  can0  601   [8]  40 00 18 02 00 00 00 00
 (1789632181.108550)  can0  581   [8]  4F 00 18 02 FF 00 00 00
 (1789632181.110201)  can0  601   [8]  40 00 1A 00 00 00 00 00
 (1789632181.110550)  can0  581   [8]  4F 00 1A 00 02 00 00 00
 (1789632181.112199)  can0  601   [8]  40 00 1A 01 00 00 00 00
 (1789632181.112538)  can0  581   [8]  43 00 1A 01 20 00 41 60
 (1789632181.114203)  can0  601   [8]  40 00 1A 02 00 00 00 00
 (1789632181.114530)  can0  581   [8]  43 00 1A 02 20 03 6C 60
 (1789632181.116198)  can0  601   [8]  40 01 18 01 00 00 00 00
 (1789632181.116530)  can0  581   [8]  43 01 18 01 81 02 00 00
 (1789632181.118196)  can0  601   [8]  40 01 18 02 00 00 00 00
 (1789632181.118527)  can0  581   [8]  4F 01 18 02 FF 00 00 00
 (1789632181.120200)  can0  601   [8]  40 01 1A 00 00 00 00 00
 (1789632181.120525)  can0  581   [8]  4F 01 1A 00 02 00 00 00
 (1789632181.122199)  can0  601   [8]  40 01 1A 01 00 00 00 00
 (1789632181.122513)  can0  581   [8]  43 01 1A 01 08 00 61 60
 (1789632181.124199)  can0  601   [8]  40 01 1A 02 00 00 00 00
 (1789632181.124508)  can0  581   [8]  43 01 1A 02 20 00 3F 60
 (1789632181.126205)  can0  601   [8]  40 0F 20 00 00 00 00 00
 (1789632181.126570)  can0  581   [8]  4B 0F 20 00 01 00 00 00
 (1789632181.145653)  can0  181   [8]  21 14 21 14 00 00 00 00
 (1789632181.145838)  can0  281   [5]  03 00 00 00 00
 (1789632181.164275)  can0  201   [6]  02 00 00 00 00 00
 (1789632181.175430)  can0  201   [6]  02 00 00 00 00 00
 (1789632181.185237)  can0  201   [6]  02 00 00 00 00 00
 (1789632181.195209)  can0  201   [6]  02 00 00 00 00 00
 (1789632181.195658)  can0  181   [8]  60 14 60 14 00 00 00 00
 (1789632181.195849)  can0  281   [5]  03 00 00 00 00
 (1789632181.205184)  can0  201   [6]  02 00 00 00 00 00
 (1789632181.215184)  can0  201   [6]  02 00 00 00 00 00
 (1789632181.225181)  can0  201   [6]  02 00 00 00 00 00
 (1789632181.235183)  can0  201   [6]  02 00 00 00 00 00
 (1789632181.245181)  can0  201   [6]  02 00 00 00 00 00
 (1789632181.245617)  can0  181   [8]  60 14 60 14 00 00 00 00
 (1789632181.245808)  can0  281   [5]  03 00 00 00 00
 (1789632181.255183)  can0  201   [6]  02 00 00 00 00 00
 (1789632181.265183)  can0  201   [6]  02 00 00 00 00 00
 (1789632181.275183)  can0  201   [6]  02 00 00 00 00 00
 (1789632181.285183)  can0  201   [6]  02 00 00 00 00 00
 (1789632181.287700)  can0  701   [1]  05
 (1789632181.295182)  can0  201   [6]  02 00 00 00 00 00
 (1789632181.295619)  can0  181   [8]  60 14 60 14 00 00 00 00
 (1789632181.295811)  can0  281   [5]  03 00 00 00 00
 (1789632181.305184)  can0  201   [6]  02 00 00 00 00 00
 (1789632181.315182)  can0  201   [6]  02 00 00 00 00 00
 (1789632181.325180)  can0  201   [6]  02 00 00 00 00 00
 (1789632181.335184)  can0  201   [6]  02 00 00 00 00 00
 (1789632181.345217)  can0  201   [6]  02 00 00 00 00 00
 (1789632181.345689)  can0  181   [8]  60 14 60 14 00 00 00 00
 (1789632181.345879)  can0  281   [5]  03 00 00 00 00
 (1789632181.355191)  can0  201   [6]  02 00 00 00 00 00
 (1789632181.365179)  can0  201   [6]  02 00 00 00 00 00
 (1789632181.375182)  can0  201   [6]  02 00 00 00 00 00
 (1789632181.385184)  can0  201   [6]  02 00 00 00 00 00
 (1789632181.395186)  can0  201   [6]  02 00 00 00 00 00
 (1789632181.395641)  can0  181   [8]  60 14 60 14 00 00 00 00
 (1789632181.395831)  can0  281   [5]  03 00 00 00 00
 (1789632181.405295)  can0  201   [6]  02 00 00 00 00 00
 (1789632181.415298)  can0  201   [6]  02 00 00 00 00 00
 (1789632181.425302)  can0  201   [6]  02 00 00 00 00 00
 (1789632181.435299)  can0  201   [6]  02 00 00 00 00 00
 (1789632181.445293)  can0  201   [6]  02 00 00 00 00 00
 (1789632181.445764)  can0  181   [8]  60 14 60 14 00 00 00 00
 (1789632181.445955)  can0  281   [5]  03 00 00 00 00
 (1789632181.455298)  can0  201   [6]  02 00 00 00 00 00
 (1789632181.465297)  can0  201   [6]  02 00 00 00 00 00
 (1789632181.475305)  can0  201   [6]  02 00 00 00 00 00
 (1789632181.485302)  can0  201   [6]  02 00 00 00 00 00
 (1789632181.495302)  can0  201   [6]  02 00 00 00 00 00
 (1789632181.495773)  can0  181   [8]  60 14 60 14 00 00 00 00
 (1789632181.495964)  can0  281   [5]  03 00 00 00 00
 (1789632181.505309)  can0  201   [6]  02 00 00 00 00 00
 (1789632181.515313)  can0  201   [6]  02 00 00 00 00 00
 (1789632181.525406)  can0  201   [6]  02 00 00 00 00 00
 (1789632181.535372)  can0  201   [6]  02 00 00 00 00 00
 (1789632181.537306)  can0  701   [1]  05
 (1789632181.545424)  can0  201   [6]  02 00 00 00 00 00
 (1789632181.545797)  can0  181   [8]  60 14 60 14 00 00 00 00
 (1789632181.545985)  can0  281   [5]  03 00 00 00 00
 (1789632181.555396)  can0  201   [6]  02 00 00 00 00 00
 (1789632181.565428)  can0  201   [6]  02 00 00 00 00 00
 (1789632181.575342)  can0  201   [6]  02 00 00 00 00 00
 (1789632181.585493)  can0  201   [6]  02 00 00 00 00 00
 (1789632181.595354)  can0  201   [6]  02 00 00 00 00 00
 (1789632181.595800)  can0  181   [8]  60 14 60 14 00 00 00 00
 (1789632181.595989)  can0  281   [5]  03 00 00 00 00
 (1789632181.605413)  can0  201   [6]  02 00 00 00 00 00
 (1789632181.615421)  can0  201   [6]  02 00 00 00 00 00
 (1789632181.625383)  can0  201   [6]  02 00 00 00 00 00
 (1789632181.635428)  can0  201   [6]  02 00 00 00 00 00
 (1789632181.645306)  can0  201   [6]  02 00 00 00 00 00
 (1789632181.645810)  can0  181   [8]  60 14 60 14 00 00 00 00
 (1789632181.646002)  can0  281   [5]  03 00 00 00 00
 (1789632181.655353)  can0  201   [6]  02 00 00 00 00 00
 (1789632181.665459)  can0  201   [6]  02 00 00 00 00 00
 (1789632181.675387)  can0  201   [6]  02 00 00 00 00 00
 (1789632181.685315)  can0  201   [6]  02 00 00 00 00 00
 (1789632181.695360)  can0  201   [6]  02 00 00 00 00 00
 (1789632181.695821)  can0  181   [8]  60 14 60 14 00 00 00 00
 (1789632181.696011)  can0  281   [5]  03 00 00 00 00
 (1789632181.705354)  can0  201   [6]  02 00 00 00 00 00
 (1789632181.715345)  can0  201   [6]  02 00 00 00 00 00
 (1789632181.725303)  can0  201   [6]  02 00 00 00 00 00
 (1789632181.735310)  can0  201   [6]  02 00 00 00 00 00
 (1789632181.745299)  can0  201   [6]  02 00 00 00 00 00
 (1789632181.745831)  can0  181   [8]  60 14 60 14 00 00 00 00
 (1789632181.746021)  can0  281   [5]  03 00 00 00 00
 (1789632181.755305)  can0  201   [6]  02 00 00 00 00 00
 (1789632181.765299)  can0  201   [6]  02 00 00 00 00 00
 (1789632181.775304)  can0  201   [6]  02 00 00 00 00 00
 (1789632181.785298)  can0  201   [6]  02 00 00 00 00 00
 (1789632181.786799)  can0  701   [1]  05
 (1789632181.795419)  can0  201   [6]  02 00 00 00 00 00
 (1789632181.795896)  can0  181   [8]  60 14 60 14 00 00 00 00
 (1789632181.796086)  can0  281   [5]  03 00 00 00 00
 (1789632181.805292)  can0  201   [6]  02 00 00 00 00 00
 (1789632181.815299)  can0  201   [6]  02 00 00 00 00 00
 (1789632181.825303)  can0  201   [6]  02 00 00 00 00 00
 (1789632181.835299)  can0  201   [6]  02 00 00 00 00 00
 (1789632181.845292)  can0  201   [6]  02 00 00 00 00 00
 (1789632181.845848)  can0  181   [8]  60 14 60 14 00 00 00 00
 (1789632181.846040)  can0  281   [5]  03 00 00 00 00
 (1789632181.855298)  can0  201   [6]  02 00 00 00 00 00
 (1789632181.865306)  can0  201   [6]  02 00 00 00 00 00
 (1789632181.875440)  can0  201   [6]  02 00 00 00 00 00
 (1789632181.885295)  can0  201   [6]  02 00 00 00 00 00
 (1789632181.895308)  can0  201   [6]  02 00 00 00 00 00
 (1789632181.895862)  can0  181   [8]  60 14 60 14 00 00 00 00
 (1789632181.896053)  can0  281   [5]  03 00 00 00 00
 (1789632181.905300)  can0  201   [6]  02 00 00 00 00 00
 (1789632181.915304)  can0  201   [6]  02 00 00 00 00 00
 (1789632181.925300)  can0  201   [6]  02 00 00 00 00 00
 (1789632181.935303)  can0  201   [6]  02 00 00 00 00 00
 (1789632181.945298)  can0  201   [6]  02 00 00 00 00 00
 (1789632181.945869)  can0  181   [8]  60 14 60 14 00 00 00 00
 (1789632181.946060)  can0  281   [5]  03 00 00 00 00
 (1789632181.955299)  can0  201   [6]  02 00 00 00 00 00
 (1789632181.965308)  can0  201   [6]  02 00 00 00 00 00
 (1789632181.975299)  can0  201   [6]  02 00 00 00 00 00
 (1789632181.985306)  can0  201   [6]  02 00 00 00 00 00
 (1789632181.995298)  can0  201   [6]  02 00 00 00 00 00
 (1789632181.995885)  can0  181   [8]  60 14 60 14 00 00 00 00
 (1789632181.996077)  can0  281   [5]  03 00 00 00 00
 (1789632182.005306)  can0  201   [6]  02 00 00 00 00 00
 (1789632182.015297)  can0  201   [6]  02 00 00 00 00 00
 (1789632182.025297)  can0  201   [6]  02 00 00 00 00 00
 (1789632182.035313)  can0  201   [6]  02 00 00 00 00 00
 (1789632182.036347)  can0  701   [1]  05
 (1789632182.045313)  can0  201   [6]  02 00 00 00 00 00
 (1789632182.045888)  can0  181   [8]  60 14 60 14 00 00 00 00
 (1789632182.046082)  can0  281   [5]  03 00 00 00 00
 (1789632182.055424)  can0  201   [6]  02 00 00 00 00 00
 (1789632182.065371)  can0  201   [6]  02 00 00 00 00 00
 (1789632182.075423)  can0  201   [6]  02 00 00 00 00 00
 (1789632182.085387)  can0  201   [6]  02 00 00 00 00 00
 (1789632182.095432)  can0  201   [6]  02 00 00 00 00 00
 (1789632182.095903)  can0  181   [8]  60 14 60 14 00 00 00 00
 (1789632182.096093)  can0  281   [5]  03 00 00 00 00
 (1789632182.105356)  can0  201   [6]  02 00 00 00 00 00
 (1789632182.115475)  can0  201   [6]  02 00 00 00 00 00
 (1789632182.125366)  can0  201   [6]  02 00 00 00 00 00
 (1789632182.135480)  can0  201   [6]  02 00 00 00 00 00
 (1789632182.145424)  can0  201   [6]  02 00 00 00 00 00
 (1789632182.145916)  can0  181   [8]  60 14 60 14 00 00 00 00
 (1789632182.146104)  can0  281   [5]  03 00 00 00 00
 (1789632182.155393)  can0  201   [6]  02 00 00 00 00 00
 (1789632182.165379)  can0  201   [6]  02 00 00 00 00 00
 (1789632182.175354)  can0  201   [6]  02 00 00 00 00 00
 (1789632182.185347)  can0  201   [6]  02 00 00 00 00 00
 (1789632182.195451)  can0  201   [6]  02 00 00 00 00 00
 (1789632182.195924)  can0  181   [8]  60 14 60 14 00 00 00 00
 (1789632182.196113)  can0  281   [5]  03 00 00 00 00
 (1789632182.204534)  can0  201   [6]  02 00 00 00 00 00
 (1789632182.215362)  can0  201   [6]  02 00 00 00 00 00
 (1789632182.225349)  can0  201   [6]  02 00 00 00 00 00
 (1789632182.235349)  can0  201   [6]  02 00 00 00 00 00
 (1789632182.245301)  can0  201   [6]  02 00 00 00 00 00
 (1789632182.245929)  can0  181   [8]  60 14 60 14 00 00 00 00
 (1789632182.246121)  can0  281   [5]  03 00 00 00 00
 (1789632182.255347)  can0  201   [6]  02 00 00 00 00 00
 (1789632182.265313)  can0  201   [6]  02 00 00 00 00 00
 (1789632182.275298)  can0  201   [6]  02 00 00 00 00 00
 (1789632182.285291)  can0  201   [6]  02 00 00 00 00 00
 (1789632182.285899)  can0  701   [1]  05
 (1789632182.295299)  can0  201   [6]  02 00 00 00 00 00
 (1789632182.295939)  can0  181   [8]  60 14 60 14 00 00 00 00
 (1789632182.296130)  can0  281   [5]  03 00 00 00 00
 (1789632182.305301)  can0  201   [6]  02 00 00 00 00 00
 (1789632182.315307)  can0  201   [6]  02 00 00 00 00 00
 (1789632182.325292)  can0  201   [6]  02 00 00 00 00 00
 (1789632182.335305)  can0  201   [6]  02 00 00 00 00 00
 (1789632182.345300)  can0  201   [6]  02 00 00 00 00 00
 (1789632182.345949)  can0  181   [8]  60 14 60 14 00 00 00 00
 (1789632182.346142)  can0  281   [5]  03 00 00 00 00
 (1789632182.355305)  can0  201   [6]  02 00 00 00 00 00
 (1789632182.365298)  can0  201   [6]  02 00 00 00 00 00
 (1789632182.375297)  can0  201   [6]  02 00 00 00 00 00
 (1789632182.385305)  can0  201   [6]  02 00 00 00 00 00
 (1789632182.395299)  can0  201   [6]  02 00 00 00 00 00
 (1789632182.395959)  can0  181   [8]  60 14 60 14 00 00 00 00
 (1789632182.396150)  can0  281   [5]  03 00 00 00 00
 (1789632182.405422)  can0  201   [6]  02 00 00 00 00 00
 (1789632182.415317)  can0  201   [6]  02 00 00 00 00 00
 (1789632182.425248)  can0  201   [6]  02 00 00 00 00 00
 (1789632182.435299)  can0  201   [6]  02 00 00 00 00 00
 (1789632182.445297)  can0  201   [6]  02 00 00 00 00 00
 (1789632182.445969)  can0  181   [8]  60 14 60 14 00 00 00 00
 (1789632182.446161)  can0  281   [5]  03 00 00 00 00
 (1789632182.455292)  can0  201   [6]  02 00 00 00 00 00
 (1789632182.465300)  can0  201   [6]  02 00 00 00 00 00
 (1789632182.475291)  can0  201   [6]  02 00 00 00 00 00
 (1789632182.485292)  can0  201   [6]  02 00 00 00 00 00
 (1789632182.495298)  can0  201   [6]  02 00 00 00 00 00
 (1789632182.495979)  can0  181   [8]  60 14 60 14 00 00 00 00
 (1789632182.496169)  can0  281   [5]  03 00 00 00 00
 (1789632182.505299)  can0  201   [6]  02 00 00 00 00 00
 (1789632182.515299)  can0  201   [6]  02 00 00 00 00 00
 (1789632182.525299)  can0  201   [6]  02 00 00 00 00 00
 (1789632182.535298)  can0  201   [6]  02 00 00 00 00 00
 (1789632182.535420)  can0  701   [1]  05
 (1789632182.545305)  can0  201   [6]  02 00 00 00 00 00
 (1789632182.545989)  can0  181   [8]  60 14 60 14 00 00 00 00
 (1789632182.546123)  can0  281   [5]  03 00 00 00 00
 (1789632182.555298)  can0  201   [6]  02 00 00 00 00 00
 (1789632182.565291)  can0  201   [6]  02 00 00 00 00 00
 (1789632182.575292)  can0  201   [6]  02 00 00 00 00 00
 (1789632182.585403)  can0  201   [6]  02 00 00 00 00 00
 (1789632182.595373)  can0  201   [6]  02 00 00 00 00 00
 (1789632182.596000)  can0  181   [8]  60 14 60 14 00 00 00 00
 (1789632182.596191)  can0  281   [5]  03 00 00 00 00
 (1789632182.605410)  can0  201   [6]  02 00 00 00 00 00
 (1789632182.615403)  can0  201   [6]  02 00 00 00 00 00
 (1789632182.625433)  can0  201   [6]  02 00 00 00 00 00
 (1789632182.635370)  can0  201   [6]  02 00 00 00 00 00
 (1789632182.645471)  can0  201   [6]  02 00 00 00 00 00
 (1789632182.646013)  can0  181   [8]  60 14 60 14 00 00 00 00
 (1789632182.646202)  can0  281   [5]  03 00 00 00 00
 (1789632182.655309)  can0  201   [6]  02 00 00 00 00 00
 (1789632182.665479)  can0  201   [6]  02 00 00 00 00 00
 (1789632182.675367)  can0  201   [6]  02 00 00 00 00 00
 (1789632182.685383)  can0  201   [6]  02 00 00 00 00 00
 (1789632182.695366)  can0  201   [6]  02 00 00 00 00 00
 (1789632182.696021)  can0  181   [8]  60 14 60 14 00 00 00 00
 (1789632182.696211)  can0  281   [5]  03 00 00 00 00
 (1789632182.705355)  can0  201   [6]  02 00 00 00 00 00
 (1789632182.715300)  can0  201   [6]  06 00 00 00 00 00
 (1789632182.725441)  can0  201   [6]  06 00 00 00 00 00
 (1789632182.735397)  can0  201   [6]  06 00 00 00 00 00
 (1789632182.745317)  can0  201   [6]  06 00 00 00 00 00
 (1789632182.746028)  can0  181   [8]  21 14 21 14 00 00 00 00
 (1789632182.746216)  can0  281   [5]  03 00 00 00 00
 (1789632182.755359)  can0  201   [6]  07 00 00 00 00 00
 (1789632182.765355)  can0  201   [6]  07 00 00 00 00 00
 (1789632182.775348)  can0  201   [6]  07 00 00 00 00 00
 (1789632182.784938)  can0  701   [1]  05
 (1789632182.785338)  can0  201   [6]  07 00 00 00 00 00
 (1789632182.795316)  can0  201   [6]  07 00 00 00 00 00
 (1789632182.796029)  can0  181   [8]  23 14 23 14 00 00 00 00
 (1789632182.796221)  can0  281   [5]  03 00 00 00 00
 (1789632182.805314)  can0  201   [6]  0F 00 00 00 00 00
 (1789632182.815308)  can0  201   [6]  0F 00 00 00 00 00
 (1789632182.825308)  can0  201   [6]  0F 00 00 00 00 00
 (1789632182.835319)  can0  201   [6]  0F 00 00 00 00 00
 (1789632182.845313)  can0  201   [6]  0F 00 00 00 00 00
 (1789632182.845985)  can0  181   [8]  27 14 27 14 00 00 00 00
 (1789632182.846176)  can0  281   [5]  03 00 00 00 00
 (1789632182.855318)  can0  201   [6]  0F 00 00 00 00 00
 (1789632182.865294)  can0  201   [6]  0F 00 00 00 00 00
 (1789632182.875322)  can0  201   [6]  0F 00 00 00 00 00
 (1789632182.885303)  can0  201   [6]  0F 00 00 00 00 00
 (1789632182.895251)  can0  201   [6]  0F 00 00 00 00 00
 (1789632182.895986)  can0  181   [8]  27 14 27 14 00 00 00 00
 (1789632182.896178)  can0  281   [5]  03 00 00 00 00
 (1789632182.905309)  can0  201   [6]  0F 00 00 00 00 00
 (1789632182.915319)  can0  201   [6]  0F 00 00 00 00 00
 (1789632182.925195)  can0  201   [6]  0F 00 00 00 00 00
 (1789632182.935235)  can0  201   [6]  0F 00 00 00 00 00
 (1789632182.945298)  can0  201   [6]  0F 00 00 00 00 00
 (1789632182.945936)  can0  181   [8]  27 14 27 14 00 00 00 00
 (1789632182.946127)  can0  281   [5]  03 00 00 00 00
 (1789632182.955299)  can0  201   [6]  0F 00 00 00 00 00
 (1789632182.965293)  can0  201   [6]  0F 00 00 00 00 00
 (1789632182.975304)  can0  201   [6]  0F 00 00 00 00 00
 (1789632182.985292)  can0  201   [6]  0F 00 00 00 00 00
 (1789632182.995303)  can0  201   [6]  0F 00 00 00 00 00
 (1789632182.995882)  can0  181   [8]  27 14 27 14 00 00 00 00
 (1789632182.996016)  can0  281   [5]  03 00 00 00 00
 (1789632183.005292)  can0  201   [6]  0F 00 00 00 00 00
 (1789632183.015309)  can0  201   [6]  0F 00 00 00 00 00
 (1789632183.025292)  can0  201   [6]  0F 00 00 00 00 00
 (1789632183.034486)  can0  701   [1]  05
 (1789632183.034853)  can0  201   [6]  0F 00 00 00 00 00
 (1789632183.045293)  can0  201   [6]  0F 00 00 00 00 00
 (1789632183.045830)  can0  181   [8]  27 14 27 14 00 00 00 00
 (1789632183.046022)  can0  281   [5]  03 00 00 00 00
 (1789632183.055308)  can0  201   [6]  0F 00 00 00 00 00
 (1789632183.065308)  can0  201   [6]  0F 00 00 00 00 00
 (1789632183.075302)  can0  201   [6]  0F 00 00 00 00 00
 (1789632183.085293)  can0  201   [6]  0F 00 00 00 00 00
 (1789632183.095314)  can0  201   [6]  0F 00 00 00 00 00
 (1789632183.095775)  can0  181   [8]  27 14 27 14 00 00 00 00
 (1789632183.095967)  can0  281   [5]  03 00 00 00 00
 (1789632183.105297)  can0  201   [6]  0F 00 00 00 00 00
 (1789632183.115414)  can0  201   [6]  0F 00 00 00 00 00
 (1789632183.125384)  can0  201   [6]  0F 00 00 00 00 00
 (1789632183.135424)  can0  201   [6]  0F 00 00 00 00 00
 (1789632183.145407)  can0  201   [6]  0F 00 00 00 00 00
 (1789632183.145797)  can0  181   [8]  27 14 27 14 00 00 00 00
 (1789632183.145978)  can0  281   [5]  03 00 00 00 00
 (1789632183.155391)  can0  201   [6]  0F 00 00 00 00 00
 (1789632183.165388)  can0  201   [6]  0F 00 00 00 00 00
 (1789632183.175479)  can0  201   [6]  0F 00 00 00 00 00
 (1789632183.185352)  can0  201   [6]  0F 00 00 00 00 00
 (1789632183.195479)  can0  201   [6]  0F 00 00 00 00 00
 (1789632183.195864)  can0  181   [8]  27 14 27 14 00 00 00 00
 (1789632183.196052)  can0  281   [5]  03 00 00 00 00
 (1789632183.205423)  can0  201   [6]  0F 00 00 00 00 00
 (1789632183.215373)  can0  201   [6]  0F 00 00 00 00 00
 (1789632183.225429)  can0  201   [6]  0F 00 00 00 00 00
 (1789632183.235308)  can0  201   [6]  0F 00 00 00 00 00
 (1789632183.245378)  can0  201   [6]  0F 00 00 00 00 00
 (1789632183.245869)  can0  181   [8]  27 14 27 14 00 00 00 00
 (1789632183.246059)  can0  281   [5]  03 00 00 00 00
 (1789632183.255435)  can0  201   [6]  0F 00 00 00 00 00
 (1789632183.265405)  can0  201   [6]  0F 00 00 00 00 00
 (1789632183.275372)  can0  201   [6]  0F 00 00 00 00 00
 (1789632183.283976)  can0  701   [1]  05
 (1789632183.285361)  can0  201   [6]  0F 00 00 00 00 00
 (1789632183.295307)  can0  201   [6]  0F 00 00 00 00 00
 (1789632183.295817)  can0  181   [8]  27 14 27 14 00 00 00 00
 (1789632183.296008)  can0  281   [5]  03 00 00 00 00
 (1789632183.305308)  can0  201   [6]  0F 00 00 00 00 00
 (1789632183.315352)  can0  201   [6]  0F 00 00 00 00 00
 (1789632183.325322)  can0  201   [6]  0F 00 00 00 00 00
 (1789632183.335291)  can0  201   [6]  0F 00 00 00 00 00
 (1789632183.345319)  can0  201   [6]  0F 00 00 00 00 00
 (1789632183.345765)  can0  181   [8]  27 14 27 14 00 00 00 00
 (1789632183.345954)  can0  281   [5]  03 00 00 00 00
 (1789632183.355290)  can0  201   [6]  0F 00 00 00 00 00
 (1789632183.365326)  can0  201   [6]  0F 00 00 00 00 00
 (1789632183.375301)  can0  201   [6]  0F 00 00 00 00 00
 (1789632183.385321)  can0  201   [6]  0F 00 00 00 00 00
 (1789632183.395301)  can0  201   [6]  0F 00 00 00 00 00
 (1789632183.395712)  can0  181   [8]  27 14 27 14 00 00 00 00
 (1789632183.395905)  can0  281   [5]  03 00 00 00 00
 (1789632183.405252)  can0  201   [6]  0F 00 00 00 00 00
 (1789632183.415306)  can0  201   [6]  0F 00 00 00 00 00
 (1789632183.425298)  can0  201   [6]  0F 00 00 00 00 00
 (1789632183.435292)  can0  201   [6]  0F 00 00 00 00 00
 (1789632183.445291)  can0  201   [6]  0F 00 00 00 00 00
 (1789632183.445615)  can0  181   [8]  27 14 27 14 00 00 00 00
 (1789632183.445863)  can0  281   [5]  03 00 00 00 00
 (1789632183.455298)  can0  201   [6]  0F 00 00 00 00 00
 (1789632183.465274)  can0  201   [6]  0F 00 00 00 00 00
 (1789632183.475344)  can0  201   [6]  0F 00 00 00 00 00
 (1789632183.485297)  can0  201   [6]  0F 00 00 00 00 00
 (1789632183.495292)  can0  201   [6]  0F 00 00 00 00 00
 (1789632183.495732)  can0  181   [8]  27 14 27 14 00 00 00 00
 (1789632183.495922)  can0  281   [5]  03 00 00 00 00
 (1789632183.505292)  can0  201   [6]  0F 00 00 00 00 00
 (1789632183.515292)  can0  201   [6]  0F 00 00 00 00 00
 (1789632183.525292)  can0  201   [6]  0F 00 00 00 00 00
 (1789632183.533587)  can0  701   [1]  05
 (1789632183.535291)  can0  201   [6]  0F 00 00 00 00 00
 (1789632183.545291)  can0  201   [6]  0F 00 00 00 00 00
 (1789632183.545688)  can0  181   [8]  27 14 27 14 00 00 00 00
 (1789632183.545825)  can0  281   [5]  03 00 00 00 00
 (1789632183.555291)  can0  201   [6]  0F 00 00 00 00 00
 (1789632183.565292)  can0  201   [6]  0F 00 00 00 00 00
 (1789632183.575310)  can0  201   [6]  0F 00 00 00 00 00
 (1789632183.585292)  can0  201   [6]  0F 00 00 00 00 00
 (1789632183.595298)  can0  201   [6]  0F 00 00 00 00 00
 (1789632183.595691)  can0  181   [8]  27 14 27 14 00 00 00 00
 (1789632183.595889)  can0  281   [5]  03 00 00 00 00
 (1789632183.605290)  can0  201   [6]  0F 00 00 00 00 00
 (1789632183.615298)  can0  201   [6]  0F 00 00 00 00 00
 (1789632183.625213)  can0  201   [6]  0F 00 00 00 00 00
 (1789632183.635298)  can0  201   [6]  0F 00 00 00 00 00
 (1789632183.645411)  can0  201   [6]  0F 00 00 00 00 00
 (1789632183.645659)  can0  181   [8]  27 14 27 14 00 00 00 00
 (1789632183.645899)  can0  281   [5]  03 00 00 00 00
 (1789632183.655374)  can0  201   [6]  0F 00 00 00 00 00
 (1789632183.665427)  can0  201   [6]  0F 00 00 00 00 00
 (1789632183.675406)  can0  201   [6]  0F 00 00 00 00 00
 (1789632183.685439)  can0  201   [6]  0F 00 00 00 00 00
 (1789632183.695355)  can0  201   [6]  0F 00 00 00 00 00
 (1789632183.695712)  can0  181   [8]  27 14 27 14 00 00 00 00
 (1789632183.695909)  can0  281   [5]  03 00 00 00 00
 (1789632183.705477)  can0  201   [6]  0F 00 00 00 00 00
 (1789632183.715396)  can0  201   [6]  0F 00 00 00 00 00
 (1789632183.725472)  can0  201   [6]  0F 00 00 00 00 00
 (1789632183.735437)  can0  201   [6]  0F 00 00 00 00 00
 (1789632183.745448)  can0  201   [6]  0F 00 00 00 00 00
 (1789632183.745693)  can0  181   [8]  27 14 27 14 00 00 00 00
 (1789632183.745919)  can0  281   [5]  03 00 00 00 00
 (1789632183.755370)  can0  201   [6]  0F 00 00 00 00 00
 (1789632183.765361)  can0  201   [6]  0F 00 00 00 00 00
 (1789632183.775364)  can0  201   [6]  0F 00 00 00 00 00
 (1789632183.783095)  can0  701   [1]  05
 (1789632183.785368)  can0  201   [6]  0F 00 00 00 00 00
 (1789632183.795400)  can0  201   [6]  0F 00 00 00 00 00
 (1789632183.795645)  can0  181   [8]  27 14 27 14 00 00 00 00
 (1789632183.795928)  can0  281   [5]  03 00 00 00 00
 (1789632183.805373)  can0  201   [6]  0F 00 00 00 00 00
 (1789632183.815382)  can0  201   [6]  0F 00 00 00 00 00
 (1789632183.825368)  can0  201   [6]  0F 00 00 00 00 00
 (1789632183.835305)  can0  201   [6]  0F 00 00 00 00 00
 (1789632183.845345)  can0  201   [6]  0F 00 00 00 00 00
 (1789632183.845588)  can0  181   [8]  27 14 27 14 00 00 00 00
 (1789632183.846101)  can0  281   [5]  03 00 00 00 00
 (1789632183.855319)  can0  201   [6]  0F 00 00 00 00 00
 (1789632183.865308)  can0  201   [6]  0F 00 00 00 00 00
 (1789632183.875324)  can0  201   [6]  0F 00 00 00 00 00
 (1789632183.885309)  can0  201   [6]  0F 00 00 00 00 00
 (1789632183.895320)  can0  201   [6]  0F 00 00 00 00 00
 (1789632183.895626)  can0  181   [8]  27 14 27 14 00 00 00 00
 (1789632183.895885)  can0  281   [5]  03 00 00 00 00
 (1789632183.905305)  can0  201   [6]  0F 00 00 00 00 00
 (1789632183.915324)  can0  201   [6]  0F 00 00 00 00 00
 (1789632183.925308)  can0  201   [6]  0F 00 00 00 00 00
 (1789632183.935319)  can0  201   [6]  0F 00 00 00 00 00
 (1789632183.945291)  can0  201   [6]  0F 00 00 00 00 00
 (1789632183.945555)  can0  181   [8]  27 14 27 14 00 00 00 00
 (1789632183.945838)  can0  281   [5]  03 00 00 00 00
 (1789632183.955248)  can0  201   [6]  0F 00 00 00 00 00
 (1789632183.965293)  can0  201   [6]  0F 00 00 00 00 00
 (1789632183.975303)  can0  201   [6]  0F 00 00 00 00 00
 (1789632183.985292)  can0  201   [6]  0F 00 00 00 00 00
 (1789632183.995390)  can0  201   [6]  0F 00 00 00 00 00
 (1789632183.995635)  can0  181   [8]  27 14 27 14 00 00 00 00
 (1789632183.995824)  can0  281   [5]  03 00 00 00 00
 (1789632184.005293)  can0  201   [6]  0F 00 00 00 00 00
 (1789632184.015300)  can0  201   [6]  0F 00 00 00 00 00
 (1789632184.025298)  can0  201   [6]  0F 00 00 00 00 00
 (1789632184.032628)  can0  701   [1]  05
 (1789632184.035299)  can0  201   [6]  0F 00 00 00 00 00
 (1789632184.045299)  can0  201   [6]  0F 00 00 00 00 00
 (1789632184.045550)  can0  181   [8]  27 14 27 14 00 00 00 00
 (1789632184.045740)  can0  281   [5]  03 00 00 00 00
 (1789632184.055292)  can0  201   [6]  0F 00 00 00 00 00
 (1789632184.065292)  can0  201   [6]  0F 00 00 00 00 00
 (1789632184.075292)  can0  201   [6]  0F 00 00 00 00 00
 (1789632184.085312)  can0  201   [6]  0F 00 00 00 00 00
 (1789632184.095297)  can0  201   [6]  0F 00 00 00 00 00
 (1789632184.095550)  can0  181   [8]  27 14 27 14 00 00 00 00
 (1789632184.095743)  can0  281   [5]  03 00 00 00 00
 (1789632184.105298)  can0  201   [6]  0F 00 00 00 00 00
 (1789632184.115292)  can0  201   [6]  0F 00 00 00 00 00
 (1789632184.125299)  can0  201   [6]  0F 00 00 00 00 00
 (1789632184.135292)  can0  201   [6]  0F 00 00 00 00 00
 (1789632184.145306)  can0  201   [6]  0F 00 00 00 00 00
 (1789632184.145548)  can0  181   [8]  27 14 27 14 00 00 00 00
 (1789632184.145745)  can0  281   [5]  03 00 00 00 00
 (1789632184.155333)  can0  201   [6]  0F 00 00 00 00 00
 (1789632184.165342)  can0  201   [6]  0F 00 00 00 00 00
 (1789632184.175360)  can0  201   [6]  0F 00 00 00 00 00
 (1789632184.185353)  can0  201   [6]  0F 00 00 00 00 00
 (1789632184.195395)  can0  181   [8]  27 14 27 14 00 00 00 00
 (1789632184.195650)  can0  201   [6]  0F 00 00 00 00 00
 (1789632184.195845)  can0  281   [5]  03 00 00 00 00
 (1789632184.205404)  can0  201   [6]  0F 00 00 00 00 00
 (1789632184.215430)  can0  201   [6]  0F 00 00 00 00 00
 (1789632184.225385)  can0  201   [6]  0F 00 00 00 00 00
 (1789632184.235474)  can0  201   [6]  0F 00 00 00 00 00
 (1789632184.245388)  can0  201   [6]  0F 00 00 00 00 00
 (1789632184.245639)  can0  181   [8]  27 14 27 14 00 00 00 00
 (1789632184.245826)  can0  281   [5]  03 00 00 00 00
 (1789632184.255454)  can0  201   [6]  0F 00 00 00 00 00
 (1789632184.265423)  can0  201   [6]  0F 00 00 00 00 00
 (1789632184.275432)  can0  201   [6]  0F 00 00 00 00 00
 (1789632184.282241)  can0  701   [1]  05
 (1789632184.285410)  can0  201   [6]  0F 00 00 00 00 00
 (1789632184.295298)  can0  201   [6]  0F 00 00 00 00 00
 (1789632184.295601)  can0  181   [8]  27 14 27 14 00 00 00 00
 (1789632184.295791)  can0  281   [5]  03 00 00 00 00
 (1789632184.305355)  can0  201   [6]  0F 00 00 00 00 00
 (1789632184.315444)  can0  201   [6]  0F 00 00 00 00 00
 (1789632184.325407)  can0  201   [6]  0F 00 00 00 00 00
 (1789632184.335361)  can0  201   [6]  0F 00 00 00 00 00
 (1789632184.345403)  can0  181   [8]  27 14 27 14 00 00 00 00
 (1789632184.345608)  can0  201   [6]  0F 00 00 00 00 00
 (1789632184.345806)  can0  281   [5]  03 00 00 00 00
 (1789632184.355365)  can0  201   [6]  0F 00 00 00 00 00
 (1789632184.365369)  can0  201   [6]  0F 00 00 00 00 00
 (1789632184.375292)  can0  201   [6]  0F 00 00 00 00 00
 (1789632184.385323)  can0  201   [6]  0F 00 00 00 00 00
 (1789632184.395312)  can0  201   [6]  0F 00 00 00 00 00
 (1789632184.395554)  can0  181   [8]  27 14 27 14 00 00 00 00
 (1789632184.395799)  can0  281   [5]  03 00 00 00 00
 (1789632184.405319)  can0  201   [6]  0F 00 00 00 00 00
 (1789632184.415310)  can0  201   [6]  0F 00 00 00 00 00
 (1789632184.425320)  can0  201   [6]  0F 00 00 00 00 00
 (1789632184.435316)  can0  201   [6]  0F 00 00 00 00 00
 (1789632184.445323)  can0  201   [6]  0F 00 00 00 00 00
 (1789632184.445554)  can0  181   [8]  27 14 27 14 00 00 00 00
 (1789632184.445811)  can0  281   [5]  03 00 00 00 00
 (1789632184.455314)  can0  201   [6]  0F 00 00 00 00 00
 (1789632184.465318)  can0  201   [6]  0F 00 00 00 00 00
 (1789632184.475298)  can0  201   [6]  0F 00 00 00 00 00
 (1789632184.485251)  can0  201   [6]  0F 00 00 00 00 00
 (1789632184.495304)  can0  181   [8]  27 14 27 14 00 00 00 00
 (1789632184.495525)  can0  201   [6]  0F 00 00 00 00 00
 (1789632184.495884)  can0  281   [5]  03 00 00 00 00
 (1789632184.505298)  can0  201   [6]  0F 00 00 00 00 00
 (1789632184.515297)  can0  201   [6]  0F 00 00 00 00 00
 (1789632184.525444)  can0  201   [6]  0F 00 00 00 00 00
 (1789632184.531731)  can0  701   [1]  05
 (1789632184.535341)  can0  201   [6]  0F 00 00 00 00 00
 (1789632184.545296)  can0  181   [8]  27 14 27 14 00 00 00 00
 (1789632184.545467)  can0  201   [6]  0F 00 00 00 00 00
 (1789632184.545896)  can0  281   [5]  03 00 00 00 00
 (1789632184.555291)  can0  201   [6]  0F 00 00 00 00 00
 (1789632184.565291)  can0  201   [6]  0F 00 00 00 00 00
 (1789632184.575298)  can0  201   [6]  0F 00 00 00 00 00
 (1789632184.585291)  can0  201   [6]  0F 00 00 00 00 00
 (1789632184.595266)  can0  181   [8]  27 14 27 14 00 00 00 00
 (1789632184.595472)  can0  201   [6]  0F 00 00 00 00 00
 (1789632184.595916)  can0  281   [5]  03 00 00 00 00
 (1789632184.605298)  can0  201   [6]  0F 00 00 00 00 00
 (1789632184.615309)  can0  201   [6]  0F 00 00 00 00 00
 (1789632184.625292)  can0  201   [6]  0F 00 00 00 00 00
 (1789632184.635292)  can0  201   [6]  0F 00 00 00 00 00
 (1789632184.645279)  can0  181   [8]  27 14 27 14 00 00 00 00
 (1789632184.645480)  can0  201   [6]  0F 00 00 00 00 00
 (1789632184.645913)  can0  281   [5]  03 00 00 00 00
 (1789632184.655298)  can0  201   [6]  0F 00 00 00 00 00
 (1789632184.665292)  can0  201   [6]  0F 00 00 00 00 00
 (1789632184.675294)  can0  201   [6]  0F 00 00 00 00 00
 (1789632184.685297)  can0  201   [6]  0F 00 00 00 00 00
 (1789632184.695294)  can0  181   [8]  27 14 27 14 00 00 00 00
 (1789632184.695499)  can0  201   [6]  0F 00 00 00 00 00
 (1789632184.695860)  can0  281   [5]  03 00 00 00 00
 (1789632184.705363)  can0  201   [6]  0F 00 00 00 00 00
 (1789632184.715383)  can0  201   [6]  0F 00 00 00 00 00
 (1789632184.725425)  can0  201   [6]  0F 00 00 00 00 00
 (1789632184.735408)  can0  201   [6]  0F 00 00 00 00 00
 (1789632184.745299)  can0  181   [8]  27 14 27 14 00 00 00 00
 (1789632184.745502)  can0  201   [6]  0F 00 00 00 00 00
 (1789632184.745870)  can0  281   [5]  03 00 00 00 00
 (1789632184.755379)  can0  201   [6]  0F 00 00 00 00 00
 (1789632184.764603)  can0  201   [6]  0F 00 00 00 00 00
 (1789632184.775386)  can0  201   [6]  0F 00 00 00 00 00
 (1789632184.781387)  can0  701   [1]  05
 (1789632184.785456)  can0  201   [6]  0F 00 00 00 00 00
 (1789632184.795299)  can0  181   [8]  27 14 27 14 00 00 00 00
 (1789632184.795512)  can0  201   [6]  0F 00 00 00 00 00
 (1789632184.795881)  can0  281   [5]  03 00 00 00 00
 (1789632184.805432)  can0  201   [6]  0F 00 00 00 00 00
 (1789632184.815422)  can0  201   [6]  0F 00 00 00 00 00
 (1789632184.825305)  can0  201   [6]  0F 00 00 00 00 00
 (1789632184.835319)  can0  201   [6]  0F 00 00 00 00 00
 (1789632184.845325)  can0  181   [8]  27 14 27 14 00 00 00 00
 (1789632184.845522)  can0  201   [6]  0F 00 00 00 00 00
 (1789632184.845890)  can0  281   [5]  03 00 00 00 00
 (1789632184.855353)  can0  201   [6]  0F 00 00 00 00 00
 (1789632184.865350)  can0  201   [6]  0F 00 00 00 00 00
 (1789632184.875356)  can0  201   [6]  0F 00 00 00 00 00
 (1789632184.885351)  can0  201   [6]  0F 00 00 00 00 00
 (1789632184.895331)  can0  181   [8]  27 14 27 14 00 00 00 00
 (1789632184.895531)  can0  201   [6]  0F 00 00 00 00 00
 (1789632184.895901)  can0  281   [5]  03 00 00 00 00
 (1789632184.905356)  can0  201   [6]  0F 00 00 00 00 00
 (1789632184.915318)  can0  201   [6]  0F 00 00 00 00 00
 (1789632184.925316)  can0  201   [6]  0F 00 00 00 00 00
 (1789632184.935321)  can0  201   [6]  0F 00 00 00 00 00
 (1789632184.945338)  can0  181   [8]  27 14 27 14 00 00 00 00
 (1789632184.945541)  can0  201   [6]  0F 00 00 00 00 00
 (1789632184.945910)  can0  281   [5]  03 00 00 00 00
 (1789632184.955253)  can0  201   [6]  0F 00 00 00 00 00
 (1789632184.965306)  can0  201   [6]  0F 00 00 00 00 00
 (1789632184.975319)  can0  201   [6]  0F 00 00 00 00 00
 (1789632184.985297)  can0  201   [6]  0F 00 00 00 00 00
 (1789632184.995342)  can0  181   [8]  27 14 27 14 00 00 00 00
 (1789632184.995919)  can0  281   [5]  03 00 00 00 00
 (1789632184.998862)  can0  201   [6]  0F 00 00 00 00 00
 (1789632185.005298)  can0  201   [6]  0F 00 00 00 00 00
 (1789632185.015254)  can0  201   [6]  0F 00 00 00 00 00
 (1789632185.025293)  can0  201   [6]  0F 00 00 00 00 00
 (1789632185.030830)  can0  701   [1]  05
 (1789632185.035300)  can0  201   [6]  0F 00 00 00 00 00
 (1789632185.045300)  can0  201   [6]  0F 00 00 00 00 00
 (1789632185.045554)  can0  181   [8]  27 14 27 14 00 00 00 00
 (1789632185.045865)  can0  281   [5]  03 00 00 00 00
 (1789632185.055394)  can0  201   [6]  0F 00 00 00 00 00
 (1789632185.065346)  can0  201   [6]  0F 00 00 00 00 00
 (1789632185.075315)  can0  201   [6]  0F 00 00 00 00 00
 (1789632185.085292)  can0  201   [6]  0F 00 00 00 00 00
 (1789632185.095301)  can0  201   [6]  0F 00 00 00 00 00
 (1789632185.095493)  can0  181   [8]  27 14 27 14 00 00 00 00
 (1789632185.095818)  can0  281   [5]  03 00 00 00 00
 (1789632185.105298)  can0  201   [6]  0F 00 00 00 00 00
 (1789632185.115293)  can0  201   [6]  0F 00 00 00 00 00
 (1789632185.125293)  can0  201   [6]  0F 00 00 00 00 00
 (1789632185.135307)  can0  201   [6]  0F 00 00 00 00 00
 (1789632185.145301)  can0  201   [6]  0F 00 00 00 00 00
 (1789632185.145550)  can0  181   [8]  27 14 27 14 00 00 00 00
 (1789632185.145822)  can0  281   [5]  03 00 00 00 00
 (1789632185.155305)  can0  201   [6]  0F 00 00 00 00 00
 (1789632185.165292)  can0  201   [6]  0F 00 00 00 00 00
 (1789632185.175315)  can0  201   [6]  0F 00 00 00 00 00
 (1789632185.185310)  can0  201   [6]  0F 00 00 00 00 00
 (1789632185.195306)  can0  201   [6]  0F 00 00 00 00 00
 (1789632185.195550)  can0  181   [8]  27 14 27 14 00 00 00 00
 (1789632185.195770)  can0  281   [5]  03 00 00 00 00
 (1789632185.205316)  can0  201   [6]  0F 00 00 00 00 00
 (1789632185.215315)  can0  201   [6]  0F 00 00 00 00 00
 (1789632185.225361)  can0  201   [6]  0F 00 00 00 00 00
 (1789632185.235357)  can0  201   [6]  0F 00 00 00 00 00
 (1789632185.245363)  can0  181   [8]  27 14 27 14 00 00 00 00
 (1789632185.245600)  can0  201   [6]  0F 00 00 00 00 00
 (1789632185.245800)  can0  281   [5]  03 00 00 00 00
 (1789632185.255376)  can0  201   [6]  0F 00 00 00 00 00
 (1789632185.265403)  can0  201   [6]  0F 00 00 00 00 00
 (1789632185.275431)  can0  201   [6]  0F 00 00 00 00 00
 (1789632185.280444)  can0  701   [1]  05
 (1789632185.285381)  can0  201   [6]  0F 00 00 00 00 00
 (1789632185.295311)  can0  181   [8]  27 14 27 14 00 00 00 00
 (1789632185.295560)  can0  201   [6]  0F 00 00 00 00 00
 (1789632185.295760)  can0  281   [5]  03 00 00 00 00
 (1789632185.305381)  can0  201   [6]  0F 00 00 00 00 00
 (1789632185.315473)  can0  201   [6]  0F 00 00 00 00 00
 (1789632185.325429)  can0  201   [6]  0F 00 00 00 00 00
 (1789632185.335377)  can0  201   [6]  0F 00 00 00 00 00
 (1789632185.345308)  can0  181   [8]  27 14 27 14 00 00 00 00
 (1789632185.345561)  can0  201   [6]  0F 00 00 00 00 00
 (1789632185.345760)  can0  281   [5]  03 00 00 00 00
 (1789632185.355353)  can0  201   [6]  0F 00 00 00 00 00
 (1789632185.365356)  can0  201   [6]  0F 00 00 00 00 00
 (1789632185.375376)  can0  201   [6]  0F 00 00 00 00 00
 (1789632185.385357)  can0  201   [6]  0F 00 00 00 00 00
 (1789632185.395309)  can0  181   [8]  27 14 27 14 00 00 00 00
 (1789632185.395510)  can0  201   [6]  0F 00 00 00 00 00
 (1789632185.395708)  can0  281   [5]  03 00 00 00 00
 (1789632185.405372)  can0  201   [6]  0F 00 00 00 00 00
 (1789632185.415305)  can0  201   [6]  0F 00 00 00 00 00
 (1789632185.425346)  can0  201   [6]  0F 00 00 00 00 00
 (1789632185.435298)  can0  201   [6]  0F 00 00 00 00 00
 (1789632185.445299)  can0  181   [8]  27 14 27 14 00 00 00 00
 (1789632185.445517)  can0  201   [6]  0F 00 00 00 00 00
 (1789632185.445715)  can0  281   [5]  03 00 00 00 00
 (1789632185.455297)  can0  201   [6]  0F 00 00 00 00 00
 (1789632185.465318)  can0  201   [6]  0F 00 00 00 00 00
 (1789632185.475292)  can0  201   [6]  0F 00 00 00 00 00
 (1789632185.485317)  can0  201   [6]  0F 00 00 00 00 00
 (1789632185.495268)  can0  181   [8]  27 14 27 14 00 00 00 00
 (1789632185.495461)  can0  281   [5]  03 00 00 00 00
 (1789632185.495668)  can0  201   [6]  0F 00 00 00 00 00
 (1789632185.505319)  can0  201   [6]  0F 00 00 00 00 00
 (1789632185.515306)  can0  201   [6]  0F 00 00 00 00 00
 (1789632185.525322)  can0  201   [6]  0F 00 00 00 00 00
 (1789632185.529939)  can0  701   [1]  05
 (1789632185.535308)  can0  201   [6]  0F 00 00 00 00 00
 (1789632185.545209)  can0  181   [8]  27 14 27 14 00 00 00 00
 (1789632185.545470)  can0  201   [6]  0F 00 00 00 00 00
 (1789632185.545669)  can0  281   [5]  03 00 00 00 00
 (1789632185.555297)  can0  201   [6]  0F 00 00 00 00 00
 (1789632185.565310)  can0  201   [6]  0F 00 00 00 00 00
 (1789632185.575297)  can0  201   [6]  0F 00 00 00 00 00
 (1789632185.585375)  can0  201   [6]  0F 00 00 00 00 00
 (1789632185.595218)  can0  181   [8]  27 14 27 14 00 00 00 00
 (1789632185.595420)  can0  201   [6]  0F 00 00 00 00 00
 (1789632185.595620)  can0  281   [5]  03 00 00 00 00
 (1789632185.605298)  can0  201   [6]  0F 00 00 00 00 00
 (1789632185.615296)  can0  201   [6]  0F 00 00 00 00 00
 (1789632185.625298)  can0  201   [6]  0F 00 00 00 00 00
 (1789632185.635292)  can0  201   [6]  0F 00 00 00 00 00
 (1789632185.645160)  can0  181   [8]  27 14 27 14 00 00 00 00
 (1789632185.645365)  can0  201   [6]  0F 00 00 00 00 00
 (1789632185.645507)  can0  281   [5]  03 00 00 00 00
 (1789632185.655292)  can0  201   [6]  0F 00 00 00 00 00
 (1789632185.665292)  can0  201   [6]  0F 00 00 00 00 00
 (1789632185.675298)  can0  201   [6]  0F 00 00 00 00 00
 (1789632185.685298)  can0  201   [6]  0F 00 00 00 00 00
 (1789632185.695107)  can0  181   [8]  27 14 27 14 00 00 00 00
 (1789632185.695314)  can0  201   [6]  0F 00 00 00 00 00
 (1789632185.695513)  can0  281   [5]  03 00 00 00 00
 (1789632185.705298)  can0  201   [6]  0F 00 00 00 00 00
 (1789632185.715292)  can0  201   [6]  0F 00 00 00 00 00
 (1789632185.725298)  can0  201   [6]  0F 00 00 00 00 00
 (1789632185.735292)  can0  201   [6]  0F 00 00 00 00 00
 (1789632185.745056)  can0  181   [8]  27 14 27 14 00 00 00 00
 (1789632185.745191)  can0  281   [5]  03 00 00 00 00
 (1789632185.745455)  can0  201   [6]  0F 00 00 00 00 00
 (1789632185.755359)  can0  201   [6]  0F 00 00 00 00 00
 (1789632185.765406)  can0  201   [6]  0F 00 00 00 00 00
 (1789632185.775373)  can0  201   [6]  0F 00 00 00 00 00
 (1789632185.779502)  can0  701   [1]  05
 (1789632185.785422)  can0  201   [6]  0F 00 00 00 00 00
 (1789632185.795007)  can0  181   [8]  27 14 27 14 00 00 00 00
 (1789632185.795138)  can0  281   [5]  03 00 00 00 00
 (1789632185.795404)  can0  201   [6]  0F 00 00 00 00 00
 (1789632185.805431)  can0  201   [6]  0F 00 00 00 00 00
 (1789632185.815385)  can0  201   [6]  0F 00 00 00 00 00
 (1789632185.825472)  can0  201   [6]  0F 00 00 00 00 00
 (1789632185.835388)  can0  201   [6]  0F 00 00 00 00 00
 (1789632185.844963)  can0  181   [8]  27 14 27 14 00 00 00 00
 (1789632185.845096)  can0  281   [5]  03 00 00 00 00
 (1789632185.845454)  can0  201   [6]  0F 00 00 00 00 00
 (1789632185.855424)  can0  201   [6]  0F 00 00 00 00 00
 (1789632185.865426)  can0  201   [6]  0F 00 00 00 00 00
 (1789632185.875425)  can0  201   [6]  0F 00 00 00 00 00
 (1789632185.885371)  can0  201   [6]  0F 00 00 00 00 00
 (1789632185.894900)  can0  181   [8]  27 14 27 14 00 00 00 00
 (1789632185.895044)  can0  281   [5]  03 00 00 00 00
 (1789632185.895333)  can0  201   [6]  0F 00 00 00 00 00
 (1789632185.905447)  can0  201   [6]  0F 00 00 00 00 00
 (1789632185.915401)  can0  201   [6]  0F 00 00 00 00 00
 (1789632185.925372)  can0  201   [6]  0F 00 00 00 00 00
 (1789632185.935372)  can0  201   [6]  0F 00 00 00 00 00
 (1789632185.944849)  can0  181   [8]  27 14 27 14 00 00 00 00
 (1789632185.944991)  can0  281   [5]  03 00 00 00 00
 (1789632185.945211)  can0  201   [6]  0F 00 00 00 00 00
 (1789632185.955360)  can0  201   [6]  0F 00 00 00 00 00
 (1789632185.965298)  can0  201   [6]  0F 00 00 00 00 00
 (1789632185.975298)  can0  201   [6]  0F 00 00 00 00 00
 (1789632185.985291)  can0  201   [6]  0F 00 00 00 00 00
 (1789632185.994740)  can0  181   [8]  27 14 27 14 00 00 00 00
 (1789632185.994939)  can0  281   [5]  03 00 00 00 00
 (1789632185.995147)  can0  201   [6]  0F 00 00 00 00 00
 (1789632186.005187)  can0  201   [6]  0F 00 00 00 00 00
 (1789632186.015200)  can0  201   [6]  0F 00 00 00 00 00
 (1789632186.025188)  can0  201   [6]  0F 00 00 00 00 00
 (1789632186.028976)  can0  701   [1]  05
 (1789632186.035201)  can0  201   [6]  0F 00 00 00 00 00
 (1789632186.044685)  can0  181   [8]  27 14 27 14 00 00 00 00
 (1789632186.044885)  can0  281   [5]  03 00 00 00 00
 (1789632186.045093)  can0  201   [6]  0F 00 00 00 00 00
 (1789632186.055198)  can0  201   [6]  0F 00 00 00 00 00
 (1789632186.065187)  can0  201   [6]  0F 00 00 00 00 00
 (1789632186.075202)  can0  201   [6]  0F 00 00 00 00 00
 (1789632186.085186)  can0  201   [6]  0F 00 00 00 00 00
 (1789632186.094634)  can0  181   [8]  27 14 27 14 00 00 00 00
 (1789632186.094833)  can0  281   [5]  03 00 00 00 00
 (1789632186.095041)  can0  201   [6]  0F 00 00 00 00 00
 (1789632186.105187)  can0  201   [6]  0F 00 00 00 00 00
 (1789632186.115216)  can0  201   [6]  0F 00 00 00 00 00
 (1789632186.125195)  can0  201   [6]  0F 00 00 00 00 00
 (1789632186.135187)  can0  201   [6]  0F 00 00 00 00 00
 (1789632186.144580)  can0  181   [8]  27 14 27 14 00 00 00 00
 (1789632186.144780)  can0  281   [5]  03 00 00 00 00
 (1789632186.144988)  can0  201   [6]  0F 00 00 00 00 00
 (1789632186.155185)  can0  201   [6]  0F 00 00 00 00 00
 (1789632186.165185)  can0  201   [6]  0F 00 00 00 00 00
 (1789632186.175183)  can0  201   [6]  0F 00 00 00 00 00
 (1789632186.185185)  can0  201   [6]  0F 00 00 00 00 00
 (1789632186.194527)  can0  181   [8]  27 14 27 14 00 00 00 00
 (1789632186.194729)  can0  281   [5]  03 00 00 00 00
 (1789632186.194936)  can0  201   [6]  0F 00 00 00 00 00
 (1789632186.205187)  can0  201   [6]  0F 00 00 00 00 00
 (1789632186.215185)  can0  201   [6]  0F 00 00 00 00 00
 (1789632186.225183)  can0  201   [6]  0F 00 00 00 00 00
 (1789632186.235187)  can0  201   [6]  0F 00 00 00 00 00
 (1789632186.244475)  can0  181   [8]  27 14 27 14 00 00 00 00
 (1789632186.244676)  can0  281   [5]  03 00 00 00 00
 (1789632186.244884)  can0  201   [6]  0F 00 00 00 00 00
 (1789632186.255187)  can0  201   [6]  0F 00 00 00 00 00
 (1789632186.265183)  can0  201   [6]  0F 00 00 00 00 00
 (1789632186.275187)  can0  201   [6]  0F 00 00 00 00 00
 (1789632186.278520)  can0  701   [1]  05
 (1789632186.285205)  can0  201   [6]  0F 00 00 00 00 00
 (1789632186.294423)  can0  181   [8]  27 14 27 14 00 00 00 00
 (1789632186.294624)  can0  281   [5]  03 00 00 00 00
 (1789632186.294832)  can0  201   [6]  0F 00 00 00 00 00
 (1789632186.305198)  can0  201   [6]  0F 00 00 00 00 00
 (1789632186.315211)  can0  201   [6]  0F 00 00 00 00 00
 (1789632186.325199)  can0  201   [6]  0F 00 00 00 00 00
 (1789632186.335230)  can0  201   [6]  0F 00 00 00 00 00
 (1789632186.344373)  can0  181   [8]  27 14 27 14 00 00 00 00
 (1789632186.344572)  can0  281   [5]  03 00 00 00 00
 (1789632186.344780)  can0  201   [6]  0F 00 00 00 00 00
 (1789632186.355233)  can0  201   [6]  0F 00 00 00 00 00
 (1789632186.365195)  can0  201   [6]  0F 00 00 00 00 00
 (1789632186.375227)  can0  201   [6]  0F 00 00 00 00 00
 (1789632186.385203)  can0  201   [6]  0F 00 00 00 00 00
 (1789632186.394320)  can0  181   [8]  27 14 27 14 00 00 00 00
 (1789632186.394519)  can0  281   [5]  03 00 00 00 00
 (1789632186.394727)  can0  201   [6]  0F 00 00 00 00 00
 (1789632186.405209)  can0  201   [6]  0F 00 00 00 00 00
 (1789632186.415199)  can0  201   [6]  0F 00 00 00 00 00
 (1789632186.425197)  can0  201   [6]  0F 00 00 00 00 00
 (1789632186.435219)  can0  201   [6]  0F 00 00 00 00 00
 (1789632186.444268)  can0  181   [8]  27 14 27 14 00 00 00 00
 (1789632186.444468)  can0  281   [5]  03 00 00 00 00
 (1789632186.444675)  can0  201   [6]  0F 00 00 00 00 00
 (1789632186.455204)  can0  201   [6]  0F 00 00 00 00 00
 (1789632186.465198)  can0  201   [6]  0F 00 00 00 00 00
 (1789632186.475194)  can0  201   [6]  0F 00 00 00 00 00
 (1789632186.485194)  can0  201   [6]  0F 00 00 00 00 00
 (1789632186.494213)  can0  181   [8]  27 14 27 14 00 00 00 00
 (1789632186.494414)  can0  281   [5]  03 00 00 00 00
 (1789632186.494622)  can0  201   [6]  0F 00 00 00 00 00
 (1789632186.505186)  can0  201   [6]  0F 00 00 00 00 00
 (1789632186.515186)  can0  201   [6]  0F 00 00 00 00 00
 (1789632186.525184)  can0  201   [6]  0F 00 00 00 00 00
 (1789632186.528015)  can0  701   [1]  05
 (1789632186.535191)  can0  201   [6]  0F 00 00 00 00 00
 (1789632186.544159)  can0  181   [8]  27 14 27 14 00 00 00 00
 (1789632186.544361)  can0  281   [5]  03 00 00 00 00
 (1789632186.544569)  can0  201   [6]  0F 00 00 00 00 00
 (1789632186.555189)  can0  201   [6]  0F 00 00 00 00 00
 (1789632186.565183)  can0  201   [6]  0F 00 00 00 00 00
 (1789632186.575184)  can0  201   [6]  0F 00 00 00 00 00
 (1789632186.585184)  can0  201   [6]  0F 00 00 00 00 00
 (1789632186.594109)  can0  181   [8]  27 14 27 14 00 00 00 00
 (1789632186.594310)  can0  281   [5]  03 00 00 00 00
 (1789632186.594518)  can0  201   [6]  0F 00 00 00 00 00
 (1789632186.605186)  can0  201   [6]  0F 00 00 00 00 00
 (1789632186.615184)  can0  201   [6]  0F 00 00 00 00 00
 (1789632186.625184)  can0  201   [6]  0F 00 00 00 00 00
 (1789632186.635182)  can0  201   [6]  0F 00 00 00 00 00
 (1789632186.644056)  can0  181   [8]  27 14 27 14 00 00 00 00
 (1789632186.644257)  can0  281   [5]  03 00 00 00 00
 (1789632186.644465)  can0  201   [6]  0F 00 00 00 00 00
 (1789632186.655193)  can0  201   [6]  0F 00 00 00 00 00
 (1789632186.665187)  can0  201   [6]  0F 00 00 00 00 00
 (1789632186.675187)  can0  201   [6]  0F 00 00 00 00 00
 (1789632186.685183)  can0  201   [6]  0F 00 00 00 00 00
 (1789632186.694004)  can0  181   [8]  27 14 27 14 00 00 00 00
 (1789632186.694203)  can0  281   [5]  03 00 00 00 00
 (1789632186.694448)  can0  201   [6]  0F 00 00 00 00 00
 (1789632186.705186)  can0  201   [6]  0F 00 00 00 00 00
 (1789632186.715184)  can0  201   [6]  0F 00 00 00 00 00
 (1789632186.725186)  can0  201   [6]  0F 00 00 00 00 00
 (1789632186.735184)  can0  201   [6]  0F 00 00 00 00 00
 (1789632186.743951)  can0  181   [8]  27 14 27 14 00 00 00 00
 (1789632186.744152)  can0  281   [5]  03 00 00 00 00
 (1789632186.744397)  can0  201   [6]  0F 00 00 00 03 00
 (1789632186.755185)  can0  201   [6]  0F 00 00 00 03 00
 (1789632186.765185)  can0  201   [6]  0F 00 00 00 03 00
 (1789632186.775185)  can0  201   [6]  0F 00 00 00 03 00
 (1789632186.777564)  can0  701   [1]  05
 (1789632186.785185)  can0  201   [6]  0F 00 00 00 04 00
 (1789632186.793897)  can0  181   [8]  27 14 27 40 00 00 0C 00
 (1789632186.794101)  can0  281   [5]  03 00 00 00 00
 (1789632186.794346)  can0  201   [6]  0F 00 00 00 04 00
 (1789632186.805188)  can0  201   [6]  0F 00 00 00 04 00
 (1789632186.815196)  can0  201   [6]  0F 00 00 00 04 00
 (1789632186.825200)  can0  201   [6]  0F 00 00 00 04 00
 (1789632186.835190)  can0  201   [6]  0F 00 00 00 04 00
 (1789632186.843845)  can0  181   [8]  27 14 27 44 00 00 23 00
 (1789632186.844046)  can0  281   [5]  03 00 00 00 00
 (1789632186.845209)  can0  201   [6]  0F 00 00 00 04 00
 (1789632186.855197)  can0  201   [6]  0F 00 00 00 04 00
 (1789632186.865218)  can0  201   [6]  0F 00 00 00 05 00
 (1789632186.875195)  can0  201   [6]  0F 00 00 00 05 00
 (1789632186.885225)  can0  201   [6]  0F 00 00 00 05 00
 (1789632186.893790)  can0  181   [8]  27 14 27 40 00 00 2B 00
 (1789632186.893994)  can0  281   [5]  03 00 00 00 00
 (1789632186.895206)  can0  201   [6]  0F 00 00 00 05 00
 (1789632186.905225)  can0  201   [6]  0F 00 00 00 05 00
 (1789632186.915198)  can0  201   [6]  0F 00 00 00 05 00
 (1789632186.925209)  can0  201   [6]  0F 00 00 00 05 00
 (1789632186.935205)  can0  201   [6]  0F 00 00 00 05 00
 (1789632186.943738)  can0  181   [8]  27 14 27 44 00 00 38 00
 (1789632186.943941)  can0  281   [5]  03 00 00 00 00
 (1789632186.945196)  can0  201   [6]  0F 00 00 00 05 00
 (1789632186.955196)  can0  201   [6]  0F 00 00 00 05 00
 (1789632186.965216)  can0  201   [6]  0F 00 00 00 05 00
 (1789632186.975199)  can0  201   [6]  0F 00 00 00 05 00
 (1789632186.985198)  can0  201   [6]  0F 00 00 00 05 00
 (1789632186.993687)  can0  181   [8]  27 14 27 44 00 00 2E 00
 (1789632186.993889)  can0  281   [5]  03 00 00 00 00
 (1789632186.995197)  can0  201   [6]  0F 00 00 00 05 00
 (1789632187.005195)  can0  201   [6]  0F 00 00 00 05 00
 (1789632187.015212)  can0  201   [6]  0F 00 00 00 05 00
 (1789632187.025190)  can0  201   [6]  0F 00 00 00 05 00
 (1789632187.027113)  can0  701   [1]  05
 (1789632187.035188)  can0  201   [6]  0F 00 00 00 05 00
 (1789632187.043632)  can0  181   [8]  27 14 27 44 00 00 33 00
 (1789632187.043835)  can0  281   [5]  03 00 00 00 00
 (1789632187.045185)  can0  201   [6]  0F 00 00 00 05 00
 (1789632187.055183)  can0  201   [6]  0F 00 00 00 05 00
 (1789632187.065184)  can0  201   [6]  0F 00 00 00 05 00
 (1789632187.075186)  can0  201   [6]  0F 00 00 00 05 00
 (1789632187.085182)  can0  201   [6]  0F 00 00 00 05 00
 (1789632187.093578)  can0  181   [8]  27 14 27 44 00 00 2D 00
 (1789632187.093783)  can0  281   [5]  03 00 00 00 00
 (1789632187.095189)  can0  201   [6]  0F 00 00 00 05 00
 (1789632187.105185)  can0  201   [6]  0F 00 00 00 05 00
 (1789632187.115186)  can0  201   [6]  0F 00 00 00 05 00
 (1789632187.125184)  can0  201   [6]  0F 00 00 00 05 00
 (1789632187.135184)  can0  201   [6]  0F 00 00 00 05 00
 (1789632187.143525)  can0  181   [8]  27 14 27 44 00 00 33 00
 (1789632187.143731)  can0  281   [5]  03 00 00 00 00
 (1789632187.145187)  can0  201   [6]  0F 00 00 00 05 00
 (1789632187.155185)  can0  201   [6]  0F 00 00 00 05 00
 (1789632187.165185)  can0  201   [6]  0F 00 00 00 05 00
 (1789632187.175210)  can0  201   [6]  0F 00 00 00 05 00
 (1789632187.185188)  can0  201   [6]  0F 00 00 00 05 00
 (1789632187.193474)  can0  181   [8]  27 14 27 44 00 00 31 00
 (1789632187.193680)  can0  281   [5]  03 00 00 00 00
 (1789632187.195185)  can0  201   [6]  0F 00 00 00 05 00
 (1789632187.205185)  can0  201   [6]  0F 00 00 00 05 00
 (1789632187.215185)  can0  201   [6]  0F 00 00 00 05 00
 (1789632187.225184)  can0  201   [6]  0F 00 00 00 05 00
 (1789632187.235184)  can0  201   [6]  0F 00 00 00 05 00
 (1789632187.243424)  can0  181   [8]  27 14 27 44 00 00 2E 00
 (1789632187.243627)  can0  281   [5]  03 00 00 00 00
 (1789632187.245185)  can0  201   [6]  0F 00 00 00 05 00
 (1789632187.255185)  can0  201   [6]  0F 00 00 00 05 00
 (1789632187.265183)  can0  201   [6]  0F 00 00 00 05 00
 (1789632187.275183)  can0  201   [6]  0F 00 00 00 05 00
 (1789632187.276605)  can0  701   [1]  05
 (1789632187.285185)  can0  201   [6]  0F 00 00 00 05 00
 (1789632187.293371)  can0  181   [8]  27 14 27 44 00 00 32 00
 (1789632187.293575)  can0  281   [5]  03 00 00 00 00
 (1789632187.295185)  can0  201   [6]  0F 00 00 00 05 00
 (1789632187.305187)  can0  201   [6]  0F 00 00 00 05 00
 (1789632187.315183)  can0  201   [6]  0F 00 00 00 05 00
 (1789632187.325189)  can0  201   [6]  0F 00 00 00 05 00
 (1789632187.335187)  can0  201   [6]  0F 00 00 00 05 00
 (1789632187.343318)  can0  181   [8]  27 14 27 44 00 00 37 00
 (1789632187.343521)  can0  281   [5]  03 00 00 00 00
 (1789632187.345205)  can0  201   [6]  0F 00 00 00 05 00
 (1789632187.355205)  can0  201   [6]  0F 00 00 00 05 00
 (1789632187.365201)  can0  201   [6]  0F 00 00 00 05 00
 (1789632187.375214)  can0  201   [6]  0F 00 00 00 05 00
 (1789632187.385204)  can0  201   [6]  0F 00 00 00 05 00
 (1789632187.393268)  can0  181   [8]  27 14 27 44 00 00 2E 00
 (1789632187.393469)  can0  281   [5]  03 00 00 00 00
 (1789632187.395215)  can0  201   [6]  0F 00 00 00 05 00
 (1789632187.405210)  can0  201   [6]  0F 00 00 00 05 00
 (1789632187.415223)  can0  201   [6]  0F 00 00 00 05 00
 (1789632187.425214)  can0  201   [6]  0F 00 00 00 05 00
 (1789632187.435223)  can0  201   [6]  0F 00 00 00 05 00
 (1789632187.443213)  can0  181   [8]  27 14 27 44 00 00 36 00
 (1789632187.443416)  can0  281   [5]  03 00 00 00 00
 (1789632187.445212)  can0  201   [6]  0F 00 00 00 05 00
 (1789632187.455219)  can0  201   [6]  0F 00 00 00 05 00
 (1789632187.465215)  can0  201   [6]  0F 00 00 00 05 00
 (1789632187.475205)  can0  201   [6]  0F 00 00 00 05 00
 (1789632187.485203)  can0  201   [6]  0F 00 00 00 05 00
 (1789632187.493162)  can0  181   [8]  27 14 27 44 00 00 2A 00
 (1789632187.493363)  can0  281   [5]  03 00 00 00 00
 (1789632187.495219)  can0  201   [6]  0F 00 00 00 05 00
 (1789632187.505217)  can0  201   [6]  0F 00 00 00 05 00
 (1789632187.515209)  can0  201   [6]  0F 00 00 00 05 00
 (1789632187.525205)  can0  201   [6]  0F 00 00 00 05 00
 (1789632187.526157)  can0  701   [1]  05
 (1789632187.535218)  can0  201   [6]  0F 00 00 00 05 00
 (1789632187.543108)  can0  181   [8]  27 14 27 44 00 00 33 00
 (1789632187.543312)  can0  281   [5]  03 00 00 00 00
 (1789632187.545264)  can0  201   [6]  0F 00 00 00 05 00
 (1789632187.555196)  can0  201   [6]  0F 00 00 00 05 00
 (1789632187.565190)  can0  201   [6]  0F 00 00 00 05 00
 (1789632187.575188)  can0  201   [6]  0F 00 00 00 05 00
 (1789632187.585187)  can0  201   [6]  0F 00 00 00 05 00
 (1789632187.593056)  can0  181   [8]  27 14 27 44 00 00 31 00
 (1789632187.593261)  can0  281   [5]  03 00 00 00 00
 (1789632187.595187)  can0  201   [6]  0F 00 00 00 05 00
 (1789632187.605185)  can0  201   [6]  0F 00 00 00 05 00
 (1789632187.615189)  can0  201   [6]  0F 00 00 00 05 00
 (1789632187.625185)  can0  201   [6]  0F 00 00 00 05 00
 (1789632187.635186)  can0  201   [6]  0F 00 00 00 05 00
 (1789632187.643004)  can0  181   [8]  27 14 27 44 00 00 2E 00
 (1789632187.643207)  can0  281   [5]  03 00 00 00 00
 (1789632187.645184)  can0  201   [6]  0F 00 00 00 05 00
 (1789632187.655186)  can0  201   [6]  0F 00 00 00 05 00
 (1789632187.665184)  can0  201   [6]  0F 00 00 00 05 00
 (1789632187.675186)  can0  201   [6]  0F 00 00 00 05 00
 (1789632187.685183)  can0  201   [6]  0F 00 00 00 05 00
 (1789632187.692950)  can0  181   [8]  27 14 27 44 00 00 31 00
 (1789632187.693155)  can0  281   [5]  03 00 00 00 00
 (1789632187.695185)  can0  201   [6]  0F 00 00 00 05 00
 (1789632187.705213)  can0  201   [6]  0F 00 00 00 05 00
 (1789632187.715199)  can0  201   [6]  0F 00 00 00 05 00
 (1789632187.725193)  can0  201   [6]  0F 00 00 00 05 00
 (1789632187.735188)  can0  201   [6]  0F 00 00 00 05 00
 (1789632187.742899)  can0  181   [8]  27 14 27 44 00 00 38 00
 (1789632187.743102)  can0  281   [5]  03 00 00 00 00
 (1789632187.745188)  can0  201   [6]  0F 00 00 00 05 00
 (1789632187.755186)  can0  201   [6]  0F 00 00 00 05 00
 (1789632187.765185)  can0  201   [6]  0F 00 00 00 05 00
 (1789632187.775187)  can0  201   [6]  0F 00 00 00 05 00
 (1789632187.775706)  can0  701   [1]  05
 (1789632187.785184)  can0  201   [6]  0F 00 00 00 05 00
 (1789632187.792848)  can0  181   [8]  27 14 27 44 00 00 2F 00
 (1789632187.793050)  can0  281   [5]  03 00 00 00 00
 (1789632187.795187)  can0  201   [6]  0F 00 00 00 05 00
 (1789632187.805185)  can0  201   [6]  0F 00 00 00 05 00
 (1789632187.815185)  can0  201   [6]  0F 00 00 00 05 00
 (1789632187.825185)  can0  201   [6]  0F 00 00 00 05 00
 (1789632187.835185)  can0  201   [6]  0F 00 00 00 05 00
 (1789632187.842795)  can0  181   [8]  27 14 27 44 00 00 34 00
 (1789632187.843059)  can0  281   [5]  03 00 00 00 00
 (1789632187.845320)  can0  201   [6]  0F 00 00 00 05 00
 (1789632187.855322)  can0  201   [6]  0F 00 00 00 05 00
 (1789632187.865325)  can0  201   [6]  0F 00 00 00 05 00
 (1789632187.875377)  can0  201   [6]  0F 00 00 00 05 00
 (1789632187.885403)  can0  201   [6]  0F 00 00 00 05 00
 (1789632187.892803)  can0  181   [8]  27 14 27 44 00 00 2C 00
 (1789632187.893002)  can0  281   [5]  03 00 00 00 00
 (1789632187.895366)  can0  201   [6]  0F 00 00 00 05 00
 (1789632187.905304)  can0  201   [6]  0F 00 00 00 05 00
 (1789632187.915356)  can0  201   [6]  0F 00 00 00 05 00
 (1789632187.925351)  can0  201   [6]  0F 00 00 00 05 00
 (1789632187.935347)  can0  201   [6]  0F 00 00 00 05 00
 (1789632187.942747)  can0  181   [8]  27 14 27 44 00 00 32 00
 (1789632187.942949)  can0  281   [5]  03 00 00 00 00
 (1789632187.945292)  can0  201   [6]  0F 00 00 00 05 00
 (1789632187.955312)  can0  201   [6]  0F 00 00 00 05 00
 (1789632187.965304)  can0  201   [6]  0F 00 00 00 05 00
 (1789632187.975304)  can0  201   [6]  0F 00 00 00 05 00
 (1789632187.985298)  can0  201   [6]  0F 00 00 00 05 00
 (1789632187.992698)  can0  181   [8]  27 14 27 44 00 00 32 00
 (1789632187.992896)  can0  281   [5]  03 00 00 00 00
 (1789632187.995308)  can0  201   [6]  0F 00 00 00 05 00
 (1789632188.005310)  can0  201   [6]  0F 00 00 00 05 00
 (1789632188.015303)  can0  201   [6]  0F 00 00 00 05 00
 (1789632188.025290)  can0  201   [6]  0F 00 00 00 05 00
 (1789632188.025434)  can0  701   [1]  05
 (1789632188.035304)  can0  201   [6]  0F 00 00 00 05 00
 (1789632188.042640)  can0  181   [8]  27 14 27 44 00 00 2D 00
 (1789632188.042844)  can0  281   [5]  03 00 00 00 00
 (1789632188.045303)  can0  201   [6]  0F 00 00 00 05 00
 (1789632188.055309)  can0  201   [6]  0F 00 00 00 05 00
 (1789632188.065307)  can0  201   [6]  0F 00 00 00 05 00
 (1789632188.075308)  can0  201   [6]  0F 00 00 00 05 00
 (1789632188.085433)  can0  201   [6]  0F 00 00 00 05 00
 (1789632188.092594)  can0  181   [8]  27 14 27 44 00 00 30 00
 (1789632188.092795)  can0  281   [5]  03 00 00 00 00
 (1789632188.095329)  can0  201   [6]  0F 00 00 00 05 00
 (1789632188.105298)  can0  201   [6]  0F 00 00 00 05 00
 (1789632188.115305)  can0  201   [6]  0F 00 00 00 05 00
 (1789632188.125310)  can0  201   [6]  0F 00 00 00 05 00
 (1789632188.135303)  can0  201   [6]  0F 00 00 00 05 00
 (1789632188.142539)  can0  181   [8]  27 14 27 44 00 00 37 00
 (1789632188.142737)  can0  281   [5]  03 00 00 00 00
 (1789632188.145297)  can0  201   [6]  0F 00 00 00 05 00
 (1789632188.155306)  can0  201   [6]  0F 00 00 00 05 00
 (1789632188.165311)  can0  201   [6]  0F 00 00 00 05 00
 (1789632188.175305)  can0  201   [6]  0F 00 00 00 05 00
 (1789632188.185295)  can0  201   [6]  0F 00 00 00 05 00
 (1789632188.192481)  can0  181   [8]  27 14 27 44 00 00 31 00
 (1789632188.192687)  can0  281   [5]  03 00 00 00 00
 (1789632188.195310)  can0  201   [6]  0F 00 00 00 05 00
 (1789632188.205302)  can0  201   [6]  0F 00 00 00 05 00
 (1789632188.215310)  can0  201   [6]  0F 00 00 00 05 00
 (1789632188.225303)  can0  201   [6]  0F 00 00 00 05 00
 (1789632188.235310)  can0  201   [6]  0F 00 00 00 05 00
 (1789632188.242432)  can0  181   [8]  27 14 27 44 00 00 33 00
 (1789632188.242635)  can0  281   [5]  03 00 00 00 00
 (1789632188.245290)  can0  201   [6]  0F 00 00 00 05 00
 (1789632188.255380)  can0  201   [6]  0F 00 00 00 05 00
 (1789632188.265398)  can0  201   [6]  0F 00 00 00 05 00
 (1789632188.274804)  can0  701   [1]  05
 (1789632188.275242)  can0  201   [6]  0F 00 00 00 05 00
 (1789632188.285435)  can0  201   [6]  0F 00 00 00 05 00
 (1789632188.292379)  can0  181   [8]  27 14 27 44 00 00 2D 00
 (1789632188.292582)  can0  281   [5]  03 00 00 00 00
 (1789632188.295391)  can0  201   [6]  0F 00 00 00 05 00
 (1789632188.305435)  can0  201   [6]  0F 00 00 00 05 00
 (1789632188.315361)  can0  201   [6]  0F 00 00 00 05 00
 (1789632188.325476)  can0  201   [6]  0F 00 00 00 05 00
 (1789632188.335325)  can0  201   [6]  0F 00 00 00 05 00
 (1789632188.342339)  can0  181   [8]  27 14 27 44 00 00 32 00
 (1789632188.342533)  can0  281   [5]  03 00 00 00 00
 (1789632188.345456)  can0  201   [6]  0F 00 00 00 05 00
 (1789632188.355414)  can0  201   [6]  0F 00 00 00 05 00
 (1789632188.365418)  can0  201   [6]  0F 00 00 00 05 00
 (1789632188.375409)  can0  201   [6]  0F 00 00 00 05 00
 (1789632188.385228)  can0  201   [6]  0F 00 00 00 05 00
 (1789632188.392217)  can0  181   [8]  27 14 27 44 00 00 33 00
 (1789632188.392420)  can0  281   [5]  03 00 00 00 00
 (1789632188.395367)  can0  201   [6]  0F 00 00 00 05 00
 (1789632188.405451)  can0  201   [6]  0F 00 00 00 05 00
 (1789632188.415399)  can0  201   [6]  0F 00 00 00 05 00
 (1789632188.425385)  can0  201   [6]  0F 00 00 00 05 00
 (1789632188.435354)  can0  201   [6]  0F 00 00 00 05 00
 (1789632188.442224)  can0  181   [8]  27 14 27 44 00 00 2D 00
 (1789632188.442428)  can0  281   [5]  03 00 00 00 00
 (1789632188.445353)  can0  201   [6]  0F 00 00 00 05 00
 (1789632188.455352)  can0  201   [6]  0F 00 00 00 05 00
 (1789632188.465293)  can0  201   [6]  0F 00 00 00 05 00
 (1789632188.475312)  can0  201   [6]  0F 00 00 00 05 00
 (1789632188.485307)  can0  201   [6]  0F 00 00 00 05 00
 (1789632188.492171)  can0  181   [8]  27 14 27 44 00 00 30 00
 (1789632188.492374)  can0  281   [5]  03 00 00 00 00
 (1789632188.495311)  can0  201   [6]  0F 00 00 00 05 00
 (1789632188.505308)  can0  201   [6]  0F 00 00 00 05 00
 (1789632188.515296)  can0  201   [6]  0F 00 00 00 05 00
 (1789632188.524355)  can0  701   [1]  05
 (1789632188.524720)  can0  201   [6]  0F 00 00 00 05 00
 (1789632188.535304)  can0  201   [6]  0F 00 00 00 05 00
 (1789632188.542119)  can0  181   [8]  27 14 27 44 00 00 35 00
 (1789632188.542319)  can0  281   [5]  03 00 00 00 00
 (1789632188.545291)  can0  201   [6]  0F 00 00 00 05 00
 (1789632188.555309)  can0  201   [6]  0F 00 00 00 05 00
 (1789632188.565308)  can0  201   [6]  0F 00 00 00 05 00
 (1789632188.575304)  can0  201   [6]  0F 00 00 00 05 00
 (1789632188.585289)  can0  201   [6]  0F 00 00 00 05 00
 (1789632188.592066)  can0  181   [8]  27 94 27 14 00 00 1F 00
 (1789632188.592267)  can0  281   [5]  03 00 00 00 00
 (1789632188.592477)  can0  201   [6]  06 00 00 00 00 00
 (1789632188.595306)  can0  201   [6]  06 00 00 00 00 00
 (1789632188.595575)  can0  201   [6]  06 00 00 00 00 00
 (1789632188.642021)  can0  181   [8]  21 94 21 14 00 00 FB FF
 (1789632188.642231)  can0  281   [5]  03 00 00 00 00
 (1789632188.691966)  can0  181   [8]  21 94 21 14 00 00 00 00
 (1789632188.692166)  can0  281   [5]  03 00 00 00 00
 (1789632188.741909)  can0  181   [8]  21 94 21 14 00 00 01 00
 (1789632188.742113)  can0  281   [5]  03 00 00 00 00
 (1789632188.773843)  can0  701   [1]  05
 (1789632188.791864)  can0  181   [8]  21 94 21 14 00 00 FE FF
 (1789632188.792005)  can0  281   [5]  03 00 00 00 00
 (1789632188.841813)  can0  181   [8]  21 94 21 14 00 00 02 00
 (1789632188.841951)  can0  281   [5]  03 00 00 00 00
 (1789632188.891769)  can0  181   [8]  21 94 21 14 00 00 FD FF
 (1789632188.891897)  can0  281   [5]  03 00 00 00 00
 (1789632188.893504)  can0  601   [8]  23 FF 60 01 00 00 00 00
 (1789632188.893818)  can0  581   [8]  60 FF 60 01 00 00 00 00
 (1789632188.895296)  can0  601   [8]  40 FF 60 01 00 00 00 00
 (1789632188.895621)  can0  581   [8]  43 FF 60 01 00 00 00 00
 (1789632188.897309)  can0  601   [8]  23 FF 60 02 00 00 00 00
 (1789632188.897562)  can0  581   [8]  60 FF 60 02 00 00 00 00
 (1789632188.899284)  can0  601   [8]  40 FF 60 02 00 00 00 00
 (1789632188.899618)  can0  581   [8]  43 FF 60 02 00 00 00 00
 (1789632188.901303)  can0  601   [8]  2B 40 60 00 00 00 00 00
 (1789632188.901560)  can0  581   [8]  60 40 60 00 00 00 00 00
 (1789632188.903285)  can0  601   [8]  40 40 60 00 00 00 00 00
 (1789632188.903550)  can0  581   [8]  4B 40 60 00 00 00 00 00
 (1789632188.905241)  can0  601   [8]  40 41 60 00 00 00 00 00
 (1789632188.905592)  can0  581   [8]  43 41 60 00 60 94 60 14
 (1789632188.907253)  can0  601   [8]  40 6C 60 01 00 00 00 00
 (1789632188.907597)  can0  581   [8]  43 6C 60 01 00 00 00 00
 (1789632188.909296)  can0  601   [8]  40 6C 60 02 00 00 00 00
 (1789632188.909601)  can0  581   [8]  43 6C 60 02 00 00 00 00
 (1789632188.911231)  can0  601   [8]  40 6C 60 03 00 00 00 00
 (1789632188.911534)  can0  581   [8]  43 6C 60 03 00 00 01 00
 (1789632188.933368)  can0  601   [8]  40 6C 60 01 00 00 00 00
 (1789632188.933673)  can0  581   [8]  43 6C 60 01 00 00 00 00
 (1789632188.935323)  can0  601   [8]  40 6C 60 02 00 00 00 00
 (1789632188.935651)  can0  581   [8]  43 6C 60 02 FD FF FF FF
 (1789632188.937294)  can0  601   [8]  40 6C 60 03 00 00 00 00
 (1789632188.937589)  can0  581   [8]  43 6C 60 03 00 00 FD FF
 (1789632188.941699)  can0  181   [8]  60 94 60 14 00 00 FE FF
 (1789632188.941845)  can0  281   [5]  03 00 00 00 00
 (1789632188.960330)  can0  601   [8]  40 6C 60 01 00 00 00 00
 (1789632188.960658)  can0  581   [8]  43 6C 60 01 00 00 00 00
 (1789632188.962305)  can0  601   [8]  40 6C 60 02 00 00 00 00
 (1789632188.962654)  can0  581   [8]  43 6C 60 02 01 00 00 00
 (1789632188.964301)  can0  601   [8]  40 6C 60 03 00 00 00 00
 (1789632188.964591)  can0  581   [8]  43 6C 60 03 00 00 00 00
 (1789632188.987330)  can0  601   [8]  40 6C 60 01 00 00 00 00
 (1789632188.987604)  can0  581   [8]  43 6C 60 01 00 00 00 00
 (1789632188.989244)  can0  601   [8]  40 6C 60 02 00 00 00 00
 (1789632188.989598)  can0  581   [8]  43 6C 60 02 01 00 00 00
 (1789632188.991294)  can0  601   [8]  40 6C 60 03 00 00 00 00
 (1789632188.991539)  can0  581   [8]  43 6C 60 03 00 00 02 00
 (1789632188.991780)  can0  181   [8]  60 94 60 14 00 00 02 00
 (1789632188.992030)  can0  281   [5]  03 00 00 00 00
 (1789632189.013281)  can0  601   [8]  40 6C 60 01 00 00 00 00
 (1789632189.013596)  can0  581   [8]  43 6C 60 01 00 00 00 00
 (1789632189.015292)  can0  601   [8]  40 6C 60 02 00 00 00 00
 (1789632189.015592)  can0  581   [8]  43 6C 60 02 FE FF FF FF
 (1789632189.017288)  can0  601   [8]  40 6C 60 03 00 00 00 00
 (1789632189.017537)  can0  581   [8]  43 6C 60 03 00 00 FE FF
 (1789632189.023392)  can0  701   [1]  05
 (1789632189.040279)  can0  601   [8]  40 6C 60 01 00 00 00 00
 (1789632189.040602)  can0  581   [8]  43 6C 60 01 00 00 00 00
 (1789632189.041662)  can0  181   [8]  60 94 60 14 00 00 FE FF
 (1789632189.041854)  can0  281   [5]  03 00 00 00 00
 (1789632189.042149)  can0  601   [8]  40 6C 60 02 00 00 00 00
 (1789632189.042469)  can0  581   [8]  43 6C 60 02 FE FF FF FF
 (1789632189.043292)  can0  601   [8]  40 6C 60 03 00 00 00 00
 (1789632189.043538)  can0  581   [8]  43 6C 60 03 00 00 FE FF
 (1789632189.065400)  can0  601   [8]  40 6C 60 01 00 00 00 00
 (1789632189.065727)  can0  581   [8]  43 6C 60 01 00 00 00 00
 (1789632189.067286)  can0  601   [8]  40 6C 60 02 00 00 00 00
 (1789632189.067544)  can0  581   [8]  43 6C 60 02 02 00 00 00
 (1789632189.069287)  can0  601   [8]  40 6C 60 03 00 00 00 00
 (1789632189.069534)  can0  581   [8]  43 6C 60 03 00 00 01 00
 (1789632189.071134)  can0  000   [2]  80 01
 (1789632189.272891)  can0  701   [1]  7F
 (1789632189.274328)  can0  601   [8]  23 00 14 01 01 02 00 80
 (1789632189.274582)  can0  581   [8]  60 00 14 01 00 00 00 00
 (1789632189.276288)  can0  601   [8]  40 00 14 01 00 00 00 00
 (1789632189.276619)  can0  581   [8]  43 00 14 01 01 02 00 80
 (1789632189.278294)  can0  601   [8]  2F 00 16 00 00 00 00 00
 (1789632189.278563)  can0  581   [8]  60 00 16 00 00 00 00 00
 (1789632189.280279)  can0  601   [8]  40 00 16 00 00 00 00 00
 (1789632189.280612)  can0  581   [8]  4F 00 16 00 00 00 00 00
 (1789632189.282277)  can0  601   [8]  23 00 16 01 10 00 40 60
 (1789632189.282611)  can0  581   [8]  60 00 16 01 00 00 00 00
 (1789632189.284277)  can0  601   [8]  40 00 16 01 00 00 00 00
 (1789632189.284540)  can0  581   [8]  43 00 16 01 10 00 40 60
 (1789632189.286284)  can0  601   [8]  23 00 16 02 08 00 60 60
 (1789632189.286600)  can0  581   [8]  60 00 16 02 00 00 00 00
 (1789632189.288222)  can0  601   [8]  40 00 16 02 00 00 00 00
 (1789632189.288533)  can0  581   [8]  43 00 16 02 08 00 60 60
 (1789632189.290284)  can0  601   [8]  2F 00 16 00 02 00 00 00
 (1789632189.290539)  can0  581   [8]  60 00 16 00 00 00 00 00
 (1789632189.292227)  can0  601   [8]  40 00 16 00 00 00 00 00
 (1789632189.292538)  can0  581   [8]  4F 00 16 00 02 00 00 00
 (1789632189.294231)  can0  601   [8]  23 00 14 01 01 02 00 00
 (1789632189.294586)  can0  581   [8]  60 00 14 01 00 00 00 00
 (1789632189.296280)  can0  601   [8]  40 00 14 01 00 00 00 00
 (1789632189.296576)  can0  581   [8]  43 00 14 01 01 02 00 00
 (1789632189.298238)  can0  601   [8]  23 01 18 01 81 02 00 80
 (1789632189.298578)  can0  581   [8]  60 01 18 01 00 00 00 00
 (1789632189.300278)  can0  601   [8]  40 01 18 01 00 00 00 00
 (1789632189.300565)  can0  581   [8]  43 01 18 01 81 02 00 80
 (1789632189.302284)  can0  601   [8]  2F 01 1A 00 00 00 00 00
 (1789632189.302622)  can0  581   [8]  60 01 1A 00 00 00 00 00
 (1789632189.304223)  can0  601   [8]  40 01 1A 00 00 00 00 00
 (1789632189.304562)  can0  581   [8]  4F 01 1A 00 00 00 00 00
 (1789632189.306284)  can0  601   [8]  23 01 1A 01 00 00 00 00
 (1789632189.306557)  can0  581   [8]  60 01 1A 01 00 00 00 00
 (1789632189.308222)  can0  601   [8]  40 01 1A 01 00 00 00 00
 (1789632189.308548)  can0  581   [8]  43 01 1A 01 00 00 00 00
 (1789632189.310284)  can0  601   [8]  23 01 1A 02 00 00 00 00
 (1789632189.310546)  can0  581   [8]  60 01 1A 02 00 00 00 00
 (1789632189.312222)  can0  601   [8]  40 01 1A 02 00 00 00 00
 (1789632189.312539)  can0  581   [8]  43 01 1A 02 00 00 00 00
 (1789632189.314233)  can0  601   [8]  2F 01 1A 00 00 00 00 00
 (1789632189.314543)  can0  581   [8]  60 01 1A 00 00 00 00 00
 (1789632189.316284)  can0  601   [8]  40 01 1A 00 00 00 00 00
 (1789632189.316538)  can0  581   [8]  4F 01 1A 00 00 00 00 00
 (1789632189.318231)  can0  601   [8]  2B 01 18 05 00 00 00 00
 (1789632189.318541)  can0  581   [8]  60 01 18 05 00 00 00 00
 (1789632189.320275)  can0  601   [8]  40 01 18 05 00 00 00 00
 (1789632189.320525)  can0  581   [8]  4B 01 18 05 00 00 00 00
 (1789632189.322283)  can0  601   [8]  23 01 18 01 81 02 00 00
 (1789632189.322640)  can0  581   [8]  60 01 18 01 00 00 00 00
 (1789632189.324223)  can0  601   [8]  40 01 18 01 00 00 00 00
 (1789632189.324574)  can0  581   [8]  43 01 18 01 81 02 00 00
 (1789632189.326294)  can0  601   [8]  2B 00 20 00 00 00 00 00
 (1789632189.326582)  can0  581   [8]  60 00 20 00 00 00 00 00
 (1789632189.328226)  can0  601   [8]  40 00 20 00 00 00 00 00
 (1789632189.328571)  can0  581   [8]  4B 00 20 00 00 00 00 00
 (1789632189.330285)  can0  601   [8]  2B 17 10 00 00 00 00 00
 (1789632189.330622)  can0  581   [8]  60 17 10 00 00 00 00 00
 (1789632189.332278)  can0  601   [8]  40 17 10 00 00 00 00 00
 (1789632189.332559)  can0  581   [8]  4B 17 10 00 00 00 00 00
