Test project /home/gtc/Desktop/workspace/Linux_PROJ/robot_control/out/build/p103-control-hil
    Start 34: control_hil_uart_vcan_managed
1/1 Test #34: control_hil_uart_vcan_managed ....***Failed    0.07 sec
INFO: managed namespace vcan0 is up
Traceback (most recent call last):
  File "/home/gtc/Desktop/workspace/Linux_PROJ/robot_control/tests/integration/control_hil_zero_vcan.py", line 568, in <module>
    trial(case)
    ~~~~~^^^^^^
  File "/home/gtc/Desktop/workspace/Linux_PROJ/robot_control/tests/integration/control_hil_zero_vcan.py", line 314, in trial
    assert process.returncode == (0 if success else 1), (
           ^^^^^^^^^^^^^^^^^^^^^^^^^^^^^^^^^^^^^^^^^^^
AssertionError: Usage: robot-control-hil --interface can0|none --device /dev/tty... --duration-ms MS (--zero-only|--single-left|--single-right|--right-throttle|--observe-input|--zero-x1-recovery|--zero-sbus-recovery|--restore-zero-baseline)
Optional for control/restore: --zero-feedback-tenths-rpm 0..20 (default20); standstill only; moving direction/target bounds unchanged.
Optional for motion: --motion-window-ms 3000..8000 (default3000); cutoff50ms before limit.
MS: 2000..20000 for zero-only; 2000..60000 for other bounded trials.
LAST CAN FRAMES:



0% tests passed, 1 tests failed out of 1

Total Test time (real) =   0.07 sec

The following tests FAILED:
	 34 - control_hil_uart_vcan_managed (Failed)
Errors while running CTest
