 (1789354528.322795)  can0  601   [8]  40 00 20 00 00 00 00 00
 (1789354528.323137)  can0  581   [8]  4B 00 20 00 00 00 00 00
 (1789354528.324718)  can0  601   [8]  40 17 10 00 00 00 00 00
 (1789354528.325068)  can0  581   [8]  4B 17 10 00 00 00 00 00
 (1789354528.326715)  can0  601   [8]  2B 17 10 00 F4 01 00 00
 (1789354528.327068)  can0  581   [8]  60 17 10 00 00 00 00 00
 (1789354528.328706)  can0  601   [8]  40 17 10 00 00 00 00 00
 (1789354528.328995)  can0  581   [8]  4B 17 10 00 F4 01 00 00
 (1789354528.576500)  can0  701   [1]  7F
 (1789354528.577726)  can0  601   [8]  40 00 18 01 00 00 00 00
 (1789354528.578055)  can0  581   [8]  43 00 18 01 81 01 00 00
 (1789354528.579717)  can0  601   [8]  40 00 18 02 00 00 00 00
 (1789354528.580052)  can0  581   [8]  4F 00 18 02 FF 00 00 00
 (1789354528.581714)  can0  601   [8]  40 00 18 05 00 00 00 00
 (1789354528.582048)  can0  581   [8]  4B 00 18 05 64 00 00 00
 (1789354528.583716)  can0  601   [8]  40 00 1A 00 00 00 00 00
 (1789354528.584046)  can0  581   [8]  4F 00 1A 00 02 00 00 00
 (1789354528.585711)  can0  601   [8]  40 00 1A 01 00 00 00 00
 (1789354528.586033)  can0  581   [8]  43 00 1A 01 20 00 41 60
 (1789354528.587717)  can0  601   [8]  40 00 1A 02 00 00 00 00
 (1789354528.588026)  can0  581   [8]  43 00 1A 02 20 03 6C 60
 (1789354528.589716)  can0  601   [8]  40 60 60 00 00 00 00 00
 (1789354528.590028)  can0  581   [8]  4F 60 60 00 03 00 00 00
 (1789354528.591715)  can0  601   [8]  40 61 60 00 00 00 00 00
 (1789354528.592024)  can0  581   [8]  4F 61 60 00 03 00 00 00
 (1789354528.593713)  can0  601   [8]  40 FF 60 01 00 00 00 00
 (1789354528.593969)  can0  581   [8]  43 FF 60 01 00 00 00 00
 (1789354528.595653)  can0  601   [8]  40 FF 60 02 00 00 00 00
 (1789354528.596019)  can0  581   [8]  43 FF 60 02 00 00 00 00
 (1789354528.597713)  can0  601   [8]  40 3F 60 00 00 00 00 00
 (1789354528.598016)  can0  581   [8]  43 3F 60 00 00 00 00 00
 (1789354528.599656)  can0  601   [8]  40 6C 60 01 00 00 00 00
 (1789354528.600067)  can0  581   [8]  43 6C 60 01 00 00 00 00
 (1789354528.601711)  can0  601   [8]  40 6C 60 02 00 00 00 00
 (1789354528.602060)  can0  581   [8]  43 6C 60 02 00 00 00 00
 (1789354528.603713)  can0  601   [8]  40 6C 60 03 00 00 00 00
 (1789354528.604057)  can0  581   [8]  43 6C 60 03 00 00 00 00
 (1789354528.605716)  can0  601   [8]  40 0F 20 00 00 00 00 00
 (1789354528.606056)  can0  581   [8]  4B 0F 20 00 01 00 00 00
 (1789354528.607725)  can0  601   [8]  23 FF 60 03 00 00 00 00
 (1789354528.608054)  can0  581   [8]  60 FF 60 03 00 00 00 00
 (1789354528.609711)  can0  601   [8]  40 FF 60 03 00 00 00 00
 (1789354528.610047)  can0  581   [8]  43 FF 60 03 00 00 00 00
 (1789354528.611719)  can0  601   [8]  23 FF 60 03 00 00 00 00
 (1789354528.612044)  can0  581   [8]  60 FF 60 03 00 00 00 00
 (1789354528.613714)  can0  601   [8]  40 FF 60 03 00 00 00 00
 (1789354528.614037)  can0  581   [8]  43 FF 60 03 00 00 00 00
 (1789354528.615607)  can0  000   [2]  01 01
 (1789354528.616026)  can0  181   [8]  60 14 60 14 00 00 00 00
 (1789354528.616127)  can0  281   [0] 
 (1789354528.616227)  can0  381   [0] 
 (1789354528.616325)  can0  481   [0] 
 (1789354528.665979)  can0  181   [8]  60 14 60 14 00 00 00 00
 (1789354528.715993)  can0  181   [8]  60 14 60 14 00 00 00 00
 (1789354528.766003)  can0  181   [8]  60 14 60 14 00 00 00 00
 (1789354528.816016)  can0  181   [8]  60 14 60 14 00 00 00 00
 (1789354528.826054)  can0  701   [1]  05
 (1789354528.827718)  can0  601   [8]  2F 60 60 00 03 00 00 00
 (1789354528.828058)  can0  581   [8]  60 60 60 00 00 00 00 00
 (1789354528.829716)  can0  601   [8]  40 61 60 00 00 00 00 00
 (1789354528.830045)  can0  581   [8]  4F 61 60 00 03 00 00 00
 (1789354528.831729)  can0  601   [8]  2B 40 60 00 06 00 00 00
 (1789354528.831989)  can0  581   [8]  60 40 60 00 00 00 00 00
 (1789354528.866025)  can0  181   [8]  21 14 21 14 00 00 00 00
 (1789354528.866723)  can0  601   [8]  40 6C 60 01 00 00 00 00
 (1789354528.867084)  can0  581   [8]  43 6C 60 01 00 00 00 00
 (1789354528.868711)  can0  601   [8]  40 6C 60 02 00 00 00 00
 (1789354528.868962)  can0  581   [8]  43 6C 60 02 00 00 00 00
 (1789354528.870713)  can0  601   [8]  40 6C 60 03 00 00 00 00
 (1789354528.871073)  can0  581   [8]  43 6C 60 03 00 00 00 00
 (1789354528.872724)  can0  601   [8]  2B 40 60 00 07 00 00 00
 (1789354528.873078)  can0  581   [8]  60 40 60 00 00 00 00 00
 (1789354528.916027)  can0  181   [8]  23 14 23 14 00 00 00 00
 (1789354528.916723)  can0  601   [8]  40 6C 60 01 00 00 00 00
 (1789354528.917028)  can0  581   [8]  43 6C 60 01 00 00 00 00
 (1789354528.918710)  can0  601   [8]  40 6C 60 02 00 00 00 00
 (1789354528.919021)  can0  581   [8]  43 6C 60 02 00 00 00 00
 (1789354528.920711)  can0  601   [8]  40 6C 60 03 00 00 00 00
 (1789354528.920960)  can0  581   [8]  43 6C 60 03 00 00 00 00
 (1789354528.922663)  can0  601   [8]  2B 40 60 00 0F 00 00 00
 (1789354528.923086)  can0  581   [8]  60 40 60 00 00 00 00 00
 (1789354528.965986)  can0  181   [8]  27 14 27 14 00 00 00 00
 (1789354528.966723)  can0  601   [8]  40 6C 60 01 00 00 00 00
 (1789354528.967039)  can0  581   [8]  43 6C 60 01 00 00 00 00
 (1789354528.968710)  can0  601   [8]  40 6C 60 02 00 00 00 00
 (1789354528.968974)  can0  581   [8]  43 6C 60 02 00 00 00 00
 (1789354528.970712)  can0  601   [8]  40 6C 60 03 00 00 00 00
 (1789354528.971028)  can0  581   [8]  43 6C 60 03 00 00 00 00
 (1789354528.972660)  can0  601   [8]  2B 00 20 00 E8 03 00 00
 (1789354528.972975)  can0  581   [8]  60 00 20 00 00 00 00 00
 (1789354528.974706)  can0  601   [8]  40 00 20 00 00 00 00 00
 (1789354528.974961)  can0  581   [8]  4B 00 20 00 E8 03 00 00
 (1789354528.976731)  can0  601   [8]  23 FF 60 03 00 00 05 00
 (1789354528.977085)  can0  581   [8]  60 FF 60 03 00 00 00 00
 (1789354528.978651)  can0  601   [8]  40 FF 60 03 00 00 00 00
 (1789354528.978960)  can0  581   [8]  43 FF 60 03 00 00 05 00
 (1789354529.015983)  can0  181   [8]  27 14 27 44 00 00 0E 00
 (1789354529.065939)  can0  181   [8]  27 14 27 44 00 00 2D 00
 (1789354529.075547)  can0  701   [1]  05
 (1789354529.115947)  can0  181   [8]  27 14 27 44 00 00 34 00
 (1789354529.165908)  can0  181   [8]  27 14 27 44 00 00 35 00
 (1789354529.177731)  can0  601   [8]  40 6C 60 01 00 00 00 00
 (1789354529.178058)  can0  581   [8]  43 6C 60 01 00 00 00 00
 (1789354529.179712)  can0  601   [8]  40 6C 60 02 00 00 00 00
 (1789354529.180051)  can0  581   [8]  43 6C 60 02 31 00 00 00
 (1789354529.192730)  can0  601   [8]  40 6C 60 02 00 00 00 00
 (1789354529.192976)  can0  581   [8]  43 6C 60 02 2F 00 00 00
 (1789354529.215908)  can0  181   [8]  27 14 27 44 00 00 30 00
 (1789354529.248712)  can0  601   [8]  40 6C 60 02 00 00 00 00
 (1789354529.249019)  can0  581   [8]  43 6C 60 02 34 00 00 00
 (1789354529.265862)  can0  181   [8]  27 14 27 44 00 00 32 00
 (1789354529.305713)  can0  601   [8]  40 6C 60 02 00 00 00 00
 (1789354529.305956)  can0  581   [8]  43 6C 60 02 2F 00 00 00
 (1789354529.315866)  can0  181   [8]  27 14 27 44 00 00 2F 00
 (1789354529.325105)  can0  701   [1]  05
 (1789354529.362712)  can0  601   [8]  40 6C 60 02 00 00 00 00
 (1789354529.363013)  can0  581   [8]  43 6C 60 02 33 00 00 00
 (1789354529.365830)  can0  181   [8]  27 14 27 44 00 00 34 00
 (1789354529.415830)  can0  181   [8]  27 14 27 44 00 00 30 00
 (1789354529.419711)  can0  601   [8]  40 6C 60 02 00 00 00 00
 (1789354529.420016)  can0  581   [8]  43 6C 60 02 2F 00 00 00
 (1789354529.465782)  can0  181   [8]  27 14 27 44 00 00 2F 00
 (1789354529.476716)  can0  601   [8]  40 6C 60 02 00 00 00 00
 (1789354529.477062)  can0  581   [8]  43 6C 60 02 30 00 00 00
 (1789354529.515788)  can0  181   [8]  27 14 27 44 00 00 32 00
 (1789354529.533713)  can0  601   [8]  40 6C 60 02 00 00 00 00
 (1789354529.534060)  can0  581   [8]  43 6C 60 02 35 00 00 00
 (1789354529.565751)  can0  181   [8]  27 14 27 44 00 00 35 00
 (1789354529.574601)  can0  701   [1]  05
 (1789354529.590711)  can0  601   [8]  40 6C 60 02 00 00 00 00
 (1789354529.591056)  can0  581   [8]  43 6C 60 02 30 00 00 00
 (1789354529.615749)  can0  181   [8]  27 14 27 44 00 00 2F 00
 (1789354529.647711)  can0  601   [8]  40 6C 60 02 00 00 00 00
 (1789354529.648051)  can0  581   [8]  43 6C 60 02 32 00 00 00
 (1789354529.665700)  can0  181   [8]  27 14 27 44 00 00 33 00
 (1789354529.704712)  can0  601   [8]  40 6C 60 02 00 00 00 00
 (1789354529.705047)  can0  581   [8]  43 6C 60 02 2D 00 00 00
 (1789354529.715644)  can0  181   [8]  27 14 27 44 00 00 2D 00
 (1789354529.761712)  can0  601   [8]  40 6C 60 02 00 00 00 00
 (1789354529.762043)  can0  581   [8]  43 6C 60 02 33 00 00 00
 (1789354529.765594)  can0  181   [8]  27 14 27 44 00 00 33 00
 (1789354529.815545)  can0  181   [8]  27 14 27 44 00 00 31 00
 (1789354529.818712)  can0  601   [8]  40 6C 60 02 00 00 00 00
 (1789354529.818980)  can0  581   [8]  43 6C 60 02 30 00 00 00
 (1789354529.824160)  can0  701   [1]  05
 (1789354529.953293)  can0  20000004   [8]  00 08 00 00 00 00 60 00   ERRORFRAME
	controller-problem{tx-error-warning}
	error-counter-tx-rx{{96}{0}}
 (1789354529.983295)  can0  20000004   [8]  00 08 00 00 00 00 80 00   ERRORFRAME
	controller-problem{tx-error-warning}
	error-counter-tx-rx{{128}{0}}
