CONTROL_READY: keep sticks neutral; press CH6 once; ZERO recovery window120s; wait for FAULT_READY
WINDOW_REMAINING: 119
WINDOW_REMAINING: 118
FAULT_READY: disconnect SBUS SIGNAL ONLY; USB, GROUND AND POWER STAY CONNECTED; transmitter stays ON; keep X1 released; wait for RELEASE_FAULT
WINDOW_REMAINING: 117
WINDOW_REMAINING: 116
WINDOW_REMAINING: 115
WINDOW_REMAINING: 114
WINDOW_REMAINING: 113
WINDOW_REMAINING: 112
WINDOW_REMAINING: 111
WINDOW_REMAINING: 110
WINDOW_REMAINING: 109
RELEASE_FAULT: neutral sticks and CH6 released, reconnect SBUS SIGNAL to original port; USB, ground and power unchanged; 45s reconnect/challenge window; remain neutral and CH6 released; wait for INPUT_RESTORED
WINDOW_REMAINING: 108
WINDOW_REMAINING: 107
WINDOW_REMAINING: 106
WINDOW_REMAINING: 105
WINDOW_REMAINING: 104
INPUT_WAIT_STABLE: input unstable; neutral sticks and release CH6; wait for new INPUT_RESTORED
WINDOW_REMAINING: 103
INPUT_RESTORED: healthy neutral input stable1s; hold forward throttle, press/release CH6 once; wait for NEUTRAL_READY
WINDOW_REMAINING: 102
WINDOW_REMAINING: 101
WINDOW_REMAINING: 100
WINDOW_REMAINING: 99
WINDOW_REMAINING: 98
WINDOW_REMAINING: 97
WINDOW_REMAINING: 96
WINDOW_REMAINING: 95
NEUTRAL_READY: return sticks to neutral, keep CH6 released; wait for REARM_READY
WINDOW_REMAINING: 94
WINDOW_REMAINING: 93
REARM_READY: neutral sticks; press/release CH6 once
WINDOW_REMAINING: 92
WINDOW_REMAINING: 91
WINDOW_REMAINING: 90
ZERO_REENABLED: maintain neutral; wait for cleanup
WINDOW_REMAINING: 89
APPLICATION_STOPPING: no further operator actions; neutral and wait for cleanup
APPLICATION_EXIT: no further stick stimulus; remain neutral; inspect result
{"passed": true, "arguments": ["--interface", "can0", "--device", "/dev/serial/by-id/usb-1a86_USB_Single_Serial_586D017868-if00", "--duration-ms", "120000", "--zero-uart-recovery", "--zero-feedback-tenths-rpm", "20"], "artifact_sha256": "91d3ce99c06b4f96148a1e8cc86412459d53fe1bce88a91ec41f1d64dc33430c", "operator_prompted": true, "fault_ready": true, "release_fault": true, "neutral_ready": true, "rearm_ready": true, "zero_reenabled": true, "stopping_prompted": true, "application_exit": 0, "application_elapsed_ms": 31830.392886011396}
