 (1789019233.250863)  can0  601   [8]  40 00 20 00 00 00 00 00
 (1789019233.251170)  can0  581   [8]  4B 00 20 00 00 00 00 00
 (1789019233.252774)  can0  601   [8]  40 17 10 00 00 00 00 00
 (1789019233.253093)  can0  581   [8]  4B 17 10 00 00 00 00 00
 (1789019233.254770)  can0  601   [8]  2B 17 10 00 F4 01 00 00
 (1789019233.255093)  can0  581   [8]  60 17 10 00 00 00 00 00
 (1789019233.256762)  can0  601   [8]  40 17 10 00 00 00 00 00
 (1789019233.257081)  can0  581   [8]  4B 17 10 00 F4 01 00 00
 (1789019233.504452)  can0  701   [1]  7F
 (1789019233.506771)  can0  601   [8]  40 60 60 00 00 00 00 00
 (1789019233.507124)  can0  581   [8]  4F 60 60 00 03 00 00 00
 (1789019233.508768)  can0  601   [8]  40 61 60 00 00 00 00 00
 (1789019233.509117)  can0  581   [8]  4F 61 60 00 03 00 00 00
 (1789019233.510768)  can0  601   [8]  40 FF 60 01 00 00 00 00
 (1789019233.511116)  can0  581   [8]  43 FF 60 01 00 00 00 00
 (1789019233.512767)  can0  601   [8]  40 FF 60 02 00 00 00 00
 (1789019233.513116)  can0  581   [8]  43 FF 60 02 00 00 00 00
 (1789019233.514768)  can0  601   [8]  40 3F 60 00 00 00 00 00
 (1789019233.515109)  can0  581   [8]  43 3F 60 00 00 00 00 00
 (1789019233.516772)  can0  601   [8]  40 6C 60 01 00 00 00 00
 (1789019233.517043)  can0  581   [8]  43 6C 60 01 00 00 00 00
 (1789019233.518764)  can0  601   [8]  40 6C 60 02 00 00 00 00
 (1789019233.519096)  can0  581   [8]  43 6C 60 02 00 00 00 00
 (1789019233.520766)  can0  601   [8]  40 6C 60 03 00 00 00 00
 (1789019233.521090)  can0  581   [8]  43 6C 60 03 00 00 00 00
 (1789019233.522772)  can0  601   [8]  40 0F 20 00 00 00 00 00
 (1789019233.523088)  can0  581   [8]  4B 0F 20 00 01 00 00 00
 (1789019233.524777)  can0  601   [8]  2B 0F 20 00 00 00 00 00
 (1789019233.525094)  can0  581   [8]  60 0F 20 00 00 00 00 00
 (1789019233.526772)  can0  601   [8]  40 0F 20 00 00 00 00 00
 (1789019233.527089)  can0  581   [8]  4B 0F 20 00 00 00 00 00
 (1789019233.528778)  can0  601   [8]  23 FF 60 01 00 00 00 00
 (1789019233.529138)  can0  581   [8]  60 FF 60 01 00 00 00 00
 (1789019233.530764)  can0  601   [8]  40 FF 60 01 00 00 00 00
 (1789019233.531080)  can0  581   [8]  43 FF 60 01 00 00 00 00
 (1789019233.532780)  can0  601   [8]  23 FF 60 02 00 00 00 00
 (1789019233.533129)  can0  581   [8]  60 FF 60 02 00 00 00 00
 (1789019233.534768)  can0  601   [8]  40 FF 60 02 00 00 00 00
 (1789019233.535127)  can0  581   [8]  43 FF 60 02 00 00 00 00
 (1789019233.536663)  can0  000   [2]  01 01
 (1789019233.537001)  can0  181   [8]  21 14 21 14 00 00 00 00
 (1789019233.537102)  can0  281   [0] 
 (1789019233.537200)  can0  381   [0] 
 (1789019233.537299)  can0  481   [0] 
 (1789019233.586998)  can0  181   [8]  21 14 21 14 00 00 00 00
 (1789019233.636947)  can0  181   [8]  21 14 21 14 00 00 00 00
 (1789019233.686891)  can0  181   [8]  21 14 21 14 00 00 00 00
 (1789019233.736837)  can0  181   [8]  21 14 21 14 00 00 00 00
 (1789019233.754051)  can0  701   [1]  05
 (1789019233.755771)  can0  601   [8]  2F 60 60 00 03 00 00 00
 (1789019233.756113)  can0  581   [8]  60 60 60 00 00 00 00 00
 (1789019233.757768)  can0  601   [8]  40 61 60 00 00 00 00 00
 (1789019233.758100)  can0  581   [8]  4F 61 60 00 03 00 00 00
 (1789019233.759777)  can0  601   [8]  2B 40 60 00 06 00 00 00
 (1789019233.760101)  can0  581   [8]  60 40 60 00 00 00 00 00
 (1789019233.786783)  can0  181   [8]  21 14 21 14 00 00 00 00
 (1789019233.788774)  can0  601   [8]  40 6C 60 01 00 00 00 00
 (1789019233.789090)  can0  581   [8]  43 6C 60 01 00 00 00 00
 (1789019233.790764)  can0  601   [8]  40 6C 60 02 00 00 00 00
 (1789019233.791085)  can0  581   [8]  43 6C 60 02 00 00 00 00
 (1789019233.792768)  can0  601   [8]  40 6C 60 03 00 00 00 00
 (1789019233.793082)  can0  581   [8]  43 6C 60 03 00 00 00 00
 (1789019233.794778)  can0  601   [8]  2B 40 60 00 07 00 00 00
 (1789019233.795091)  can0  581   [8]  60 40 60 00 00 00 00 00
 (1789019233.836724)  can0  181   [8]  23 14 23 14 00 00 00 00
 (1789019233.838770)  can0  601   [8]  40 6C 60 01 00 00 00 00
 (1789019233.839092)  can0  581   [8]  43 6C 60 01 00 00 00 00
 (1789019233.840766)  can0  601   [8]  40 6C 60 02 00 00 00 00
 (1789019233.841085)  can0  581   [8]  43 6C 60 02 00 00 00 00
 (1789019233.842767)  can0  601   [8]  40 6C 60 03 00 00 00 00
 (1789019233.843081)  can0  581   [8]  43 6C 60 03 00 00 00 00
 (1789019233.844775)  can0  601   [8]  2B 40 60 00 0F 00 00 00
 (1789019233.845084)  can0  581   [8]  60 40 60 00 00 00 00 00
 (1789019233.886624)  can0  181   [8]  27 14 27 14 00 00 00 00
 (1789019233.888771)  can0  601   [8]  40 6C 60 01 00 00 00 00
 (1789019233.889100)  can0  581   [8]  43 6C 60 01 00 00 00 00
 (1789019233.890765)  can0  601   [8]  40 6C 60 02 00 00 00 00
 (1789019233.891094)  can0  581   [8]  43 6C 60 02 00 00 00 00
 (1789019233.892767)  can0  601   [8]  40 6C 60 03 00 00 00 00
 (1789019233.893090)  can0  581   [8]  43 6C 60 03 00 00 00 00
 (1789019233.894771)  can0  601   [8]  2B 00 20 00 E8 03 00 00
 (1789019233.895096)  can0  581   [8]  60 00 20 00 00 00 00 00
 (1789019233.896761)  can0  601   [8]  40 00 20 00 00 00 00 00
 (1789019233.897081)  can0  581   [8]  4B 00 20 00 E8 03 00 00
 (1789019233.898782)  can0  601   [8]  23 FF 60 02 05 00 00 00
 (1789019233.899091)  can0  581   [8]  60 FF 60 02 00 00 00 00
 (1789019233.900765)  can0  601   [8]  40 FF 60 02 00 00 00 00
 (1789019233.901074)  can0  581   [8]  43 FF 60 02 05 00 00 00
 (1789019233.936573)  can0  181   [8]  27 14 27 44 00 00 00 00
 (1789019233.986518)  can0  181   [8]  27 14 27 44 00 00 00 00
 (1789019234.003525)  can0  701   [1]  05
 (1789019234.036463)  can0  181   [8]  27 14 27 44 00 00 00 00
 (1789019234.086410)  can0  181   [8]  27 14 27 44 00 00 00 00
 (1789019234.099783)  can0  601   [8]  40 6C 60 01 00 00 00 00
 (1789019234.100063)  can0  581   [8]  43 6C 60 01 00 00 00 00
 (1789019234.101766)  can0  601   [8]  40 6C 60 02 00 00 00 00
 (1789019234.102100)  can0  581   [8]  43 6C 60 02 34 00 00 00
 (1789019234.136356)  can0  181   [8]  27 14 27 44 00 00 00 00
 (1789019234.186302)  can0  181   [8]  27 14 27 44 00 00 00 00
 (1789019234.236248)  can0  181   [8]  27 14 27 44 00 00 00 00
 (1789019234.253070)  can0  701   [1]  05
 (1789019234.286193)  can0  181   [8]  27 14 27 44 00 00 00 00
 (1789019234.336139)  can0  181   [8]  27 14 27 44 00 00 00 00
 (1789019234.386087)  can0  181   [8]  27 14 27 44 00 00 00 00
 (1789019234.436033)  can0  181   [8]  27 14 27 44 00 00 00 00
 (1789019234.485979)  can0  181   [8]  27 14 27 44 00 00 00 00
 (1789019234.502550)  can0  701   [1]  05
 (1789019234.535924)  can0  181   [8]  27 14 27 44 00 00 00 00
 (1789019234.585870)  can0  181   [8]  27 14 27 44 00 00 00 00
 (1789019234.635813)  can0  181   [8]  27 14 27 14 00 00 00 00
 (1789019234.685804)  can0  181   [8]  27 14 27 14 00 00 00 00
 (1789019234.735705)  can0  181   [8]  27 14 27 14 00 00 00 00
 (1789019234.752094)  can0  701   [1]  05
 (1789019234.785650)  can0  181   [8]  27 14 27 14 00 00 00 00
 (1789019234.835596)  can0  181   [8]  27 14 27 14 00 00 00 00
 (1789019234.885542)  can0  181   [8]  27 14 27 14 00 00 00 00
 (1789019234.935488)  can0  181   [8]  27 14 27 14 00 00 00 00
 (1789019234.985435)  can0  181   [8]  27 14 27 14 00 00 00 00
 (1789019235.001574)  can0  701   [1]  05
 (1789019235.035381)  can0  181   [8]  27 14 27 14 00 00 00 00
 (1789019235.085327)  can0  181   [8]  27 14 27 14 00 00 00 00
 (1789019235.135273)  can0  181   [8]  27 14 27 14 00 00 00 00
 (1789019235.185218)  can0  181   [8]  27 14 27 14 00 00 00 00
 (1789019235.235164)  can0  181   [8]  27 14 27 14 00 00 00 00
 (1789019235.251118)  can0  701   [1]  05
 (1789019235.285111)  can0  181   [8]  27 14 27 14 00 00 00 00
 (1789019235.335057)  can0  181   [8]  27 14 27 14 00 00 00 00
 (1789019235.385003)  can0  181   [8]  27 14 27 14 00 00 00 00
 (1789019235.434950)  can0  181   [8]  27 14 27 14 00 00 00 00
 (1789019235.484895)  can0  181   [8]  27 14 27 14 00 00 00 00
 (1789019235.500597)  can0  701   [1]  05
 (1789019235.534840)  can0  181   [8]  27 14 27 14 00 00 00 00
 (1789019235.584786)  can0  181   [8]  27 14 27 14 00 00 00 00
 (1789019235.604768)  can0  601   [8]  40 6C 60 01 00 00 00 00
 (1789019235.605097)  can0  581   [8]  43 6C 60 01 00 00 00 00
 (1789019235.606759)  can0  601   [8]  40 6C 60 02 00 00 00 00
 (1789019235.607094)  can0  581   [8]  43 6C 60 02 00 00 00 00
 (1789019235.608761)  can0  601   [8]  40 6C 60 03 00 00 00 00
 (1789019235.609090)  can0  581   [8]  43 6C 60 03 00 00 00 00
 (1789019235.610771)  can0  601   [8]  23 FF 60 01 00 00 00 00
 (1789019235.611088)  can0  581   [8]  60 FF 60 01 00 00 00 00
 (1789019235.612755)  can0  601   [8]  40 FF 60 01 00 00 00 00
 (1789019235.613081)  can0  581   [8]  43 FF 60 01 00 00 00 00
 (1789019235.614772)  can0  601   [8]  23 FF 60 02 00 00 00 00
 (1789019235.615079)  can0  581   [8]  60 FF 60 02 00 00 00 00
 (1789019235.616759)  can0  601   [8]  40 FF 60 02 00 00 00 00
 (1789019235.617018)  can0  581   [8]  43 FF 60 02 00 00 00 00
 (1789019235.618771)  can0  601   [8]  2B 40 60 00 06 00 00 00
 (1789019235.619081)  can0  581   [8]  60 40 60 00 00 00 00 00
 (1789019235.634784)  can0  181   [8]  21 14 21 14 00 00 00 00
 (1789019235.636769)  can0  601   [8]  40 6C 60 01 00 00 00 00
 (1789019235.637092)  can0  581   [8]  43 6C 60 01 00 00 00 00
 (1789019235.638761)  can0  601   [8]  40 6C 60 02 00 00 00 00
 (1789019235.639088)  can0  581   [8]  43 6C 60 02 00 00 00 00
 (1789019235.640760)  can0  601   [8]  40 6C 60 03 00 00 00 00
 (1789019235.641084)  can0  581   [8]  43 6C 60 03 00 00 00 00
 (1789019235.642655)  can0  000   [2]  80 01
 (1789019235.750147)  can0  701   [1]  7F
 (1789019235.751764)  can0  601   [8]  2B 0F 20 00 01 00 00 00
 (1789019235.752082)  can0  581   [8]  60 0F 20 00 00 00 00 00
 (1789019235.753761)  can0  601   [8]  40 0F 20 00 00 00 00 00
 (1789019235.754071)  can0  581   [8]  4B 0F 20 00 01 00 00 00
 (1789019235.755763)  can0  601   [8]  2B 17 10 00 00 00 00 00
 (1789019235.756077)  can0  581   [8]  60 17 10 00 00 00 00 00
 (1789019235.757756)  can0  601   [8]  40 17 10 00 00 00 00 00
 (1789019235.758065)  can0  581   [8]  4B 17 10 00 00 00 00 00
 (1789019235.759770)  can0  601   [8]  2B 00 20 00 00 00 00 00
 (1789019235.760127)  can0  581   [8]  60 00 20 00 00 00 00 00
 (1789019235.761762)  can0  601   [8]  40 00 20 00 00 00 00 00
 (1789019235.762119)  can0  581   [8]  4B 00 20 00 00 00 00 00
