Test project /home/gtc/Desktop/workspace/Linux_PROJ/robot_control/out/build/p103-control-hil
    Start 31: control_hil_recovery_vcan_managed
1/1 Test #31: control_hil_recovery_vcan_managed ...***Failed    1.30 sec
INFO: managed namespace vcan0 is up
Traceback (most recent call last):
  File "/home/gtc/Desktop/workspace/Linux_PROJ/robot_control/tests/integration/control_hil_zero_vcan.py", line 385, in <module>
    trial(case)
    ~~~~~^^^^^^
  File "/home/gtc/Desktop/workspace/Linux_PROJ/robot_control/tests/integration/control_hil_zero_vcan.py", line 244, in trial
    assert process.returncode == (0 if success else 1), (
           ^^^^^^^^^^^^^^^^^^^^^^^^^^^^^^^^^^^^^^^^^^^
AssertionError: CAN Interface "vcan0" RX buffer set to 477 messages (212992 Bytes)
hil_read index=24641 sub=0 raw=4194368
hil_read index=24672 sub=0 raw=3
hil_read index=24673 sub=0 raw=3
hil_read index=24639 sub=0 raw=0
hil_read index=24831 sub=1 raw=0
hil_read index=24831 sub=2 raw=0
hil_read index=24684 sub=1 raw=0
hil_read index=24684 sub=2 raw=0
hil_read index=24684 sub=3 raw=0
hil_read index=8207 sub=0 raw=1
hil_read index=8192 sub=0 raw=0
hil_read index=4119 sub=0 raw=0
hil_read index=5120 sub=1 raw=513
hil_read index=5120 sub=2 raw=255
hil_read index=5120 sub=5 raw=1000
hil_read index=5632 sub=0 raw=2
hil_read index=5632 sub=1 raw=1614807056
hil_read index=5632 sub=2 raw=1616904200
hil_read index=6144 sub=1 raw=385
hil_read index=6144 sub=2 raw=255
hil_read index=6144 sub=5 raw=100
hil_read index=6656 sub=0 raw=2
hil_read index=6656 sub=1 raw=1614872608
hil_read index=6656 sub=2 raw=1617691424
hil_read index=6145 sub=1 raw=641
hil_read index=6145 sub=2 raw=255
hil_read index=6145 sub=5 raw=0
hil_read index=6657 sub=0 raw=0
hil_read index=6657 sub=1 raw=0
hil_read index=6657 sub=2 raw=0
hil_read index=5120 sub=1 raw=513
hil_read index=5120 sub=2 raw=255
hil_read index=5632 sub=0 raw=2
hil_read index=5632 sub=1 raw=1614807056
hil_read index=5632 sub=2 raw=1627325216
hil_read index=6144 sub=1 raw=385
hil_read index=6144 sub=2 raw=255
hil_read index=6656 sub=0 raw=2
hil_read index=6656 sub=1 raw=1614872608
hil_read index=6656 sub=2 raw=1617691424
hil_read index=6145 sub=1 raw=641
hil_read index=6145 sub=2 raw=255
hil_read index=6657 sub=0 raw=2
hil_read index=6657 sub=1 raw=1616969736
hil_read index=6657 sub=2 raw=1614741536
hil_read index=8207 sub=0 raw=1
event=control_start duration_ms=11000 targets=zero operator=neutral_release_then_press
event=control elapsed_ms=0 source_health=4 authorization=0 armed=0 status=2162721 word=2 left_tenths_rpm=0 right_tenths_rpm=0 enabled_samples=0
event=control elapsed_ms=100 source_health=2 authorization=0 armed=0 status=458759 word=2 left_tenths_rpm=0 right_tenths_rpm=0 enabled_samples=0
event=control elapsed_ms=210 source_health=2 authorization=0 armed=0 status=458759 word=2 left_tenths_rpm=0 right_tenths_rpm=0 enabled_samples=0
event=control elapsed_ms=310 source_health=2 authorization=0 armed=0 status=458759 word=2 left_tenths_rpm=0 right_tenths_rpm=0 enabled_samples=0
event=control elapsed_ms=420 source_health=2 authorization=0 armed=0 status=458759 word=2 left_tenths_rpm=0 right_tenths_rpm=0 enabled_samples=0
event=control elapsed_ms=520 source_health=3 authorization=1 armed=0 status=458759 word=2 left_tenths_rpm=0 right_tenths_rpm=0 enabled_samples=0
event=control elapsed_ms=631 source_health=3 authorization=1 armed=0 status=458759 word=2 left_tenths_rpm=0 right_tenths_rpm=0 enabled_samples=0
event=control elapsed_ms=740 source_health=3 authorization=1 armed=1 status=2293795 word=15 left_tenths_rpm=0 right_tenths_rpm=0 enabled_samples=0
event=control elapsed_ms=850 source_health=3 authorization=1 armed=1 status=2555943 word=15 left_tenths_rpm=0 right_tenths_rpm=0 enabled_samples=11
event=recovery phase=fault_ready kind=x1 at_ns=28419665519136 source_authorization=1 system_authorization=1
event=recovery phase=fault_observed kind=x1 at_ns=28419675503932 source_authorization=1 system_authorization=1
event=stop_cause code=0 signal_exit=4 at_ns=28419675524620
phase=runtime_stop ok=1 operation= context= errno=0
hil_read index=24641 sub=0 raw=4194368
phase=control ok=0 operation=control_hil_recovery context=phase=1 source_fault=0 status=2588711 armed=0 word=6 errno=71
phase=restore ok=1 operation= context= errno=0
event=summary cycles=96 enabled_samples=20 missed_periods=0 maximum_lateness_us=1028 maximum_cycle_us=109 shutdown_us=8 primary_ok=0 restore_ok=1
event=trace_header version=1 count=821 overflow=0 feedback_bad=0 capacity=65536 timestamp=steady_receive_ns storage_bytes=9437184
event=trace_end count=821
LAST CAN FRAMES:
28419.718477 601 4000140100000000
28419.718483 581 4300140101020080
28419.720471 601 2f00160000000000
28419.720475 581 6000160000000000
28419.722469 601 4000160000000000
28419.722472 581 4f00160000000000
28419.724468 601 2300160110004060
28419.724471 581 6000160100000000
28419.726468 601 4000160100000000
28419.726470 581 4300160110004060
28419.727486 601 2300160208006060
28419.727489 581 6000160200000000
28419.729471 601 4000160200000000
28419.729473 581 4300160208006060
28419.731469 601 2f00160002000000
28419.731472 581 6000160000000000
28419.733468 601 4000160000000000
28419.733469 581 4f00160002000000
28419.735478 601 2300140101020000
28419.735485 581 6000140100000000
28419.735494 701 7f
28419.737482 601 4000140100000000
28419.737485 581 4300140101020000
28419.739471 601 2301180181020080
28419.739475 581 6001180100000000
28419.741467 601 4001180100000000
28419.741469 581 4301180181020080
28419.743471 601 2f011a0000000000
28419.743473 581 60011a0000000000
28419.745467 601 40011a0000000000
28419.745469 581 4f011a0000000000
28419.747469 601 23011a0100000000
28419.747471 581 60011a0100000000
28419.749471 601 40011a0100000000
28419.749473 581 43011a0100000000
28419.751474 601 23011a0200000000
28419.751477 581 60011a0200000000
28419.753469 601 40011a0200000000
28419.753471 581 43011a0200000000
28419.755490 601 2f011a0000000000
28419.755496 581 60011a0000000000
28419.755505 701 7f
28419.757536 601 40011a0000000000
28419.757551 581 4f011a0000000000
28419.759529 601 2b01180500000000
28419.759545 581 6001180500000000
28419.761498 601 4001180500000000
28419.761504 581 4b01180500000000
28419.763558 601 2301180181020000
28419.763577 581 6001180100000000
28419.765524 601 4001180100000000
28419.765538 581 4301180181020000
28419.767475 601 2b00200000000000
28419.767487 581 6000200000000000
28419.769468 601 4000200000000000
28419.769471 581 4b00200000000000
28419.771476 601 2b17100000000000
28419.771481 581 6017100000000000
28419.773470 601 4017100000000000
28419.773478 581 4b17100000000000


0% tests passed, 1 tests failed out of 1

Total Test time (real) =   1.31 sec

The following tests FAILED:
	 31 - control_hil_recovery_vcan_managed (Failed)
Errors while running CTest
