CAN_BEFORE {"ifindex": 2, "ifname": "can0", "flags": ["NOARP", "UP", "LOWER_UP", "ECHO"], "mtu": 16, "qdisc": "pfifo_fast", "operstate": "UP", "linkmode": "DEFAULT", "group": "default", "txqlen": 10, "link_type": "can", "promiscuity": 0, "min_mtu": 0, "max_mtu": 0, "linkinfo": {"info_kind": "can", "info_data": {"state": "ERROR-ACTIVE", "berr_counter": {"tx": 0, "rx": 0}, "restart_ms": 100, "bittiming": {"bitrate": 500000, "sample_point": 0.866, "tq": 26, "prop_seg": 32, "phase_seg1": 32, "phase_seg2": 10, "sjw": 1}, "bittiming_const": {"name": "rockchip_canfd", "tseg1": {"min": 1, "max": 128}, "tseg2": {"min": 1, "max": 128}, "sjw": {"min": 1, "max": 128}, "brp": {"min": 1, "max": 256}, "brp_inc": 2}, "clock": 150000000}, "info_xstats": {"restarts": 0, "bus_error": 0, "arbitration_lost": 0, "error_warning": 0, "error_passive": 0, "bus_off": 0}}, "num_tx_queues": 1, "num_rx_queues": 1, "gso_max_size": 65536, "gso_max_segs": 65535, "parentbus": "platform", "parentdev": "fea60000.can", "stats64": {"rx": {"bytes": 15941, "packets": 2264, "errors": 0, "dropped": 0, "over_errors": 0, "multicast": 0}, "tx": {"bytes": 3982, "packets": 506, "errors": 0, "dropped": 0, "carrier_errors": 0, "collisions": 0}}}
CAPTURE_READY
 (1789039752.705344)  can0  601   [8]  40 41 60 00 00 00 00 00
 (1789039752.705679)  can0  581   [8]  43 41 60 00 21 14 21 14
 (1789039752.856214)  can0  601   [8]  40 FF 60 01 00 00 00 00
 (1789039752.856539)  can0  581   [8]  43 FF 60 01 00 00 00 00
 (1789039753.005938)  can0  601   [8]  40 FF 60 02 00 00 00 00
 (1789039753.006251)  can0  581   [8]  43 FF 60 02 00 00 00 00
 (1789039753.156274)  can0  601   [8]  40 3F 60 00 00 00 00 00
 (1789039753.156594)  can0  581   [8]  43 3F 60 00 00 00 00 00
 (1789039753.305848)  can0  601   [8]  40 60 60 00 00 00 00 00
 (1789039753.306188)  can0  581   [8]  4F 60 60 00 03 00 00 00
 (1789039753.456011)  can0  601   [8]  40 61 60 00 00 00 00 00
 (1789039753.456334)  can0  581   [8]  4F 61 60 00 03 00 00 00
 (1789039753.605833)  can0  601   [8]  40 6C 60 01 00 00 00 00
 (1789039753.606176)  can0  581   [8]  43 6C 60 01 00 00 00 00
 (1789039753.756381)  can0  601   [8]  40 6C 60 02 00 00 00 00
 (1789039753.756706)  can0  581   [8]  43 6C 60 02 00 00 00 00
 (1789039753.905902)  can0  601   [8]  40 6C 60 03 00 00 00 00
 (1789039753.906234)  can0  581   [8]  43 6C 60 03 00 00 00 00
 (1789039754.056146)  can0  601   [8]  40 17 10 00 00 00 00 00
 (1789039754.056451)  can0  581   [8]  4B 17 10 00 00 00 00 00
 (1789039754.205918)  can0  601   [8]  40 00 18 01 00 00 00 00
 (1789039754.206231)  can0  581   [8]  43 00 18 01 81 01 00 00
 (1789039754.356848)  can0  601   [8]  40 00 18 02 00 00 00 00
 (1789039754.357195)  can0  581   [8]  4F 00 18 02 FF 00 00 00
 (1789039754.506176)  can0  601   [8]  40 00 18 05 00 00 00 00
 (1789039754.506480)  can0  581   [8]  4B 00 18 05 64 00 00 00
 (1789039754.655662)  can0  601   [8]  40 00 1A 00 00 00 00 00
 (1789039754.656012)  can0  581   [8]  4F 00 1A 00 02 00 00 00
 (1789039754.805954)  can0  601   [8]  40 00 1A 01 00 00 00 00
 (1789039754.806281)  can0  581   [8]  43 00 1A 01 20 00 41 60
 (1789039754.956334)  can0  601   [8]  40 00 1A 02 00 00 00 00
 (1789039754.956678)  can0  581   [8]  43 00 1A 02 20 03 6C 60
 (1789039755.105923)  can0  000   [2]  01 01
 (1789039755.106282)  can0  181   [8]  21 14 21 14 00 00 00 00
 (1789039755.106381)  can0  281   [0] 
 (1789039755.106481)  can0  381   [0] 
 (1789039755.106578)  can0  481   [0] 
 (1789039755.156288)  can0  181   [8]  21 14 21 14 00 00 00 00
 (1789039755.206236)  can0  181   [8]  21 14 21 14 00 00 00 00
 (1789039755.256181)  can0  181   [8]  21 14 21 14 00 00 00 00
 (1789039755.306129)  can0  181   [8]  21 14 21 14 00 00 00 00
 (1789039755.356075)  can0  181   [8]  21 14 21 14 00 00 00 00
 (1789039755.406025)  can0  181   [8]  21 14 21 14 00 00 00 00
 (1789039755.455972)  can0  181   [8]  21 14 21 14 00 00 00 00
 (1789039755.505918)  can0  181   [8]  21 14 21 14 00 00 00 00
 (1789039755.555865)  can0  181   [8]  21 14 21 14 00 00 00 00
 (1789039755.605813)  can0  181   [8]  21 14 21 14 00 00 00 00
 (1789039755.655759)  can0  181   [8]  21 14 21 14 00 00 00 00
 (1789039755.705708)  can0  181   [8]  21 14 21 14 00 00 00 00
 (1789039755.755655)  can0  181   [8]  21 14 21 14 00 00 00 00
 (1789039755.805602)  can0  181   [8]  21 14 21 14 00 00 00 00
 (1789039755.855550)  can0  181   [8]  21 14 21 14 00 00 00 00
 (1789039755.905496)  can0  181   [8]  21 14 21 14 00 00 00 00
 (1789039755.955444)  can0  181   [8]  21 14 21 14 00 00 00 00
 (1789039756.005391)  can0  181   [8]  21 14 21 14 00 00 00 00
 (1789039756.055339)  can0  181   [8]  21 14 21 14 00 00 00 00
 (1789039756.105289)  can0  181   [8]  21 14 21 14 00 00 00 00
 (1789039756.155234)  can0  181   [8]  21 14 21 14 00 00 00 00
 (1789039756.205182)  can0  181   [8]  21 14 21 14 00 00 00 00
 (1789039756.255127)  can0  181   [8]  21 14 21 14 00 00 00 00
 (1789039756.305079)  can0  181   [8]  21 14 21 14 00 00 00 00
 (1789039756.354970)  can0  181   [8]  21 14 21 14 00 00 00 00
 (1789039756.404977)  can0  181   [8]  21 14 21 14 00 00 00 00
 (1789039756.454920)  can0  181   [8]  21 14 21 14 00 00 00 00
 (1789039756.504868)  can0  181   [8]  21 14 21 14 00 00 00 00
 (1789039756.554811)  can0  181   [8]  21 14 21 14 00 00 00 00
 (1789039756.604759)  can0  181   [8]  21 14 21 14 00 00 00 00
 (1789039756.654706)  can0  181   [8]  21 14 21 14 00 00 00 00
 (1789039756.704655)  can0  181   [8]  21 14 21 14 00 00 00 00
 (1789039756.754602)  can0  181   [8]  21 14 21 14 00 00 00 00
 (1789039756.804549)  can0  181   [8]  21 14 21 14 00 00 00 00
 (1789039756.854496)  can0  181   [8]  21 14 21 14 00 00 00 00
 (1789039756.904442)  can0  181   [8]  21 14 21 14 00 00 00 00
 (1789039756.954390)  can0  181   [8]  21 14 21 14 00 00 00 00
 (1789039757.004337)  can0  181   [8]  21 14 21 14 00 00 00 00
 (1789039757.054286)  can0  181   [8]  21 14 21 14 00 00 00 00
 (1789039757.104233)  can0  181   [8]  21 14 21 14 00 00 00 00
 (1789039757.154180)  can0  181   [8]  21 14 21 14 00 00 00 00
 (1789039757.204127)  can0  181   [8]  21 14 21 14 00 00 00 00
 (1789039757.254074)  can0  181   [8]  21 14 21 14 00 00 00 00
 (1789039757.304021)  can0  181   [8]  21 14 21 14 00 00 00 00
 (1789039757.353971)  can0  181   [8]  21 14 21 14 00 00 00 00
 (1789039757.403917)  can0  181   [8]  21 14 21 14 00 00 00 00
 (1789039757.453864)  can0  181   [8]  21 14 21 14 00 00 00 00
 (1789039757.503812)  can0  181   [8]  21 14 21 14 00 00 00 00
 (1789039757.553757)  can0  181   [8]  21 14 21 14 00 00 00 00
 (1789039757.603705)  can0  181   [8]  21 14 21 14 00 00 00 00
 (1789039757.653652)  can0  181   [8]  21 14 21 14 00 00 00 00
 (1789039757.703603)  can0  181   [8]  21 14 21 14 00 00 00 00
 (1789039757.753548)  can0  181   [8]  21 14 21 14 00 00 00 00
 (1789039757.803494)  can0  181   [8]  21 14 21 14 00 00 00 00
 (1789039757.853442)  can0  181   [8]  21 14 21 14 00 00 00 00
 (1789039757.903389)  can0  181   [8]  21 14 21 14 00 00 00 00
 (1789039757.953335)  can0  181   [8]  21 14 21 14 00 00 00 00
 (1789039758.003285)  can0  181   [8]  21 14 21 14 00 00 00 00
 (1789039758.053232)  can0  181   [8]  21 14 21 14 00 00 00 00
 (1789039758.103179)  can0  181   [8]  21 14 21 14 00 00 00 00
 (1789039758.153125)  can0  181   [8]  21 14 21 14 00 00 00 00
 (1789039758.203073)  can0  181   [8]  21 14 21 14 00 00 00 00
 (1789039758.253020)  can0  181   [8]  21 14 21 14 00 00 00 00
 (1789039758.302967)  can0  181   [8]  21 14 21 14 00 00 00 00
 (1789039758.352915)  can0  181   [8]  21 14 21 14 00 00 00 00
 (1789039758.402863)  can0  181   [8]  21 14 21 14 00 00 00 00
 (1789039758.452810)  can0  181   [8]  21 14 21 14 00 00 00 00
 (1789039758.502757)  can0  181   [8]  21 14 21 14 00 00 00 00
 (1789039758.552704)  can0  181   [8]  21 14 21 14 00 00 00 00
 (1789039758.602650)  can0  181   [8]  21 14 21 14 00 00 00 00
 (1789039758.652601)  can0  181   [8]  21 14 21 14 00 00 00 00
 (1789039758.702547)  can0  181   [8]  21 14 21 14 00 00 00 00
 (1789039758.752494)  can0  181   [8]  21 14 21 14 00 00 00 00
 (1789039758.802440)  can0  181   [8]  21 14 21 14 00 00 00 00
 (1789039758.852390)  can0  181   [8]  21 14 21 14 00 00 00 00
 (1789039758.902335)  can0  181   [8]  21 14 21 14 00 00 00 00
 (1789039758.952282)  can0  181   [8]  21 14 21 14 00 00 00 00
 (1789039759.002231)  can0  181   [8]  21 14 21 14 00 00 00 00
 (1789039759.052178)  can0  181   [8]  21 14 21 14 00 00 00 00
 (1789039759.102125)  can0  181   [8]  21 14 21 14 00 00 00 00
 (1789039759.152071)  can0  181   [8]  21 14 21 14 00 00 00 00
 (1789039759.202019)  can0  181   [8]  21 14 21 14 00 00 00 00
 (1789039759.251966)  can0  181   [8]  21 14 21 14 00 00 00 00
 (1789039759.301913)  can0  181   [8]  21 14 21 14 00 00 00 00
 (1789039759.351861)  can0  181   [8]  21 14 21 14 00 00 00 00
 (1789039759.401809)  can0  181   [8]  21 14 21 14 00 00 00 00
 (1789039759.451755)  can0  181   [8]  21 14 21 14 00 00 00 00
 (1789039759.501703)  can0  181   [8]  21 14 21 14 00 00 00 00
 (1789039759.551650)  can0  181   [8]  21 14 21 14 00 00 00 00
 (1789039759.601597)  can0  181   [8]  21 14 21 14 00 00 00 00
 (1789039759.651545)  can0  181   [8]  21 14 21 14 00 00 00 00
 (1789039759.701493)  can0  181   [8]  21 14 21 14 00 00 00 00
 (1789039759.751440)  can0  181   [8]  21 14 21 14 00 00 00 00
 (1789039759.801386)  can0  181   [8]  21 14 21 14 00 00 00 00
 (1789039759.851334)  can0  181   [8]  21 14 21 14 00 00 00 00
 (1789039759.901281)  can0  181   [8]  21 14 21 14 00 00 00 00
 (1789039759.951227)  can0  181   [8]  21 14 21 14 00 00 00 00
 (1789039760.001177)  can0  181   [8]  21 14 21 14 00 00 00 00
 (1789039760.051124)  can0  181   [8]  21 14 21 14 00 00 00 00
 (1789039760.101071)  can0  181   [8]  21 14 21 14 00 00 00 00
 (1789039760.151018)  can0  181   [8]  21 14 21 14 00 00 00 00
 (1789039760.200965)  can0  181   [8]  21 14 21 14 00 00 00 00
 (1789039760.250911)  can0  181   [8]  21 14 21 14 00 00 00 00
 (1789039760.300861)  can0  181   [8]  21 14 21 14 00 00 00 00
 (1789039760.350808)  can0  181   [8]  21 14 21 14 00 00 00 00
 (1789039760.400754)  can0  181   [8]  21 14 21 14 00 00 00 00
 (1789039760.450702)  can0  181   [8]  21 14 21 14 00 00 00 00
 (1789039760.500649)  can0  181   [8]  21 14 21 14 00 00 00 00
 (1789039760.550595)  can0  181   [8]  21 14 21 14 00 00 00 00
 (1789039760.600542)  can0  181   [8]  21 14 21 14 00 00 00 00
 (1789039760.650492)  can0  181   [8]  21 14 21 14 00 00 00 00
 (1789039760.700439)  can0  181   [8]  21 14 21 14 00 00 00 00
 (1789039760.750386)  can0  181   [8]  21 14 21 14 00 00 00 00
 (1789039760.800333)  can0  181   [8]  21 14 21 14 00 00 00 00
 (1789039760.850280)  can0  181   [8]  21 14 21 14 00 00 00 00
 (1789039760.900227)  can0  181   [8]  21 14 21 14 00 00 00 00
 (1789039760.950176)  can0  181   [8]  21 14 21 14 00 00 00 00
 (1789039761.000123)  can0  181   [8]  21 14 21 14 00 00 00 00
 (1789039761.050069)  can0  181   [8]  21 14 21 14 00 00 00 00
 (1789039761.100018)  can0  181   [8]  21 14 21 14 00 00 00 00
 (1789039761.149964)  can0  181   [8]  21 14 21 14 00 00 00 00
 (1789039761.199911)  can0  181   [8]  21 14 21 14 00 00 00 00
 (1789039761.249858)  can0  181   [8]  21 14 21 14 00 00 00 00
 (1789039761.299807)  can0  181   [8]  21 14 21 14 00 00 00 00
 (1789039761.349754)  can0  181   [8]  21 14 21 14 00 00 00 00
 (1789039761.399701)  can0  181   [8]  21 14 21 14 00 00 00 00
 (1789039761.449648)  can0  181   [8]  21 14 21 14 00 00 00 00
 (1789039761.499596)  can0  181   [8]  21 14 21 14 00 00 00 00
 (1789039761.549541)  can0  181   [8]  21 14 21 14 00 00 00 00
 (1789039761.599490)  can0  181   [8]  21 14 21 14 00 00 00 00
 (1789039761.649438)  can0  181   [8]  21 14 21 14 00 00 00 00
 (1789039761.699384)  can0  181   [8]  21 14 21 14 00 00 00 00
 (1789039761.749333)  can0  181   [8]  21 14 21 14 00 00 00 00
 (1789039761.799278)  can0  181   [8]  21 14 21 14 00 00 00 00
 (1789039761.849203)  can0  181   [8]  21 14 21 14 00 00 00 00
 (1789039761.899172)  can0  181   [8]  21 14 21 14 00 00 00 00
 (1789039761.949072)  can0  181   [8]  21 14 21 14 00 00 00 00
 (1789039761.999069)  can0  181   [8]  21 14 21 14 00 00 00 00
 (1789039762.049016)  can0  181   [8]  21 14 21 14 00 00 00 00
 (1789039762.098964)  can0  181   [8]  21 14 21 14 00 00 00 00
 (1789039762.148910)  can0  181   [8]  21 14 21 14 00 00 00 00
 (1789039762.198856)  can0  181   [8]  21 14 21 14 00 00 00 00
 (1789039762.248807)  can0  181   [8]  21 14 21 14 00 00 00 00
 (1789039762.298753)  can0  181   [8]  21 14 21 14 00 00 00 00
 (1789039762.348700)  can0  181   [8]  21 14 21 14 00 00 00 00
 (1789039762.398646)  can0  181   [8]  21 14 21 14 00 00 00 00
 (1789039762.448594)  can0  181   [8]  21 14 21 14 00 00 00 00
 (1789039762.498542)  can0  181   [8]  21 14 21 14 00 00 00 00
 (1789039762.548488)  can0  181   [8]  21 14 21 14 00 00 00 00
 (1789039762.598436)  can0  181   [8]  21 14 21 14 00 00 00 00
 (1789039762.648383)  can0  181   [8]  21 14 21 14 00 00 00 00
 (1789039762.698331)  can0  181   [8]  21 14 21 14 00 00 00 00
 (1789039762.748278)  can0  181   [8]  21 14 21 14 00 00 00 00
 (1789039762.798224)  can0  181   [8]  21 14 21 14 00 00 00 00
 (1789039762.848172)  can0  181   [8]  21 14 21 14 00 00 00 00
 (1789039762.898122)  can0  181   [8]  21 14 21 14 00 00 00 00
 (1789039762.948067)  can0  181   [8]  21 14 21 14 00 00 00 00
 (1789039762.998015)  can0  181   [8]  21 14 21 14 00 00 00 00
 (1789039763.047962)  can0  181   [8]  21 14 21 14 00 00 00 00
 (1789039763.097910)  can0  181   [8]  21 14 21 14 00 00 00 00
 (1789039763.147856)  can0  181   [8]  21 14 21 14 00 00 00 00
 (1789039763.148344)  can0  000   [2]  80 01
CAN_AFTER {"ifindex": 2, "ifname": "can0", "flags": ["NOARP", "UP", "LOWER_UP", "ECHO"], "mtu": 16, "qdisc": "pfifo_fast", "operstate": "UP", "linkmode": "DEFAULT", "group": "default", "txqlen": 10, "link_type": "can", "promiscuity": 0, "min_mtu": 0, "max_mtu": 0, "linkinfo": {"info_kind": "can", "info_data": {"state": "ERROR-ACTIVE", "berr_counter": {"tx": 0, "rx": 0}, "restart_ms": 100, "bittiming": {"bitrate": 500000, "sample_point": 0.866, "tq": 26, "prop_seg": 32, "phase_seg1": 32, "phase_seg2": 10, "sjw": 1}, "bittiming_const": {"name": "rockchip_canfd", "tseg1": {"min": 1, "max": 128}, "tseg2": {"min": 1, "max": 128}, "sjw": {"min": 1, "max": 128}, "brp": {"min": 1, "max": 256}, "brp_inc": 2}, "clock": 150000000}, "info_xstats": {"restarts": 0, "bus_error": 0, "arbitration_lost": 0, "error_warning": 0, "error_passive": 0, "bus_off": 0}}, "num_tx_queues": 1, "num_rx_queues": 1, "gso_max_size": 65536, "gso_max_segs": 65535, "parentbus": "platform", "parentdev": "fea60000.can", "stats64": {"rx": {"bytes": 17497, "packets": 2463, "errors": 0, "dropped": 0, "over_errors": 0, "multicast": 0}, "tx": {"bytes": 3982, "packets": 506, "errors": 0, "dropped": 0, "carrier_errors": 0, "collisions": 0}}}
