 (1789017223.181890)  can0  601   [8]  40 00 20 00 00 00 00 00
 (1789017223.182234)  can0  581   [8]  4B 00 20 00 00 00 00 00
 (1789017223.183799)  can0  601   [8]  40 17 10 00 00 00 00 00
 (1789017223.184160)  can0  581   [8]  4B 17 10 00 00 00 00 00
 (1789017223.185815)  can0  601   [8]  2B 17 10 00 F4 01 00 00
 (1789017223.186162)  can0  581   [8]  60 17 10 00 00 00 00 00
 (1789017223.187796)  can0  601   [8]  40 17 10 00 00 00 00 00
 (1789017223.188147)  can0  581   [8]  4B 17 10 00 F4 01 00 00
 (1789017223.435653)  can0  701   [1]  7F
 (1789017223.436873)  can0  601   [8]  40 60 60 00 00 00 00 00
 (1789017223.437209)  can0  581   [8]  4F 60 60 00 03 00 00 00
 (1789017223.438858)  can0  601   [8]  40 61 60 00 00 00 00 00
 (1789017223.439201)  can0  581   [8]  4F 61 60 00 03 00 00 00
 (1789017223.440854)  can0  601   [8]  40 FF 60 01 00 00 00 00
 (1789017223.441200)  can0  581   [8]  43 FF 60 01 00 00 00 00
 (1789017223.442856)  can0  601   [8]  40 FF 60 02 00 00 00 00
 (1789017223.443197)  can0  581   [8]  43 FF 60 02 00 00 00 00
 (1789017223.444855)  can0  601   [8]  40 3F 60 00 00 00 00 00
 (1789017223.445190)  can0  581   [8]  43 3F 60 00 00 00 00 00
 (1789017223.446856)  can0  601   [8]  40 6C 60 01 00 00 00 00
 (1789017223.447181)  can0  581   [8]  43 6C 60 01 00 00 00 00
 (1789017223.448853)  can0  601   [8]  40 6C 60 02 00 00 00 00
 (1789017223.449177)  can0  581   [8]  43 6C 60 02 00 00 00 00
 (1789017223.450852)  can0  601   [8]  40 6C 60 03 00 00 00 00
 (1789017223.451173)  can0  581   [8]  43 6C 60 03 00 00 00 00
 (1789017223.452860)  can0  601   [8]  40 0F 20 00 00 00 00 00
 (1789017223.453171)  can0  581   [8]  4B 0F 20 00 01 00 00 00
 (1789017223.454858)  can0  601   [8]  2B 0F 20 00 00 00 00 00
 (1789017223.455174)  can0  581   [8]  60 0F 20 00 00 00 00 00
 (1789017223.456858)  can0  601   [8]  40 0F 20 00 00 00 00 00
 (1789017223.457164)  can0  581   [8]  4B 0F 20 00 00 00 00 00
 (1789017223.458860)  can0  601   [8]  23 FF 60 01 00 00 00 00
 (1789017223.459222)  can0  581   [8]  60 FF 60 01 00 00 00 00
 (1789017223.460853)  can0  601   [8]  40 FF 60 01 00 00 00 00
 (1789017223.461215)  can0  581   [8]  43 FF 60 01 00 00 00 00
 (1789017223.462862)  can0  601   [8]  23 FF 60 02 00 00 00 00
 (1789017223.463211)  can0  581   [8]  60 FF 60 02 00 00 00 00
 (1789017223.464855)  can0  601   [8]  40 FF 60 02 00 00 00 00
 (1789017223.465208)  can0  581   [8]  43 FF 60 02 00 00 00 00
 (1789017223.466748)  can0  000   [2]  01 01
 (1789017223.467132)  can0  181   [8]  21 14 21 14 00 00 00 00
 (1789017223.467233)  can0  281   [0] 
 (1789017223.467333)  can0  381   [0] 
 (1789017223.467430)  can0  481   [0] 
 (1789017223.517026)  can0  181   [8]  21 14 21 14 00 00 00 00
 (1789017223.567038)  can0  181   [8]  21 14 21 14 00 00 00 00
 (1789017223.617106)  can0  181   [8]  21 14 21 14 00 00 00 00
 (1789017223.667118)  can0  181   [8]  21 14 21 14 00 00 00 00
 (1789017223.685203)  can0  701   [1]  05
 (1789017223.685867)  can0  601   [8]  2F 60 60 00 03 00 00 00
 (1789017223.686209)  can0  581   [8]  60 60 60 00 00 00 00 00
 (1789017223.687857)  can0  601   [8]  40 61 60 00 00 00 00 00
 (1789017223.688195)  can0  581   [8]  4F 61 60 00 03 00 00 00
 (1789017223.689861)  can0  601   [8]  2B 40 60 00 06 00 00 00
 (1789017223.690199)  can0  581   [8]  60 40 60 00 00 00 00 00
 (1789017223.717127)  can0  181   [8]  21 14 21 14 00 00 00 00
 (1789017223.718860)  can0  601   [8]  40 6C 60 01 00 00 00 00
 (1789017223.719187)  can0  581   [8]  43 6C 60 01 00 00 00 00
 (1789017223.720852)  can0  601   [8]  40 6C 60 02 00 00 00 00
 (1789017223.721184)  can0  581   [8]  43 6C 60 02 00 00 00 00
 (1789017223.722853)  can0  601   [8]  40 6C 60 03 00 00 00 00
 (1789017223.723177)  can0  581   [8]  43 6C 60 03 00 00 00 00
 (1789017223.724857)  can0  601   [8]  2B 40 60 00 07 00 00 00
 (1789017223.725181)  can0  581   [8]  60 40 60 00 00 00 00 00
 (1789017223.767131)  can0  181   [8]  23 14 23 14 00 00 00 00
 (1789017223.768857)  can0  601   [8]  40 6C 60 01 00 00 00 00
 (1789017223.769191)  can0  581   [8]  43 6C 60 01 00 00 00 00
 (1789017223.770851)  can0  601   [8]  40 6C 60 02 00 00 00 00
 (1789017223.771187)  can0  581   [8]  43 6C 60 02 00 00 00 00
 (1789017223.772852)  can0  601   [8]  40 6C 60 03 00 00 00 00
 (1789017223.773181)  can0  581   [8]  43 6C 60 03 00 00 00 00
 (1789017223.774856)  can0  601   [8]  2B 40 60 00 0F 00 00 00
 (1789017223.775185)  can0  581   [8]  60 40 60 00 00 00 00 00
 (1789017223.817082)  can0  181   [8]  27 14 27 14 00 00 00 00
 (1789017223.818859)  can0  601   [8]  40 6C 60 01 00 00 00 00
 (1789017223.819203)  can0  581   [8]  43 6C 60 01 00 00 00 00
 (1789017223.820851)  can0  601   [8]  40 6C 60 02 00 00 00 00
 (1789017223.821139)  can0  581   [8]  43 6C 60 02 00 00 00 00
 (1789017223.822852)  can0  601   [8]  40 6C 60 03 00 00 00 00
 (1789017223.823192)  can0  581   [8]  43 6C 60 03 00 00 00 00
 (1789017223.824858)  can0  601   [8]  2B 00 20 00 E8 03 00 00
 (1789017223.825198)  can0  581   [8]  60 00 20 00 00 00 00 00
 (1789017223.826854)  can0  601   [8]  40 00 20 00 00 00 00 00
 (1789017223.827183)  can0  581   [8]  4B 00 20 00 E8 03 00 00
 (1789017223.828861)  can0  601   [8]  23 FF 60 02 05 00 00 00
 (1789017223.829184)  can0  581   [8]  60 FF 60 02 00 00 00 00
 (1789017223.830855)  can0  601   [8]  40 FF 60 02 00 00 00 00
 (1789017223.831179)  can0  581   [8]  43 FF 60 02 05 00 00 00
 (1789017223.867034)  can0  181   [8]  27 14 27 44 00 00 00 00
 (1789017223.916983)  can0  181   [8]  27 14 27 44 00 00 00 00
 (1789017223.934693)  can0  701   [1]  05
 (1789017223.966931)  can0  181   [8]  27 14 27 44 00 00 00 00
 (1789017224.016880)  can0  181   [8]  27 14 27 44 00 00 00 00
 (1789017224.066828)  can0  181   [8]  27 14 27 44 00 00 00 00
 (1789017224.116778)  can0  181   [8]  27 14 27 44 00 00 00 00
 (1789017224.166725)  can0  181   [8]  27 14 27 44 00 00 00 00
 (1789017224.184251)  can0  701   [1]  05
 (1789017224.216676)  can0  181   [8]  27 14 27 44 00 00 00 00
 (1789017224.266625)  can0  181   [8]  27 14 27 44 00 00 00 00
 (1789017224.316573)  can0  181   [8]  27 14 27 44 00 00 00 00
 (1789017224.366520)  can0  181   [8]  27 14 27 14 00 00 00 00
 (1789017224.416470)  can0  181   [8]  27 14 27 14 00 00 00 00
 (1789017224.433748)  can0  701   [1]  05
 (1789017224.466417)  can0  181   [8]  27 14 27 14 00 00 00 00
 (1789017224.516366)  can0  181   [8]  27 14 27 14 00 00 00 00
 (1789017224.566317)  can0  181   [8]  27 14 27 14 00 00 00 00
 (1789017224.616267)  can0  181   [8]  27 14 27 14 00 00 00 00
 (1789017224.666213)  can0  181   [8]  27 14 27 14 00 00 00 00
 (1789017224.683439)  can0  701   [1]  05
 (1789017224.716162)  can0  181   [8]  27 14 27 14 00 00 00 00
 (1789017224.766111)  can0  181   [8]  27 14 27 14 00 00 00 00
 (1789017224.816059)  can0  181   [8]  27 14 27 14 00 00 00 00
 (1789017224.866009)  can0  181   [8]  27 14 27 14 00 00 00 00
 (1789017224.915958)  can0  181   [8]  27 14 27 14 00 00 00 00
 (1789017224.932801)  can0  701   [1]  05
 (1789017224.965907)  can0  181   [8]  27 14 27 14 00 00 00 00
 (1789017225.015856)  can0  181   [8]  27 14 27 14 00 00 00 00
 (1789017225.065805)  can0  181   [8]  27 14 27 14 00 00 00 00
 (1789017225.115753)  can0  181   [8]  27 14 27 14 00 00 00 00
 (1789017225.165959)  can0  181   [8]  27 14 27 14 00 00 00 00
 (1789017225.182357)  can0  701   [1]  05
 (1789017225.215651)  can0  181   [8]  27 14 27 14 00 00 00 00
 (1789017225.265599)  can0  181   [8]  27 14 27 14 00 00 00 00
 (1789017225.315550)  can0  181   [8]  27 14 27 14 00 00 00 00
 (1789017225.365498)  can0  181   [8]  27 14 27 14 00 00 00 00
 (1789017225.415447)  can0  181   [8]  27 14 27 14 00 00 00 00
 (1789017225.431853)  can0  701   [1]  05
 (1789017225.465396)  can0  181   [8]  27 14 27 14 00 00 00 00
 (1789017225.515344)  can0  181   [8]  27 14 27 14 00 00 00 00
 (1789017225.530860)  can0  601   [8]  40 6C 60 01 00 00 00 00
 (1789017225.531186)  can0  581   [8]  43 6C 60 01 00 00 00 00
 (1789017225.532853)  can0  601   [8]  40 6C 60 02 00 00 00 00
 (1789017225.533180)  can0  581   [8]  43 6C 60 02 00 00 00 00
 (1789017225.534853)  can0  601   [8]  40 6C 60 03 00 00 00 00
 (1789017225.535176)  can0  581   [8]  43 6C 60 03 00 00 00 00
 (1789017225.536859)  can0  601   [8]  23 FF 60 01 00 00 00 00
 (1789017225.537176)  can0  581   [8]  60 FF 60 01 00 00 00 00
 (1789017225.538795)  can0  601   [8]  40 FF 60 01 00 00 00 00
 (1789017225.539112)  can0  581   [8]  43 FF 60 01 00 00 00 00
 (1789017225.540804)  can0  601   [8]  23 FF 60 02 00 00 00 00
 (1789017225.541115)  can0  581   [8]  60 FF 60 02 00 00 00 00
 (1789017225.542853)  can0  601   [8]  40 FF 60 02 00 00 00 00
 (1789017225.543166)  can0  581   [8]  43 FF 60 02 00 00 00 00
 (1789017225.544860)  can0  601   [8]  2B 40 60 00 06 00 00 00
 (1789017225.545174)  can0  581   [8]  60 40 60 00 00 00 00 00
 (1789017225.565301)  can0  181   [8]  21 14 21 14 00 00 00 00
 (1789017225.566857)  can0  601   [8]  40 6C 60 01 00 00 00 00
 (1789017225.567115)  can0  581   [8]  43 6C 60 01 00 00 00 00
 (1789017225.568851)  can0  601   [8]  40 6C 60 02 00 00 00 00
 (1789017225.569168)  can0  581   [8]  43 6C 60 02 00 00 00 00
 (1789017225.570852)  can0  601   [8]  40 6C 60 03 00 00 00 00
 (1789017225.571165)  can0  581   [8]  43 6C 60 03 00 00 00 00
 (1789017225.572748)  can0  000   [2]  80 01
 (1789017225.681414)  can0  701   [1]  7F
 (1789017225.682855)  can0  601   [8]  2B 0F 20 00 01 00 00 00
 (1789017225.683171)  can0  581   [8]  60 0F 20 00 00 00 00 00
 (1789017225.684858)  can0  601   [8]  40 0F 20 00 00 00 00 00
 (1789017225.685221)  can0  581   [8]  4B 0F 20 00 01 00 00 00
 (1789017225.686854)  can0  601   [8]  2B 17 10 00 00 00 00 00
 (1789017225.687214)  can0  581   [8]  60 17 10 00 00 00 00 00
 (1789017225.688851)  can0  601   [8]  40 17 10 00 00 00 00 00
 (1789017225.689215)  can0  581   [8]  4B 17 10 00 00 00 00 00
 (1789017225.690861)  can0  601   [8]  2B 00 20 00 00 00 00 00
 (1789017225.691218)  can0  581   [8]  60 00 20 00 00 00 00 00
 (1789017225.692854)  can0  601   [8]  40 00 20 00 00 00 00 00
 (1789017225.693204)  can0  581   [8]  4B 00 20 00 00 00 00 00
