 (1789114828.085516)  can0  601   [8]  40 17 10 00 00 00 00 00
 (1789114828.085876)  can0  581   [8]  4B 17 10 00 00 00 00 00
 (1789114828.087452)  can0  601   [8]  2B 17 10 00 F4 01 00 00
 (1789114828.087818)  can0  581   [8]  60 17 10 00 00 00 00 00
 (1789114828.089449)  can0  601   [8]  40 17 10 00 00 00 00 00
 (1789114828.089803)  can0  581   [8]  4B 17 10 00 F4 01 00 00
 (1789114828.337236)  can0  701   [1]  7F
 (1789114828.338461)  can0  601   [8]  40 00 18 01 00 00 00 00
 (1789114828.338793)  can0  581   [8]  43 00 18 01 81 01 00 00
 (1789114828.340452)  can0  601   [8]  40 00 18 02 00 00 00 00
 (1789114828.340786)  can0  581   [8]  4F 00 18 02 FF 00 00 00
 (1789114828.342452)  can0  601   [8]  40 00 18 05 00 00 00 00
 (1789114828.342784)  can0  581   [8]  4B 00 18 05 64 00 00 00
 (1789114828.344455)  can0  601   [8]  40 00 1A 00 00 00 00 00
 (1789114828.344782)  can0  581   [8]  4F 00 1A 00 02 00 00 00
 (1789114828.346449)  can0  601   [8]  40 00 1A 01 00 00 00 00
 (1789114828.346770)  can0  581   [8]  43 00 1A 01 20 00 41 60
 (1789114828.348454)  can0  601   [8]  40 00 1A 02 00 00 00 00
 (1789114828.348765)  can0  581   [8]  43 00 1A 02 20 03 6C 60
 (1789114828.350454)  can0  601   [8]  40 60 60 00 00 00 00 00
 (1789114828.350767)  can0  581   [8]  4F 60 60 00 03 00 00 00
 (1789114828.352451)  can0  601   [8]  40 61 60 00 00 00 00 00
 (1789114828.352759)  can0  581   [8]  4F 61 60 00 03 00 00 00
 (1789114828.354450)  can0  601   [8]  40 FF 60 01 00 00 00 00
 (1789114828.354762)  can0  581   [8]  43 FF 60 01 00 00 00 00
 (1789114828.356453)  can0  601   [8]  40 FF 60 02 00 00 00 00
 (1789114828.356819)  can0  581   [8]  43 FF 60 02 00 00 00 00
 (1789114828.358452)  can0  601   [8]  40 3F 60 00 00 00 00 00
 (1789114828.358813)  can0  581   [8]  43 3F 60 00 00 00 00 00
 (1789114828.360453)  can0  601   [8]  40 6C 60 01 00 00 00 00
 (1789114828.360746)  can0  581   [8]  43 6C 60 01 00 00 00 00
 (1789114828.362448)  can0  601   [8]  40 6C 60 02 00 00 00 00
 (1789114828.362800)  can0  581   [8]  43 6C 60 02 00 00 00 00
 (1789114828.364450)  can0  601   [8]  40 6C 60 03 00 00 00 00
 (1789114828.364794)  can0  581   [8]  43 6C 60 03 00 00 00 00
 (1789114828.366456)  can0  601   [8]  40 0F 20 00 00 00 00 00
 (1789114828.366793)  can0  581   [8]  4B 0F 20 00 01 00 00 00
 (1789114828.368460)  can0  601   [8]  23 FF 60 03 00 00 00 00
 (1789114828.368792)  can0  581   [8]  60 FF 60 03 00 00 00 00
 (1789114828.370461)  can0  601   [8]  40 FF 60 03 00 00 00 00
 (1789114828.370784)  can0  581   [8]  43 FF 60 03 00 00 00 00
 (1789114828.372455)  can0  601   [8]  23 FF 60 03 00 00 00 00
 (1789114828.372781)  can0  581   [8]  60 FF 60 03 00 00 00 00
 (1789114828.374451)  can0  601   [8]  40 FF 60 03 00 00 00 00
 (1789114828.374718)  can0  581   [8]  43 FF 60 03 00 00 00 00
 (1789114828.376346)  can0  000   [2]  01 01
 (1789114828.376763)  can0  181   [8]  21 14 21 14 00 00 00 00
 (1789114828.376862)  can0  281   [0] 
 (1789114828.376964)  can0  381   [0] 
 (1789114828.377060)  can0  481   [0] 
 (1789114828.426714)  can0  181   [8]  21 14 21 14 00 00 00 00
 (1789114828.476659)  can0  181   [8]  21 14 21 14 00 00 00 00
 (1789114828.526607)  can0  181   [8]  21 14 21 14 00 00 00 00
 (1789114828.576555)  can0  181   [8]  21 14 21 14 00 00 00 00
 (1789114828.586782)  can0  701   [1]  05
 (1789114828.588453)  can0  601   [8]  2F 60 60 00 03 00 00 00
 (1789114828.588784)  can0  581   [8]  60 60 60 00 00 00 00 00
 (1789114828.590448)  can0  601   [8]  40 61 60 00 00 00 00 00
 (1789114828.590715)  can0  581   [8]  4F 61 60 00 03 00 00 00
 (1789114828.592461)  can0  601   [8]  2B 40 60 00 06 00 00 00
 (1789114828.592781)  can0  581   [8]  60 40 60 00 00 00 00 00
 (1789114828.626502)  can0  181   [8]  21 14 21 14 00 00 00 00
 (1789114828.628458)  can0  601   [8]  40 6C 60 01 00 00 00 00
 (1789114828.628809)  can0  581   [8]  43 6C 60 01 00 00 00 00
 (1789114828.630451)  can0  601   [8]  40 6C 60 02 00 00 00 00
 (1789114828.630748)  can0  581   [8]  43 6C 60 02 00 00 00 00
 (1789114828.632452)  can0  601   [8]  40 6C 60 03 00 00 00 00
 (1789114828.632798)  can0  581   [8]  43 6C 60 03 00 00 00 00
 (1789114828.634459)  can0  601   [8]  2B 40 60 00 07 00 00 00
 (1789114828.634801)  can0  581   [8]  60 40 60 00 00 00 00 00
 (1789114828.676439)  can0  181   [8]  23 14 23 14 00 00 00 00
 (1789114828.678459)  can0  601   [8]  40 6C 60 01 00 00 00 00
 (1789114828.678763)  can0  581   [8]  43 6C 60 01 00 00 00 00
 (1789114828.680450)  can0  601   [8]  40 6C 60 02 00 00 00 00
 (1789114828.680752)  can0  581   [8]  43 6C 60 02 00 00 00 00
 (1789114828.682453)  can0  601   [8]  40 6C 60 03 00 00 00 00
 (1789114828.682800)  can0  581   [8]  43 6C 60 03 00 00 00 00
 (1789114828.684457)  can0  601   [8]  2B 40 60 00 0F 00 00 00
 (1789114828.684745)  can0  581   [8]  60 40 60 00 00 00 00 00
 (1789114828.726387)  can0  181   [8]  27 14 27 14 00 00 00 00
 (1789114828.728458)  can0  601   [8]  40 6C 60 01 00 00 00 00
 (1789114828.728761)  can0  581   [8]  43 6C 60 01 00 00 00 00
 (1789114828.730451)  can0  601   [8]  40 6C 60 02 00 00 00 00
 (1789114828.730756)  can0  581   [8]  43 6C 60 02 00 00 00 00
 (1789114828.732451)  can0  601   [8]  40 6C 60 03 00 00 00 00
 (1789114828.732755)  can0  581   [8]  43 6C 60 03 00 00 00 00
 (1789114828.734462)  can0  601   [8]  23 FF 60 03 00 00 05 00
 (1789114828.734816)  can0  581   [8]  60 FF 60 03 00 00 00 00
 (1789114828.736452)  can0  601   [8]  40 FF 60 03 00 00 00 00
 (1789114828.736803)  can0  581   [8]  43 FF 60 03 00 00 05 00
 (1789114828.776288)  can0  181   [8]  27 14 27 44 00 00 10 00
 (1789114828.826235)  can0  181   [8]  27 14 27 44 00 00 30 00
 (1789114828.836263)  can0  701   [1]  05
 (1789114828.876178)  can0  181   [8]  27 14 27 44 00 00 33 00
 (1789114828.926126)  can0  181   [8]  27 14 27 44 00 00 33 00
 (1789114828.976074)  can0  181   [8]  27 14 27 44 00 00 2C 00
 (1789114829.026019)  can0  181   [8]  27 14 27 44 00 00 31 00
 (1789114829.075968)  can0  181   [8]  27 14 27 44 00 00 36 00
 (1789114829.085814)  can0  701   [1]  05
 (1789114829.125914)  can0  181   [8]  27 14 27 44 00 00 2F 00
 (1789114829.175860)  can0  181   [8]  27 14 27 44 00 00 33 00
 (1789114829.225807)  can0  181   [8]  27 14 27 44 00 00 2E 00
 (1789114829.275755)  can0  181   [8]  27 14 27 44 00 00 33 00
 (1789114829.325703)  can0  181   [8]  27 14 27 44 00 00 34 00
 (1789114829.335298)  can0  701   [1]  05
 (1789114829.375692)  can0  181   [8]  27 14 27 44 00 00 2D 00
 (1789114829.425643)  can0  181   [8]  27 14 27 44 00 00 30 00
 (1789114829.475543)  can0  181   [8]  27 14 27 44 00 00 35 00
 (1789114829.525488)  can0  181   [8]  27 14 27 44 00 00 31 00
 (1789114829.575435)  can0  181   [8]  27 14 27 44 00 00 33 00
 (1789114829.584843)  can0  701   [1]  05
 (1789114829.625382)  can0  181   [8]  27 14 27 44 00 00 2D 00
 (1789114829.675333)  can0  181   [8]  27 14 27 44 00 00 32 00
 (1789114829.725279)  can0  181   [8]  27 14 27 44 00 00 34 00
 (1789114829.735351)  can0  000   [2]  02 01
 (1789114829.735500)  can0  000   [2]  80 01
 (1789114829.735801)  can0  601   [8]  23 FF 60 03 00 00 00 00
 (1789114829.736062)  can0  581   [8]  60 FF 60 03 00 00 00 00
 (1789114829.737395)  can0  601   [8]  40 FF 60 03 00 00 00 00
 (1789114829.737742)  can0  581   [8]  43 FF 60 03 00 00 00 00
 (1789114829.739398)  can0  601   [8]  23 FF 60 03 00 00 00 00
 (1789114829.739741)  can0  581   [8]  60 FF 60 03 00 00 00 00
 (1789114829.741391)  can0  601   [8]  40 FF 60 03 00 00 00 00
 (1789114829.741734)  can0  581   [8]  43 FF 60 03 00 00 00 00
 (1789114829.743426)  can0  601   [8]  23 FF 60 03 00 00 00 00
 (1789114829.743736)  can0  581   [8]  60 FF 60 03 00 00 00 00
 (1789114829.745451)  can0  601   [8]  40 FF 60 03 00 00 00 00
 (1789114829.745782)  can0  581   [8]  43 FF 60 03 00 00 00 00
 (1789114829.747453)  can0  601   [8]  23 FF 60 03 00 00 00 00
 (1789114829.747782)  can0  581   [8]  60 FF 60 03 00 00 00 00
 (1789114829.749450)  can0  601   [8]  40 FF 60 03 00 00 00 00
 (1789114829.749772)  can0  581   [8]  43 FF 60 03 00 00 00 00
 (1789114829.751456)  can0  601   [8]  2B 40 60 00 06 00 00 00
 (1789114829.751773)  can0  581   [8]  60 40 60 00 00 00 00 00
 (1789114829.834336)  can0  701   [1]  7F
 (1789114830.083884)  can0  701   [1]  7F
 (1789114830.333374)  can0  701   [1]  7F
 (1789114830.582857)  can0  701   [1]  7F
 (1789114830.832405)  can0  701   [1]  7F
 (1789114831.081890)  can0  701   [1]  7F
 (1789114831.331375)  can0  701   [1]  7F
 (1789114831.580923)  can0  701   [1]  7F
 (1789114831.752360)  can0  000   [2]  80 01
 (1789114831.752660)  can0  601   [8]  2B 17 10 00 00 00 00 00
 (1789114831.753024)  can0  581   [8]  60 17 10 00 00 00 00 00
 (1789114831.754452)  can0  601   [8]  40 17 10 00 00 00 00 00
 (1789114831.754711)  can0  581   [8]  4B 17 10 00 00 00 00 00
