sysroot=/home/gtc/Desktop/workspace/Linux_PROJ/robot_control/sysroots/rk3588-ubuntu2204
loader=/home/gtc/Desktop/workspace/Linux_PROJ/robot_control/sysroots/rk3588-ubuntu2204/lib/ld-linux-aarch64.so.1
os=Ubuntu 22.04.5 LTS 22.04
trust_anchor=/home/gtc/Desktop/workspace/Linux_PROJ/robot_control/sysroots/rk3588-ubuntu2204.lock.json
image=sha256:9c7124ca8b89ac46c7e196df46b260ec8986503eb525739823ac1b719ef92935
image_id=sha256:9c7124ca8b89ac46c7e196df46b260ec8986503eb525739823ac1b719ef92935
architecture=amd64
target=aarch64-linux-gnu
compiler=aarch64-linux-gnu-g++ (Ubuntu 11.4.0-1ubuntu1~22.04.3) 11.4.0
cmake=cmake version 3.22.1
ninja=1.10.1
snapshot=/home/gtc/Desktop/workspace/Linux_PROJ/robot_control/out/standstill20-20260918-cross-source
attestation=/home/gtc/Desktop/workspace/Linux_PROJ/robot_control/out/standstill20-20260918-cross-source.json
sha256=3f220c2b40414f82faa7f698008e4ad3754785bd73bb0297fb0a57e74dd6b42f
files=5105
-- The C compiler identification is GNU 11.4.0
-- The CXX compiler identification is GNU 11.4.0
-- Detecting C compiler ABI info
-- Detecting C compiler ABI info - done
-- Check for working C compiler: /usr/bin/aarch64-linux-gnu-gcc - skipped
-- Detecting C compile features
-- Detecting C compile features - done
-- Detecting CXX compiler ABI info
-- Detecting CXX compiler ABI info - done
-- Check for working CXX compiler: /usr/bin/aarch64-linux-gnu-g++ - skipped
-- Detecting CXX compile features
-- Detecting CXX compile features - done
-- Looking for pthread.h
-- Looking for pthread.h - found
-- Performing Test CMAKE_HAVE_LIBC_PTHREAD
-- Performing Test CMAKE_HAVE_LIBC_PTHREAD - Success
-- Found Threads: TRUE  
-- Configuring done
-- Generating done
-- Build files have been written to: /workspace/out/build/cross/standstill20-20260918-runtime
[1/91] Building CXX object CMakeFiles/robot_control_control_cycle_tests.dir/tests/unit/control_cycle_tests.cpp.o
[2/91] Building CXX object CMakeFiles/robot_control_sbus_source_tests.dir/tests/unit/sbus_source_tests.cpp.o
[3/91] Building CXX object CMakeFiles/robot_control_canopen_runtime_policy_tests.dir/tests/unit/canopen_runtime_policy_tests.cpp.o
[4/91] Building CXX object domain/drive/CMakeFiles/robot_control_domain_drive.dir/cia402.cpp.o
[5/91] Building CXX object domain/control/CMakeFiles/robot_control_domain_control.dir/control_arbiter.cpp.o
[6/91] Linking CXX static library domain/control/librobot_control_domain_control.a
[7/91] Building CXX object domain/drive/CMakeFiles/robot_control_domain_drive.dir/zlac8015d.cpp.o
[8/91] Building CXX object domain/safety/CMakeFiles/robot_control_domain_safety.dir/safety_manager.cpp.o
[9/91] Building CXX object input/sbus/protocol/CMakeFiles/robot_control_input_sbus_protocol.dir/parser.cpp.o
[10/91] Linking CXX static library input/sbus/protocol/librobot_control_input_sbus_protocol.a
[11/91] Building CXX object domain/drive/CMakeFiles/robot_control_domain_drive.dir/runtime.cpp.o
[12/91] Linking CXX static library domain/drive/librobot_control_domain_drive.a
[13/91] Linking CXX executable robot_control_canopen_runtime_policy_tests
[14/91] Linking CXX static library domain/safety/librobot_control_domain_safety.a
[15/91] Building CXX object input/sbus/source/CMakeFiles/robot_control_input_sbus_source.dir/source.cpp.o
[16/91] Linking CXX static library input/sbus/source/librobot_control_input_sbus_source.a
[17/91] Building CXX object application/control/CMakeFiles/robot_control_application_control.dir/control_cycle.cpp.o
[18/91] Linking CXX executable robot_control_sbus_source_tests
[19/91] Linking CXX static library application/control/librobot_control_application_control.a
[20/91] Linking CXX executable robot_control_control_cycle_tests
[21/91] Building CXX object platform/linux/CMakeFiles/robot_control_platform_linux.dir/can/classic_frame.cpp.o
[22/91] Building CXX object platform/linux/CMakeFiles/robot_control_platform_linux.dir/can/interface_inhibitor.cpp.o
[23/91] Building CXX object platform/linux/CMakeFiles/robot_control_platform_linux.dir/can/socket.cpp.o
[24/91] Building CXX object platform/linux/CMakeFiles/robot_control_platform_linux.dir/io/poll_wait.cpp.o
[25/91] Building CXX object platform/linux/CMakeFiles/robot_control_platform_linux.dir/process/termination_event.cpp.o
[26/91] Building CXX object platform/linux/CMakeFiles/robot_control_platform_linux.dir/time/monotonic_timer.cpp.o
[27/91] Building CXX object platform/linux/CMakeFiles/robot_control_platform_linux.dir/uart/serial_port.cpp.o
[28/91] Linking CXX static library platform/linux/librobot_control_platform_linux.a
[29/91] Building CXX object input/sbus/linux/CMakeFiles/robot_control_input_sbus_linux.dir/source_bridge.cpp.o
[30/91] Building C object service/logging/CMakeFiles/robot_control_easylogger.dir/__/__/components/EasyLogger/easylogger/src/elog.c.o
[31/91] Building CXX object input/sbus/linux/CMakeFiles/robot_control_input_sbus_linux.dir/reader.cpp.o
[32/91] Building C object service/logging/CMakeFiles/robot_control_easylogger.dir/__/__/components/EasyLogger/easylogger/src/elog_utils.c.o
[33/91] Linking CXX static library input/sbus/linux/librobot_control_input_sbus_linux.a
[34/91] Building C object service/logging/CMakeFiles/robot_control_easylogger.dir/easylogger_port.c.o
[35/91] Linking C static library service/logging/librobot_control_easylogger.a
[36/91] Building C object communication/canopen/CMakeFiles/robot_control_canopen_transmit_gate.dir/transmit_gate.c.o
[37/91] Building C object communication/canopen/CMakeFiles/robot_control_canopen_upstream.dir/__/__/components/CANopenLinux/CO_driver.c.o
[38/91] Building C object communication/canopen/CMakeFiles/robot_control_canopen_upstream.dir/__/__/components/CANopenLinux/CO_epoll_interface.c.o
[39/91] Building C object communication/canopen/CMakeFiles/robot_control_canopen_upstream.dir/__/__/components/CANopenLinux/CANopenNode/CANopen.c.o
[40/91] Building C object communication/canopen/CMakeFiles/robot_control_canopen_upstream.dir/__/__/components/CANopenLinux/CANopenNode/301/CO_ODinterface.c.o
[41/91] Building C object communication/canopen/CMakeFiles/robot_control_canopen_upstream.dir/__/__/components/CANopenLinux/CANopenNode/301/CO_NMT_Heartbeat.c.o
[42/91] Building C object communication/canopen/CMakeFiles/robot_control_canopen_upstream.dir/__/__/components/CANopenLinux/CANopenNode/301/CO_HBconsumer.c.o
[43/91] Building C object communication/canopen/CMakeFiles/robot_control_canopen_upstream.dir/__/__/components/CANopenLinux/CANopenNode/301/CO_Emergency.c.o
[44/91] Building C object communication/canopen/CMakeFiles/robot_control_canopen_upstream.dir/__/__/components/CANopenLinux/CANopenNode/301/CO_SDOserver.c.o
[45/91] Building C object communication/canopen/CMakeFiles/robot_control_canopen_upstream.dir/__/__/components/CANopenLinux/CANopenNode/301/CO_SDOclient.c.o
[46/91] Building C object communication/canopen/CMakeFiles/robot_control_canopen_upstream.dir/__/__/components/CANopenLinux/CANopenNode/301/CO_PDO.c.o
[47/91] Building C object communication/canopen/CMakeFiles/robot_control_canopen_upstream.dir/__/__/components/CANopenLinux/CANopenNode/301/CO_fifo.c.o
[48/91] Building C object communication/canopen/CMakeFiles/robot_control_canopen_upstream.dir/od/OD.c.o
[49/91] Linking C static library communication/canopen/librobot_control_canopen_upstream.a
[50/91] Building CXX object service/logging/CMakeFiles/robot_control_service_logging.dir/logger.cpp.o
[51/91] Linking CXX static library service/logging/librobot_control_service_logging.a
[52/91] Building CXX object communication/canopen/CMakeFiles/robot_control_communication_canopen.dir/observation.cpp.o
[53/91] Building CXX object communication/canopen/CMakeFiles/robot_control_communication_canopen.dir/lifecycle.cpp.o
[54/91] Building CXX object communication/canopen/CMakeFiles/robot_control_communication_canopen.dir/stack_config.cpp.o
[55/91] Building C object communication/canopen/CMakeFiles/robot_control_canopen_qualification_gate.dir/qualification_gate.c.o
[56/91] Building C object communication/canopen/CMakeFiles/robot_control_canopen_upstream_qualification.dir/__/__/components/CANopenLinux/CO_driver.c.o
[57/91] Building C object communication/canopen/CMakeFiles/robot_control_canopen_upstream_qualification.dir/__/__/components/CANopenLinux/CO_epoll_interface.c.o
[58/91] Building C object communication/canopen/CMakeFiles/robot_control_canopen_upstream_qualification.dir/__/__/components/CANopenLinux/CANopenNode/CANopen.c.o
[59/91] Building C object communication/canopen/CMakeFiles/robot_control_canopen_upstream_qualification.dir/__/__/components/CANopenLinux/CANopenNode/301/CO_ODinterface.c.o
[60/91] Building C object communication/canopen/CMakeFiles/robot_control_canopen_upstream_qualification.dir/__/__/components/CANopenLinux/CANopenNode/301/CO_NMT_Heartbeat.c.o
[61/91] Building C object communication/canopen/CMakeFiles/robot_control_canopen_upstream_qualification.dir/__/__/components/CANopenLinux/CANopenNode/301/CO_HBconsumer.c.o
[62/91] Building CXX object communication/canopen/CMakeFiles/robot_control_communication_canopen.dir/stack_storage.cpp.o
[63/91] Building C object communication/canopen/CMakeFiles/robot_control_canopen_upstream_qualification.dir/__/__/components/CANopenLinux/CANopenNode/301/CO_Emergency.c.o
[64/91] Linking CXX static library communication/canopen/librobot_control_communication_canopen.a
[65/91] Building C object communication/canopen/CMakeFiles/robot_control_canopen_upstream_qualification.dir/__/__/components/CANopenLinux/CANopenNode/301/CO_SDOserver.c.o
[66/91] Building C object communication/canopen/CMakeFiles/robot_control_canopen_upstream_qualification.dir/__/__/components/CANopenLinux/CANopenNode/301/CO_SDOclient.c.o
[67/91] Building C object communication/canopen/CMakeFiles/robot_control_canopen_upstream_qualification.dir/__/__/components/CANopenLinux/CANopenNode/301/CO_PDO.c.o
[68/91] Building C object communication/canopen/CMakeFiles/robot_control_canopen_upstream_qualification.dir/od/OD.c.o
[69/91] Building C object communication/canopen/CMakeFiles/robot_control_canopen_upstream_qualification.dir/__/__/components/CANopenLinux/CANopenNode/301/CO_fifo.c.o
[70/91] Linking C static library communication/canopen/librobot_control_canopen_upstream_qualification.a
[71/91] Building CXX object communication/canopen/CMakeFiles/robot_control_communication_canopen_qualification.dir/observation.cpp.o
[72/91] Building CXX object communication/canopen/CMakeFiles/robot_control_communication_canopen_qualification.dir/lifecycle.cpp.o
[73/91] Building CXX object communication/canopen/CMakeFiles/robot_control_communication_canopen_qualification.dir/qualification_runtime_layout.cpp.o
[74/91] Building CXX object communication/canopen/CMakeFiles/robot_control_communication_canopen_qualification.dir/qualification.cpp.o
[75/91] Building CXX object communication/canopen/CMakeFiles/robot_control_communication_canopen_qualification.dir/stack_config.cpp.o
[76/91] Building CXX object communication/canopen/CMakeFiles/robot_control_communication_canopen_qualification.dir/stack_storage.cpp.o
[77/91] Linking CXX static library communication/canopen/librobot_control_communication_canopen_qualification.a
[78/91] Building CXX object tools/can_probe/CMakeFiles/robot-control-can-probe.dir/main.cpp.o
[79/91] Linking CXX executable tools/can_probe/robot-control-can-probe
[80/91] Building C object tools/canopen_observer/CMakeFiles/robot-control-canopen-observer.dir/observer_log.c.o
[81/91] Building CXX object tools/canopen_observer/CMakeFiles/robot-control-canopen-observer.dir/main.cpp.o
[82/91] Building CXX object tools/platform_probe/CMakeFiles/robot-control-platform-probe.dir/main.cpp.o
[83/91] Linking CXX executable tools/canopen_observer/robot-control-canopen-observer
[84/91] Linking CXX executable tools/platform_probe/robot-control-platform-probe
[85/91] Building CXX object tools/can_interface_inhibitor/CMakeFiles/robot-control-can-interface-inhibitor.dir/main.cpp.o
[86/91] Linking CXX executable tools/can_interface_inhibitor/robot-control-can-interface-inhibitor
[87/91] Building CXX object tools/sbus_observer/CMakeFiles/robot-control-sbus-observer.dir/main.cpp.o
[88/91] Linking CXX executable tools/sbus_observer/robot-control-sbus-observer
[89/91] Building C object tools/zlac_qualification/CMakeFiles/robot-control-zlac-qualification.dir/qualification_log.c.o
[90/91] Building CXX object tools/zlac_qualification/CMakeFiles/robot-control-zlac-qualification.dir/main.cpp.o
[91/91] Linking CXX executable tools/zlac_qualification/robot-control-zlac-qualification
sysroot=/home/gtc/Desktop/workspace/Linux_PROJ/robot_control/sysroots/rk3588-ubuntu2204
loader=/home/gtc/Desktop/workspace/Linux_PROJ/robot_control/sysroots/rk3588-ubuntu2204/lib/ld-linux-aarch64.so.1
os=Ubuntu 22.04.5 LTS 22.04
trust_anchor=/home/gtc/Desktop/workspace/Linux_PROJ/robot_control/sysroots/rk3588-ubuntu2204.lock.json
Traceback (most recent call last):
  File "/home/gtc/Desktop/workspace/Linux_PROJ/robot_control/docs/verification/evidence/standstill_policy_20260918/cross-build.py", line 36, in <module>
    metadata['artifacts'][name]=hashlib.sha256(p.read_bytes()).hexdigest()
                                               ~~~~~~~~~~~~^^
  File "/usr/lib/python3.14/pathlib/__init__.py", line 777, in read_bytes
    with self.open(mode='rb', buffering=0) as f:
         ~~~~~~~~~^^^^^^^^^^^^^^^^^^^^^^^^
  File "/usr/lib/python3.14/pathlib/__init__.py", line 771, in open
    return io.open(self, mode, buffering, encoding, errors, newline)
           ~~~~~~~^^^^^^^^^^^^^^^^^^^^^^^^^^^^^^^^^^^^^^^^^^^^^^^^^^
FileNotFoundError: [Errno 2] No such file or directory: '/home/gtc/Desktop/workspace/Linux_PROJ/robot_control/out/build/cross/standstill20-20260918-runtime/tests/unit/robot_control_canopen_qualification_vcan_tests'
