[1/2] Processing file /home/gtc/Desktop/workspace/Linux_PROJ/robot_control/communication/canopen/qualification.cpp.
71 warnings generated.
[2/2] Processing file /home/gtc/Desktop/workspace/Linux_PROJ/robot_control/tools/zlac_qualification/main.cpp.
125 warnings generated.
/home/gtc/Desktop/workspace/Linux_PROJ/robot_control/communication/canopen/qualification.cpp:93:16: warning: constness of 'clean' prevents automatic move [performance-no-automatic-move]
   93 |         return clean;
      |                ^
/home/gtc/Desktop/workspace/Linux_PROJ/robot_control/communication/canopen/qualification.cpp:111:16: warning: constness of 'ready' prevents automatic move [performance-no-automatic-move]
  111 |         return ready;
      |                ^
/home/gtc/Desktop/workspace/Linux_PROJ/robot_control/communication/canopen/qualification.cpp:125:16: warning: constness of 'ready' prevents automatic move [performance-no-automatic-move]
  125 |         return ready;
      |                ^
/home/gtc/Desktop/workspace/Linux_PROJ/robot_control/communication/canopen/qualification.cpp:378:24: warning: constness of 'sent' prevents automatic move [performance-no-automatic-move]
  378 |                 return sent;
      |                        ^
/home/gtc/Desktop/workspace/Linux_PROJ/robot_control/communication/canopen/qualification.cpp:613:20: warning: constness of 'ready' prevents automatic move [performance-no-automatic-move]
  613 |             return ready;
      |                    ^
/home/gtc/Desktop/workspace/Linux_PROJ/robot_control/communication/canopen/qualification.cpp:642:20: warning: constness of 'clean' prevents automatic move [performance-no-automatic-move]
  642 |             return clean;
      |                    ^
/home/gtc/Desktop/workspace/Linux_PROJ/robot_control/communication/canopen/qualification.cpp:669:20: warning: constness of 'ready' prevents automatic move [performance-no-automatic-move]
  669 |             return ready;
      |                    ^
/home/gtc/Desktop/workspace/Linux_PROJ/robot_control/communication/canopen/qualification.cpp:854:16: warning: constness of 'preop' prevents automatic move [performance-no-automatic-move]
  854 |         return preop;
      |                ^
/home/gtc/Desktop/workspace/Linux_PROJ/robot_control/communication/canopen/qualification.cpp:942:16: warning: constness of 'zero' prevents automatic move [performance-no-automatic-move]
  942 |         return zero;
      |                ^
/home/gtc/Desktop/workspace/Linux_PROJ/robot_control/communication/canopen/qualification.cpp:1181:12: warning: constness of 'restored' prevents automatic move [performance-no-automatic-move]
 1181 |     return restored;
      |            ^
/home/gtc/Desktop/workspace/Linux_PROJ/robot_control/communication/canopen/qualification.cpp:1187:53: warning: 2 adjacent parameters of 'run_controlword_stop_interval' of similar type ('const std::chrono::milliseconds') are easily swapped by mistake [bugprone-easily-swappable-parameters]
 1187 |                                                     const std::chrono::milliseconds duration,
      |                                                     ^~~~~~~~~~~~~~~~~~~~~~~~~~~~~~~~~~~~~~~~~
 1188 |                                                     const std::chrono::milliseconds transition_timeout,
      |                                                     ~~~~~~~~~~~~~~~~~~~~~~~~~~~~~~~~~~~~~~~~~~~~~~~~~~
/home/gtc/Desktop/workspace/Linux_PROJ/robot_control/communication/canopen/qualification.cpp:1187:85: note: the first parameter in the range is 'duration'
 1187 |                                                     const std::chrono::milliseconds duration,
      |                                                                                     ^~~~~~~~
/home/gtc/Desktop/workspace/Linux_PROJ/robot_control/communication/canopen/qualification.cpp:1188:85: note: the last parameter in the range is 'transition_timeout'
 1188 |                                                     const std::chrono::milliseconds transition_timeout,
      |                                                                                     ^~~~~~~~~~~~~~~~~~
/home/gtc/Desktop/workspace/Linux_PROJ/robot_control/communication/canopen/qualification.cpp:1251:73: warning: 2 adjacent parameters of 'set_communication_setting' of convertible types are easily swapped by mistake [bugprone-easily-swappable-parameters]
 1251 |                                                                         const std::uint8_t object_subindex,
      |                                                                         ^~~~~~~~~~~~~~~~~~~~~~~~~~~~~~~~~~~
 1252 |                                                                         const std::uint16_t value) noexcept {
      |                                                                         ~~~~~~~~~~~~~~~~~~~~~~~~~
/home/gtc/Desktop/workspace/Linux_PROJ/robot_control/communication/canopen/qualification.cpp:1251:92: note: the first parameter in the range is 'object_subindex'
 1251 |                                                                         const std::uint8_t object_subindex,
      |                                                                                            ^~~~~~~~~~~~~~~
/home/gtc/Desktop/workspace/Linux_PROJ/robot_control/communication/canopen/qualification.cpp:1252:93: note: the last parameter in the range is 'value'
 1252 |                                                                         const std::uint16_t value) noexcept {
      |                                                                                             ^~~~~
/home/gtc/Desktop/workspace/Linux_PROJ/robot_control/communication/canopen/qualification.cpp:1251:73: note: 
 1251 |                                                                         const std::uint8_t object_subindex,
      |                                                                         ^
/home/gtc/Desktop/workspace/Linux_PROJ/robot_control/communication/canopen/qualification.cpp:1252:73: note: 'const std::uint8_t' and 'const std::uint16_t' may be implicitly converted: 'const std::uint8_t' (as 'unsigned char') -> 'const std::uint16_t' (as 'unsigned short'), 'const std::uint16_t' (as 'unsigned short') -> 'const std::uint8_t' (as 'unsigned char')
 1252 |                                                                         const std::uint16_t value) noexcept {
      |                                                                         ^
/home/gtc/Desktop/workspace/Linux_PROJ/robot_control/communication/canopen/qualification.cpp:1263:20: warning: constness of 'status' prevents automatic move [performance-no-automatic-move]
 1263 |             return status;
      |                    ^
/home/gtc/Desktop/workspace/Linux_PROJ/robot_control/communication/canopen/qualification.cpp:1309:20: warning: constness of 'clean' prevents automatic move [performance-no-automatic-move]
 1309 |             return clean;
      |                    ^
/home/gtc/Desktop/workspace/Linux_PROJ/robot_control/communication/canopen/qualification.cpp:1386:20: warning: constness of 'supervised' prevents automatic move [performance-no-automatic-move]
 1386 |             return supervised;
      |                    ^
/home/gtc/Desktop/workspace/Linux_PROJ/robot_control/communication/canopen/qualification.cpp:1692:56: warning: 2 adjacent parameters of 'operator()' of convertible types are easily swapped by mistake [bugprone-easily-swappable-parameters]
 1692 |     const auto expect = [&](const std::uint16_t index, const std::uint8_t sub, const std::uint32_t expected) {
      |                                                        ^~~~~~~~~~~~~~~~~~~~~~~~~~~~~~~~~~~~~~~~~~~~~~~~~~~~
/home/gtc/Desktop/workspace/Linux_PROJ/robot_control/communication/canopen/qualification.cpp:1692:75: note: the first parameter in the range is 'sub'
 1692 |     const auto expect = [&](const std::uint16_t index, const std::uint8_t sub, const std::uint32_t expected) {
      |                                                                           ^~~
/home/gtc/Desktop/workspace/Linux_PROJ/robot_control/communication/canopen/qualification.cpp:1692:100: note: the last parameter in the range is 'expected'
 1692 |     const auto expect = [&](const std::uint16_t index, const std::uint8_t sub, const std::uint32_t expected) {
      |                                                                                                    ^~~~~~~~
/home/gtc/Desktop/workspace/Linux_PROJ/robot_control/communication/canopen/qualification.cpp:1692:56: note: 
 1692 |     const auto expect = [&](const std::uint16_t index, const std::uint8_t sub, const std::uint32_t expected) {
      |                                                        ^
/home/gtc/Desktop/workspace/Linux_PROJ/robot_control/communication/canopen/qualification.cpp:1692:80: note: 'const std::uint8_t' and 'const std::uint32_t' may be implicitly converted: 'const std::uint8_t' (as 'unsigned char') -> 'const std::uint32_t' (as 'unsigned int'), 'const std::uint32_t' (as 'unsigned int') -> 'const std::uint8_t' (as 'unsigned char')
 1692 |     const auto expect = [&](const std::uint16_t index, const std::uint8_t sub, const std::uint32_t expected) {
      |                                                                                ^
/home/gtc/Desktop/workspace/Linux_PROJ/robot_control/communication/canopen/qualification.cpp:1814:22: warning: do not use 'std::endl' with streams; use '\n' instead [performance-avoid-endl]
 1814 |                   << std::endl;
      |                      ^~~~~~~~~
      |                      '\n'
/home/gtc/Desktop/workspace/Linux_PROJ/robot_control/communication/canopen/qualification.cpp:1848:102: warning: do not use 'std::endl' with streams; use '\n' instead [performance-avoid-endl]
 1848 |                           << load_u32(std::as_bytes(std::span{tpdo.raw.payload}.subspan(4U, 4U))) << std::endl;
      |                                                                                                      ^~~~~~~~~
      |                                                                                                      '\n'
/home/gtc/Desktop/workspace/Linux_PROJ/robot_control/communication/canopen/qualification.cpp:1869:47: warning: do not use 'std::endl' with streams; use '\n' instead [performance-avoid-endl]
 1869 |         std::cout << "MANUAL_ROTATION_END" << std::endl;
      |                                               ^~~~~~~~~
      |                                               '\n'
/home/gtc/Desktop/workspace/Linux_PROJ/robot_control/platform/linux/error.hpp:97:49: warning: unchecked access to optional value [bugprone-unchecked-optional-access]
   97 |   [[nodiscard]] T &value() & noexcept { return *value_; }
      |                                                 ^~~~~~
/home/gtc/Desktop/workspace/Linux_PROJ/robot_control/platform/linux/error.hpp:106:61: warning: unchecked access to optional value [bugprone-unchecked-optional-access]
  106 |   [[nodiscard]] const T &value() const & noexcept { return *value_; }
      |                                                             ^~~~~~
/home/gtc/Desktop/workspace/Linux_PROJ/robot_control/tools/zlac_qualification/main.cpp:254:94: warning: do not use 'std::endl' with streams; use '\n' instead [performance-avoid-endl]
  254 |     std::cout << "qualification_wait_online node=1 timeout_s=" << startup_timeout.count() << std::endl;
      |                                                                                              ^~~~~~~~~
      |                                                                                              '\n'
/home/gtc/Desktop/workspace/Linux_PROJ/robot_control/tools/zlac_qualification/main.cpp:261:78: warning: do not use 'std::endl' with streams; use '\n' instead [performance-avoid-endl]
  261 |         std::cout << "qualification_online_probe node=1 object=0x1017:00" << std::endl;
      |                                                                              ^~~~~~~~~
      |                                                                              '\n'
Suppressed 98 warnings (98 in non-user code).
Use -header-filter=.* or leave it as default to display errors from all non-system headers. Use -system-headers to display errors from system headers as well.
