 (1789007228.921557)  can0  601   [8]  40 5A 60 00 00 00 00 00
 (1789007228.921909)  can0  581   [8]  4B 5A 60 00 05 00 00 00
 (1789007228.923458)  can0  601   [8]  40 17 10 00 00 00 00 00
 (1789007228.923727)  can0  581   [8]  4B 17 10 00 00 00 00 00
 (1789007228.925457)  can0  601   [8]  2B 17 10 00 F4 01 00 00
 (1789007228.925784)  can0  581   [8]  60 17 10 00 00 00 00 00
 (1789007228.927455)  can0  601   [8]  40 17 10 00 00 00 00 00
 (1789007228.927770)  can0  581   [8]  4B 17 10 00 F4 01 00 00
 (1789007229.175222)  can0  701   [1]  7F
 (1789007229.176485)  can0  601   [8]  40 60 60 00 00 00 00 00
 (1789007229.176831)  can0  581   [8]  4F 60 60 00 03 00 00 00
 (1789007229.178459)  can0  601   [8]  40 61 60 00 00 00 00 00
 (1789007229.178768)  can0  581   [8]  4F 61 60 00 03 00 00 00
 (1789007229.180455)  can0  601   [8]  40 FF 60 01 00 00 00 00
 (1789007229.180770)  can0  581   [8]  43 FF 60 01 00 00 00 00
 (1789007229.182458)  can0  601   [8]  40 FF 60 02 00 00 00 00
 (1789007229.182822)  can0  581   [8]  43 FF 60 02 00 00 00 00
 (1789007229.184458)  can0  601   [8]  40 3F 60 00 00 00 00 00
 (1789007229.184811)  can0  581   [8]  43 3F 60 00 00 00 00 00
 (1789007229.186460)  can0  601   [8]  40 6C 60 01 00 00 00 00
 (1789007229.186806)  can0  581   [8]  43 6C 60 01 00 00 00 00
 (1789007229.188453)  can0  601   [8]  40 6C 60 02 00 00 00 00
 (1789007229.188800)  can0  581   [8]  43 6C 60 02 00 00 00 00
 (1789007229.190456)  can0  601   [8]  40 6C 60 03 00 00 00 00
 (1789007229.190796)  can0  581   [8]  43 6C 60 03 00 00 00 00
 (1789007229.192462)  can0  601   [8]  40 0F 20 00 00 00 00 00
 (1789007229.192793)  can0  581   [8]  4B 0F 20 00 01 00 00 00
 (1789007229.194459)  can0  601   [8]  2B 0F 20 00 00 00 00 00
 (1789007229.194792)  can0  581   [8]  60 0F 20 00 00 00 00 00
 (1789007229.196460)  can0  601   [8]  40 0F 20 00 00 00 00 00
 (1789007229.196788)  can0  581   [8]  4B 0F 20 00 00 00 00 00
 (1789007229.198461)  can0  601   [8]  23 FF 60 01 00 00 00 00
 (1789007229.198781)  can0  581   [8]  60 FF 60 01 00 00 00 00
 (1789007229.200454)  can0  601   [8]  40 FF 60 01 00 00 00 00
 (1789007229.200776)  can0  581   [8]  43 FF 60 01 00 00 00 00
 (1789007229.202464)  can0  601   [8]  23 FF 60 02 00 00 00 00
 (1789007229.202778)  can0  581   [8]  60 FF 60 02 00 00 00 00
 (1789007229.204457)  can0  601   [8]  40 FF 60 02 00 00 00 00
 (1789007229.204772)  can0  581   [8]  43 FF 60 02 00 00 00 00
 (1789007229.206350)  can0  000   [2]  01 01
 (1789007229.206708)  can0  181   [8]  60 14 60 14 00 00 00 00
 (1789007229.206807)  can0  281   [0] 
 (1789007229.206907)  can0  381   [0] 
 (1789007229.207003)  can0  481   [0] 
 (1789007229.256724)  can0  181   [8]  60 14 60 14 00 00 00 00
 (1789007229.306673)  can0  181   [8]  60 14 60 14 00 00 00 00
 (1789007229.356615)  can0  181   [8]  60 14 60 14 00 00 00 00
 (1789007229.406564)  can0  181   [8]  60 14 60 14 00 00 00 00
 (1789007229.424766)  can0  701   [1]  05
 (1789007229.425478)  can0  601   [8]  2F 60 60 00 03 00 00 00
 (1789007229.425829)  can0  581   [8]  60 60 60 00 00 00 00 00
 (1789007229.427460)  can0  601   [8]  40 61 60 00 00 00 00 00
 (1789007229.427818)  can0  581   [8]  4F 61 60 00 03 00 00 00
 (1789007229.429467)  can0  601   [8]  2B 40 60 00 06 00 00 00
 (1789007229.429819)  can0  581   [8]  60 40 60 00 00 00 00 00
 (1789007229.456499)  can0  181   [8]  21 14 21 14 00 00 00 00
 (1789007229.457468)  can0  601   [8]  40 6C 60 01 00 00 00 00
 (1789007229.457809)  can0  581   [8]  43 6C 60 01 00 00 00 00
 (1789007229.459454)  can0  601   [8]  40 6C 60 02 00 00 00 00
 (1789007229.459806)  can0  581   [8]  43 6C 60 02 00 00 00 00
 (1789007229.461455)  can0  601   [8]  40 6C 60 03 00 00 00 00
 (1789007229.461800)  can0  581   [8]  43 6C 60 03 00 00 00 00
 (1789007229.463463)  can0  601   [8]  2B 40 60 00 07 00 00 00
 (1789007229.463802)  can0  581   [8]  60 40 60 00 00 00 00 00
 (1789007229.506456)  can0  181   [8]  23 14 23 14 00 00 00 00
 (1789007229.508473)  can0  601   [8]  40 6C 60 01 00 00 00 00
 (1789007229.508808)  can0  581   [8]  43 6C 60 01 00 00 00 00
 (1789007229.510455)  can0  601   [8]  40 6C 60 02 00 00 00 00
 (1789007229.510760)  can0  581   [8]  43 6C 60 02 00 00 00 00
 (1789007229.512464)  can0  601   [8]  40 6C 60 03 00 00 00 00
 (1789007229.512802)  can0  581   [8]  43 6C 60 03 00 00 00 00
 (1789007229.514466)  can0  601   [8]  2B 40 60 00 0F 00 00 00
 (1789007229.514802)  can0  581   [8]  60 40 60 00 00 00 00 00
 (1789007229.556349)  can0  181   [8]  27 14 27 14 00 00 00 00
 (1789007229.558479)  can0  601   [8]  40 6C 60 01 00 00 00 00
 (1789007229.558824)  can0  581   [8]  43 6C 60 01 00 00 00 00
 (1789007229.560455)  can0  601   [8]  40 6C 60 02 00 00 00 00
 (1789007229.560759)  can0  581   [8]  43 6C 60 02 00 00 00 00
 (1789007229.562459)  can0  601   [8]  40 6C 60 03 00 00 00 00
 (1789007229.562765)  can0  581   [8]  43 6C 60 03 00 00 00 00
 (1789007229.564469)  can0  601   [8]  23 FF 60 02 05 00 00 00
 (1789007229.564810)  can0  581   [8]  60 FF 60 02 00 00 00 00
 (1789007229.566461)  can0  601   [8]  40 FF 60 02 00 00 00 00
 (1789007229.566807)  can0  581   [8]  43 FF 60 02 05 00 00 00
 (1789007229.606294)  can0  181   [8]  27 14 27 44 00 00 00 00
 (1789007229.656295)  can0  181   [8]  27 14 27 44 00 00 00 00
 (1789007229.674248)  can0  701   [1]  05
 (1789007229.706245)  can0  181   [8]  27 14 27 44 00 00 00 00
 (1789007229.756203)  can0  181   [8]  27 14 27 44 00 00 00 00
 (1789007229.806215)  can0  181   [8]  27 14 27 44 00 00 00 00
 (1789007229.856110)  can0  181   [8]  27 14 27 44 00 00 00 00
 (1789007229.906054)  can0  181   [8]  27 14 27 44 00 00 00 00
 (1789007229.923811)  can0  701   [1]  05
 (1789007229.955995)  can0  181   [8]  27 14 27 44 00 00 00 00
 (1789007230.005942)  can0  181   [8]  27 14 27 44 00 00 00 00
 (1789007230.055913)  can0  181   [8]  27 14 27 44 00 00 00 00
 (1789007230.105851)  can0  181   [8]  27 14 27 44 00 00 00 00
 (1789007230.155793)  can0  181   [8]  27 14 27 44 00 00 00 00
 (1789007230.173296)  can0  701   [1]  05
 (1789007230.205736)  can0  181   [8]  27 14 27 44 00 00 00 00
 (1789007230.255685)  can0  181   [8]  27 14 27 44 00 00 00 00
 (1789007230.305648)  can0  181   [8]  27 14 27 44 00 00 00 00
 (1789007230.355592)  can0  181   [8]  27 14 27 44 00 00 00 00
 (1789007230.405535)  can0  181   [8]  27 14 27 44 00 00 00 00
 (1789007230.422849)  can0  701   [1]  05
 (1789007230.455535)  can0  181   [8]  27 14 27 44 00 00 00 00
 (1789007230.505488)  can0  181   [8]  27 14 27 44 00 00 00 00
 (1789007230.555496)  can0  181   [8]  27 14 27 44 00 00 00 00
 (1789007230.605461)  can0  181   [8]  27 14 27 44 00 00 00 00
 (1789007230.655451)  can0  181   [8]  27 14 27 44 00 00 00 00
 (1789007230.672407)  can0  701   [1]  05
 (1789007230.705409)  can0  181   [8]  27 14 27 44 00 00 00 00
 (1789007230.755403)  can0  181   [8]  27 14 27 44 00 00 00 00
 (1789007230.805372)  can0  181   [8]  27 14 27 44 00 00 00 00
 (1789007230.855377)  can0  181   [8]  27 14 27 44 00 00 00 00
 (1789007230.905331)  can0  181   [8]  27 14 27 44 00 00 00 00
 (1789007230.921899)  can0  701   [1]  05
 (1789007230.955331)  can0  181   [8]  27 14 27 44 00 00 00 00
 (1789007231.005279)  can0  181   [8]  27 14 27 44 00 00 00 00
 (1789007231.055280)  can0  181   [8]  27 14 27 44 00 00 00 00
 (1789007231.105255)  can0  181   [8]  27 14 27 44 00 00 00 00
 (1789007231.155249)  can0  181   [8]  27 14 27 44 00 00 00 00
 (1789007231.171447)  can0  701   [1]  05
 (1789007231.205198)  can0  181   [8]  27 14 27 44 00 00 00 00
 (1789007231.255197)  can0  181   [8]  27 14 27 44 00 00 00 00
 (1789007231.305153)  can0  181   [8]  27 14 27 44 00 00 00 00
 (1789007231.355168)  can0  181   [8]  27 14 27 44 00 00 00 00
 (1789007231.405123)  can0  181   [8]  27 14 27 44 00 00 00 00
 (1789007231.420942)  can0  701   [1]  05
 (1789007231.455119)  can0  181   [8]  27 14 27 44 00 00 00 00
 (1789007231.505072)  can0  181   [8]  27 14 27 44 00 00 00 00
 (1789007231.555070)  can0  181   [8]  27 14 27 44 00 00 00 00
 (1789007231.565487)  can0  601   [8]  2B 40 60 00 02 00 00 00
 (1789007231.565795)  can0  581   [8]  60 40 60 00 00 00 00 00
 (1789007231.605107)  can0  181   [8]  07 14 07 14 00 00 00 00
 (1789007231.605493)  can0  601   [8]  40 6C 60 01 00 00 00 00
 (1789007231.605828)  can0  581   [8]  43 6C 60 01 00 00 00 00
 (1789007231.607459)  can0  601   [8]  40 6C 60 02 00 00 00 00
 (1789007231.607770)  can0  581   [8]  43 6C 60 02 FF FF FF FF
 (1789007231.655108)  can0  181   [8]  07 14 07 14 00 00 00 00
 (1789007231.660476)  can0  601   [8]  40 6C 60 01 00 00 00 00
 (1789007231.660825)  can0  581   [8]  43 6C 60 01 00 00 00 00
 (1789007231.662455)  can0  601   [8]  40 6C 60 02 00 00 00 00
 (1789007231.662760)  can0  581   [8]  43 6C 60 02 D1 FF FF FF
 (1789007231.670491)  can0  701   [1]  05
 (1789007231.705102)  can0  181   [8]  07 14 07 14 00 00 00 00
 (1789007231.715459)  can0  601   [8]  40 6C 60 01 00 00 00 00
 (1789007231.715766)  can0  581   [8]  43 6C 60 01 00 00 00 00
 (1789007231.717452)  can0  601   [8]  40 6C 60 02 00 00 00 00
 (1789007231.717762)  can0  581   [8]  43 6C 60 02 F6 FF FF FF
 (1789007231.755110)  can0  181   [8]  07 14 07 14 00 00 00 00
 (1789007231.770457)  can0  601   [8]  40 6C 60 01 00 00 00 00
 (1789007231.770763)  can0  581   [8]  43 6C 60 01 00 00 00 00
 (1789007231.772454)  can0  601   [8]  40 6C 60 02 00 00 00 00
 (1789007231.772763)  can0  581   [8]  43 6C 60 02 00 00 00 00
 (1789007231.774454)  can0  601   [8]  40 6C 60 03 00 00 00 00
 (1789007231.774809)  can0  581   [8]  43 6C 60 03 00 00 00 00
 (1789007231.776466)  can0  601   [8]  23 FF 60 01 00 00 00 00
 (1789007231.776811)  can0  581   [8]  60 FF 60 01 00 00 00 00
 (1789007231.778455)  can0  601   [8]  40 FF 60 01 00 00 00 00
 (1789007231.778805)  can0  581   [8]  43 FF 60 01 00 00 00 00
 (1789007231.780464)  can0  601   [8]  23 FF 60 02 00 00 00 00
 (1789007231.780802)  can0  581   [8]  60 FF 60 02 00 00 00 00
 (1789007231.782454)  can0  601   [8]  40 FF 60 02 00 00 00 00
 (1789007231.782799)  can0  581   [8]  43 FF 60 02 00 00 00 00
 (1789007231.784456)  can0  601   [8]  40 6C 60 01 00 00 00 00
 (1789007231.784788)  can0  581   [8]  43 6C 60 01 00 00 00 00
 (1789007231.786451)  can0  601   [8]  40 6C 60 02 00 00 00 00
 (1789007231.786784)  can0  581   [8]  43 6C 60 02 FB FF FF FF
 (1789007231.805121)  can0  181   [8]  07 14 07 14 00 00 00 00
 (1789007231.839459)  can0  601   [8]  40 6C 60 01 00 00 00 00
 (1789007231.839789)  can0  581   [8]  43 6C 60 01 00 00 00 00
 (1789007231.841454)  can0  601   [8]  40 6C 60 02 00 00 00 00
 (1789007231.841784)  can0  581   [8]  43 6C 60 02 02 00 00 00
 (1789007231.855139)  can0  181   [8]  07 14 07 14 00 00 00 00
 (1789007231.894481)  can0  601   [8]  40 6C 60 01 00 00 00 00
 (1789007231.894794)  can0  581   [8]  43 6C 60 01 00 00 00 00
 (1789007231.896457)  can0  601   [8]  40 6C 60 02 00 00 00 00
 (1789007231.896789)  can0  581   [8]  43 6C 60 02 FF FF FF FF
 (1789007231.905147)  can0  181   [8]  07 14 07 14 00 00 00 00
 (1789007231.919986)  can0  701   [1]  05
 (1789007231.949466)  can0  601   [8]  40 6C 60 01 00 00 00 00
 (1789007231.949787)  can0  581   [8]  43 6C 60 01 00 00 00 00
 (1789007231.951453)  can0  601   [8]  40 6C 60 02 00 00 00 00
 (1789007231.951781)  can0  581   [8]  43 6C 60 02 FC FF FF FF
 (1789007231.955154)  can0  181   [8]  07 14 07 14 00 00 00 00
 (1789007232.004461)  can0  601   [8]  40 6C 60 01 00 00 00 00
 (1789007232.004786)  can0  581   [8]  43 6C 60 01 00 00 00 00
 (1789007232.005164)  can0  181   [8]  07 14 07 14 00 00 00 00
 (1789007232.005494)  can0  601   [8]  40 6C 60 02 00 00 00 00
 (1789007232.005842)  can0  581   [8]  43 6C 60 02 00 00 00 00
 (1789007232.007455)  can0  601   [8]  40 6C 60 03 00 00 00 00
 (1789007232.007776)  can0  581   [8]  43 6C 60 03 00 00 00 00
 (1789007232.009349)  can0  000   [2]  80 01
 (1789007232.169547)  can0  701   [1]  7F
 (1789007232.171479)  can0  601   [8]  2B 0F 20 00 01 00 00 00
 (1789007232.171794)  can0  581   [8]  60 0F 20 00 00 00 00 00
 (1789007232.173462)  can0  601   [8]  40 0F 20 00 00 00 00 00
 (1789007232.173776)  can0  581   [8]  4B 0F 20 00 01 00 00 00
 (1789007232.175456)  can0  601   [8]  2B 17 10 00 00 00 00 00
 (1789007232.175773)  can0  581   [8]  60 17 10 00 00 00 00 00
 (1789007232.177452)  can0  601   [8]  40 17 10 00 00 00 00 00
 (1789007232.177765)  can0  581   [8]  4B 17 10 00 00 00 00 00
