sysroot=/home/gtc/Desktop/workspace/Linux_PROJ/robot_control/sysroots/rk3588-ubuntu2204
loader=/home/gtc/Desktop/workspace/Linux_PROJ/robot_control/sysroots/rk3588-ubuntu2204/lib/ld-linux-aarch64.so.1
os=Ubuntu 22.04.5 LTS 22.04
trust_anchor=/home/gtc/Desktop/workspace/Linux_PROJ/robot_control/sysroots/rk3588-ubuntu2204.lock.json
image=sha256:9c7124ca8b89ac46c7e196df46b260ec8986503eb525739823ac1b719ef92935
image_id=sha256:9c7124ca8b89ac46c7e196df46b260ec8986503eb525739823ac1b719ef92935
architecture=amd64
target=aarch64-linux-gnu
compiler=aarch64-linux-gnu-g++ (Ubuntu 11.4.0-1ubuntu1~22.04.3) 11.4.0
cmake=cmake version 3.22.1
ninja=1.10.1
snapshot=/home/gtc/Desktop/workspace/Linux_PROJ/robot_control/out/control-diagnostics-v1-cross-source
attestation=/home/gtc/Desktop/workspace/Linux_PROJ/robot_control/out/control-diagnostics-v1-cross-source.json
sha256=f78d0227abed58e15d9cd207a23b24011d8e9a83e086c052abe8dddf18835a43
files=5121
-- The C compiler identification is GNU 11.4.0
-- The CXX compiler identification is GNU 11.4.0
-- Detecting C compiler ABI info
-- Detecting C compiler ABI info - done
-- Check for working C compiler: /usr/bin/aarch64-linux-gnu-gcc - skipped
-- Detecting C compile features
-- Detecting C compile features - done
-- Detecting CXX compiler ABI info
-- Detecting CXX compiler ABI info - done
-- Check for working CXX compiler: /usr/bin/aarch64-linux-gnu-g++ - skipped
-- Detecting CXX compile features
-- Detecting CXX compile features - done
-- Looking for pthread.h
-- Looking for pthread.h - found
-- Performing Test CMAKE_HAVE_LIBC_PTHREAD
-- Performing Test CMAKE_HAVE_LIBC_PTHREAD - Success
-- Found Threads: TRUE  
-- Configuring done
-- Generating done
-- Build files have been written to: /workspace/out/build/cross/control-diagnostics-v1-runtime
[1/103] Building CXX object CMakeFiles/robot_control_control_cycle_tests.dir/tests/unit/control_cycle_tests.cpp.o
[2/103] Building CXX object CMakeFiles/robot_control_sbus_source_tests.dir/tests/unit/sbus_source_tests.cpp.o
[3/103] Building CXX object CMakeFiles/robot_control_canopen_runtime_policy_tests.dir/tests/unit/canopen_runtime_policy_tests.cpp.o
[4/103] Building CXX object domain/drive/CMakeFiles/robot_control_domain_drive.dir/cia402.cpp.o
[5/103] Building CXX object domain/control/CMakeFiles/robot_control_domain_control.dir/control_arbiter.cpp.o
[6/103] Linking CXX static library domain/control/librobot_control_domain_control.a
[7/103] Building CXX object domain/drive/CMakeFiles/robot_control_domain_drive.dir/zlac8015d.cpp.o
[8/103] Building CXX object domain/safety/CMakeFiles/robot_control_domain_safety.dir/safety_manager.cpp.o
[9/103] Building CXX object input/sbus/protocol/CMakeFiles/robot_control_input_sbus_protocol.dir/parser.cpp.o
[10/103] Linking CXX static library input/sbus/protocol/librobot_control_input_sbus_protocol.a
[11/103] Building CXX object domain/drive/CMakeFiles/robot_control_domain_drive.dir/runtime.cpp.o
[12/103] Linking CXX static library domain/drive/librobot_control_domain_drive.a
[13/103] Linking CXX executable robot_control_canopen_runtime_policy_tests
[14/103] Linking CXX static library domain/safety/librobot_control_domain_safety.a
[15/103] Building CXX object application/control/CMakeFiles/robot_control_application_control.dir/control_cycle.cpp.o
[16/103] Building CXX object input/sbus/source/CMakeFiles/robot_control_input_sbus_source.dir/source.cpp.o
[17/103] Linking CXX static library application/control/librobot_control_application_control.a
[18/103] Linking CXX static library input/sbus/source/librobot_control_input_sbus_source.a
[19/103] Linking CXX executable robot_control_sbus_source_tests
[20/103] Linking CXX executable robot_control_control_cycle_tests
[21/103] Building C object tools/control_hil/CMakeFiles/robot-control-hil.dir/__/zlac_qualification/qualification_log.c.o
[22/103] Building CXX object platform/linux/CMakeFiles/robot_control_platform_linux.dir/can/classic_frame.cpp.o
[23/103] Building CXX object application/control/CMakeFiles/robot_control_application_loop.dir/linux_loop.cpp.o
[24/103] Building CXX object platform/linux/CMakeFiles/robot_control_platform_linux.dir/can/interface_inhibitor.cpp.o
[25/103] Building CXX object platform/linux/CMakeFiles/robot_control_platform_linux.dir/can/socket.cpp.o
[26/103] Building CXX object platform/linux/CMakeFiles/robot_control_platform_linux.dir/process/termination_event.cpp.o
[27/103] Building CXX object platform/linux/CMakeFiles/robot_control_platform_linux.dir/io/poll_wait.cpp.o
[28/103] Building CXX object platform/linux/CMakeFiles/robot_control_platform_linux.dir/time/monotonic_timer.cpp.o
[29/103] Building CXX object platform/linux/CMakeFiles/robot_control_platform_linux.dir/uart/serial_port.cpp.o
[30/103] Linking CXX static library platform/linux/librobot_control_platform_linux.a
[31/103] Building CXX object input/sbus/linux/CMakeFiles/robot_control_input_sbus_linux.dir/source_bridge.cpp.o
[32/103] Building CXX object input/sbus/linux/CMakeFiles/robot_control_input_sbus_linux.dir/reader.cpp.o
[33/103] Building C object service/logging/CMakeFiles/robot_control_easylogger.dir/__/__/components/EasyLogger/easylogger/src/elog.c.o
[34/103] Building C object service/logging/CMakeFiles/robot_control_easylogger.dir/__/__/components/EasyLogger/easylogger/src/elog_utils.c.o
[35/103] Linking CXX static library input/sbus/linux/librobot_control_input_sbus_linux.a
[36/103] Building C object service/logging/CMakeFiles/robot_control_easylogger.dir/easylogger_port.c.o
[37/103] Linking C static library service/logging/librobot_control_easylogger.a
[38/103] Building C object communication/canopen/CMakeFiles/robot_control_canopen_transmit_gate.dir/transmit_gate.c.o
[39/103] Building C object communication/canopen/CMakeFiles/robot_control_canopen_upstream.dir/__/__/components/CANopenLinux/CO_driver.c.o
[40/103] Building C object communication/canopen/CMakeFiles/robot_control_canopen_upstream.dir/__/__/components/CANopenLinux/CO_epoll_interface.c.o
[41/103] Building C object communication/canopen/CMakeFiles/robot_control_canopen_upstream.dir/__/__/components/CANopenLinux/CANopenNode/CANopen.c.o
[42/103] Building C object communication/canopen/CMakeFiles/robot_control_canopen_upstream.dir/__/__/components/CANopenLinux/CANopenNode/301/CO_ODinterface.c.o
[43/103] Building C object communication/canopen/CMakeFiles/robot_control_canopen_upstream.dir/__/__/components/CANopenLinux/CANopenNode/301/CO_NMT_Heartbeat.c.o
[44/103] Building C object communication/canopen/CMakeFiles/robot_control_canopen_upstream.dir/__/__/components/CANopenLinux/CANopenNode/301/CO_HBconsumer.c.o
[45/103] Building C object communication/canopen/CMakeFiles/robot_control_canopen_upstream.dir/__/__/components/CANopenLinux/CANopenNode/301/CO_Emergency.c.o
[46/103] Building C object communication/canopen/CMakeFiles/robot_control_canopen_upstream.dir/__/__/components/CANopenLinux/CANopenNode/301/CO_SDOserver.c.o
[47/103] Building C object communication/canopen/CMakeFiles/robot_control_canopen_upstream.dir/__/__/components/CANopenLinux/CANopenNode/301/CO_SDOclient.c.o
[48/103] Building C object communication/canopen/CMakeFiles/robot_control_canopen_upstream.dir/__/__/components/CANopenLinux/CANopenNode/301/CO_PDO.c.o
[49/103] Building C object communication/canopen/CMakeFiles/robot_control_canopen_upstream.dir/__/__/components/CANopenLinux/CANopenNode/301/CO_fifo.c.o
[50/103] Building C object communication/canopen/CMakeFiles/robot_control_canopen_upstream.dir/od/OD.c.o
[51/103] Linking C static library communication/canopen/librobot_control_canopen_upstream.a
[52/103] Building CXX object service/logging/CMakeFiles/robot_control_service_logging.dir/logger.cpp.o
[53/103] Linking CXX static library service/logging/librobot_control_service_logging.a
[54/103] Building CXX object communication/canopen/CMakeFiles/robot_control_communication_canopen.dir/observation.cpp.o
[55/103] Building CXX object communication/canopen/CMakeFiles/robot_control_communication_canopen.dir/lifecycle.cpp.o
[56/103] Building CXX object communication/canopen/CMakeFiles/robot_control_communication_canopen.dir/stack_config.cpp.o
[57/103] Building C object communication/canopen/CMakeFiles/robot_control_canopen_qualification_gate.dir/qualification_gate.c.o
[58/103] Building C object communication/canopen/CMakeFiles/robot_control_canopen_upstream_qualification.dir/__/__/components/CANopenLinux/CO_driver.c.o
[59/103] Building C object communication/canopen/CMakeFiles/robot_control_canopen_upstream_qualification.dir/__/__/components/CANopenLinux/CO_epoll_interface.c.o
[60/103] Building C object communication/canopen/CMakeFiles/robot_control_canopen_upstream_qualification.dir/__/__/components/CANopenLinux/CANopenNode/CANopen.c.o
[61/103] Building C object communication/canopen/CMakeFiles/robot_control_canopen_upstream_qualification.dir/__/__/components/CANopenLinux/CANopenNode/301/CO_ODinterface.c.o
[62/103] Building C object communication/canopen/CMakeFiles/robot_control_canopen_upstream_qualification.dir/__/__/components/CANopenLinux/CANopenNode/301/CO_NMT_Heartbeat.c.o
[63/103] Building C object communication/canopen/CMakeFiles/robot_control_canopen_upstream_qualification.dir/__/__/components/CANopenLinux/CANopenNode/301/CO_HBconsumer.c.o
[64/103] Building C object communication/canopen/CMakeFiles/robot_control_canopen_upstream_qualification.dir/__/__/components/CANopenLinux/CANopenNode/301/CO_Emergency.c.o
[65/103] Building CXX object communication/canopen/CMakeFiles/robot_control_communication_canopen.dir/stack_storage.cpp.o
[66/103] Building C object communication/canopen/CMakeFiles/robot_control_canopen_upstream_qualification.dir/__/__/components/CANopenLinux/CANopenNode/301/CO_SDOserver.c.o
[67/103] Linking CXX static library communication/canopen/librobot_control_communication_canopen.a
[68/103] Building C object communication/canopen/CMakeFiles/robot_control_canopen_upstream_qualification.dir/__/__/components/CANopenLinux/CANopenNode/301/CO_SDOclient.c.o
[69/103] Building C object communication/canopen/CMakeFiles/robot_control_canopen_upstream_qualification.dir/__/__/components/CANopenLinux/CANopenNode/301/CO_fifo.c.o
[70/103] Building C object communication/canopen/CMakeFiles/robot_control_canopen_upstream_qualification.dir/__/__/components/CANopenLinux/CANopenNode/301/CO_PDO.c.o
[71/103] Building C object communication/canopen/CMakeFiles/robot_control_canopen_upstream_qualification.dir/od/OD.c.o
[72/103] Linking C static library communication/canopen/librobot_control_canopen_upstream_qualification.a
[73/103] Building CXX object communication/canopen/CMakeFiles/robot_control_communication_canopen_qualification.dir/observation.cpp.o
[74/103] Building CXX object communication/canopen/CMakeFiles/robot_control_communication_canopen_qualification.dir/lifecycle.cpp.o
[75/103] Building CXX object communication/canopen/CMakeFiles/robot_control_communication_canopen_qualification.dir/qualification_runtime_layout.cpp.o
[76/103] Building CXX object communication/canopen/CMakeFiles/robot_control_communication_canopen_qualification.dir/qualification.cpp.o
[77/103] Building CXX object communication/canopen/CMakeFiles/robot_control_communication_canopen_qualification.dir/stack_config.cpp.o
[78/103] Building CXX object communication/canopen/CMakeFiles/robot_control_communication_canopen_qualification.dir/stack_storage.cpp.o
[79/103] Linking CXX static library communication/canopen/librobot_control_communication_canopen_qualification.a
[80/103] Building CXX object communication/canopen/CMakeFiles/robot_control_communication_canopen_runtime.dir/lifecycle.cpp.o
[81/103] Building CXX object communication/canopen/CMakeFiles/robot_control_communication_canopen_runtime.dir/observation.cpp.o
[82/103] Building CXX object communication/canopen/CMakeFiles/robot_control_communication_canopen_runtime.dir/stack_config.cpp.o
[83/103] Building CXX object communication/canopen/CMakeFiles/robot_control_communication_canopen_runtime.dir/stack_storage.cpp.o
[84/103] Building CXX object communication/canopen/CMakeFiles/robot_control_communication_canopen_runtime.dir/runtime.cpp.o
[85/103] Building CXX object communication/canopen/CMakeFiles/robot_control_communication_canopen_runtime.dir/qualification_runtime_layout.cpp.o
[86/103] Building CXX object communication/canopen/CMakeFiles/robot_control_communication_canopen_runtime.dir/qualification.cpp.o
[87/103] Building CXX object tools/can_probe/CMakeFiles/robot-control-can-probe.dir/main.cpp.o
[88/103] Linking CXX executable tools/can_probe/robot-control-can-probe
[89/103] Building CXX object communication/canopen/CMakeFiles/robot_control_communication_canopen_runtime.dir/control_qualification.cpp.o
[90/103] Linking CXX static library communication/canopen/librobot_control_communication_canopen_runtime.a
[91/103] Linking CXX static library application/control/librobot_control_application_loop.a
[92/103] Building C object tools/canopen_observer/CMakeFiles/robot-control-canopen-observer.dir/observer_log.c.o
[93/103] Building CXX object tools/platform_probe/CMakeFiles/robot-control-platform-probe.dir/main.cpp.o
[94/103] Linking CXX executable tools/platform_probe/robot-control-platform-probe
[95/103] Building CXX object tools/canopen_observer/CMakeFiles/robot-control-canopen-observer.dir/main.cpp.o
[96/103] Linking CXX executable tools/canopen_observer/robot-control-canopen-observer
[97/103] Building CXX object tools/control_hil/CMakeFiles/robot-control-diagnostics.dir/diagnostics.cpp.o
[98/103] Linking CXX executable tools/control_hil/robot-control-diagnostics
[99/103] Building CXX object tools/sbus_observer/CMakeFiles/robot-control-sbus-observer.dir/main.cpp.o
[100/103] Linking CXX executable tools/sbus_observer/robot-control-sbus-observer
[101/103] Building CXX object tools/control_hil/CMakeFiles/robot-control-hil.dir/zero_gate.cpp.o
[102/103] Building CXX object tools/control_hil/CMakeFiles/robot-control-hil.dir/main.cpp.o
[103/103] Linking CXX executable tools/control_hil/robot-control-hil
sysroot=/home/gtc/Desktop/workspace/Linux_PROJ/robot_control/sysroots/rk3588-ubuntu2204
loader=/home/gtc/Desktop/workspace/Linux_PROJ/robot_control/sysroots/rk3588-ubuntu2204/lib/ld-linux-aarch64.so.1
os=Ubuntu 22.04.5 LTS 22.04
trust_anchor=/home/gtc/Desktop/workspace/Linux_PROJ/robot_control/sysroots/rk3588-ubuntu2204.lock.json
