Test project /home/gtc/Desktop/workspace/Linux_PROJ/robot_control/out/build/p103-control-hil-san
      Start  1: sbus_source_contract
 1/48 Test  #1: sbus_source_contract ...............................................   Passed    0.04 sec
      Start  2: control_cycle_contract
 2/48 Test  #2: control_cycle_contract .............................................   Passed    0.01 sec
      Start  3: canopen_runtime_policy
 3/48 Test  #3: canopen_runtime_policy .............................................   Passed    0.01 sec
      Start  4: platform_probe_help
 4/48 Test  #4: platform_probe_help ................................................   Passed    0.01 sec
      Start  5: platform_probe_run
 5/48 Test  #5: platform_probe_run .................................................   Passed    0.00 sec
      Start  6: platform_probe_phase3_smoke
 6/48 Test  #6: platform_probe_phase3_smoke ........................................   Passed    0.00 sec
      Start  7: can_probe_help
 7/48 Test  #7: can_probe_help .....................................................   Passed    0.01 sec
      Start  8: can_probe_missing_interface
 8/48 Test  #8: can_probe_missing_interface ........................................   Passed    0.01 sec
      Start  9: can_probe_unknown_argument
 9/48 Test  #9: can_probe_unknown_argument .........................................   Passed    0.01 sec
      Start 10: can_probe_duration_zero
10/48 Test #10: can_probe_duration_zero ............................................   Passed    0.01 sec
      Start 11: can_probe_duration_nonnumeric
11/48 Test #11: can_probe_duration_nonnumeric ......................................   Passed    0.01 sec
      Start 12: can_probe_duration_overflow
12/48 Test #12: can_probe_duration_overflow ........................................   Passed    0.01 sec
      Start 13: can_probe_duplicate_interface
13/48 Test #13: can_probe_duplicate_interface ......................................   Passed    0.01 sec
      Start 14: can_probe_duplicate_duration
14/48 Test #14: can_probe_duplicate_duration .......................................   Passed    0.01 sec
      Start 15: can_probe_interface_missing_value
15/48 Test #15: can_probe_interface_missing_value ..................................   Passed    0.01 sec
      Start 16: can_probe_duration_missing_value
16/48 Test #16: can_probe_duration_missing_value ...................................   Passed    0.01 sec
      Start 17: can_probe_duration_negative
17/48 Test #17: can_probe_duration_negative ........................................   Passed    0.01 sec
      Start 18: canopen_observer_help
18/48 Test #18: canopen_observer_help ..............................................   Passed    0.01 sec
      Start 19: canopen_observer_invalid_
19/48 Test #19: canopen_observer_invalid_ ..........................................   Passed    0.01 sec
      Start 20: canopen_observer_invalid___unknown
20/48 Test #20: canopen_observer_invalid___unknown .................................   Passed    0.01 sec
      Start 21: canopen_observer_invalid___interface_unused0
21/48 Test #21: canopen_observer_invalid___interface_unused0 .......................   Passed    0.01 sec
      Start 22: canopen_observer_invalid___interface_unused0___interface_unused1
22/48 Test #22: canopen_observer_invalid___interface_unused0___interface_unused1 ...   Passed    0.01 sec
      Start 23: canopen_observer_invalid___duration_ms_0
23/48 Test #23: canopen_observer_invalid___duration_ms_0 ...........................   Passed    0.01 sec
      Start 24: canopen_observer_invalid___duration_ms_1___duration_ms_2
24/48 Test #24: canopen_observer_invalid___duration_ms_1___duration_ms_2 ...........   Passed    0.01 sec
      Start 25: control_diagnostics
25/48 Test #25: control_diagnostics ................................................   Passed    0.06 sec
      Start 26: control_hil_trace
26/48 Test #26: control_hil_trace ..................................................   Passed    0.02 sec
      Start 27: control_hil_motion_gate
27/48 Test #27: control_hil_motion_gate ............................................   Passed    0.01 sec
      Start 28: control_hil_zero_gate
28/48 Test #28: control_hil_zero_gate ..............................................   Passed    0.00 sec
      Start 29: control_hil_help
29/48 Test #29: control_hil_help ...................................................   Passed    0.00 sec
      Start 30: control_hil_zero_vcan_managed
30/48 Test #30: control_hil_zero_vcan_managed ......................................   Passed    8.13 sec
      Start 31: control_hil_stream_vcan_managed
31/48 Test #31: control_hil_stream_vcan_managed ....................................   Passed    9.72 sec
      Start 32: control_hil_motion_vcan_managed
32/48 Test #32: control_hil_motion_vcan_managed ....................................   Passed   86.60 sec
      Start 33: control_hil_window_vcan_managed
33/48 Test #33: control_hil_window_vcan_managed ....................................   Passed   16.06 sec
      Start 34: control_hil_startup_vcan_managed
34/48 Test #34: control_hil_startup_vcan_managed ...................................   Passed   15.35 sec
      Start 35: control_hil_recovery_vcan_managed
35/48 Test #35: control_hil_recovery_vcan_managed ..................................   Passed   60.59 sec
      Start 36: control_hil_uart_vcan_managed
36/48 Test #36: control_hil_uart_vcan_managed ......................................   Passed  116.16 sec
      Start 37: control_qualification_vcan_managed
37/48 Test #37: control_qualification_vcan_managed .................................   Passed    8.83 sec
      Start 38: domain_behavior_lock
38/48 Test #38: domain_behavior_lock ...............................................   Passed    0.01 sec
      Start 39: sbus_parser_contract
39/48 Test #39: sbus_parser_contract ...............................................   Passed    0.03 sec
      Start 40: canopen_stack_build
40/48 Test #40: canopen_stack_build ................................................   Passed    0.01 sec
      Start 41: canopen_vcan_managed
41/48 Test #41: canopen_vcan_managed ...............................................   Passed    0.64 sec
      Start 42: socketcan_frame_codec
42/48 Test #42: socketcan_frame_codec ..............................................   Passed    0.01 sec
      Start 43: socketcan_socket_lifecycle
43/48 Test #43: socketcan_socket_lifecycle .........................................   Passed    0.01 sec
      Start 44: socketcan_vcan_managed
44/48 Test #44: socketcan_vcan_managed .............................................   Passed    0.17 sec
      Start 45: linux_platform_integration
45/48 Test #45: linux_platform_integration .........................................   Passed    0.21 sec
      Start 46: sbus_reader_pty
46/48 Test #46: sbus_reader_pty ....................................................   Passed    0.12 sec
      Start 47: sbus_observer_cli
47/48 Test #47: sbus_observer_cli ..................................................   Passed    0.81 sec
      Start 48: sbus_source_archived_replay
48/48 Test #48: sbus_source_archived_replay ........................................   Passed    0.11 sec

100% tests passed, 0 tests failed out of 48

Total Test time (real) = 324.00 sec
