 (1789012893.334030)  can0  601   [8]  40 00 20 00 00 00 00 00
 (1789012893.334313)  can0  581   [8]  4B 00 20 00 00 00 00 00
 (1789012893.335982)  can0  601   [8]  40 17 10 00 00 00 00 00
 (1789012893.336299)  can0  581   [8]  4B 17 10 00 00 00 00 00
 (1789012893.337978)  can0  601   [8]  2B 17 10 00 F4 01 00 00
 (1789012893.338351)  can0  581   [8]  60 17 10 00 00 00 00 00
 (1789012893.339977)  can0  601   [8]  40 17 10 00 00 00 00 00
 (1789012893.340290)  can0  581   [8]  4B 17 10 00 F4 01 00 00
 (1789012893.587745)  can0  701   [1]  7F
 (1789012893.589991)  can0  601   [8]  40 60 60 00 00 00 00 00
 (1789012893.590306)  can0  581   [8]  4F 60 60 00 03 00 00 00
 (1789012893.591984)  can0  601   [8]  40 61 60 00 00 00 00 00
 (1789012893.592296)  can0  581   [8]  4F 61 60 00 03 00 00 00
 (1789012893.593980)  can0  601   [8]  40 FF 60 01 00 00 00 00
 (1789012893.594296)  can0  581   [8]  43 FF 60 01 00 00 00 00
 (1789012893.595981)  can0  601   [8]  40 FF 60 02 00 00 00 00
 (1789012893.596349)  can0  581   [8]  43 FF 60 02 00 00 00 00
 (1789012893.597982)  can0  601   [8]  40 3F 60 00 00 00 00 00
 (1789012893.598347)  can0  581   [8]  43 3F 60 00 00 00 00 00
 (1789012893.599983)  can0  601   [8]  40 6C 60 01 00 00 00 00
 (1789012893.600339)  can0  581   [8]  43 6C 60 01 00 00 00 00
 (1789012893.601980)  can0  601   [8]  40 6C 60 02 00 00 00 00
 (1789012893.602336)  can0  581   [8]  43 6C 60 02 00 00 00 00
 (1789012893.603980)  can0  601   [8]  40 6C 60 03 00 00 00 00
 (1789012893.604273)  can0  581   [8]  43 6C 60 03 00 00 00 00
 (1789012893.605985)  can0  601   [8]  40 0F 20 00 00 00 00 00
 (1789012893.606328)  can0  581   [8]  4B 0F 20 00 01 00 00 00
 (1789012893.607984)  can0  601   [8]  2B 0F 20 00 00 00 00 00
 (1789012893.608328)  can0  581   [8]  60 0F 20 00 00 00 00 00
 (1789012893.609984)  can0  601   [8]  40 0F 20 00 00 00 00 00
 (1789012893.610322)  can0  581   [8]  4B 0F 20 00 00 00 00 00
 (1789012893.611985)  can0  601   [8]  23 FF 60 01 00 00 00 00
 (1789012893.612318)  can0  581   [8]  60 FF 60 01 00 00 00 00
 (1789012893.613978)  can0  601   [8]  40 FF 60 01 00 00 00 00
 (1789012893.614312)  can0  581   [8]  43 FF 60 01 00 00 00 00
 (1789012893.615989)  can0  601   [8]  23 FF 60 02 00 00 00 00
 (1789012893.616310)  can0  581   [8]  60 FF 60 02 00 00 00 00
 (1789012893.617982)  can0  601   [8]  40 FF 60 02 00 00 00 00
 (1789012893.618248)  can0  581   [8]  43 FF 60 02 00 00 00 00
 (1789012893.619876)  can0  000   [2]  01 01
 (1789012893.620298)  can0  181   [8]  00 14 00 14 00 00 00 00
 (1789012893.620396)  can0  281   [0] 
 (1789012893.620497)  can0  381   [0] 
 (1789012893.620595)  can0  481   [0] 
 (1789012893.670314)  can0  181   [8]  00 14 00 14 00 00 00 00
 (1789012893.720328)  can0  181   [8]  00 14 00 14 00 00 00 00
 (1789012893.770344)  can0  181   [8]  00 14 00 14 00 00 00 00
 (1789012893.820358)  can0  181   [8]  00 14 00 14 00 00 00 00
 (1789012893.837318)  can0  701   [1]  05
 (1789012893.838983)  can0  601   [8]  2F 60 60 00 03 00 00 00
 (1789012893.839321)  can0  581   [8]  60 60 60 00 00 00 00 00
 (1789012893.840982)  can0  601   [8]  40 61 60 00 00 00 00 00
 (1789012893.841309)  can0  581   [8]  4F 61 60 00 03 00 00 00
 (1789012893.842987)  can0  601   [8]  2B 40 60 00 06 00 00 00
 (1789012893.843311)  can0  581   [8]  60 40 60 00 00 00 00 00
 (1789012893.870370)  can0  181   [8]  21 14 21 14 00 00 00 00
 (1789012893.871985)  can0  601   [8]  40 6C 60 01 00 00 00 00
 (1789012893.872304)  can0  581   [8]  43 6C 60 01 00 00 00 00
 (1789012893.873977)  can0  601   [8]  40 6C 60 02 00 00 00 00
 (1789012893.874299)  can0  581   [8]  43 6C 60 02 00 00 00 00
 (1789012893.875979)  can0  601   [8]  40 6C 60 03 00 00 00 00
 (1789012893.876293)  can0  581   [8]  43 6C 60 03 00 00 00 00
 (1789012893.877983)  can0  601   [8]  2B 40 60 00 07 00 00 00
 (1789012893.878350)  can0  581   [8]  60 40 60 00 00 00 00 00
 (1789012893.920376)  can0  181   [8]  23 14 23 14 00 00 00 00
 (1789012893.920986)  can0  601   [8]  40 6C 60 01 00 00 00 00
 (1789012893.921312)  can0  581   [8]  43 6C 60 01 00 00 00 00
 (1789012893.922978)  can0  601   [8]  40 6C 60 02 00 00 00 00
 (1789012893.923307)  can0  581   [8]  43 6C 60 02 00 00 00 00
 (1789012893.924979)  can0  601   [8]  40 6C 60 03 00 00 00 00
 (1789012893.925303)  can0  581   [8]  43 6C 60 03 00 00 00 00
 (1789012893.926981)  can0  601   [8]  2B 40 60 00 0F 00 00 00
 (1789012893.927306)  can0  581   [8]  60 40 60 00 00 00 00 00
 (1789012893.970330)  can0  181   [8]  27 14 27 14 00 00 00 00
 (1789012893.971981)  can0  601   [8]  40 6C 60 01 00 00 00 00
 (1789012893.972325)  can0  581   [8]  43 6C 60 01 00 00 00 00
 (1789012893.973977)  can0  601   [8]  40 6C 60 02 00 00 00 00
 (1789012893.974321)  can0  581   [8]  43 6C 60 02 00 00 00 00
 (1789012893.975978)  can0  601   [8]  40 6C 60 03 00 00 00 00
 (1789012893.976316)  can0  581   [8]  43 6C 60 03 00 00 00 00
 (1789012893.977984)  can0  601   [8]  2B 00 20 00 E8 03 00 00
 (1789012893.978265)  can0  581   [8]  60 00 20 00 00 00 00 00
 (1789012893.979980)  can0  601   [8]  40 00 20 00 00 00 00 00
 (1789012893.980308)  can0  581   [8]  4B 00 20 00 E8 03 00 00
 (1789012893.981984)  can0  601   [8]  23 FF 60 02 05 00 00 00
 (1789012893.982308)  can0  581   [8]  60 FF 60 02 00 00 00 00
 (1789012893.983980)  can0  601   [8]  40 FF 60 02 00 00 00 00
 (1789012893.984304)  can0  581   [8]  43 FF 60 02 05 00 00 00
 (1789012894.020287)  can0  181   [8]  27 14 27 44 00 00 00 00
 (1789012894.070238)  can0  181   [8]  27 14 27 44 00 00 00 00
 (1789012894.086826)  can0  701   [1]  05
 (1789012894.120189)  can0  181   [8]  27 14 27 44 00 00 00 00
 (1789012894.170138)  can0  181   [8]  27 14 27 44 00 00 00 00
 (1789012894.220092)  can0  181   [8]  27 14 27 44 00 00 00 00
 (1789012894.270305)  can0  181   [8]  27 14 27 44 00 00 00 00
 (1789012894.319996)  can0  181   [8]  27 14 27 44 00 00 00 00
 (1789012894.336399)  can0  701   [1]  05
 (1789012894.369949)  can0  181   [8]  27 14 27 44 00 00 00 00
 (1789012894.419901)  can0  181   [8]  27 14 27 44 00 00 00 00
 (1789012894.469853)  can0  181   [8]  27 14 27 44 00 00 00 00
 (1789012894.520060)  can0  181   [8]  27 14 27 14 00 00 00 00
 (1789012894.569755)  can0  181   [8]  27 14 27 14 00 00 00 00
 (1789012894.585913)  can0  701   [1]  05
 (1789012894.619709)  can0  181   [8]  27 14 27 14 00 00 00 00
 (1789012894.669660)  can0  181   [8]  27 14 27 14 00 00 00 00
 (1789012894.719613)  can0  181   [8]  27 14 27 14 00 00 00 00
 (1789012894.769566)  can0  181   [8]  27 14 27 14 00 00 00 00
 (1789012894.819518)  can0  181   [8]  27 14 27 14 00 00 00 00
 (1789012894.835488)  can0  701   [1]  05
 (1789012894.869470)  can0  181   [8]  27 14 27 14 00 00 00 00
 (1789012894.919426)  can0  181   [8]  27 14 27 14 00 00 00 00
 (1789012894.969375)  can0  181   [8]  27 14 27 14 00 00 00 00
 (1789012895.019327)  can0  181   [8]  27 14 27 14 00 00 00 00
 (1789012895.069281)  can0  181   [8]  27 14 27 14 00 00 00 00
 (1789012895.085008)  can0  701   [1]  05
 (1789012895.119234)  can0  181   [8]  27 14 27 14 00 00 00 00
 (1789012895.169186)  can0  181   [8]  27 14 27 14 00 00 00 00
 (1789012895.219139)  can0  181   [8]  27 14 27 14 00 00 00 00
 (1789012895.269090)  can0  181   [8]  27 14 27 14 00 00 00 00
 (1789012895.319042)  can0  181   [8]  27 14 27 14 00 00 00 00
 (1789012895.334581)  can0  701   [1]  05
 (1789012895.368994)  can0  181   [8]  27 14 27 14 00 00 00 00
 (1789012895.418949)  can0  181   [8]  27 14 27 14 00 00 00 00
 (1789012895.468901)  can0  181   [8]  27 14 27 14 00 00 00 00
 (1789012895.518853)  can0  181   [8]  27 14 27 14 00 00 00 00
 (1789012895.568806)  can0  181   [8]  27 14 27 14 00 00 00 00
 (1789012895.584090)  can0  701   [1]  05
 (1789012895.618758)  can0  181   [8]  27 14 27 14 00 00 00 00
 (1789012895.668710)  can0  181   [8]  27 14 27 14 00 00 00 00
 (1789012895.683988)  can0  601   [8]  40 6C 60 01 00 00 00 00
 (1789012895.684244)  can0  581   [8]  43 6C 60 01 00 00 00 00
 (1789012895.685977)  can0  601   [8]  40 6C 60 02 00 00 00 00
 (1789012895.686297)  can0  581   [8]  43 6C 60 02 00 00 00 00
 (1789012895.687977)  can0  601   [8]  40 6C 60 03 00 00 00 00
 (1789012895.688294)  can0  581   [8]  43 6C 60 03 00 00 00 00
 (1789012895.689984)  can0  601   [8]  23 FF 60 01 00 00 00 00
 (1789012895.690294)  can0  581   [8]  60 FF 60 01 00 00 00 00
 (1789012895.691925)  can0  601   [8]  40 FF 60 01 00 00 00 00
 (1789012895.692290)  can0  581   [8]  43 FF 60 01 00 00 00 00
 (1789012895.693987)  can0  601   [8]  23 FF 60 02 00 00 00 00
 (1789012895.694240)  can0  581   [8]  60 FF 60 02 00 00 00 00
 (1789012895.695978)  can0  601   [8]  40 FF 60 02 00 00 00 00
 (1789012895.696233)  can0  581   [8]  43 FF 60 02 00 00 00 00
 (1789012895.697925)  can0  601   [8]  2B 40 60 00 06 00 00 00
 (1789012895.698283)  can0  581   [8]  60 40 60 00 00 00 00 00
 (1789012895.718672)  can0  181   [8]  21 14 21 14 00 00 00 00
 (1789012895.720985)  can0  601   [8]  40 6C 60 01 00 00 00 00
 (1789012895.721296)  can0  581   [8]  43 6C 60 01 00 00 00 00
 (1789012895.722976)  can0  601   [8]  40 6C 60 02 00 00 00 00
 (1789012895.723285)  can0  581   [8]  43 6C 60 02 FD FF FF FF
 (1789012895.768684)  can0  181   [8]  21 14 21 14 00 00 00 00
 (1789012895.775979)  can0  601   [8]  40 6C 60 01 00 00 00 00
 (1789012895.776296)  can0  581   [8]  43 6C 60 01 00 00 00 00
 (1789012895.777975)  can0  601   [8]  40 6C 60 02 00 00 00 00
 (1789012895.778229)  can0  581   [8]  43 6C 60 02 E8 FF FF FF
 (1789012895.818708)  can0  181   [8]  21 14 21 14 00 00 00 00
 (1789012895.830978)  can0  601   [8]  40 6C 60 01 00 00 00 00
 (1789012895.831241)  can0  581   [8]  43 6C 60 01 00 00 00 00
 (1789012895.832974)  can0  601   [8]  40 6C 60 02 00 00 00 00
 (1789012895.833292)  can0  581   [8]  43 6C 60 02 E8 FF FF FF
 (1789012895.833670)  can0  701   [1]  05
 (1789012895.868714)  can0  181   [8]  21 14 21 14 00 00 00 00
 (1789012895.884983)  can0  601   [8]  40 6C 60 01 00 00 00 00
 (1789012895.885304)  can0  581   [8]  43 6C 60 01 00 00 00 00
 (1789012895.886977)  can0  601   [8]  40 6C 60 02 00 00 00 00
 (1789012895.887299)  can0  581   [8]  43 6C 60 02 00 00 00 00
 (1789012895.888977)  can0  601   [8]  40 6C 60 03 00 00 00 00
 (1789012895.889295)  can0  581   [8]  43 6C 60 03 00 00 00 00
 (1789012895.890872)  can0  000   [2]  80 01
 (1789012896.083184)  can0  701   [1]  7F
 (1789012896.084979)  can0  601   [8]  2B 0F 20 00 01 00 00 00
 (1789012896.085310)  can0  581   [8]  60 0F 20 00 00 00 00 00
 (1789012896.086980)  can0  601   [8]  40 0F 20 00 00 00 00 00
 (1789012896.087299)  can0  581   [8]  4B 0F 20 00 01 00 00 00
 (1789012896.088979)  can0  601   [8]  2B 17 10 00 00 00 00 00
 (1789012896.089299)  can0  581   [8]  60 17 10 00 00 00 00 00
 (1789012896.090974)  can0  601   [8]  40 17 10 00 00 00 00 00
 (1789012896.091291)  can0  581   [8]  4B 17 10 00 00 00 00 00
 (1789012896.092984)  can0  601   [8]  2B 00 20 00 00 00 00 00
 (1789012896.093355)  can0  581   [8]  60 00 20 00 00 00 00 00
 (1789012896.094980)  can0  601   [8]  40 00 20 00 00 00 00 00
 (1789012896.095348)  can0  581   [8]  4B 00 20 00 00 00 00 00
