 (1789097131.197412)  can0  601   [8]  40 17 10 00 00 00 00 00
 (1789097131.197710)  can0  581   [8]  4B 17 10 00 00 00 00 00
 (1789097131.199354)  can0  601   [8]  2B 17 10 00 F4 01 00 00
 (1789097131.199709)  can0  581   [8]  60 17 10 00 00 00 00 00
 (1789097131.201353)  can0  601   [8]  40 17 10 00 00 00 00 00
 (1789097131.201692)  can0  581   [8]  4B 17 10 00 F4 01 00 00
 (1789097131.449129)  can0  701   [1]  7F
 (1789097131.450362)  can0  601   [8]  40 00 18 01 00 00 00 00
 (1789097131.450633)  can0  581   [8]  43 00 18 01 81 01 00 00
 (1789097131.452355)  can0  601   [8]  40 00 18 02 00 00 00 00
 (1789097131.452627)  can0  581   [8]  4F 00 18 02 FF 00 00 00
 (1789097131.454355)  can0  601   [8]  40 00 18 05 00 00 00 00
 (1789097131.454641)  can0  581   [8]  4B 00 18 05 64 00 00 00
 (1789097131.456353)  can0  601   [8]  40 00 1A 00 00 00 00 00
 (1789097131.456674)  can0  581   [8]  4F 00 1A 00 02 00 00 00
 (1789097131.458352)  can0  601   [8]  40 00 1A 01 00 00 00 00
 (1789097131.458607)  can0  581   [8]  43 00 1A 01 20 00 41 60
 (1789097131.460298)  can0  601   [8]  40 00 1A 02 00 00 00 00
 (1789097131.460604)  can0  581   [8]  43 00 1A 02 20 03 6C 60
 (1789097131.462296)  can0  601   [8]  40 60 60 00 00 00 00 00
 (1789097131.462608)  can0  581   [8]  4F 60 60 00 03 00 00 00
 (1789097131.464294)  can0  601   [8]  40 61 60 00 00 00 00 00
 (1789097131.464651)  can0  581   [8]  4F 61 60 00 03 00 00 00
 (1789097131.466295)  can0  601   [8]  40 FF 60 01 00 00 00 00
 (1789097131.466655)  can0  581   [8]  43 FF 60 01 00 00 00 00
 (1789097131.468297)  can0  601   [8]  40 FF 60 02 00 00 00 00
 (1789097131.468652)  can0  581   [8]  43 FF 60 02 00 00 00 00
 (1789097131.470296)  can0  601   [8]  40 3F 60 00 00 00 00 00
 (1789097131.470645)  can0  581   [8]  43 3F 60 00 00 00 00 00
 (1789097131.472296)  can0  601   [8]  40 6C 60 01 00 00 00 00
 (1789097131.472636)  can0  581   [8]  43 6C 60 01 00 00 00 00
 (1789097131.474349)  can0  601   [8]  40 6C 60 02 00 00 00 00
 (1789097131.474633)  can0  581   [8]  43 6C 60 02 00 00 00 00
 (1789097131.476294)  can0  601   [8]  40 6C 60 03 00 00 00 00
 (1789097131.476628)  can0  581   [8]  43 6C 60 03 00 00 00 00
 (1789097131.478301)  can0  601   [8]  40 0F 20 00 00 00 00 00
 (1789097131.478625)  can0  581   [8]  4B 0F 20 00 01 00 00 00
 (1789097131.480299)  can0  601   [8]  2B 0F 20 00 00 00 00 00
 (1789097131.480624)  can0  581   [8]  60 0F 20 00 00 00 00 00
 (1789097131.482299)  can0  601   [8]  40 0F 20 00 00 00 00 00
 (1789097131.482617)  can0  581   [8]  4B 0F 20 00 00 00 00 00
 (1789097131.484359)  can0  601   [8]  23 FF 60 01 00 00 00 00
 (1789097131.484617)  can0  581   [8]  60 FF 60 01 00 00 00 00
 (1789097131.486350)  can0  601   [8]  40 FF 60 01 00 00 00 00
 (1789097131.486668)  can0  581   [8]  43 FF 60 01 00 00 00 00
 (1789097131.488360)  can0  601   [8]  23 FF 60 02 00 00 00 00
 (1789097131.488723)  can0  581   [8]  60 FF 60 02 00 00 00 00
 (1789097131.490354)  can0  601   [8]  40 FF 60 02 00 00 00 00
 (1789097131.490719)  can0  581   [8]  43 FF 60 02 00 00 00 00
 (1789097131.492190)  can0  000   [2]  01 01
 (1789097131.492586)  can0  181   [8]  21 14 21 14 00 00 00 00
 (1789097131.492689)  can0  281   [0] 
 (1789097131.492785)  can0  381   [0] 
 (1789097131.492884)  can0  481   [0] 
 (1789097131.542595)  can0  181   [8]  21 14 21 14 00 00 00 00
 (1789097131.592543)  can0  181   [8]  21 14 21 14 00 00 00 00
 (1789097131.642490)  can0  181   [8]  21 14 21 14 00 00 00 00
 (1789097131.692437)  can0  181   [8]  21 14 21 14 00 00 00 00
 (1789097131.698675)  can0  701   [1]  05
 (1789097131.700355)  can0  601   [8]  2F 60 60 00 03 00 00 00
 (1789097131.700620)  can0  581   [8]  60 60 60 00 00 00 00 00
 (1789097131.702351)  can0  601   [8]  40 61 60 00 00 00 00 00
 (1789097131.702607)  can0  581   [8]  4F 61 60 00 03 00 00 00
 (1789097131.704361)  can0  601   [8]  2B 40 60 00 06 00 00 00
 (1789097131.704724)  can0  581   [8]  60 40 60 00 00 00 00 00
 (1789097131.742384)  can0  181   [8]  21 14 21 14 00 00 00 00
 (1789097131.744356)  can0  601   [8]  40 6C 60 01 00 00 00 00
 (1789097131.744636)  can0  581   [8]  43 6C 60 01 00 00 00 00
 (1789097131.746293)  can0  601   [8]  40 6C 60 02 00 00 00 00
 (1789097131.746687)  can0  581   [8]  43 6C 60 02 00 00 00 00
 (1789097131.748351)  can0  601   [8]  40 6C 60 03 00 00 00 00
 (1789097131.748689)  can0  581   [8]  43 6C 60 03 00 00 00 00
 (1789097131.750354)  can0  601   [8]  2B 40 60 00 07 00 00 00
 (1789097131.750626)  can0  581   [8]  60 40 60 00 00 00 00 00
 (1789097131.792384)  can0  181   [8]  23 14 23 14 00 00 00 00
 (1789097131.794357)  can0  601   [8]  40 6C 60 01 00 00 00 00
 (1789097131.794636)  can0  581   [8]  43 6C 60 01 00 00 00 00
 (1789097131.796291)  can0  601   [8]  40 6C 60 02 00 00 00 00
 (1789097131.796689)  can0  581   [8]  43 6C 60 02 00 00 00 00
 (1789097131.798352)  can0  601   [8]  40 6C 60 03 00 00 00 00
 (1789097131.798626)  can0  581   [8]  43 6C 60 03 00 00 00 00
 (1789097131.800355)  can0  601   [8]  2B 40 60 00 0F 00 00 00
 (1789097131.800693)  can0  581   [8]  60 40 60 00 00 00 00 00
 (1789097131.842344)  can0  181   [8]  27 14 27 14 00 00 00 00
 (1789097131.844357)  can0  601   [8]  40 6C 60 01 00 00 00 00
 (1789097131.844704)  can0  581   [8]  43 6C 60 01 00 00 00 00
 (1789097131.846350)  can0  601   [8]  40 6C 60 02 00 00 00 00
 (1789097131.846699)  can0  581   [8]  43 6C 60 02 00 00 00 00
 (1789097131.848350)  can0  601   [8]  40 6C 60 03 00 00 00 00
 (1789097131.848694)  can0  581   [8]  43 6C 60 03 00 00 00 00
 (1789097131.850362)  can0  601   [8]  23 FF 60 02 05 00 00 00
 (1789097131.850636)  can0  581   [8]  60 FF 60 02 00 00 00 00
 (1789097131.852297)  can0  601   [8]  40 FF 60 02 00 00 00 00
 (1789097131.852630)  can0  581   [8]  43 FF 60 02 05 00 00 00
 (1789097131.892346)  can0  181   [8]  27 14 27 44 00 00 00 00
 (1789097131.942298)  can0  181   [8]  27 14 27 44 00 00 00 00
 (1789097131.948159)  can0  701   [1]  05
 (1789097131.992303)  can0  181   [8]  27 14 27 44 00 00 00 00
 (1789097132.042262)  can0  181   [8]  27 14 27 44 00 00 00 00
 (1789097132.092215)  can0  181   [8]  27 14 27 44 00 00 00 00
 (1789097132.142213)  can0  181   [8]  27 14 27 44 00 00 00 00
 (1789097132.192171)  can0  181   [8]  27 14 27 44 00 00 00 00
 (1789097132.197706)  can0  701   [1]  05
 (1789097132.242176)  can0  181   [8]  27 14 27 44 00 00 00 00
 (1789097132.292128)  can0  181   [8]  27 14 27 44 00 00 00 00
 (1789097132.342124)  can0  181   [8]  27 14 27 44 00 00 00 00
 (1789097132.392067)  can0  181   [8]  27 14 27 44 00 00 00 00
 (1789097132.441969)  can0  181   [8]  27 14 27 44 00 00 00 00
 (1789097132.447193)  can0  701   [1]  05
 (1789097132.491918)  can0  181   [8]  27 14 27 44 00 00 00 00
 (1789097132.541867)  can0  181   [8]  27 14 27 44 00 00 00 00
 (1789097132.591814)  can0  181   [8]  27 14 27 44 00 00 00 00
 (1789097132.641760)  can0  181   [8]  27 14 27 44 00 00 00 00
 (1789097132.691707)  can0  181   [8]  27 14 27 44 00 00 00 00
 (1789097132.696742)  can0  701   [1]  05
 (1789097132.741699)  can0  181   [8]  27 14 27 44 00 00 00 00
 (1789097132.791646)  can0  181   [8]  27 14 27 44 00 00 00 00
 (1789097132.841594)  can0  181   [8]  27 14 27 44 00 00 00 00
 (1789097132.891497)  can0  181   [8]  27 14 27 44 00 00 00 00
 (1789097132.941444)  can0  181   [8]  27 14 27 44 00 00 00 00
 (1789097132.946229)  can0  701   [1]  05
 (1789097132.991390)  can0  181   [8]  27 14 27 44 00 00 00 00
 (1789097133.041337)  can0  181   [8]  27 14 27 44 00 00 00 00
 (1789097133.091284)  can0  181   [8]  27 14 27 44 00 00 00 00
 (1789097133.141276)  can0  181   [8]  27 14 27 44 00 00 00 00
 (1789097133.191224)  can0  181   [8]  27 14 27 44 00 00 00 00
 (1789097133.195781)  can0  701   [1]  05
 (1789097133.241171)  can0  181   [8]  27 14 27 44 00 00 00 00
 (1789097133.291074)  can0  181   [8]  27 14 27 44 00 00 00 00
 (1789097133.341022)  can0  181   [8]  27 14 27 44 00 00 00 00
 (1789097133.390969)  can0  181   [8]  27 14 27 44 00 00 00 00
 (1789097133.440915)  can0  181   [8]  27 14 27 44 00 00 00 00
 (1789097133.445267)  can0  701   [1]  05
 (1789097133.490862)  can0  181   [8]  27 14 27 44 00 00 00 00
 (1789097133.540856)  can0  181   [8]  27 14 27 44 00 00 00 00
 (1789097133.590802)  can0  181   [8]  27 14 27 44 00 00 00 00
 (1789097133.640751)  can0  181   [8]  27 14 27 44 00 00 00 00
 (1789097133.690652)  can0  181   [8]  27 14 27 44 00 00 00 00
 (1789097133.694816)  can0  701   [1]  05
 (1789097133.740599)  can0  181   [8]  27 14 27 44 00 00 00 00
 (1789097133.790546)  can0  181   [8]  27 14 27 44 00 00 00 00
 (1789097133.840492)  can0  181   [8]  27 14 27 44 00 00 00 00
 (1789097133.890441)  can0  181   [8]  27 14 27 44 00 00 00 00
 (1789097133.940433)  can0  181   [8]  27 14 27 44 00 00 00 00
 (1789097133.944303)  can0  701   [1]  05
 (1789097133.990379)  can0  181   [8]  27 14 27 44 00 00 00 00
 (1789097134.040327)  can0  181   [8]  27 14 27 44 00 00 00 00
 (1789097134.090276)  can0  181   [8]  27 14 27 44 00 00 00 00
 (1789097134.140176)  can0  181   [8]  27 14 27 44 00 00 00 00
 (1789097134.190170)  can0  181   [8]  27 14 27 44 00 00 00 00
 (1789097134.193852)  can0  701   [1]  05
 (1789097134.240116)  can0  181   [8]  27 14 27 44 00 00 00 00
 (1789097134.290060)  can0  181   [8]  27 14 27 44 00 00 00 00
 (1789097134.340012)  can0  181   [8]  27 14 27 44 00 00 00 00
 (1789097134.389960)  can0  181   [8]  27 14 27 44 00 00 00 00
 (1789097134.439905)  can0  181   [8]  27 14 27 44 00 00 00 00
 (1789097134.443337)  can0  701   [1]  05
 (1789097134.489808)  can0  181   [8]  27 14 27 44 00 00 00 00
 (1789097134.539754)  can0  181   [8]  27 14 27 44 00 00 00 00
 (1789097134.589705)  can0  181   [8]  27 14 27 44 00 00 00 00
 (1789097134.639651)  can0  181   [8]  27 14 27 44 00 00 00 00
 (1789097134.689597)  can0  181   [8]  27 14 27 44 00 00 00 00
 (1789097134.692887)  can0  701   [1]  05
 (1789097134.739544)  can0  181   [8]  27 14 27 44 00 00 00 00
 (1789097134.789492)  can0  181   [8]  27 14 27 44 00 00 00 00
 (1789097134.839438)  can0  181   [8]  27 14 27 44 00 00 00 00
 (1789097134.851374)  can0  601   [8]  23 FF 60 02 00 00 00 00
 (1789097134.851706)  can0  581   [8]  60 FF 60 02 00 00 00 00
 (1789097134.853353)  can0  601   [8]  40 FF 60 02 00 00 00 00
 (1789097134.853703)  can0  581   [8]  43 FF 60 02 00 00 00 00
 (1789097134.855300)  can0  601   [8]  23 FF 60 01 00 00 00 00
 (1789097134.855639)  can0  581   [8]  60 FF 60 01 00 00 00 00
 (1789097134.857291)  can0  601   [8]  40 FF 60 01 00 00 00 00
 (1789097134.857635)  can0  581   [8]  43 FF 60 01 00 00 00 00
 (1789097134.859301)  can0  601   [8]  23 FF 60 02 00 00 00 00
 (1789097134.859630)  can0  581   [8]  60 FF 60 02 00 00 00 00
 (1789097134.861293)  can0  601   [8]  40 FF 60 02 00 00 00 00
 (1789097134.861626)  can0  581   [8]  43 FF 60 02 00 00 00 00
 (1789097134.863355)  can0  601   [8]  2B 40 60 00 06 00 00 00
 (1789097134.863622)  can0  581   [8]  60 40 60 00 00 00 00 00
 (1789097134.889437)  can0  181   [8]  21 14 21 14 00 00 00 00
 (1789097134.891359)  can0  601   [8]  40 6C 60 01 00 00 00 00
 (1789097134.891683)  can0  581   [8]  43 6C 60 01 00 00 00 00
 (1789097134.893349)  can0  601   [8]  40 6C 60 02 00 00 00 00
 (1789097134.893673)  can0  581   [8]  43 6C 60 02 29 00 00 00
 (1789097134.939383)  can0  181   [8]  21 14 21 14 00 00 00 00
 (1789097134.942380)  can0  701   [1]  05
 (1789097134.946355)  can0  601   [8]  40 6C 60 01 00 00 00 00
 (1789097134.946678)  can0  581   [8]  43 6C 60 01 00 00 00 00
 (1789097134.948350)  can0  601   [8]  40 6C 60 02 00 00 00 00
 (1789097134.948671)  can0  581   [8]  43 6C 60 02 F4 FF FF FF
 (1789097134.989330)  can0  181   [8]  21 14 21 14 00 00 00 00
 (1789097135.001353)  can0  601   [8]  40 6C 60 01 00 00 00 00
 (1789097135.001676)  can0  581   [8]  43 6C 60 01 00 00 00 00
 (1789097135.003354)  can0  601   [8]  40 6C 60 02 00 00 00 00
 (1789097135.003674)  can0  581   [8]  43 6C 60 02 01 00 00 00
 (1789097135.039277)  can0  181   [8]  21 14 21 14 00 00 00 00
 (1789097135.056351)  can0  601   [8]  40 6C 60 01 00 00 00 00
 (1789097135.056675)  can0  581   [8]  43 6C 60 01 00 00 00 00
 (1789097135.058347)  can0  601   [8]  40 6C 60 02 00 00 00 00
 (1789097135.058671)  can0  581   [8]  43 6C 60 02 00 00 00 00
 (1789097135.060350)  can0  601   [8]  40 6C 60 03 00 00 00 00
 (1789097135.060664)  can0  581   [8]  43 6C 60 03 00 00 00 00
 (1789097135.062246)  can0  000   [2]  80 01
 (1789097135.191927)  can0  701   [1]  7F
 (1789097135.193356)  can0  601   [8]  2B 0F 20 00 01 00 00 00
 (1789097135.193678)  can0  581   [8]  60 0F 20 00 00 00 00 00
 (1789097135.195351)  can0  601   [8]  40 0F 20 00 00 00 00 00
 (1789097135.195668)  can0  581   [8]  4B 0F 20 00 01 00 00 00
 (1789097135.197351)  can0  601   [8]  2B 17 10 00 00 00 00 00
 (1789097135.197668)  can0  581   [8]  60 17 10 00 00 00 00 00
 (1789097135.199348)  can0  601   [8]  40 17 10 00 00 00 00 00
 (1789097135.199659)  can0  581   [8]  4B 17 10 00 00 00 00 00
