 (1789122017.946653)  can0  601   [8]  40 00 20 00 00 00 00 00
 (1789122017.947011)  can0  581   [8]  4B 00 20 00 00 00 00 00
 (1789122017.948595)  can0  601   [8]  40 17 10 00 00 00 00 00
 (1789122017.948939)  can0  581   [8]  4B 17 10 00 00 00 00 00
 (1789122017.950589)  can0  601   [8]  2B 17 10 00 F4 01 00 00
 (1789122017.950940)  can0  581   [8]  60 17 10 00 00 00 00 00
 (1789122017.952586)  can0  601   [8]  40 17 10 00 00 00 00 00
 (1789122017.952870)  can0  581   [8]  4B 17 10 00 F4 01 00 00
 (1789122018.200365)  can0  701   [1]  7F
 (1789122018.201607)  can0  601   [8]  40 00 18 01 00 00 00 00
 (1789122018.201921)  can0  581   [8]  43 00 18 01 81 01 00 00
 (1789122018.203594)  can0  601   [8]  40 00 18 02 00 00 00 00
 (1789122018.203861)  can0  581   [8]  4F 00 18 02 FF 00 00 00
 (1789122018.205591)  can0  601   [8]  40 00 18 05 00 00 00 00
 (1789122018.205857)  can0  581   [8]  4B 00 18 05 64 00 00 00
 (1789122018.207592)  can0  601   [8]  40 00 1A 00 00 00 00 00
 (1789122018.207912)  can0  581   [8]  4F 00 1A 00 02 00 00 00
 (1789122018.209591)  can0  601   [8]  40 00 1A 01 00 00 00 00
 (1789122018.209900)  can0  581   [8]  43 00 1A 01 20 00 41 60
 (1789122018.211595)  can0  601   [8]  40 00 1A 02 00 00 00 00
 (1789122018.211951)  can0  581   [8]  43 00 1A 02 20 03 6C 60
 (1789122018.213593)  can0  601   [8]  40 60 60 00 00 00 00 00
 (1789122018.213898)  can0  581   [8]  4F 60 60 00 03 00 00 00
 (1789122018.215592)  can0  601   [8]  40 61 60 00 00 00 00 00
 (1789122018.215952)  can0  581   [8]  4F 61 60 00 03 00 00 00
 (1789122018.217590)  can0  601   [8]  40 FF 60 01 00 00 00 00
 (1789122018.217951)  can0  581   [8]  43 FF 60 01 00 00 00 00
 (1789122018.219535)  can0  601   [8]  40 FF 60 02 00 00 00 00
 (1789122018.219890)  can0  581   [8]  43 FF 60 02 00 00 00 00
 (1789122018.221594)  can0  601   [8]  40 3F 60 00 00 00 00 00
 (1789122018.221941)  can0  581   [8]  43 3F 60 00 00 00 00 00
 (1789122018.223596)  can0  601   [8]  40 6C 60 01 00 00 00 00
 (1789122018.223933)  can0  581   [8]  43 6C 60 01 00 00 00 00
 (1789122018.225589)  can0  601   [8]  40 6C 60 02 00 00 00 00
 (1789122018.225925)  can0  581   [8]  43 6C 60 02 00 00 00 00
 (1789122018.227588)  can0  601   [8]  40 6C 60 03 00 00 00 00
 (1789122018.227923)  can0  581   [8]  43 6C 60 03 00 00 00 00
 (1789122018.229594)  can0  601   [8]  40 0F 20 00 00 00 00 00
 (1789122018.229921)  can0  581   [8]  4B 0F 20 00 01 00 00 00
 (1789122018.231600)  can0  601   [8]  23 FF 60 03 00 00 00 00
 (1789122018.231863)  can0  581   [8]  60 FF 60 03 00 00 00 00
 (1789122018.233543)  can0  601   [8]  40 FF 60 03 00 00 00 00
 (1789122018.233856)  can0  581   [8]  43 FF 60 03 00 00 00 00
 (1789122018.235595)  can0  601   [8]  23 FF 60 03 00 00 00 00
 (1789122018.235913)  can0  581   [8]  60 FF 60 03 00 00 00 00
 (1789122018.237589)  can0  601   [8]  40 FF 60 03 00 00 00 00
 (1789122018.237906)  can0  581   [8]  43 FF 60 03 00 00 00 00
 (1789122018.239428)  can0  000   [2]  01 01
 (1789122018.239835)  can0  181   [8]  21 14 21 14 00 00 00 00
 (1789122018.239936)  can0  281   [0] 
 (1789122018.240035)  can0  381   [0] 
 (1789122018.240132)  can0  481   [0] 
 (1789122018.289842)  can0  181   [8]  21 14 21 14 00 00 00 00
 (1789122018.339851)  can0  181   [8]  21 14 21 14 00 00 00 00
 (1789122018.389864)  can0  181   [8]  21 14 21 14 00 00 00 00
 (1789122018.439873)  can0  181   [8]  21 14 21 14 00 00 00 00
 (1789122018.449915)  can0  701   [1]  05
 (1789122018.451596)  can0  601   [8]  2F 60 60 00 03 00 00 00
 (1789122018.451918)  can0  581   [8]  60 60 60 00 00 00 00 00
 (1789122018.453591)  can0  601   [8]  40 61 60 00 00 00 00 00
 (1789122018.453904)  can0  581   [8]  4F 61 60 00 03 00 00 00
 (1789122018.455598)  can0  601   [8]  2B 40 60 00 06 00 00 00
 (1789122018.455963)  can0  581   [8]  60 40 60 00 00 00 00 00
 (1789122018.489885)  can0  181   [8]  21 14 21 14 00 00 00 00
 (1789122018.491599)  can0  601   [8]  40 6C 60 01 00 00 00 00
 (1789122018.491941)  can0  581   [8]  43 6C 60 01 00 00 00 00
 (1789122018.493593)  can0  601   [8]  40 6C 60 02 00 00 00 00
 (1789122018.493880)  can0  581   [8]  43 6C 60 02 00 00 00 00
 (1789122018.495590)  can0  601   [8]  40 6C 60 03 00 00 00 00
 (1789122018.495933)  can0  581   [8]  43 6C 60 03 00 00 00 00
 (1789122018.497594)  can0  601   [8]  2B 40 60 00 07 00 00 00
 (1789122018.497935)  can0  581   [8]  60 40 60 00 00 00 00 00
 (1789122018.539886)  can0  181   [8]  23 14 23 14 00 00 00 00
 (1789122018.541596)  can0  601   [8]  40 6C 60 01 00 00 00 00
 (1789122018.541949)  can0  581   [8]  43 6C 60 01 00 00 00 00
 (1789122018.543589)  can0  601   [8]  40 6C 60 02 00 00 00 00
 (1789122018.543884)  can0  581   [8]  43 6C 60 02 00 00 00 00
 (1789122018.545590)  can0  601   [8]  40 6C 60 03 00 00 00 00
 (1789122018.545936)  can0  581   [8]  43 6C 60 03 00 00 00 00
 (1789122018.547591)  can0  601   [8]  2B 40 60 00 0F 00 00 00
 (1789122018.547937)  can0  581   [8]  60 40 60 00 00 00 00 00
 (1789122018.589845)  can0  181   [8]  27 14 27 14 00 00 00 00
 (1789122018.591595)  can0  601   [8]  40 6C 60 01 00 00 00 00
 (1789122018.591901)  can0  581   [8]  43 6C 60 01 00 00 00 00
 (1789122018.593533)  can0  601   [8]  40 6C 60 02 00 00 00 00
 (1789122018.593840)  can0  581   [8]  43 6C 60 02 00 00 00 00
 (1789122018.595591)  can0  601   [8]  40 6C 60 03 00 00 00 00
 (1789122018.595897)  can0  581   [8]  43 6C 60 03 00 00 00 00
 (1789122018.597593)  can0  601   [8]  2B 00 20 00 E8 03 00 00
 (1789122018.597951)  can0  581   [8]  60 00 20 00 00 00 00 00
 (1789122018.599591)  can0  601   [8]  40 00 20 00 00 00 00 00
 (1789122018.599937)  can0  581   [8]  4B 00 20 00 E8 03 00 00
 (1789122018.601598)  can0  601   [8]  23 FF 60 03 00 00 05 00
 (1789122018.601939)  can0  581   [8]  60 FF 60 03 00 00 00 00
 (1789122018.603590)  can0  601   [8]  40 FF 60 03 00 00 00 00
 (1789122018.603875)  can0  581   [8]  43 FF 60 03 00 00 05 00
 (1789122018.639840)  can0  181   [8]  27 14 27 44 00 00 0D 00
 (1789122018.689792)  can0  181   [8]  27 14 27 44 00 00 2D 00
 (1789122018.699401)  can0  701   [1]  05
 (1789122018.739801)  can0  181   [8]  27 14 27 44 00 00 30 00
 (1789122018.789759)  can0  181   [8]  27 14 27 44 00 00 35 00
 (1789122018.802600)  can0  601   [8]  40 6C 60 01 00 00 00 00
 (1789122018.802907)  can0  581   [8]  43 6C 60 01 00 00 00 00
 (1789122018.804590)  can0  601   [8]  40 6C 60 02 00 00 00 00
 (1789122018.804900)  can0  581   [8]  43 6C 60 02 35 00 00 00
 (1789122018.817588)  can0  601   [8]  40 6C 60 02 00 00 00 00
 (1789122018.817932)  can0  581   [8]  43 6C 60 02 33 00 00 00
 (1789122018.839756)  can0  181   [8]  27 14 27 44 00 00 2F 00
 (1789122018.874592)  can0  601   [8]  40 6C 60 02 00 00 00 00
 (1789122018.874927)  can0  581   [8]  43 6C 60 02 31 00 00 00
 (1789122018.889712)  can0  181   [8]  27 14 27 44 00 00 33 00
 (1789122018.931591)  can0  601   [8]  40 6C 60 02 00 00 00 00
 (1789122018.931920)  can0  581   [8]  43 6C 60 02 2E 00 00 00
 (1789122018.939715)  can0  181   [8]  27 14 27 44 00 00 2E 00
 (1789122018.948952)  can0  701   [1]  05
 (1789122018.988595)  can0  601   [8]  40 6C 60 02 00 00 00 00
 (1789122018.988912)  can0  581   [8]  43 6C 60 02 32 00 00 00
 (1789122018.989673)  can0  181   [8]  27 14 27 44 00 00 33 00
 (1789122019.039672)  can0  181   [8]  27 14 27 44 00 00 34 00
 (1789122019.044594)  can0  601   [8]  40 6C 60 02 00 00 00 00
 (1789122019.044911)  can0  581   [8]  43 6C 60 02 33 00 00 00
 (1789122019.089624)  can0  181   [8]  27 14 27 44 00 00 2D 00
 (1789122019.100594)  can0  601   [8]  40 6C 60 02 00 00 00 00
 (1789122019.100910)  can0  581   [8]  43 6C 60 02 2E 00 00 00
 (1789122019.139634)  can0  181   [8]  27 14 27 44 00 00 30 00
 (1789122019.157590)  can0  601   [8]  40 6C 60 02 00 00 00 00
 (1789122019.157905)  can0  581   [8]  43 6C 60 02 32 00 00 00
 (1789122019.189643)  can0  181   [8]  27 14 27 44 00 00 35 00
 (1789122019.198445)  can0  701   [1]  05
 (1789122019.214590)  can0  601   [8]  40 6C 60 02 00 00 00 00
 (1789122019.214896)  can0  581   [8]  43 6C 60 02 36 00 00 00
 (1789122019.239651)  can0  181   [8]  27 14 27 44 00 00 31 00
 (1789122019.271594)  can0  601   [8]  40 6C 60 02 00 00 00 00
 (1789122019.271898)  can0  581   [8]  43 6C 60 02 30 00 00 00
 (1789122019.289609)  can0  181   [8]  27 14 27 44 00 00 33 00
 (1789122019.328589)  can0  601   [8]  40 6C 60 02 00 00 00 00
 (1789122019.328893)  can0  581   [8]  43 6C 60 02 2F 00 00 00
 (1789122019.339608)  can0  181   [8]  27 14 27 44 00 00 2D 00
 (1789122019.385590)  can0  601   [8]  40 6C 60 02 00 00 00 00
 (1789122019.385895)  can0  581   [8]  43 6C 60 02 32 00 00 00
 (1789122019.389562)  can0  181   [8]  27 14 27 44 00 00 32 00
 (1789122019.439567)  can0  181   [8]  27 14 27 44 00 00 34 00
 (1789122019.442591)  can0  601   [8]  40 6C 60 02 00 00 00 00
 (1789122019.442938)  can0  581   [8]  43 6C 60 02 34 00 00 00
 (1789122019.447993)  can0  701   [1]  05
 (1789122019.489528)  can0  181   [8]  27 14 27 44 00 00 2D 00
 (1789122019.499589)  can0  601   [8]  40 6C 60 02 00 00 00 00
 (1789122019.499873)  can0  581   [8]  43 6C 60 02 2E 00 00 00
 (1789122019.539527)  can0  181   [8]  27 14 27 44 00 00 30 00
 (1789122019.556591)  can0  601   [8]  40 6C 60 02 00 00 00 00
 (1789122019.556923)  can0  581   [8]  43 6C 60 02 31 00 00 00
 (1789122019.589480)  can0  181   [8]  27 14 27 44 00 00 35 00
 (1789122019.613590)  can0  601   [8]  40 6C 60 02 00 00 00 00
 (1789122019.613917)  can0  581   [8]  43 6C 60 02 36 00 00 00
 (1789122019.639419)  can0  181   [8]  27 14 27 44 00 00 31 00
 (1789122019.670591)  can0  601   [8]  40 6C 60 02 00 00 00 00
 (1789122019.670913)  can0  581   [8]  43 6C 60 02 30 00 00 00
 (1789122019.689368)  can0  181   [8]  27 14 27 44 00 00 33 00
 (1789122019.697486)  can0  701   [1]  05
 (1789122019.727592)  can0  601   [8]  40 6C 60 02 00 00 00 00
 (1789122019.727905)  can0  581   [8]  43 6C 60 02 31 00 00 00
 (1789122019.739317)  can0  181   [8]  27 14 27 44 00 00 2E 00
 (1789122019.783590)  can0  601   [8]  40 6C 60 02 00 00 00 00
 (1789122019.783901)  can0  581   [8]  43 6C 60 02 2F 00 00 00
 (1789122019.789265)  can0  181   [8]  27 14 27 44 00 00 30 00
 (1789122019.839212)  can0  181   [8]  27 14 27 44 00 00 34 00
 (1789122019.840591)  can0  601   [8]  40 6C 60 02 00 00 00 00
 (1789122019.840898)  can0  581   [8]  43 6C 60 02 34 00 00 00
 (1789122019.889163)  can0  181   [8]  27 14 27 44 00 00 2D 00
 (1789122019.897589)  can0  601   [8]  40 6C 60 02 00 00 00 00
 (1789122019.897894)  can0  581   [8]  43 6C 60 02 2E 00 00 00
 (1789122019.939172)  can0  181   [8]  27 14 27 44 00 00 30 00
 (1789122019.947040)  can0  701   [1]  05
 (1789122019.954591)  can0  601   [8]  40 6C 60 02 00 00 00 00
 (1789122019.954894)  can0  581   [8]  43 6C 60 02 30 00 00 00
 (1789122019.989130)  can0  181   [8]  27 14 27 44 00 00 35 00
 (1789122020.010592)  can0  601   [8]  40 6C 60 02 00 00 00 00
 (1789122020.010896)  can0  581   [8]  43 6C 60 02 37 00 00 00
 (1789122020.039129)  can0  181   [8]  27 14 27 44 00 00 34 00
 (1789122020.067591)  can0  601   [8]  40 6C 60 02 00 00 00 00
 (1789122020.067937)  can0  581   [8]  43 6C 60 02 2F 00 00 00
 (1789122020.089088)  can0  181   [8]  27 14 27 44 00 00 30 00
 (1789122020.124590)  can0  601   [8]  40 6C 60 02 00 00 00 00
 (1789122020.124933)  can0  581   [8]  43 6C 60 02 33 00 00 00
 (1789122020.139083)  can0  181   [8]  27 14 27 44 00 00 31 00
 (1789122020.181589)  can0  601   [8]  40 6C 60 02 00 00 00 00
 (1789122020.181926)  can0  581   [8]  43 6C 60 02 2F 00 00 00
 (1789122020.189048)  can0  181   [8]  27 14 27 44 00 00 30 00
 (1789122020.196525)  can0  701   [1]  05
 (1789122020.238591)  can0  601   [8]  40 6C 60 02 00 00 00 00
 (1789122020.238920)  can0  581   [8]  43 6C 60 02 33 00 00 00
 (1789122020.239157)  can0  181   [8]  27 14 27 44 00 00 33 00
 (1789122020.288995)  can0  181   [8]  27 14 27 44 00 00 2D 00
 (1789122020.295595)  can0  601   [8]  40 6C 60 02 00 00 00 00
 (1789122020.295913)  can0  581   [8]  43 6C 60 02 2D 00 00 00
 (1789122020.338944)  can0  181   [8]  27 14 27 44 00 00 30 00
 (1789122020.352592)  can0  601   [8]  40 6C 60 02 00 00 00 00
 (1789122020.352852)  can0  581   [8]  43 6C 60 02 30 00 00 00
 (1789122020.388889)  can0  181   [8]  27 14 27 44 00 00 34 00
 (1789122020.409592)  can0  601   [8]  40 6C 60 02 00 00 00 00
 (1789122020.409845)  can0  581   [8]  43 6C 60 02 36 00 00 00
 (1789122020.438839)  can0  181   [8]  27 14 27 44 00 00 34 00
 (1789122020.446078)  can0  701   [1]  05
 (1789122020.466592)  can0  601   [8]  40 6C 60 02 00 00 00 00
 (1789122020.466897)  can0  581   [8]  43 6C 60 02 30 00 00 00
 (1789122020.488786)  can0  181   [8]  27 14 27 44 00 00 30 00
 (1789122020.523592)  can0  601   [8]  40 6C 60 02 00 00 00 00
 (1789122020.523836)  can0  581   [8]  43 6C 60 02 34 00 00 00
 (1789122020.538728)  can0  181   [8]  27 14 27 44 00 00 31 00
 (1789122020.580590)  can0  601   [8]  40 6C 60 02 00 00 00 00
 (1789122020.580895)  can0  581   [8]  43 6C 60 02 2D 00 00 00
 (1789122020.588679)  can0  181   [8]  27 14 27 44 00 00 2F 00
 (1789122020.637591)  can0  601   [8]  40 6C 60 02 00 00 00 00
 (1789122020.637895)  can0  581   [8]  43 6C 60 02 34 00 00 00
 (1789122020.638627)  can0  181   [8]  27 14 27 44 00 00 34 00
 (1789122020.688576)  can0  181   [8]  27 14 27 44 00 00 2C 00
 (1789122020.693591)  can0  601   [8]  40 6C 60 02 00 00 00 00
 (1789122020.693943)  can0  581   [8]  43 6C 60 02 2C 00 00 00
 (1789122020.695568)  can0  701   [1]  05
 (1789122020.738528)  can0  181   [8]  27 14 27 44 00 00 30 00
 (1789122020.749591)  can0  601   [8]  40 6C 60 02 00 00 00 00
 (1789122020.749935)  can0  581   [8]  43 6C 60 02 30 00 00 00
 (1789122020.788469)  can0  181   [8]  27 14 27 44 00 00 33 00
 (1789122020.806596)  can0  601   [8]  40 6C 60 02 00 00 00 00
 (1789122020.806873)  can0  581   [8]  43 6C 60 02 34 00 00 00
 (1789122020.838421)  can0  181   [8]  27 14 27 44 00 00 35 00
 (1789122020.863591)  can0  601   [8]  40 6C 60 02 00 00 00 00
 (1789122020.863924)  can0  581   [8]  43 6C 60 02 31 00 00 00
 (1789122020.888366)  can0  181   [8]  27 14 27 44 00 00 31 00
 (1789122020.920590)  can0  601   [8]  40 6C 60 02 00 00 00 00
 (1789122020.920918)  can0  581   [8]  43 6C 60 02 35 00 00 00
 (1789122020.938314)  can0  181   [8]  27 14 27 44 00 00 32 00
 (1789122020.945119)  can0  701   [1]  05
 (1789122020.977594)  can0  601   [8]  40 6C 60 02 00 00 00 00
 (1789122020.977914)  can0  581   [8]  43 6C 60 02 2C 00 00 00
 (1789122020.988262)  can0  181   [8]  27 14 27 44 00 00 2E 00
 (1789122021.034592)  can0  601   [8]  40 6C 60 02 00 00 00 00
 (1789122021.034905)  can0  581   [8]  43 6C 60 02 34 00 00 00
 (1789122021.038212)  can0  181   [8]  27 14 27 44 00 00 34 00
 (1789122021.088156)  can0  181   [8]  27 14 27 44 00 00 2D 00
 (1789122021.091592)  can0  601   [8]  40 6C 60 02 00 00 00 00
 (1789122021.091905)  can0  581   [8]  43 6C 60 02 2C 00 00 00
 (1789122021.138104)  can0  181   [8]  27 14 27 44 00 00 2F 00
 (1789122021.148591)  can0  601   [8]  40 6C 60 02 00 00 00 00
 (1789122021.148894)  can0  581   [8]  43 6C 60 02 30 00 00 00
 (1789122021.188053)  can0  181   [8]  27 14 27 44 00 00 33 00
 (1789122021.194608)  can0  701   [1]  05
 (1789122021.205589)  can0  601   [8]  40 6C 60 02 00 00 00 00
 (1789122021.205894)  can0  581   [8]  43 6C 60 02 34 00 00 00
 (1789122021.238002)  can0  181   [8]  27 14 27 44 00 00 34 00
 (1789122021.262593)  can0  601   [8]  40 6C 60 02 00 00 00 00
 (1789122021.262896)  can0  581   [8]  43 6C 60 02 31 00 00 00
 (1789122021.287948)  can0  181   [8]  27 14 27 44 00 00 31 00
 (1789122021.319592)  can0  601   [8]  40 6C 60 02 00 00 00 00
 (1789122021.319939)  can0  581   [8]  43 6C 60 02 35 00 00 00
 (1789122021.337896)  can0  181   [8]  27 14 27 44 00 00 34 00
 (1789122021.376593)  can0  601   [8]  40 6C 60 02 00 00 00 00
 (1789122021.376877)  can0  581   [8]  43 6C 60 02 2A 00 00 00
 (1789122021.387843)  can0  181   [8]  27 14 27 44 00 00 2B 00
 (1789122021.433592)  can0  601   [8]  40 6C 60 02 00 00 00 00
 (1789122021.433868)  can0  581   [8]  43 6C 60 02 33 00 00 00
 (1789122021.437791)  can0  181   [8]  27 14 27 44 00 00 33 00
 (1789122021.444108)  can0  701   [1]  05
 (1789122021.487742)  can0  181   [8]  27 14 27 44 00 00 2F 00
 (1789122021.490597)  can0  601   [8]  40 6C 60 02 00 00 00 00
 (1789122021.490922)  can0  581   [8]  43 6C 60 02 2E 00 00 00
 (1789122021.514607)  can0  601   [8]  23 FF 60 03 00 00 00 00
 (1789122021.514938)  can0  581   [8]  60 FF 60 03 00 00 00 00
 (1789122021.516588)  can0  601   [8]  40 FF 60 03 00 00 00 00
 (1789122021.516931)  can0  581   [8]  43 FF 60 03 00 00 00 00
 (1789122021.518593)  can0  601   [8]  23 FF 60 03 00 00 00 00
 (1789122021.518928)  can0  581   [8]  60 FF 60 03 00 00 00 00
 (1789122021.520586)  can0  601   [8]  40 FF 60 03 00 00 00 00
 (1789122021.520922)  can0  581   [8]  43 FF 60 03 00 00 00 00
 (1789122021.522598)  can0  601   [8]  2B 40 60 00 06 00 00 00
 (1789122021.522921)  can0  581   [8]  60 40 60 00 00 00 00 00
 (1789122021.537698)  can0  181   [8]  21 14 21 14 00 00 29 00
 (1789122021.587705)  can0  181   [8]  21 14 21 14 00 00 D7 FF
 (1789122021.637722)  can0  181   [8]  21 14 21 14 00 00 F1 FF
 (1789122021.687667)  can0  181   [8]  21 14 21 14 00 00 06 00
 (1789122021.693654)  can0  701   [1]  05
 (1789122021.737677)  can0  181   [8]  21 14 21 14 00 00 FE FF
 (1789122021.787687)  can0  181   [8]  21 14 21 14 00 00 FF FF
 (1789122021.837700)  can0  181   [8]  21 14 21 14 00 00 FF FF
 (1789122021.887708)  can0  181   [8]  21 14 21 14 00 00 00 00
 (1789122021.888599)  can0  601   [8]  40 6C 60 01 00 00 00 00
 (1789122021.888956)  can0  581   [8]  43 6C 60 01 00 00 00 00
 (1789122021.890587)  can0  601   [8]  40 6C 60 02 00 00 00 00
 (1789122021.890948)  can0  581   [8]  43 6C 60 02 00 00 00 00
 (1789122021.892589)  can0  601   [8]  40 6C 60 03 00 00 00 00
 (1789122021.892947)  can0  581   [8]  43 6C 60 03 00 00 00 00
 (1789122021.894487)  can0  000   [2]  80 01
 (1789122021.943208)  can0  701   [1]  7F
 (1789122021.944596)  can0  601   [8]  2B 17 10 00 00 00 00 00
 (1789122021.944958)  can0  581   [8]  60 17 10 00 00 00 00 00
 (1789122021.946589)  can0  601   [8]  40 17 10 00 00 00 00 00
 (1789122021.946951)  can0  581   [8]  4B 17 10 00 00 00 00 00
 (1789122021.948597)  can0  601   [8]  2B 00 20 00 00 00 00 00
 (1789122021.948955)  can0  581   [8]  60 00 20 00 00 00 00 00
 (1789122021.950590)  can0  601   [8]  40 00 20 00 00 00 00 00
 (1789122021.950943)  can0  581   [8]  4B 00 20 00 00 00 00 00
