 (1789103193.175021)  can0  601   [8]  40 17 10 00 00 00 00 00
 (1789103193.175325)  can0  581   [8]  4B 17 10 00 00 00 00 00
 (1789103193.176832)  can0  601   [8]  2B 17 10 00 F4 01 00 00
 (1789103193.177194)  can0  581   [8]  60 17 10 00 00 00 00 00
 (1789103193.178816)  can0  601   [8]  40 17 10 00 00 00 00 00
 (1789103193.179124)  can0  581   [8]  4B 17 10 00 F4 01 00 00
 (1789103193.426577)  can0  701   [1]  7F
 (1789103193.428821)  can0  601   [8]  40 00 18 01 00 00 00 00
 (1789103193.429131)  can0  581   [8]  43 00 18 01 81 01 00 00
 (1789103193.430819)  can0  601   [8]  40 00 18 02 00 00 00 00
 (1789103193.431129)  can0  581   [8]  4F 00 18 02 FF 00 00 00
 (1789103193.432817)  can0  601   [8]  40 00 18 05 00 00 00 00
 (1789103193.433175)  can0  581   [8]  4B 00 18 05 64 00 00 00
 (1789103193.434819)  can0  601   [8]  40 00 1A 00 00 00 00 00
 (1789103193.435179)  can0  581   [8]  4F 00 1A 00 02 00 00 00
 (1789103193.436816)  can0  601   [8]  40 00 1A 01 00 00 00 00
 (1789103193.437167)  can0  581   [8]  43 00 1A 01 20 00 41 60
 (1789103193.438820)  can0  601   [8]  40 00 1A 02 00 00 00 00
 (1789103193.439160)  can0  581   [8]  43 00 1A 02 20 03 6C 60
 (1789103193.440820)  can0  601   [8]  40 60 60 00 00 00 00 00
 (1789103193.441160)  can0  581   [8]  4F 60 60 00 03 00 00 00
 (1789103193.442816)  can0  601   [8]  40 61 60 00 00 00 00 00
 (1789103193.443153)  can0  581   [8]  4F 61 60 00 03 00 00 00
 (1789103193.444815)  can0  601   [8]  40 FF 60 01 00 00 00 00
 (1789103193.445154)  can0  581   [8]  43 FF 60 01 00 00 00 00
 (1789103193.446819)  can0  601   [8]  40 FF 60 02 00 00 00 00
 (1789103193.447152)  can0  581   [8]  43 FF 60 02 00 00 00 00
 (1789103193.448819)  can0  601   [8]  40 3F 60 00 00 00 00 00
 (1789103193.449145)  can0  581   [8]  43 3F 60 00 00 00 00 00
 (1789103193.450819)  can0  601   [8]  40 6C 60 01 00 00 00 00
 (1789103193.451137)  can0  581   [8]  43 6C 60 01 00 00 00 00
 (1789103193.452815)  can0  601   [8]  40 6C 60 02 00 00 00 00
 (1789103193.453131)  can0  581   [8]  43 6C 60 02 00 00 00 00
 (1789103193.454815)  can0  601   [8]  40 6C 60 03 00 00 00 00
 (1789103193.455127)  can0  581   [8]  43 6C 60 03 00 00 00 00
 (1789103193.456820)  can0  601   [8]  40 0F 20 00 00 00 00 00
 (1789103193.457130)  can0  581   [8]  4B 0F 20 00 01 00 00 00
 (1789103193.458820)  can0  601   [8]  40 00 14 01 00 00 00 00
 (1789103193.459175)  can0  581   [8]  43 00 14 01 01 02 00 00
 (1789103193.460818)  can0  601   [8]  40 00 14 02 00 00 00 00
 (1789103193.461174)  can0  581   [8]  4F 00 14 02 FF 00 00 00
 (1789103193.462816)  can0  601   [8]  40 00 14 05 00 00 00 00
 (1789103193.463171)  can0  581   [8]  4B 00 14 05 E8 03 00 00
 (1789103193.464821)  can0  601   [8]  40 00 16 00 00 00 00 00
 (1789103193.465173)  can0  581   [8]  4F 00 16 00 02 00 00 00
 (1789103193.466817)  can0  601   [8]  40 00 16 01 00 00 00 00
 (1789103193.467160)  can0  581   [8]  43 00 16 01 10 00 40 60
 (1789103193.468815)  can0  601   [8]  40 00 16 02 00 00 00 00
 (1789103193.469158)  can0  581   [8]  43 00 16 02 08 00 60 60
 (1789103193.470710)  can0  000   [2]  80 01
 (1789103193.676133)  can0  701   [1]  7F
 (1789103193.677817)  can0  601   [8]  23 00 14 01 01 02 00 80
 (1789103193.678128)  can0  581   [8]  60 00 14 01 00 00 00 00
 (1789103193.679815)  can0  601   [8]  40 00 14 01 00 00 00 00
 (1789103193.680122)  can0  581   [8]  43 00 14 01 01 02 00 80
 (1789103193.681817)  can0  601   [8]  2F 00 16 00 00 00 00 00
 (1789103193.682178)  can0  581   [8]  60 00 16 00 00 00 00 00
 (1789103193.683819)  can0  601   [8]  40 00 16 00 00 00 00 00
 (1789103193.684176)  can0  581   [8]  4F 00 16 00 00 00 00 00
 (1789103193.685812)  can0  601   [8]  23 00 16 01 10 00 40 60
 (1789103193.686174)  can0  581   [8]  60 00 16 01 00 00 00 00
 (1789103193.687814)  can0  601   [8]  40 00 16 01 00 00 00 00
 (1789103193.688161)  can0  581   [8]  43 00 16 01 10 00 40 60
 (1789103193.689816)  can0  601   [8]  23 00 16 02 20 03 FF 60
 (1789103193.690165)  can0  581   [8]  60 00 16 02 00 00 00 00
 (1789103193.691814)  can0  601   [8]  40 00 16 02 00 00 00 00
 (1789103193.692154)  can0  581   [8]  43 00 16 02 20 03 FF 60
 (1789103193.693817)  can0  601   [8]  2F 00 16 00 02 00 00 00
 (1789103193.694154)  can0  581   [8]  60 00 16 00 00 00 00 00
 (1789103193.695817)  can0  601   [8]  40 00 16 00 00 00 00 00
 (1789103193.696150)  can0  581   [8]  4F 00 16 00 02 00 00 00
 (1789103193.697815)  can0  601   [8]  23 00 14 01 01 02 00 00
 (1789103193.698144)  can0  581   [8]  60 00 14 01 00 00 00 00
 (1789103193.699816)  can0  601   [8]  40 00 14 01 00 00 00 00
 (1789103193.700136)  can0  581   [8]  43 00 14 01 01 02 00 00
 (1789103193.701824)  can0  601   [8]  23 FF 60 03 00 00 00 00
 (1789103193.702138)  can0  581   [8]  60 FF 60 03 00 00 00 00
 (1789103193.703816)  can0  601   [8]  40 FF 60 03 00 00 00 00
 (1789103193.704132)  can0  581   [8]  43 FF 60 03 00 00 00 00
 (1789103193.705820)  can0  601   [8]  23 FF 60 03 00 00 00 00
 (1789103193.706134)  can0  581   [8]  60 FF 60 03 00 00 00 00
 (1789103193.707816)  can0  601   [8]  40 FF 60 03 00 00 00 00
 (1789103193.708127)  can0  581   [8]  43 FF 60 03 00 00 00 00
 (1789103193.709712)  can0  000   [2]  01 01
 (1789103193.710059)  can0  181   [8]  21 14 21 14 00 00 00 00
 (1789103193.710159)  can0  281   [0] 
 (1789103193.710259)  can0  381   [0] 
 (1789103193.710356)  can0  481   [0] 
 (1789103193.760063)  can0  181   [8]  21 14 21 14 00 00 00 00
 (1789103193.810012)  can0  181   [8]  21 14 21 14 00 00 00 00
 (1789103193.859962)  can0  181   [8]  21 14 21 14 00 00 00 00
 (1789103193.909911)  can0  181   [8]  21 14 21 14 00 00 00 00
 (1789103193.925630)  can0  701   [1]  05
 (1789103193.927818)  can0  601   [8]  2F 60 60 00 03 00 00 00
 (1789103193.928133)  can0  581   [8]  60 60 60 00 00 00 00 00
 (1789103193.929818)  can0  601   [8]  40 61 60 00 00 00 00 00
 (1789103193.930125)  can0  581   [8]  4F 61 60 00 03 00 00 00
 (1789103193.931824)  can0  601   [8]  2B 40 60 00 06 00 00 00
 (1789103193.932181)  can0  581   [8]  60 40 60 00 00 00 00 00
 (1789103193.959861)  can0  181   [8]  21 14 21 14 00 00 00 00
 (1789103193.961821)  can0  601   [8]  40 6C 60 01 00 00 00 00
 (1789103193.962168)  can0  581   [8]  43 6C 60 01 00 00 00 00
 (1789103193.963815)  can0  601   [8]  40 6C 60 02 00 00 00 00
 (1789103193.964163)  can0  581   [8]  43 6C 60 02 00 00 00 00
 (1789103193.965816)  can0  601   [8]  40 6C 60 03 00 00 00 00
 (1789103193.966159)  can0  581   [8]  43 6C 60 03 00 00 00 00
 (1789103193.967820)  can0  601   [8]  2B 40 60 00 07 00 00 00
 (1789103193.968161)  can0  581   [8]  60 40 60 00 00 00 00 00
 (1789103194.009759)  can0  181   [8]  23 14 23 14 00 00 00 00
 (1789103194.010821)  can0  601   [8]  40 6C 60 01 00 00 00 00
 (1789103194.011125)  can0  581   [8]  43 6C 60 01 00 00 00 00
 (1789103194.012813)  can0  601   [8]  40 6C 60 02 00 00 00 00
 (1789103194.013117)  can0  581   [8]  43 6C 60 02 00 00 00 00
 (1789103194.014817)  can0  601   [8]  40 6C 60 03 00 00 00 00
 (1789103194.015121)  can0  581   [8]  43 6C 60 03 00 00 00 00
 (1789103194.016819)  can0  601   [8]  2B 40 60 00 0F 00 00 00
 (1789103194.017169)  can0  581   [8]  60 40 60 00 00 00 00 00
 (1789103194.059708)  can0  181   [8]  27 14 27 14 00 00 00 00
 (1789103194.061819)  can0  601   [8]  40 6C 60 01 00 00 00 00
 (1789103194.062122)  can0  581   [8]  43 6C 60 01 00 00 00 00
 (1789103194.063815)  can0  601   [8]  40 6C 60 02 00 00 00 00
 (1789103194.064118)  can0  581   [8]  43 6C 60 02 00 00 00 00
 (1789103194.065816)  can0  601   [8]  40 6C 60 03 00 00 00 00
 (1789103194.066120)  can0  581   [8]  43 6C 60 03 00 00 00 00
 (1789103194.067786)  can0  201   [6]  0F 00 05 00 00 00
 (1789103194.068032)  can0  601   [8]  40 FF 60 03 00 00 00 00
 (1789103194.068365)  can0  581   [8]  43 FF 60 03 05 00 00 00
 (1789103194.109656)  can0  181   [8]  27 44 27 14 11 00 00 00
 (1789103194.159606)  can0  181   [8]  27 44 27 14 2D 00 00 00
 (1789103194.168820)  can0  601   [8]  40 6C 60 01 00 00 00 00
 (1789103194.169082)  can0  581   [8]  43 6C 60 01 2F 00 00 00
 (1789103194.170818)  can0  601   [8]  40 6C 60 02 00 00 00 00
 (1789103194.171082)  can0  581   [8]  43 6C 60 02 00 00 00 00
 (1789103194.172820)  can0  601   [8]  40 6C 60 03 00 00 00 00
 (1789103194.173119)  can0  581   [8]  43 6C 60 03 2F 00 00 00
 (1789103194.175185)  can0  701   [1]  05
 (1789103194.209556)  can0  181   [8]  27 44 27 14 32 00 00 00
 (1789103194.259501)  can0  181   [8]  27 44 27 14 35 00 00 00
 (1789103194.309452)  can0  181   [8]  27 44 27 14 2F 00 00 00
 (1789103194.359402)  can0  181   [8]  27 44 27 14 34 00 00 00
 (1789103194.409353)  can0  181   [8]  27 44 27 14 2D 00 00 00
 (1789103194.424685)  can0  701   [1]  05
 (1789103194.459301)  can0  181   [8]  27 44 27 14 33 00 00 00
 (1789103194.509254)  can0  181   [8]  27 44 27 14 32 00 00 00
 (1789103194.559203)  can0  181   [8]  27 44 27 14 2E 00 00 00
 (1789103194.609150)  can0  181   [8]  27 44 27 14 31 00 00 00
 (1789103194.659099)  can0  181   [8]  27 44 27 14 35 00 00 00
 (1789103194.668825)  can0  601   [8]  40 6C 60 01 00 00 00 00
 (1789103194.669126)  can0  581   [8]  43 6C 60 01 35 00 00 00
 (1789103194.670816)  can0  601   [8]  40 6C 60 02 00 00 00 00
 (1789103194.671078)  can0  581   [8]  43 6C 60 02 00 00 00 00
 (1789103194.672818)  can0  601   [8]  40 6C 60 03 00 00 00 00
 (1789103194.673120)  can0  581   [8]  43 6C 60 03 35 00 00 00
 (1789103194.674245)  can0  701   [1]  05
 (1789103194.709053)  can0  181   [8]  27 44 27 14 30 00 00 00
 (1789103194.758998)  can0  181   [8]  27 44 27 14 34 00 00 00
 (1789103194.808950)  can0  181   [8]  27 44 27 14 2F 00 00 00
 (1789103194.858899)  can0  181   [8]  27 44 27 14 33 00 00 00
 (1789103194.908850)  can0  181   [8]  27 44 27 14 32 00 00 00
 (1789103194.923745)  can0  701   [1]  05
 (1789103194.958800)  can0  181   [8]  27 44 27 14 2E 00 00 00
 (1789103195.008747)  can0  181   [8]  27 44 27 14 31 00 00 00
 (1789103195.058696)  can0  181   [8]  27 44 27 14 34 00 00 00
 (1789103195.108646)  can0  181   [8]  27 44 27 14 2F 00 00 00
 (1789103195.158597)  can0  181   [8]  27 44 27 14 34 00 00 00
 (1789103195.173306)  can0  701   [1]  05
 (1789103195.178823)  can0  601   [8]  40 6C 60 01 00 00 00 00
 (1789103195.179116)  can0  581   [8]  43 6C 60 01 33 00 00 00
 (1789103195.180818)  can0  601   [8]  40 6C 60 02 00 00 00 00
 (1789103195.181155)  can0  581   [8]  43 6C 60 02 00 00 00 00
 (1789103195.182820)  can0  601   [8]  40 6C 60 03 00 00 00 00
 (1789103195.183147)  can0  581   [8]  43 6C 60 03 31 00 00 00
 (1789103195.208546)  can0  181   [8]  27 44 27 14 2C 00 00 00
 (1789103195.258495)  can0  181   [8]  27 44 27 14 33 00 00 00
 (1789103195.308444)  can0  181   [8]  27 44 27 14 34 00 00 00
 (1789103195.358397)  can0  181   [8]  27 44 27 14 2D 00 00 00
 (1789103195.408349)  can0  181   [8]  27 44 27 14 30 00 00 00
 (1789103195.422806)  can0  701   [1]  05
 (1789103195.458292)  can0  181   [8]  27 44 27 14 35 00 00 00
 (1789103195.508247)  can0  181   [8]  27 44 27 14 30 00 00 00
 (1789103195.558193)  can0  181   [8]  27 44 27 14 34 00 00 00
 (1789103195.608144)  can0  181   [8]  27 44 27 14 2E 00 00 00
 (1789103195.658096)  can0  181   [8]  27 44 27 14 32 00 00 00
 (1789103195.672365)  can0  701   [1]  05
 (1789103195.689824)  can0  601   [8]  40 6C 60 01 00 00 00 00
 (1789103195.690088)  can0  581   [8]  43 6C 60 01 33 00 00 00
 (1789103195.691818)  can0  601   [8]  40 6C 60 02 00 00 00 00
 (1789103195.692081)  can0  581   [8]  43 6C 60 02 00 00 00 00
 (1789103195.693820)  can0  601   [8]  40 6C 60 03 00 00 00 00
 (1789103195.694121)  can0  581   [8]  43 6C 60 03 34 00 00 00
 (1789103195.708042)  can0  181   [8]  27 44 27 14 34 00 00 00
 (1789103195.757994)  can0  181   [8]  27 44 27 14 2D 00 00 00
 (1789103195.807945)  can0  181   [8]  27 44 27 14 30 00 00 00
 (1789103195.857934)  can0  181   [8]  27 44 27 14 35 00 00 00
 (1789103195.907844)  can0  181   [8]  27 44 27 14 2E 00 00 00
 (1789103195.921864)  can0  701   [1]  05
 (1789103195.957793)  can0  181   [8]  27 44 27 14 32 00 00 00
 (1789103196.007743)  can0  181   [8]  27 44 27 14 2E 00 00 00
 (1789103196.057691)  can0  181   [8]  27 44 27 14 32 00 00 00
 (1789103196.107639)  can0  181   [8]  27 44 27 14 33 00 00 00
 (1789103196.157593)  can0  181   [8]  27 44 27 14 2E 00 00 00
 (1789103196.171427)  can0  701   [1]  05
 (1789103196.200824)  can0  601   [8]  40 6C 60 01 00 00 00 00
 (1789103196.201164)  can0  581   [8]  43 6C 60 01 30 00 00 00
 (1789103196.202818)  can0  601   [8]  40 6C 60 02 00 00 00 00
 (1789103196.203160)  can0  581   [8]  43 6C 60 02 00 00 00 00
 (1789103196.204818)  can0  601   [8]  40 6C 60 03 00 00 00 00
 (1789103196.205155)  can0  581   [8]  43 6C 60 03 30 00 00 00
 (1789103196.207543)  can0  181   [8]  27 44 27 14 30 00 00 00
 (1789103196.257488)  can0  181   [8]  27 44 27 14 34 00 00 00
 (1789103196.307439)  can0  181   [8]  27 44 27 14 32 00 00 00
 (1789103196.357387)  can0  181   [8]  27 44 27 14 31 00 00 00
 (1789103196.407338)  can0  181   [8]  27 44 27 14 2F 00 00 00
 (1789103196.420925)  can0  701   [1]  05
 (1789103196.457290)  can0  181   [8]  27 44 27 14 32 00 00 00
 (1789103196.507237)  can0  181   [8]  27 44 27 14 34 00 00 00
 (1789103196.557188)  can0  181   [8]  27 44 27 14 2D 00 00 00
 (1789103196.607140)  can0  181   [8]  27 44 27 14 30 00 00 00
 (1789103196.657084)  can0  181   [8]  27 44 27 14 35 00 00 00
 (1789103196.670487)  can0  701   [1]  05
 (1789103196.707038)  can0  181   [8]  27 44 27 14 30 00 00 00
 (1789103196.711823)  can0  601   [8]  40 6C 60 01 00 00 00 00
 (1789103196.712086)  can0  581   [8]  43 6C 60 01 2F 00 00 00
 (1789103196.713817)  can0  601   [8]  40 6C 60 02 00 00 00 00
 (1789103196.714086)  can0  581   [8]  43 6C 60 02 00 00 00 00
 (1789103196.715819)  can0  601   [8]  40 6C 60 03 00 00 00 00
 (1789103196.716080)  can0  581   [8]  43 6C 60 03 2E 00 00 00
 (1789103196.756988)  can0  181   [8]  27 44 27 14 32 00 00 00
 (1789103196.806937)  can0  181   [8]  27 44 27 14 2E 00 00 00
 (1789103196.856888)  can0  181   [8]  27 44 27 14 30 00 00 00
 (1789103196.906834)  can0  181   [8]  27 44 27 14 34 00 00 00
 (1789103196.919985)  can0  701   [1]  05
 (1789103196.956834)  can0  181   [8]  27 44 27 14 2E 00 00 00
 (1789103197.006738)  can0  181   [8]  27 44 27 14 30 00 00 00
 (1789103197.056682)  can0  181   [8]  27 44 27 14 35 00 00 00
 (1789103197.068788)  can0  201   [6]  06 00 00 00 00 00
 (1789103197.069034)  can0  601   [8]  40 FF 60 03 00 00 00 00
 (1789103197.069342)  can0  581   [8]  43 FF 60 03 00 00 00 00
 (1789103197.070824)  can0  601   [8]  23 FF 60 03 00 00 00 00
 (1789103197.071152)  can0  581   [8]  60 FF 60 03 00 00 00 00
 (1789103197.072814)  can0  601   [8]  40 FF 60 03 00 00 00 00
 (1789103197.073145)  can0  581   [8]  43 FF 60 03 00 00 00 00
 (1789103197.074818)  can0  601   [8]  23 FF 60 03 00 00 00 00
 (1789103197.075141)  can0  581   [8]  60 FF 60 03 00 00 00 00
 (1789103197.076813)  can0  601   [8]  40 FF 60 03 00 00 00 00
 (1789103197.077135)  can0  581   [8]  43 FF 60 03 00 00 00 00
 (1789103197.078821)  can0  601   [8]  2B 40 60 00 06 00 00 00
 (1789103197.079137)  can0  581   [8]  60 40 60 00 00 00 00 00
 (1789103197.106686)  can0  181   [8]  21 54 21 14 27 00 00 00
 (1789103197.156634)  can0  181   [8]  21 14 21 14 F4 FF 00 00
 (1789103197.169548)  can0  701   [1]  05
 (1789103197.206649)  can0  181   [8]  21 14 21 14 01 00 00 00
 (1789103197.256598)  can0  181   [8]  21 14 21 14 FF FF 00 00
 (1789103197.306550)  can0  181   [8]  21 14 21 14 00 00 00 00
 (1789103197.307820)  can0  601   [8]  40 6C 60 01 00 00 00 00
 (1789103197.308171)  can0  581   [8]  43 6C 60 01 00 00 00 00
 (1789103197.309814)  can0  601   [8]  40 6C 60 02 00 00 00 00
 (1789103197.310167)  can0  581   [8]  43 6C 60 02 00 00 00 00
 (1789103197.311815)  can0  601   [8]  40 6C 60 03 00 00 00 00
 (1789103197.312163)  can0  581   [8]  43 6C 60 03 00 00 00 00
 (1789103197.313711)  can0  000   [2]  80 01
 (1789103197.419113)  can0  701   [1]  7F
 (1789103197.420818)  can0  601   [8]  23 00 14 01 01 02 00 80
 (1789103197.421170)  can0  581   [8]  60 00 14 01 00 00 00 00
 (1789103197.422817)  can0  601   [8]  40 00 14 01 00 00 00 00
 (1789103197.423162)  can0  581   [8]  43 00 14 01 01 02 00 80
 (1789103197.424819)  can0  601   [8]  2F 00 16 00 00 00 00 00
 (1789103197.425162)  can0  581   [8]  60 00 16 00 00 00 00 00
 (1789103197.426816)  can0  601   [8]  40 00 16 00 00 00 00 00
 (1789103197.427156)  can0  581   [8]  4F 00 16 00 00 00 00 00
 (1789103197.428810)  can0  601   [8]  23 00 16 01 10 00 40 60
 (1789103197.429153)  can0  581   [8]  60 00 16 01 00 00 00 00
 (1789103197.430812)  can0  601   [8]  40 00 16 01 00 00 00 00
 (1789103197.431141)  can0  581   [8]  43 00 16 01 10 00 40 60
 (1789103197.432814)  can0  601   [8]  23 00 16 02 08 00 60 60
 (1789103197.433145)  can0  581   [8]  60 00 16 02 00 00 00 00
 (1789103197.434813)  can0  601   [8]  40 00 16 02 00 00 00 00
 (1789103197.435135)  can0  581   [8]  43 00 16 02 08 00 60 60
 (1789103197.436817)  can0  601   [8]  2F 00 16 00 02 00 00 00
 (1789103197.437136)  can0  581   [8]  60 00 16 00 00 00 00 00
 (1789103197.438817)  can0  601   [8]  40 00 16 00 00 00 00 00
 (1789103197.439130)  can0  581   [8]  4F 00 16 00 02 00 00 00
 (1789103197.440815)  can0  601   [8]  23 00 14 01 01 02 00 00
 (1789103197.441128)  can0  581   [8]  60 00 14 01 00 00 00 00
 (1789103197.442815)  can0  601   [8]  40 00 14 01 00 00 00 00
 (1789103197.443122)  can0  581   [8]  43 00 14 01 01 02 00 00
 (1789103197.444817)  can0  601   [8]  2B 17 10 00 00 00 00 00
 (1789103197.445178)  can0  581   [8]  60 17 10 00 00 00 00 00
 (1789103197.446812)  can0  601   [8]  40 17 10 00 00 00 00 00
 (1789103197.447170)  can0  581   [8]  4B 17 10 00 00 00 00 00
