 (1789107627.107524)  can0  601   [8]  40 00 20 00 00 00 00 00
 (1789107627.107866)  can0  581   [8]  4B 00 20 00 00 00 00 00
 (1789107627.109475)  can0  601   [8]  40 00 18 05 00 00 00 00
 (1789107627.109795)  can0  581   [8]  4B 00 18 05 64 00 00 00
 (1789107627.111472)  can0  601   [8]  40 17 10 00 00 00 00 00
 (1789107627.111789)  can0  581   [8]  4B 17 10 00 00 00 00 00
 (1789107627.113469)  can0  601   [8]  2B 17 10 00 F4 01 00 00
 (1789107627.113791)  can0  581   [8]  60 17 10 00 00 00 00 00
 (1789107627.115469)  can0  601   [8]  40 17 10 00 00 00 00 00
 (1789107627.115778)  can0  581   [8]  4B 17 10 00 F4 01 00 00
 (1789107627.363223)  can0  701   [1]  7F
 (1789107627.365489)  can0  601   [8]  40 00 18 01 00 00 00 00
 (1789107627.365834)  can0  581   [8]  43 00 18 01 81 01 00 00
 (1789107627.367476)  can0  601   [8]  40 00 18 02 00 00 00 00
 (1789107627.367830)  can0  581   [8]  4F 00 18 02 FF 00 00 00
 (1789107627.369472)  can0  601   [8]  40 00 18 05 00 00 00 00
 (1789107627.369826)  can0  581   [8]  4B 00 18 05 64 00 00 00
 (1789107627.371473)  can0  601   [8]  40 00 1A 00 00 00 00 00
 (1789107627.371823)  can0  581   [8]  4F 00 1A 00 02 00 00 00
 (1789107627.373471)  can0  601   [8]  40 00 1A 01 00 00 00 00
 (1789107627.373811)  can0  581   [8]  43 00 1A 01 20 00 41 60
 (1789107627.375475)  can0  601   [8]  40 00 1A 02 00 00 00 00
 (1789107627.375804)  can0  581   [8]  43 00 1A 02 20 03 6C 60
 (1789107627.377473)  can0  601   [8]  40 60 60 00 00 00 00 00
 (1789107627.377806)  can0  581   [8]  4F 60 60 00 03 00 00 00
 (1789107627.379539)  can0  601   [8]  40 61 60 00 00 00 00 00
 (1789107627.379860)  can0  581   [8]  4F 61 60 00 03 00 00 00
 (1789107627.381471)  can0  601   [8]  40 FF 60 01 00 00 00 00
 (1789107627.381800)  can0  581   [8]  43 FF 60 01 00 00 00 00
 (1789107627.383533)  can0  601   [8]  40 FF 60 02 00 00 00 00
 (1789107627.383855)  can0  581   [8]  43 FF 60 02 00 00 00 00
 (1789107627.385530)  can0  601   [8]  40 3F 60 00 00 00 00 00
 (1789107627.385848)  can0  581   [8]  43 3F 60 00 00 00 00 00
 (1789107627.387532)  can0  601   [8]  40 6C 60 01 00 00 00 00
 (1789107627.387839)  can0  581   [8]  43 6C 60 01 00 00 00 00
 (1789107627.389526)  can0  601   [8]  40 6C 60 02 00 00 00 00
 (1789107627.389834)  can0  581   [8]  43 6C 60 02 00 00 00 00
 (1789107627.391471)  can0  601   [8]  40 6C 60 03 00 00 00 00
 (1789107627.391778)  can0  581   [8]  43 6C 60 03 00 00 00 00
 (1789107627.393534)  can0  601   [8]  40 0F 20 00 00 00 00 00
 (1789107627.393833)  can0  581   [8]  4B 0F 20 00 01 00 00 00
 (1789107627.395485)  can0  601   [8]  23 FF 60 03 00 00 00 00
 (1789107627.395889)  can0  581   [8]  60 FF 60 03 00 00 00 00
 (1789107627.397559)  can0  601   [8]  40 FF 60 03 00 00 00 00
 (1789107627.397881)  can0  581   [8]  43 FF 60 03 00 00 00 00
 (1789107627.399535)  can0  601   [8]  23 FF 60 03 00 00 00 00
 (1789107627.399881)  can0  581   [8]  60 FF 60 03 00 00 00 00
 (1789107627.401527)  can0  601   [8]  40 FF 60 03 00 00 00 00
 (1789107627.401816)  can0  581   [8]  43 FF 60 03 00 00 00 00
 (1789107627.403422)  can0  000   [2]  01 01
 (1789107627.403691)  can0  181   [8]  21 14 21 14 00 00 00 00
 (1789107627.403790)  can0  281   [0] 
 (1789107627.403890)  can0  381   [0] 
 (1789107627.403988)  can0  481   [0] 
 (1789107627.453751)  can0  181   [8]  21 14 21 14 00 00 00 00
 (1789107627.503642)  can0  181   [8]  21 14 21 14 00 00 00 00
 (1789107627.553646)  can0  181   [8]  21 14 21 14 00 00 00 00
 (1789107627.603539)  can0  181   [8]  21 14 21 14 00 00 00 00
 (1789107627.612825)  can0  701   [1]  05
 (1789107627.614534)  can0  601   [8]  2F 60 60 00 03 00 00 00
 (1789107627.614891)  can0  581   [8]  60 60 60 00 00 00 00 00
 (1789107627.616529)  can0  601   [8]  40 61 60 00 00 00 00 00
 (1789107627.616877)  can0  581   [8]  4F 61 60 00 03 00 00 00
 (1789107627.618536)  can0  601   [8]  2B 40 60 00 06 00 00 00
 (1789107627.618826)  can0  581   [8]  60 40 60 00 00 00 00 00
 (1789107627.653543)  can0  181   [8]  21 14 21 14 00 00 00 00
 (1789107627.654539)  can0  601   [8]  40 6C 60 01 00 00 00 00
 (1789107627.654853)  can0  581   [8]  43 6C 60 01 00 00 00 00
 (1789107627.656527)  can0  601   [8]  40 6C 60 02 00 00 00 00
 (1789107627.656849)  can0  581   [8]  43 6C 60 02 00 00 00 00
 (1789107627.658531)  can0  601   [8]  40 6C 60 03 00 00 00 00
 (1789107627.658787)  can0  581   [8]  43 6C 60 03 00 00 00 00
 (1789107627.660547)  can0  601   [8]  2B 40 60 00 07 00 00 00
 (1789107627.660851)  can0  581   [8]  60 40 60 00 00 00 00 00
 (1789107627.703482)  can0  181   [8]  23 14 23 14 00 00 00 00
 (1789107627.705535)  can0  601   [8]  40 6C 60 01 00 00 00 00
 (1789107627.705852)  can0  581   [8]  43 6C 60 01 00 00 00 00
 (1789107627.707526)  can0  601   [8]  40 6C 60 02 00 00 00 00
 (1789107627.707848)  can0  581   [8]  43 6C 60 02 00 00 00 00
 (1789107627.709528)  can0  601   [8]  40 6C 60 03 00 00 00 00
 (1789107627.709844)  can0  581   [8]  43 6C 60 03 00 00 00 00
 (1789107627.711532)  can0  601   [8]  2B 40 60 00 0F 00 00 00
 (1789107627.711788)  can0  581   [8]  60 40 60 00 00 00 00 00
 (1789107627.753377)  can0  181   [8]  27 14 27 14 00 00 00 00
 (1789107627.754547)  can0  601   [8]  40 6C 60 01 00 00 00 00
 (1789107627.754871)  can0  581   [8]  43 6C 60 01 00 00 00 00
 (1789107627.756528)  can0  601   [8]  40 6C 60 02 00 00 00 00
 (1789107627.756805)  can0  581   [8]  43 6C 60 02 00 00 00 00
 (1789107627.758472)  can0  601   [8]  40 6C 60 03 00 00 00 00
 (1789107627.758800)  can0  581   [8]  43 6C 60 03 00 00 00 00
 (1789107627.760532)  can0  601   [8]  2B 00 20 00 E8 03 00 00
 (1789107627.760863)  can0  581   [8]  60 00 20 00 00 00 00 00
 (1789107627.762534)  can0  601   [8]  40 00 20 00 00 00 00 00
 (1789107627.762847)  can0  581   [8]  4B 00 20 00 E8 03 00 00
 (1789107627.764537)  can0  601   [8]  23 FF 60 03 00 00 05 00
 (1789107627.764793)  can0  581   [8]  60 FF 60 03 00 00 00 00
 (1789107627.766528)  can0  601   [8]  40 FF 60 03 00 00 00 00
 (1789107627.766785)  can0  581   [8]  43 FF 60 03 00 00 05 00
 (1789107627.803332)  can0  181   [8]  27 14 27 44 00 00 0D 00
 (1789107627.853225)  can0  181   [8]  27 14 27 44 00 00 2F 00
 (1789107627.862256)  can0  701   [1]  05
 (1789107627.903170)  can0  181   [8]  27 14 27 44 00 00 33 00
 (1789107627.953117)  can0  181   [8]  27 14 27 44 00 00 31 00
 (1789107627.965487)  can0  601   [8]  40 6C 60 01 00 00 00 00
 (1789107627.965825)  can0  581   [8]  43 6C 60 01 00 00 00 00
 (1789107627.967471)  can0  601   [8]  40 6C 60 02 00 00 00 00
 (1789107627.967773)  can0  581   [8]  43 6C 60 02 2E 00 00 00
 (1789107627.969540)  can0  601   [8]  2B 00 18 05 00 00 00 00
 (1789107627.969882)  can0  181   [8]  27 14 27 44 00 00 2E 00
 (1789107627.970069)  can0  581   [8]  60 00 18 05 00 00 00 00
 (1789107627.971469)  can0  601   [8]  40 00 18 05 00 00 00 00
 (1789107627.971815)  can0  581   [8]  4B 00 18 05 00 00 00 00
 (1789107628.070538)  can0  601   [8]  23 FF 60 03 00 00 00 00
 (1789107628.070849)  can0  581   [8]  60 FF 60 03 00 00 00 00
 (1789107628.072526)  can0  601   [8]  40 FF 60 03 00 00 00 00
 (1789107628.072835)  can0  581   [8]  43 FF 60 03 00 00 00 00
 (1789107628.074471)  can0  601   [8]  23 FF 60 03 00 00 00 00
 (1789107628.074782)  can0  581   [8]  60 FF 60 03 00 00 00 00
 (1789107628.076524)  can0  601   [8]  40 FF 60 03 00 00 00 00
 (1789107628.076775)  can0  581   [8]  43 FF 60 03 00 00 00 00
 (1789107628.078475)  can0  601   [8]  40 6C 60 01 00 00 00 00
 (1789107628.078816)  can0  581   [8]  43 6C 60 01 00 00 00 00
 (1789107628.080524)  can0  601   [8]  40 6C 60 02 00 00 00 00
 (1789107628.080866)  can0  581   [8]  43 6C 60 02 35 00 00 00
 (1789107628.111867)  can0  701   [1]  05
 (1789107628.133530)  can0  601   [8]  40 6C 60 01 00 00 00 00
 (1789107628.133874)  can0  581   [8]  43 6C 60 01 00 00 00 00
 (1789107628.135468)  can0  601   [8]  40 6C 60 02 00 00 00 00
 (1789107628.135869)  can0  581   [8]  43 6C 60 02 0A 00 00 00
 (1789107628.188528)  can0  601   [8]  40 6C 60 01 00 00 00 00
 (1789107628.188872)  can0  581   [8]  43 6C 60 01 00 00 00 00
 (1789107628.190523)  can0  601   [8]  40 6C 60 02 00 00 00 00
 (1789107628.190869)  can0  581   [8]  43 6C 60 02 01 00 00 00
 (1789107628.243528)  can0  601   [8]  40 6C 60 01 00 00 00 00
 (1789107628.243871)  can0  581   [8]  43 6C 60 01 00 00 00 00
 (1789107628.245529)  can0  601   [8]  40 6C 60 02 00 00 00 00
 (1789107628.245868)  can0  581   [8]  43 6C 60 02 00 00 00 00
 (1789107628.247528)  can0  601   [8]  40 6C 60 03 00 00 00 00
 (1789107628.247806)  can0  581   [8]  43 6C 60 03 00 00 00 00
 (1789107628.249527)  can0  601   [8]  2B 00 18 05 64 00 00 00
 (1789107628.249869)  can0  181   [8]  27 14 27 14 00 00 00 00
 (1789107628.250058)  can0  581   [8]  60 00 18 05 00 00 00 00
 (1789107628.251469)  can0  601   [8]  40 00 18 05 00 00 00 00
 (1789107628.251798)  can0  581   [8]  4B 00 18 05 64 00 00 00
 (1789107628.253532)  can0  601   [8]  23 FF 60 03 00 00 00 00
 (1789107628.253799)  can0  581   [8]  60 FF 60 03 00 00 00 00
 (1789107628.255469)  can0  601   [8]  40 FF 60 03 00 00 00 00
 (1789107628.255847)  can0  581   [8]  43 FF 60 03 00 00 00 00
 (1789107628.257529)  can0  601   [8]  23 FF 60 03 00 00 00 00
 (1789107628.257788)  can0  581   [8]  60 FF 60 03 00 00 00 00
 (1789107628.259525)  can0  601   [8]  40 FF 60 03 00 00 00 00
 (1789107628.259782)  can0  581   [8]  43 FF 60 03 00 00 00 00
 (1789107628.261474)  can0  601   [8]  2B 40 60 00 06 00 00 00
 (1789107628.261785)  can0  581   [8]  60 40 60 00 00 00 00 00
 (1789107628.299875)  can0  181   [8]  21 14 21 14 00 00 00 00
 (1789107628.300534)  can0  601   [8]  40 6C 60 01 00 00 00 00
 (1789107628.300815)  can0  581   [8]  43 6C 60 01 00 00 00 00
 (1789107628.302525)  can0  601   [8]  40 6C 60 02 00 00 00 00
 (1789107628.302869)  can0  581   [8]  43 6C 60 02 00 00 00 00
 (1789107628.304469)  can0  601   [8]  40 6C 60 03 00 00 00 00
 (1789107628.304806)  can0  581   [8]  43 6C 60 03 00 00 00 00
 (1789107628.306422)  can0  000   [2]  80 01
 (1789107628.361365)  can0  701   [1]  7F
 (1789107628.363530)  can0  601   [8]  2B 17 10 00 00 00 00 00
 (1789107628.363803)  can0  581   [8]  60 17 10 00 00 00 00 00
 (1789107628.365469)  can0  601   [8]  40 17 10 00 00 00 00 00
 (1789107628.365852)  can0  581   [8]  4B 17 10 00 00 00 00 00
 (1789107628.367533)  can0  601   [8]  2B 00 20 00 00 00 00 00
 (1789107628.367810)  can0  581   [8]  60 00 20 00 00 00 00 00
 (1789107628.369529)  can0  601   [8]  40 00 20 00 00 00 00 00
 (1789107628.369790)  can0  581   [8]  4B 00 20 00 00 00 00 00
