 (1789118602.492220)  can0  601   [8]  40 17 10 00 00 00 00 00
 (1789118602.492540)  can0  581   [8]  4B 17 10 00 00 00 00 00
 (1789118602.494133)  can0  601   [8]  2B 17 10 00 F4 01 00 00
 (1789118602.494476)  can0  581   [8]  60 17 10 00 00 00 00 00
 (1789118602.496116)  can0  601   [8]  40 17 10 00 00 00 00 00
 (1789118602.496464)  can0  581   [8]  4B 17 10 00 F4 01 00 00
 (1789118602.743903)  can0  701   [1]  7F
 (1789118602.745135)  can0  601   [8]  40 00 18 01 00 00 00 00
 (1789118602.745462)  can0  581   [8]  43 00 18 01 81 01 00 00
 (1789118602.747128)  can0  601   [8]  40 00 18 02 00 00 00 00
 (1789118602.747458)  can0  581   [8]  4F 00 18 02 FF 00 00 00
 (1789118602.749126)  can0  601   [8]  40 00 18 05 00 00 00 00
 (1789118602.749453)  can0  581   [8]  4B 00 18 05 64 00 00 00
 (1789118602.751126)  can0  601   [8]  40 00 1A 00 00 00 00 00
 (1789118602.751452)  can0  581   [8]  4F 00 1A 00 02 00 00 00
 (1789118602.753122)  can0  601   [8]  40 00 1A 01 00 00 00 00
 (1789118602.753437)  can0  581   [8]  43 00 1A 01 20 00 41 60
 (1789118602.755127)  can0  601   [8]  40 00 1A 02 00 00 00 00
 (1789118602.755433)  can0  581   [8]  43 00 1A 02 20 03 6C 60
 (1789118602.757125)  can0  601   [8]  40 60 60 00 00 00 00 00
 (1789118602.757437)  can0  581   [8]  4F 60 60 00 03 00 00 00
 (1789118602.759124)  can0  601   [8]  40 61 60 00 00 00 00 00
 (1789118602.759485)  can0  581   [8]  4F 61 60 00 03 00 00 00
 (1789118602.761125)  can0  601   [8]  40 FF 60 01 00 00 00 00
 (1789118602.761487)  can0  581   [8]  43 FF 60 01 00 00 00 00
 (1789118602.763124)  can0  601   [8]  40 FF 60 02 00 00 00 00
 (1789118602.763487)  can0  581   [8]  43 FF 60 02 00 00 00 00
 (1789118602.765126)  can0  601   [8]  40 3F 60 00 00 00 00 00
 (1789118602.765481)  can0  581   [8]  43 3F 60 00 00 00 00 00
 (1789118602.767125)  can0  601   [8]  40 6C 60 01 00 00 00 00
 (1789118602.767414)  can0  581   [8]  43 6C 60 01 00 00 00 00
 (1789118602.769122)  can0  601   [8]  40 6C 60 02 00 00 00 00
 (1789118602.769466)  can0  581   [8]  43 6C 60 02 00 00 00 00
 (1789118602.771123)  can0  601   [8]  40 6C 60 03 00 00 00 00
 (1789118602.771461)  can0  581   [8]  43 6C 60 03 00 00 00 00
 (1789118602.773126)  can0  601   [8]  40 0F 20 00 00 00 00 00
 (1789118602.773459)  can0  581   [8]  4B 0F 20 00 01 00 00 00
 (1789118602.775138)  can0  601   [8]  23 FF 60 03 00 00 00 00
 (1789118602.775457)  can0  581   [8]  60 FF 60 03 00 00 00 00
 (1789118602.777120)  can0  601   [8]  40 FF 60 03 00 00 00 00
 (1789118602.777452)  can0  581   [8]  43 FF 60 03 00 00 00 00
 (1789118602.779132)  can0  601   [8]  23 FF 60 03 00 00 00 00
 (1789118602.779448)  can0  581   [8]  60 FF 60 03 00 00 00 00
 (1789118602.781112)  can0  601   [8]  40 FF 60 03 00 00 00 00
 (1789118602.781443)  can0  581   [8]  43 FF 60 03 00 00 00 00
 (1789118602.783018)  can0  000   [2]  01 01
 (1789118602.783433)  can0  181   [8]  60 14 60 14 00 00 00 00
 (1789118602.783532)  can0  281   [0] 
 (1789118602.783631)  can0  381   [0] 
 (1789118602.783729)  can0  481   [0] 
 (1789118602.833391)  can0  181   [8]  60 14 60 14 00 00 00 00
 (1789118602.883394)  can0  181   [8]  60 14 60 14 00 00 00 00
 (1789118602.933405)  can0  181   [8]  60 14 60 14 00 00 00 00
 (1789118602.983416)  can0  181   [8]  60 14 60 14 00 00 00 00
 (1789118602.993454)  can0  701   [1]  05
 (1789118602.995138)  can0  601   [8]  2F 60 60 00 03 00 00 00
 (1789118602.995458)  can0  581   [8]  60 60 60 00 00 00 00 00
 (1789118602.997126)  can0  601   [8]  40 61 60 00 00 00 00 00
 (1789118602.997442)  can0  581   [8]  4F 61 60 00 03 00 00 00
 (1789118602.999141)  can0  601   [8]  2B 40 60 00 06 00 00 00
 (1789118602.999507)  can0  581   [8]  60 40 60 00 00 00 00 00
 (1789118603.033424)  can0  181   [8]  21 14 21 14 00 00 00 00
 (1789118603.035131)  can0  601   [8]  40 6C 60 01 00 00 00 00
 (1789118603.035485)  can0  581   [8]  43 6C 60 01 00 00 00 00
 (1789118603.037123)  can0  601   [8]  40 6C 60 02 00 00 00 00
 (1789118603.037476)  can0  581   [8]  43 6C 60 02 00 00 00 00
 (1789118603.039122)  can0  601   [8]  40 6C 60 03 00 00 00 00
 (1789118603.039472)  can0  581   [8]  43 6C 60 03 00 00 00 00
 (1789118603.041133)  can0  601   [8]  2B 40 60 00 07 00 00 00
 (1789118603.041475)  can0  581   [8]  60 40 60 00 00 00 00 00
 (1789118603.083426)  can0  181   [8]  23 14 23 14 00 00 00 00
 (1789118603.085128)  can0  601   [8]  40 6C 60 01 00 00 00 00
 (1789118603.085434)  can0  581   [8]  43 6C 60 01 00 00 00 00
 (1789118603.087121)  can0  601   [8]  40 6C 60 02 00 00 00 00
 (1789118603.087370)  can0  581   [8]  43 6C 60 02 00 00 00 00
 (1789118603.089123)  can0  601   [8]  40 6C 60 03 00 00 00 00
 (1789118603.089417)  can0  581   [8]  43 6C 60 03 00 00 00 00
 (1789118603.091134)  can0  601   [8]  2B 40 60 00 0F 00 00 00
 (1789118603.091476)  can0  581   [8]  60 40 60 00 00 00 00 00
 (1789118603.133382)  can0  181   [8]  27 14 27 14 00 00 00 00
 (1789118603.134133)  can0  601   [8]  40 6C 60 01 00 00 00 00
 (1789118603.134382)  can0  581   [8]  43 6C 60 01 00 00 00 00
 (1789118603.136123)  can0  601   [8]  40 6C 60 02 00 00 00 00
 (1789118603.136430)  can0  581   [8]  43 6C 60 02 00 00 00 00
 (1789118603.138127)  can0  601   [8]  40 6C 60 03 00 00 00 00
 (1789118603.138374)  can0  581   [8]  43 6C 60 03 00 00 00 00
 (1789118603.140086)  can0  601   [8]  23 FF 60 03 00 00 05 00
 (1789118603.140431)  can0  581   [8]  60 FF 60 03 00 00 00 00
 (1789118603.142064)  can0  601   [8]  40 FF 60 03 00 00 00 00
 (1789118603.142373)  can0  581   [8]  43 FF 60 03 00 00 05 00
 (1789118603.183382)  can0  181   [8]  27 14 27 44 00 00 13 00
 (1789118603.233342)  can0  181   [8]  27 14 27 44 00 00 32 00
 (1789118603.242942)  can0  701   [1]  05
 (1789118603.243183)  can0  601   [8]  40 6C 60 01 00 00 00 00
 (1789118603.243497)  can0  581   [8]  43 6C 60 01 00 00 00 00
 (1789118603.245135)  can0  601   [8]  40 6C 60 02 00 00 00 00
 (1789118603.245437)  can0  581   [8]  43 6C 60 02 33 00 00 00
 (1789118603.247131)  can0  601   [8]  40 6C 60 03 00 00 00 00
 (1789118603.247377)  can0  581   [8]  43 6C 60 03 00 00 32 00
 (1789118603.283339)  can0  181   [8]  27 14 27 44 00 00 33 00
 (1789118603.333292)  can0  181   [8]  27 14 27 44 00 00 2E 00
 (1789118603.383234)  can0  181   [8]  27 14 27 44 00 00 33 00
 (1789118603.433182)  can0  181   [8]  27 14 27 44 00 00 33 00
 (1789118603.455101)  can0  601   [8]  23 FF 60 03 00 00 00 00
 (1789118603.455455)  can0  581   [8]  60 FF 60 03 00 00 00 00
 (1789118603.456122)  can0  601   [8]  40 FF 60 03 00 00 00 00
 (1789118603.456449)  can0  581   [8]  43 FF 60 03 00 00 00 00
 (1789118603.458075)  can0  601   [8]  23 FF 60 03 00 00 00 00
 (1789118603.458391)  can0  581   [8]  60 FF 60 03 00 00 00 00
 (1789118603.460056)  can0  601   [8]  40 FF 60 03 00 00 00 00
 (1789118603.460383)  can0  581   [8]  43 FF 60 03 00 00 00 00
 (1789118603.462066)  can0  601   [8]  23 FF 60 03 00 00 00 00
 (1789118603.462381)  can0  581   [8]  60 FF 60 03 00 00 00 00
 (1789118603.464054)  can0  601   [8]  40 FF 60 03 00 00 00 00
 (1789118603.464375)  can0  581   [8]  43 FF 60 03 00 00 00 00
 (1789118603.466129)  can0  601   [8]  2B 40 60 00 06 00 00 00
 (1789118603.466442)  can0  581   [8]  60 40 60 00 00 00 00 00
 (1789118603.483139)  can0  181   [8]  21 14 21 14 00 00 22 00
 (1789118603.492498)  can0  701   [1]  05
 (1789118603.533094)  can0  181   [8]  21 14 21 14 00 00 E2 FF
 (1789118603.583164)  can0  181   [8]  21 14 21 14 00 00 07 00
 (1789118603.633173)  can0  181   [8]  21 14 21 14 00 00 FC FF
 (1789118603.683185)  can0  181   [8]  21 14 21 14 00 00 00 00
 (1789118603.685131)  can0  601   [8]  40 6C 60 01 00 00 00 00
 (1789118603.685490)  can0  581   [8]  43 6C 60 01 00 00 00 00
 (1789118603.687117)  can0  601   [8]  40 6C 60 02 00 00 00 00
 (1789118603.687428)  can0  581   [8]  43 6C 60 02 00 00 00 00
 (1789118603.689117)  can0  601   [8]  40 6C 60 03 00 00 00 00
 (1789118603.689426)  can0  581   [8]  43 6C 60 03 00 00 00 00
 (1789118603.691014)  can0  000   [2]  80 01
 (1789118603.741993)  can0  701   [1]  7F
 (1789118603.744124)  can0  601   [8]  2B 17 10 00 00 00 00 00
 (1789118603.744487)  can0  581   [8]  60 17 10 00 00 00 00 00
 (1789118603.746114)  can0  601   [8]  40 17 10 00 00 00 00 00
 (1789118603.746424)  can0  581   [8]  4B 17 10 00 00 00 00 00
