 (1788510937.832940)  can0  601   [8]  40 00 20 00 00 00 00 00
 (1788510937.833289)  can0  581   [8]  4B 00 20 00 00 00 00 00
 (1788510992.416021)  can0  601   [8]  40 07 20 00 00 00 00 00
 (1788510992.416351)  can0  581   [8]  4B 07 20 00 00 00 00 00
 (1788511004.776434)  can0  601   [8]  40 08 20 00 00 00 00 00
 (1788511004.776768)  can0  581   [8]  4B 08 20 00 C8 00 00 00
 (1788511019.900015)  can0  601   [8]  40 0F 20 00 00 00 00 00
 (1788511019.900320)  can0  581   [8]  4B 0F 20 00 01 00 00 00
 (1788511034.325492)  can0  601   [8]  40 3F 60 00 00 00 00 00
 (1788511034.325817)  can0  581   [8]  43 3F 60 00 00 00 00 00
 (1788511048.254066)  can0  601   [8]  40 41 60 00 00 00 00 00
 (1788511048.254358)  can0  581   [8]  43 41 60 00 00 14 00 14
 (1788511059.456310)  can0  601   [8]  40 5A 60 00 00 00 00 00
 (1788511059.456610)  can0  581   [8]  4B 5A 60 00 05 00 00 00
 (1788511069.873602)  can0  601   [8]  40 60 60 00 00 00 00 00
 (1788511069.873949)  can0  581   [8]  4F 60 60 00 03 00 00 00
 (1788511077.825067)  can0  601   [8]  40 61 60 00 00 00 00 00
 (1788511077.825414)  can0  581   [8]  4F 61 60 00 03 00 00 00
 (1788511087.924225)  can0  601   [8]  40 6C 60 00 00 00 00 00
 (1788511087.924523)  can0  581   [8]  4B 6C 60 00 03 00 00 00
 (1788511097.207659)  can0  601   [8]  40 6C 60 01 00 00 00 00
 (1788511097.207973)  can0  581   [8]  43 6C 60 01 00 00 00 00
 (1788511109.014056)  can0  601   [8]  40 6C 60 02 00 00 00 00
 (1788511109.014398)  can0  581   [8]  43 6C 60 02 00 00 00 00
 (1788511116.869481)  can0  601   [8]  40 6C 60 03 00 00 00 00
 (1788511116.869821)  can0  581   [8]  43 6C 60 03 00 00 00 00
 (1788511125.166497)  can0  601   [8]  40 FF 60 01 00 00 00 00
 (1788511125.166804)  can0  581   [8]  43 FF 60 01 00 00 00 00
 (1788511134.154638)  can0  601   [8]  40 FF 60 02 00 00 00 00
 (1788511134.154971)  can0  581   [8]  43 FF 60 02 00 00 00 00
 (1788511141.564899)  can0  601   [8]  40 03 20 00 00 00 00 00
 (1788511141.565150)  can0  581   [8]  4B 03 20 00 00 00 00 00
 (1788511149.061182)  can0  601   [8]  40 26 20 03 00 00 00 00
 (1788511149.061483)  can0  581   [8]  4B 26 20 03 00 00 00 00
 (1788511156.066503)  can0  601   [8]  40 30 20 01 00 00 00 00
 (1788511156.066818)  can0  581   [8]  4B 30 20 01 00 00 00 00
 (1788511163.097610)  can0  601   [8]  40 30 20 02 00 00 00 00
 (1788511163.097956)  can0  581   [8]  4B 30 20 02 09 00 00 00
 (1788511169.847986)  can0  601   [8]  40 30 20 03 00 00 00 00
 (1788511169.848305)  can0  581   [8]  4B 30 20 03 09 00 00 00
 (1788511178.649534)  can0  601   [8]  40 30 20 04 00 00 00 00
 (1788511178.649879)  can0  581   [8]  4B 30 20 04 00 00 00 00
 (1788511186.194181)  can0  601   [8]  40 30 20 07 00 00 00 00
 (1788511186.194483)  can0  581   [8]  4B 30 20 07 00 00 00 00
 (1788511194.144408)  can0  601   [8]  40 30 20 08 00 00 00 00
 (1788511194.144730)  can0  581   [8]  4B 30 20 08 00 00 00 00
