 (1789630944.700730)  can0  601   [8]  40 41 60 00 00 00 00 00
 (1789630944.701059)  can0  581   [8]  43 41 60 00 60 14 60 14
 (1789630944.702470)  can0  601   [8]  40 60 60 00 00 00 00 00
 (1789630944.702808)  can0  581   [8]  4F 60 60 00 03 00 00 00
 (1789630944.704401)  can0  601   [8]  40 61 60 00 00 00 00 00
 (1789630944.704738)  can0  581   [8]  4F 61 60 00 03 00 00 00
 (1789630944.706405)  can0  601   [8]  40 3F 60 00 00 00 00 00
 (1789630944.706738)  can0  581   [8]  43 3F 60 00 00 00 00 00
 (1789630944.708398)  can0  601   [8]  40 FF 60 01 00 00 00 00
 (1789630944.708733)  can0  581   [8]  43 FF 60 01 00 00 00 00
 (1789630944.710402)  can0  601   [8]  40 FF 60 02 00 00 00 00
 (1789630944.710731)  can0  581   [8]  43 FF 60 02 00 00 00 00
 (1789630944.712402)  can0  601   [8]  40 6C 60 01 00 00 00 00
 (1789630944.712721)  can0  581   [8]  43 6C 60 01 00 00 00 00
 (1789630944.714396)  can0  601   [8]  40 6C 60 02 00 00 00 00
 (1789630944.714715)  can0  581   [8]  43 6C 60 02 00 00 00 00
 (1789630944.716401)  can0  601   [8]  40 6C 60 03 00 00 00 00
 (1789630944.716711)  can0  581   [8]  43 6C 60 03 00 00 00 00
 (1789630944.718403)  can0  601   [8]  40 0F 20 00 00 00 00 00
 (1789630944.718766)  can0  581   [8]  4B 0F 20 00 01 00 00 00
 (1789630944.720403)  can0  601   [8]  40 00 20 00 00 00 00 00
 (1789630944.720768)  can0  581   [8]  4B 00 20 00 00 00 00 00
 (1789630944.722344)  can0  601   [8]  40 17 10 00 00 00 00 00
 (1789630944.722705)  can0  581   [8]  4B 17 10 00 00 00 00 00
 (1789630944.724345)  can0  601   [8]  40 00 14 01 00 00 00 00
 (1789630944.724698)  can0  581   [8]  43 00 14 01 01 02 00 00
 (1789630944.726400)  can0  601   [8]  40 00 14 02 00 00 00 00
 (1789630944.726751)  can0  581   [8]  4F 00 14 02 FF 00 00 00
 (1789630944.728399)  can0  601   [8]  40 00 14 05 00 00 00 00
 (1789630944.728690)  can0  581   [8]  4B 00 14 05 E8 03 00 00
 (1789630944.730404)  can0  601   [8]  40 00 16 00 00 00 00 00
 (1789630944.730690)  can0  581   [8]  4F 00 16 00 02 00 00 00
 (1789630944.732400)  can0  601   [8]  40 00 16 01 00 00 00 00
 (1789630944.732734)  can0  581   [8]  43 00 16 01 10 00 40 60
 (1789630944.734398)  can0  601   [8]  40 00 16 02 00 00 00 00
 (1789630944.734675)  can0  581   [8]  43 00 16 02 08 00 60 60
 (1789630944.736404)  can0  601   [8]  40 00 18 01 00 00 00 00
 (1789630944.736673)  can0  581   [8]  43 00 18 01 81 01 00 00
 (1789630944.738342)  can0  601   [8]  40 00 18 02 00 00 00 00
 (1789630944.738668)  can0  581   [8]  4F 00 18 02 FF 00 00 00
 (1789630944.740399)  can0  601   [8]  40 00 18 05 00 00 00 00
 (1789630944.740664)  can0  581   [8]  4B 00 18 05 64 00 00 00
 (1789630944.742400)  can0  601   [8]  40 00 1A 00 00 00 00 00
 (1789630944.742720)  can0  581   [8]  4F 00 1A 00 02 00 00 00
 (1789630944.744398)  can0  601   [8]  40 00 1A 01 00 00 00 00
 (1789630944.744708)  can0  581   [8]  43 00 1A 01 20 00 41 60
 (1789630944.746405)  can0  601   [8]  40 00 1A 02 00 00 00 00
 (1789630944.746763)  can0  581   [8]  43 00 1A 02 20 03 6C 60
 (1789630944.748399)  can0  601   [8]  40 01 18 01 00 00 00 00
 (1789630944.748762)  can0  581   [8]  43 01 18 01 81 02 00 00
 (1789630944.750395)  can0  601   [8]  40 01 18 02 00 00 00 00
 (1789630944.750758)  can0  581   [8]  4F 01 18 02 FF 00 00 00
 (1789630944.752399)  can0  601   [8]  40 01 18 05 00 00 00 00
 (1789630944.752751)  can0  581   [8]  4B 01 18 05 00 00 00 00
 (1789630944.754399)  can0  601   [8]  40 01 1A 00 00 00 00 00
 (1789630944.754696)  can0  581   [8]  4F 01 1A 00 00 00 00 00
 (1789630944.756401)  can0  601   [8]  40 01 1A 01 00 00 00 00
 (1789630944.756744)  can0  581   [8]  43 01 1A 01 00 00 00 00
 (1789630944.758397)  can0  601   [8]  40 01 1A 02 00 00 00 00
 (1789630944.758681)  can0  581   [8]  43 01 1A 02 00 00 00 00
 (1789630944.760401)  can0  601   [8]  2B 17 10 00 F4 01 00 00
 (1789630944.760741)  can0  581   [8]  60 17 10 00 00 00 00 00
 (1789630944.762396)  can0  601   [8]  40 17 10 00 00 00 00 00
 (1789630944.762670)  can0  581   [8]  4B 17 10 00 F4 01 00 00
 (1789630945.010166)  can0  701   [1]  7F
 (1789630945.012307)  can0  000   [2]  80 01
 (1789630945.259717)  can0  701   [1]  7F
 (1789630945.261418)  can0  601   [8]  2B 00 20 00 E8 03 00 00
 (1789630945.261717)  can0  581   [8]  60 00 20 00 00 00 00 00
 (1789630945.263405)  can0  601   [8]  40 00 20 00 00 00 00 00
 (1789630945.263758)  can0  581   [8]  4B 00 20 00 E8 03 00 00
 (1789630945.265402)  can0  601   [8]  23 00 14 01 01 02 00 80
 (1789630945.265759)  can0  581   [8]  60 00 14 01 00 00 00 00
 (1789630945.267396)  can0  601   [8]  40 00 14 01 00 00 00 00
 (1789630945.267749)  can0  581   [8]  43 00 14 01 01 02 00 80
 (1789630945.269402)  can0  601   [8]  2F 00 16 00 00 00 00 00
 (1789630945.269751)  can0  581   [8]  60 00 16 00 00 00 00 00
 (1789630945.271401)  can0  601   [8]  40 00 16 00 00 00 00 00
 (1789630945.271687)  can0  581   [8]  4F 00 16 00 00 00 00 00
 (1789630945.273394)  can0  601   [8]  23 00 16 01 10 00 40 60
 (1789630945.273686)  can0  581   [8]  60 00 16 01 00 00 00 00
 (1789630945.275340)  can0  601   [8]  40 00 16 01 00 00 00 00
 (1789630945.275728)  can0  581   [8]  43 00 16 01 10 00 40 60
 (1789630945.277399)  can0  601   [8]  23 00 16 02 20 03 FF 60
 (1789630945.277733)  can0  581   [8]  60 00 16 02 00 00 00 00
 (1789630945.279396)  can0  601   [8]  40 00 16 02 00 00 00 00
 (1789630945.279725)  can0  581   [8]  43 00 16 02 20 03 FF 60
 (1789630945.281344)  can0  601   [8]  2F 00 16 00 02 00 00 00
 (1789630945.281667)  can0  581   [8]  60 00 16 00 00 00 00 00
 (1789630945.283402)  can0  601   [8]  40 00 16 00 00 00 00 00
 (1789630945.283720)  can0  581   [8]  4F 00 16 00 02 00 00 00
 (1789630945.285399)  can0  601   [8]  23 00 14 01 01 02 00 00
 (1789630945.285716)  can0  581   [8]  60 00 14 01 00 00 00 00
 (1789630945.287398)  can0  601   [8]  40 00 14 01 00 00 00 00
 (1789630945.287653)  can0  581   [8]  43 00 14 01 01 02 00 00
 (1789630945.289399)  can0  601   [8]  23 01 18 01 81 02 00 80
 (1789630945.289764)  can0  581   [8]  60 01 18 01 00 00 00 00
 (1789630945.291340)  can0  601   [8]  40 01 18 01 00 00 00 00
 (1789630945.291697)  can0  581   [8]  43 01 18 01 81 02 00 80
 (1789630945.293400)  can0  601   [8]  2F 01 1A 00 00 00 00 00
 (1789630945.293757)  can0  581   [8]  60 01 1A 00 00 00 00 00
 (1789630945.295397)  can0  601   [8]  40 01 1A 00 00 00 00 00
 (1789630945.295751)  can0  581   [8]  4F 01 1A 00 00 00 00 00
 (1789630945.297392)  can0  601   [8]  23 01 1A 01 08 00 61 60
 (1789630945.297745)  can0  581   [8]  60 01 1A 01 00 00 00 00
 (1789630945.299399)  can0  601   [8]  40 01 1A 01 00 00 00 00
 (1789630945.299733)  can0  581   [8]  43 01 1A 01 08 00 61 60
 (1789630945.301396)  can0  601   [8]  23 01 1A 02 20 00 3F 60
 (1789630945.301680)  can0  581   [8]  60 01 1A 02 00 00 00 00
 (1789630945.303397)  can0  601   [8]  40 01 1A 02 00 00 00 00
 (1789630945.303726)  can0  581   [8]  43 01 1A 02 20 00 3F 60
 (1789630945.305397)  can0  601   [8]  2F 01 1A 00 02 00 00 00
 (1789630945.305728)  can0  581   [8]  60 01 1A 00 00 00 00 00
 (1789630945.307396)  can0  601   [8]  40 01 1A 00 00 00 00 00
 (1789630945.307724)  can0  581   [8]  4F 01 1A 00 02 00 00 00
 (1789630945.309398)  can0  601   [8]  2B 01 18 05 64 00 00 00
 (1789630945.309716)  can0  581   [8]  60 01 18 05 00 00 00 00
 (1789630945.311394)  can0  601   [8]  40 01 18 05 00 00 00 00
 (1789630945.311653)  can0  581   [8]  4B 01 18 05 64 00 00 00
 (1789630945.313341)  can0  601   [8]  23 01 18 01 81 02 00 00
 (1789630945.313654)  can0  581   [8]  60 01 18 01 00 00 00 00
 (1789630945.315342)  can0  601   [8]  40 01 18 01 00 00 00 00
 (1789630945.315758)  can0  581   [8]  43 01 18 01 81 02 00 00
 (1789630945.317292)  can0  000   [2]  01 01
 (1789630945.317696)  can0  181   [8]  60 14 60 14 00 00 00 00
 (1789630945.317830)  can0  281   [5]  03 00 00 00 00
 (1789630945.317930)  can0  381   [0] 
 (1789630945.318028)  can0  481   [0] 
 (1789630945.367646)  can0  181   [8]  60 14 60 14 00 00 00 00
 (1789630945.367781)  can0  281   [5]  03 00 00 00 00
 (1789630945.417660)  can0  181   [8]  60 14 60 14 00 00 00 00
 (1789630945.417845)  can0  281   [5]  03 00 00 00 00
 (1789630945.467666)  can0  181   [8]  60 14 60 14 00 00 00 00
 (1789630945.467855)  can0  281   [5]  03 00 00 00 00
 (1789630945.509193)  can0  701   [1]  05
 (1789630945.510426)  can0  601   [8]  23 FF 60 01 00 00 00 00
 (1789630945.510757)  can0  581   [8]  60 FF 60 01 00 00 00 00
 (1789630945.512401)  can0  601   [8]  40 FF 60 01 00 00 00 00
 (1789630945.512750)  can0  581   [8]  43 FF 60 01 00 00 00 00
 (1789630945.514412)  can0  601   [8]  23 FF 60 02 00 00 00 00
 (1789630945.514689)  can0  581   [8]  60 FF 60 02 00 00 00 00
 (1789630945.516399)  can0  601   [8]  40 FF 60 02 00 00 00 00
 (1789630945.516744)  can0  581   [8]  43 FF 60 02 00 00 00 00
 (1789630945.517673)  can0  181   [8]  60 14 60 14 00 00 00 00
 (1789630945.517865)  can0  281   [5]  03 00 00 00 00
 (1789630945.518106)  can0  601   [8]  2B 40 60 00 06 00 00 00
 (1789630945.518425)  can0  581   [8]  60 40 60 00 00 00 00 00
 (1789630945.519400)  can0  601   [8]  40 40 60 00 00 00 00 00
 (1789630945.519734)  can0  581   [8]  4B 40 60 00 06 00 00 00
 (1789630945.567686)  can0  181   [8]  21 14 21 14 00 00 00 00
 (1789630945.567815)  can0  281   [5]  03 00 00 00 00
 (1789630945.569412)  can0  601   [8]  40 00 14 01 00 00 00 00
 (1789630945.569737)  can0  581   [8]  43 00 14 01 01 02 00 00
 (1789630945.571421)  can0  601   [8]  40 00 14 02 00 00 00 00
 (1789630945.571678)  can0  581   [8]  4F 00 14 02 FF 00 00 00
 (1789630945.573414)  can0  601   [8]  40 00 16 00 00 00 00 00
 (1789630945.573734)  can0  581   [8]  4F 00 16 00 02 00 00 00
 (1789630945.575404)  can0  601   [8]  40 00 16 01 00 00 00 00
 (1789630945.575723)  can0  581   [8]  43 00 16 01 10 00 40 60
 (1789630945.577400)  can0  601   [8]  40 00 16 02 00 00 00 00
 (1789630945.577724)  can0  581   [8]  43 00 16 02 20 03 FF 60
 (1789630945.579409)  can0  601   [8]  40 00 18 01 00 00 00 00
 (1789630945.579721)  can0  581   [8]  43 00 18 01 81 01 00 00
 (1789630945.581399)  can0  601   [8]  40 00 18 02 00 00 00 00
 (1789630945.581656)  can0  581   [8]  4F 00 18 02 FF 00 00 00
 (1789630945.583400)  can0  601   [8]  40 00 1A 00 00 00 00 00
 (1789630945.583717)  can0  581   [8]  4F 00 1A 00 02 00 00 00
 (1789630945.585399)  can0  601   [8]  40 00 1A 01 00 00 00 00
 (1789630945.585758)  can0  581   [8]  43 00 1A 01 20 00 41 60
 (1789630945.587403)  can0  601   [8]  40 00 1A 02 00 00 00 00
 (1789630945.587754)  can0  581   [8]  43 00 1A 02 20 03 6C 60
 (1789630945.589398)  can0  601   [8]  40 01 18 01 00 00 00 00
 (1789630945.589699)  can0  581   [8]  43 01 18 01 81 02 00 00
 (1789630945.591341)  can0  601   [8]  40 01 18 02 00 00 00 00
 (1789630945.591696)  can0  581   [8]  4F 01 18 02 FF 00 00 00
 (1789630945.593401)  can0  601   [8]  40 01 1A 00 00 00 00 00
 (1789630945.593692)  can0  581   [8]  4F 01 1A 00 02 00 00 00
 (1789630945.595346)  can0  601   [8]  40 01 1A 01 00 00 00 00
 (1789630945.595743)  can0  581   [8]  43 01 1A 01 08 00 61 60
 (1789630945.597401)  can0  601   [8]  40 01 1A 02 00 00 00 00
 (1789630945.597734)  can0  581   [8]  43 01 1A 02 20 00 3F 60
 (1789630945.599404)  can0  601   [8]  40 0F 20 00 00 00 00 00
 (1789630945.599678)  can0  581   [8]  4B 0F 20 00 01 00 00 00
 (1789630945.617703)  can0  181   [8]  21 14 21 14 00 00 00 00
 (1789630945.617881)  can0  281   [5]  03 00 00 00 00
 (1789630945.631402)  can0  201   [6]  02 00 00 00 00 00
 (1789630945.642463)  can0  201   [6]  02 00 00 00 00 00
 (1789630945.652411)  can0  201   [6]  02 00 00 00 00 00
 (1789630945.662410)  can0  201   [6]  02 00 00 00 00 00
 (1789630945.667706)  can0  181   [8]  60 14 60 14 00 00 00 00
 (1789630945.667836)  can0  281   [5]  03 00 00 00 00
 (1789630945.672416)  can0  201   [6]  02 00 00 00 00 00
 (1789630945.682406)  can0  201   [6]  02 00 00 00 00 00
 (1789630945.692405)  can0  201   [6]  02 00 00 00 00 00
 (1789630945.702406)  can0  201   [6]  02 00 00 00 00 00
 (1789630945.712398)  can0  201   [6]  02 00 00 00 00 00
 (1789630945.717712)  can0  181   [8]  60 14 60 14 00 00 00 00
 (1789630945.717845)  can0  281   [5]  03 00 00 00 00
 (1789630945.722403)  can0  201   [6]  02 00 00 00 00 00
 (1789630945.732396)  can0  201   [6]  02 00 00 00 00 00
 (1789630945.742414)  can0  201   [6]  02 00 00 00 00 00
 (1789630945.752401)  can0  201   [6]  02 00 00 00 00 00
 (1789630945.758749)  can0  701   [1]  05
 (1789630945.762390)  can0  201   [6]  02 00 00 00 00 00
 (1789630945.767720)  can0  181   [8]  60 14 60 14 00 00 00 00
 (1789630945.767854)  can0  281   [5]  03 00 00 00 00
 (1789630945.772390)  can0  201   [6]  02 00 00 00 00 00
 (1789630945.782386)  can0  201   [6]  02 00 00 00 00 00
 (1789630945.792388)  can0  201   [6]  02 00 00 00 00 00
 (1789630945.802383)  can0  201   [6]  02 00 00 00 00 00
 (1789630945.812382)  can0  201   [6]  02 00 00 00 00 00
 (1789630945.817729)  can0  181   [8]  60 14 60 14 00 00 00 00
 (1789630945.817922)  can0  281   [5]  03 00 00 00 00
 (1789630945.822385)  can0  201   [6]  02 00 00 00 00 00
 (1789630945.832385)  can0  201   [6]  02 00 00 00 00 00
 (1789630945.842383)  can0  201   [6]  02 00 00 00 00 00
 (1789630945.852387)  can0  201   [6]  02 00 00 00 00 00
 (1789630945.862382)  can0  201   [6]  02 00 00 00 00 00
 (1789630945.867739)  can0  181   [8]  60 14 60 14 00 00 00 00
 (1789630945.867930)  can0  281   [5]  03 00 00 00 00
 (1789630945.872381)  can0  201   [6]  02 00 00 00 00 00
 (1789630945.882382)  can0  201   [6]  02 00 00 00 00 00
 (1789630945.892384)  can0  201   [6]  02 00 00 00 00 00
 (1789630945.902366)  can0  201   [6]  02 00 00 00 00 00
 (1789630945.912389)  can0  201   [6]  02 00 00 00 00 00
 (1789630945.917750)  can0  181   [8]  60 14 60 14 00 00 00 00
 (1789630945.917883)  can0  281   [5]  03 00 00 00 00
 (1789630945.922387)  can0  201   [6]  02 00 00 00 00 00
 (1789630945.932384)  can0  201   [6]  02 00 00 00 00 00
 (1789630945.942383)  can0  201   [6]  02 00 00 00 00 00
 (1789630945.952386)  can0  201   [6]  02 00 00 00 00 00
 (1789630945.962384)  can0  201   [6]  02 00 00 00 00 00
 (1789630945.967756)  can0  181   [8]  60 14 60 14 00 00 00 00
 (1789630945.967891)  can0  281   [5]  03 00 00 00 00
 (1789630945.972387)  can0  201   [6]  02 00 00 00 00 00
 (1789630945.982383)  can0  201   [6]  02 00 00 00 00 00
 (1789630945.992385)  can0  201   [6]  02 00 00 00 00 00
 (1789630946.002382)  can0  201   [6]  02 00 00 00 00 00
 (1789630946.008290)  can0  701   [1]  05
 (1789630946.012383)  can0  201   [6]  02 00 00 00 00 00
 (1789630946.017768)  can0  181   [8]  60 14 60 14 00 00 00 00
 (1789630946.017960)  can0  281   [5]  03 00 00 00 00
 (1789630946.022384)  can0  201   [6]  02 00 00 00 00 00
 (1789630946.032382)  can0  201   [6]  02 00 00 00 00 00
 (1789630946.042384)  can0  201   [6]  02 00 00 00 00 00
 (1789630946.052385)  can0  201   [6]  02 00 00 00 00 00
 (1789630946.062384)  can0  201   [6]  02 00 00 00 00 00
 (1789630946.067776)  can0  181   [8]  60 14 60 14 00 00 00 00
 (1789630946.067965)  can0  281   [5]  03 00 00 00 00
 (1789630946.072384)  can0  201   [6]  02 00 00 00 00 00
 (1789630946.082403)  can0  201   [6]  02 00 00 00 00 00
 (1789630946.092397)  can0  201   [6]  02 00 00 00 00 00
 (1789630946.102396)  can0  201   [6]  02 00 00 00 00 00
 (1789630946.112393)  can0  201   [6]  02 00 00 00 00 00
 (1789630946.117786)  can0  181   [8]  60 14 60 14 00 00 00 00
 (1789630946.117920)  can0  281   [5]  03 00 00 00 00
 (1789630946.122394)  can0  201   [6]  02 00 00 00 00 00
 (1789630946.132397)  can0  201   [6]  02 00 00 00 00 00
 (1789630946.142388)  can0  201   [6]  02 00 00 00 00 00
 (1789630946.152387)  can0  201   [6]  02 00 00 00 00 00
 (1789630946.162384)  can0  201   [6]  02 00 00 00 00 00
 (1789630946.167796)  can0  181   [8]  60 14 60 14 00 00 00 00
 (1789630946.167929)  can0  281   [5]  03 00 00 00 00
 (1789630946.172384)  can0  201   [6]  02 00 00 00 00 00
 (1789630946.182383)  can0  201   [6]  02 00 00 00 00 00
 (1789630946.192383)  can0  201   [6]  02 00 00 00 00 00
 (1789630946.202387)  can0  201   [6]  02 00 00 00 00 00
 (1789630946.212381)  can0  201   [6]  02 00 00 00 00 00
 (1789630946.217805)  can0  181   [8]  60 14 60 14 00 00 00 00
 (1789630946.217939)  can0  281   [5]  03 00 00 00 00
 (1789630946.222384)  can0  201   [6]  02 00 00 00 00 00
 (1789630946.232381)  can0  201   [6]  02 00 00 00 00 00
 (1789630946.242381)  can0  201   [6]  02 00 00 00 00 00
 (1789630946.252384)  can0  201   [6]  02 00 00 00 00 00
 (1789630946.257778)  can0  701   [1]  05
 (1789630946.262385)  can0  201   [6]  02 00 00 00 00 00
 (1789630946.268017)  can0  181   [8]  60 14 60 14 00 00 00 00
 (1789630946.268208)  can0  281   [5]  03 00 00 00 00
 (1789630946.272383)  can0  201   [6]  02 00 00 00 00 00
 (1789630946.282519)  can0  201   [6]  02 00 00 00 00 00
 (1789630946.292386)  can0  201   [6]  02 00 00 00 00 00
 (1789630946.302390)  can0  201   [6]  02 00 00 00 00 00
 (1789630946.312384)  can0  201   [6]  02 00 00 00 00 00
 (1789630946.317824)  can0  181   [8]  60 14 60 14 00 00 00 00
 (1789630946.317958)  can0  281   [5]  03 00 00 00 00
 (1789630946.322385)  can0  201   [6]  02 00 00 00 00 00
 (1789630946.332382)  can0  201   [6]  02 00 00 00 00 00
 (1789630946.342386)  can0  201   [6]  02 00 00 00 00 00
 (1789630946.352381)  can0  201   [6]  02 00 00 00 00 00
 (1789630946.362381)  can0  201   [6]  02 00 00 00 00 00
 (1789630946.367834)  can0  181   [8]  60 14 60 14 00 00 00 00
 (1789630946.368025)  can0  281   [5]  03 00 00 00 00
 (1789630946.372393)  can0  201   [6]  02 00 00 00 00 00
 (1789630946.382384)  can0  201   [6]  02 00 00 00 00 00
 (1789630946.392384)  can0  201   [6]  02 00 00 00 00 00
 (1789630946.402381)  can0  201   [6]  02 00 00 00 00 00
 (1789630946.412384)  can0  201   [6]  02 00 00 00 00 00
 (1789630946.417842)  can0  181   [8]  60 14 60 14 00 00 00 00
 (1789630946.418033)  can0  281   [5]  03 00 00 00 00
 (1789630946.422382)  can0  201   [6]  02 00 00 00 00 00
 (1789630946.432381)  can0  201   [6]  02 00 00 00 00 00
 (1789630946.442387)  can0  201   [6]  02 00 00 00 00 00
 (1789630946.452383)  can0  201   [6]  02 00 00 00 00 00
 (1789630946.462402)  can0  201   [6]  02 00 00 00 00 00
 (1789630946.467854)  can0  181   [8]  60 14 60 14 00 00 00 00
 (1789630946.468044)  can0  281   [5]  03 00 00 00 00
 (1789630946.472397)  can0  201   [6]  02 00 00 00 00 00
 (1789630946.482396)  can0  201   [6]  02 00 00 00 00 00
 (1789630946.492390)  can0  201   [6]  02 00 00 00 00 00
 (1789630946.502395)  can0  201   [6]  02 00 00 00 00 00
 (1789630946.507363)  can0  701   [1]  05
 (1789630946.512395)  can0  201   [6]  02 00 00 00 00 00
 (1789630946.517862)  can0  181   [8]  60 14 60 14 00 00 00 00
 (1789630946.517995)  can0  281   [5]  03 00 00 00 00
 (1789630946.522386)  can0  201   [6]  02 00 00 00 00 00
 (1789630946.532384)  can0  201   [6]  02 00 00 00 00 00
 (1789630946.542384)  can0  201   [6]  02 00 00 00 00 00
 (1789630946.552384)  can0  201   [6]  02 00 00 00 00 00
 (1789630946.562385)  can0  201   [6]  02 00 00 00 00 00
 (1789630946.567870)  can0  181   [8]  60 14 60 14 00 00 00 00
 (1789630946.568061)  can0  281   [5]  03 00 00 00 00
 (1789630946.572383)  can0  201   [6]  02 00 00 00 00 00
 (1789630946.582390)  can0  201   [6]  02 00 00 00 00 00
 (1789630946.592381)  can0  201   [6]  02 00 00 00 00 00
 (1789630946.602385)  can0  201   [6]  02 00 00 00 00 00
 (1789630946.612380)  can0  201   [6]  02 00 00 00 00 00
 (1789630946.617881)  can0  181   [8]  60 14 60 14 00 00 00 00
 (1789630946.618072)  can0  281   [5]  03 00 00 00 00
 (1789630946.622386)  can0  201   [6]  02 00 00 00 00 00
 (1789630946.632382)  can0  201   [6]  02 00 00 00 00 00
 (1789630946.642380)  can0  201   [6]  02 00 00 00 00 00
 (1789630946.652383)  can0  201   [6]  02 00 00 00 00 00
 (1789630946.662401)  can0  201   [6]  02 00 00 00 00 00
 (1789630946.667893)  can0  181   [8]  60 14 60 14 00 00 00 00
 (1789630946.668080)  can0  281   [5]  03 00 00 00 00
 (1789630946.672392)  can0  201   [6]  02 00 00 00 00 00
 (1789630946.682385)  can0  201   [6]  02 00 00 00 00 00
 (1789630946.692384)  can0  201   [6]  02 00 00 00 00 00
 (1789630946.702383)  can0  201   [6]  02 00 00 00 00 00
 (1789630946.712380)  can0  201   [6]  02 00 00 00 00 00
 (1789630946.717899)  can0  181   [8]  60 14 60 14 00 00 00 00
 (1789630946.718033)  can0  281   [5]  03 00 00 00 00
 (1789630946.722385)  can0  201   [6]  02 00 00 00 00 00
 (1789630946.732381)  can0  201   [6]  02 00 00 00 00 00
 (1789630946.742384)  can0  201   [6]  02 00 00 00 00 00
 (1789630946.752380)  can0  201   [6]  02 00 00 00 00 00
 (1789630946.756871)  can0  701   [1]  05
 (1789630946.762384)  can0  201   [6]  02 00 00 00 00 00
 (1789630946.767907)  can0  181   [8]  60 14 60 14 00 00 00 00
 (1789630946.768099)  can0  281   [5]  03 00 00 00 00
 (1789630946.772383)  can0  201   [6]  02 00 00 00 00 00
 (1789630946.782381)  can0  201   [6]  02 00 00 00 00 00
 (1789630946.792385)  can0  201   [6]  02 00 00 00 00 00
 (1789630946.802381)  can0  201   [6]  02 00 00 00 00 00
 (1789630946.812383)  can0  201   [6]  02 00 00 00 00 00
 (1789630946.817918)  can0  181   [8]  60 14 60 14 00 00 00 00
 (1789630946.818052)  can0  281   [5]  03 00 00 00 00
 (1789630946.822382)  can0  201   [6]  02 00 00 00 00 00
 (1789630946.832389)  can0  201   [6]  02 00 00 00 00 00
 (1789630946.842404)  can0  201   [6]  02 00 00 00 00 00
 (1789630946.852395)  can0  201   [6]  02 00 00 00 00 00
 (1789630946.862399)  can0  201   [6]  02 00 00 00 00 00
 (1789630946.867929)  can0  181   [8]  60 14 60 14 00 00 00 00
 (1789630946.868062)  can0  281   [5]  03 00 00 00 00
 (1789630946.872391)  can0  201   [6]  02 00 00 00 00 00
 (1789630946.882399)  can0  201   [6]  02 00 00 00 00 00
 (1789630946.892400)  can0  201   [6]  02 00 00 00 00 00
 (1789630946.902419)  can0  201   [6]  02 00 00 00 00 00
 (1789630946.912395)  can0  201   [6]  02 00 00 00 00 00
 (1789630946.917940)  can0  181   [8]  60 14 60 14 00 00 00 00
 (1789630946.918071)  can0  281   [5]  03 00 00 00 00
 (1789630946.922422)  can0  201   [6]  02 00 00 00 00 00
 (1789630946.932410)  can0  201   [6]  02 00 00 00 00 00
 (1789630946.942410)  can0  201   [6]  02 00 00 00 00 00
 (1789630946.952406)  can0  201   [6]  02 00 00 00 00 00
 (1789630946.962396)  can0  201   [6]  02 00 00 00 00 00
 (1789630946.967953)  can0  181   [8]  60 14 60 14 00 00 00 00
 (1789630946.968080)  can0  281   [5]  03 00 00 00 00
 (1789630946.972400)  can0  201   [6]  02 00 00 00 00 00
 (1789630946.982405)  can0  201   [6]  02 00 00 00 00 00
 (1789630946.992408)  can0  201   [6]  02 00 00 00 00 00
 (1789630947.002400)  can0  201   [6]  02 00 00 00 00 00
 (1789630947.006364)  can0  701   [1]  05
 (1789630947.012399)  can0  201   [6]  02 00 00 00 00 00
 (1789630947.017957)  can0  181   [8]  60 14 60 14 00 00 00 00
 (1789630947.018145)  can0  281   [5]  03 00 00 00 00
 (1789630947.022395)  can0  201   [6]  02 00 00 00 00 00
 (1789630947.032395)  can0  201   [6]  02 00 00 00 00 00
 (1789630947.042398)  can0  201   [6]  02 00 00 00 00 00
 (1789630947.052389)  can0  201   [6]  02 00 00 00 00 00
 (1789630947.062383)  can0  201   [6]  02 00 00 00 00 00
 (1789630947.067967)  can0  181   [8]  60 14 60 14 00 00 00 00
 (1789630947.068100)  can0  281   [5]  03 00 00 00 00
 (1789630947.072384)  can0  201   [6]  02 00 00 00 00 00
 (1789630947.082383)  can0  201   [6]  02 00 00 00 00 00
 (1789630947.092382)  can0  201   [6]  02 00 00 00 00 00
 (1789630947.102385)  can0  201   [6]  02 00 00 00 00 00
 (1789630947.112383)  can0  201   [6]  02 00 00 00 00 00
 (1789630947.117974)  can0  181   [8]  60 14 60 14 00 00 00 00
 (1789630947.118109)  can0  281   [5]  03 00 00 00 00
 (1789630947.122381)  can0  201   [6]  02 00 00 00 00 00
 (1789630947.132381)  can0  201   [6]  02 00 00 00 00 00
 (1789630947.142383)  can0  201   [6]  02 00 00 00 00 00
 (1789630947.152382)  can0  201   [6]  02 00 00 00 00 00
 (1789630947.162382)  can0  201   [6]  02 00 00 00 00 00
 (1789630947.167985)  can0  181   [8]  60 14 60 14 00 00 00 00
 (1789630947.168117)  can0  281   [5]  03 00 00 00 00
 (1789630947.172383)  can0  201   [6]  02 00 00 00 00 00
 (1789630947.182383)  can0  201   [6]  02 00 00 00 00 00
 (1789630947.192405)  can0  201   [6]  02 00 00 00 00 00
 (1789630947.202396)  can0  201   [6]  02 00 00 00 00 00
 (1789630947.212387)  can0  201   [6]  02 00 00 00 00 00
 (1789630947.217993)  can0  181   [8]  60 14 60 14 00 00 00 00
 (1789630947.218186)  can0  281   [5]  03 00 00 00 00
 (1789630947.222384)  can0  201   [6]  02 00 00 00 00 00
 (1789630947.232384)  can0  201   [6]  02 00 00 00 00 00
 (1789630947.242382)  can0  201   [6]  02 00 00 00 00 00
 (1789630947.252386)  can0  201   [6]  02 00 00 00 00 00
 (1789630947.255907)  can0  701   [1]  05
 (1789630947.262383)  can0  201   [6]  02 00 00 00 00 00
 (1789630947.268002)  can0  181   [8]  60 14 60 14 00 00 00 00
 (1789630947.268194)  can0  281   [5]  03 00 00 00 00
 (1789630947.272384)  can0  201   [6]  02 00 00 00 00 00
 (1789630947.282383)  can0  201   [6]  02 00 00 00 00 00
 (1789630947.292382)  can0  201   [6]  02 00 00 00 00 00
 (1789630947.302382)  can0  201   [6]  02 00 00 00 00 00
 (1789630947.312384)  can0  201   [6]  02 00 00 00 00 00
 (1789630947.318012)  can0  181   [8]  60 14 60 14 00 00 00 00
 (1789630947.318145)  can0  281   [5]  03 00 00 00 00
 (1789630947.322387)  can0  201   [6]  06 00 00 00 00 00
 (1789630947.332386)  can0  201   [6]  06 00 00 00 00 00
 (1789630947.342385)  can0  201   [6]  06 00 00 00 00 00
 (1789630947.352388)  can0  201   [6]  06 00 00 00 00 00
 (1789630947.362397)  can0  201   [6]  06 00 00 00 00 00
 (1789630947.368019)  can0  181   [8]  21 14 21 14 00 00 00 00
 (1789630947.368152)  can0  281   [5]  03 00 00 00 00
 (1789630947.372402)  can0  201   [6]  07 00 00 00 00 00
 (1789630947.382398)  can0  201   [6]  07 00 00 00 00 00
 (1789630947.392403)  can0  201   [6]  07 00 00 00 00 00
 (1789630947.402394)  can0  201   [6]  07 00 00 00 00 00
 (1789630947.412415)  can0  201   [6]  07 00 00 00 00 00
 (1789630947.418023)  can0  181   [8]  23 14 23 14 00 00 00 00
 (1789630947.418215)  can0  281   [5]  03 00 00 00 00
 (1789630947.422419)  can0  201   [6]  0F 00 00 00 00 00
 (1789630947.432409)  can0  201   [6]  0F 00 00 00 00 00
 (1789630947.442407)  can0  201   [6]  0F 00 00 00 00 00
 (1789630947.452421)  can0  201   [6]  0F 00 00 00 00 00
 (1789630947.462412)  can0  201   [6]  0F 00 00 00 00 00
 (1789630947.467983)  can0  181   [8]  27 14 27 14 00 00 00 00
 (1789630947.468177)  can0  281   [5]  03 00 00 00 00
 (1789630947.472407)  can0  201   [6]  0F 00 00 00 00 00
 (1789630947.482406)  can0  201   [6]  0F 00 00 00 00 00
 (1789630947.492403)  can0  201   [6]  0F 00 00 00 00 00
 (1789630947.502399)  can0  201   [6]  0F 00 00 00 00 00
 (1789630947.505432)  can0  701   [1]  05
 (1789630947.512432)  can0  201   [6]  0F 00 00 00 00 00
 (1789630947.517978)  can0  181   [8]  27 14 27 14 00 00 00 00
 (1789630947.518112)  can0  281   [5]  03 00 00 00 00
 (1789630947.522405)  can0  201   [6]  0F 00 00 00 00 00
 (1789630947.532401)  can0  201   [6]  0F 00 00 00 00 00
 (1789630947.542401)  can0  201   [6]  0F 00 00 00 00 00
 (1789630947.552398)  can0  201   [6]  0F 00 00 00 00 00
 (1789630947.562407)  can0  201   [6]  0F 00 00 00 00 00
 (1789630947.567936)  can0  181   [8]  27 14 27 14 00 00 00 00
 (1789630947.568130)  can0  281   [5]  03 00 00 00 00
 (1789630947.572394)  can0  201   [6]  0F 00 00 00 00 00
 (1789630947.582389)  can0  201   [6]  0F 00 00 00 00 00
 (1789630947.592385)  can0  201   [6]  0F 00 00 00 00 00
 (1789630947.602388)  can0  201   [6]  0F 00 00 00 00 00
 (1789630947.612384)  can0  201   [6]  0F 00 00 00 00 00
 (1789630947.617934)  can0  181   [8]  27 14 27 14 00 00 00 00
 (1789630947.618126)  can0  281   [5]  03 00 00 00 00
 (1789630947.622391)  can0  201   [6]  0F 00 00 00 00 00
 (1789630947.632386)  can0  201   [6]  0F 00 00 00 00 00
 (1789630947.642385)  can0  201   [6]  0F 00 00 00 00 00
 (1789630947.652387)  can0  201   [6]  0F 00 00 00 00 00
 (1789630947.662388)  can0  201   [6]  0F 00 00 00 00 00
 (1789630947.667887)  can0  181   [8]  27 14 27 14 00 00 00 00
 (1789630947.668077)  can0  281   [5]  03 00 00 00 00
 (1789630947.672392)  can0  201   [6]  0F 00 00 00 00 00
 (1789630947.682385)  can0  201   [6]  0F 00 00 00 00 00
 (1789630947.692384)  can0  201   [6]  0F 00 00 00 00 00
 (1789630947.702385)  can0  201   [6]  0F 00 00 00 00 00
 (1789630947.712383)  can0  201   [6]  0F 00 00 00 00 00
 (1789630947.717893)  can0  181   [8]  27 14 27 14 00 00 00 00
 (1789630947.718023)  can0  281   [5]  03 00 00 00 00
 (1789630947.722413)  can0  201   [6]  0F 00 00 00 00 00
 (1789630947.732392)  can0  201   [6]  0F 00 00 00 00 00
 (1789630947.742391)  can0  201   [6]  0F 00 00 00 00 00
 (1789630947.752386)  can0  201   [6]  0F 00 00 00 00 00
 (1789630947.754994)  can0  701   [1]  05
 (1789630947.762386)  can0  201   [6]  0F 00 00 00 00 00
 (1789630947.767851)  can0  181   [8]  27 14 27 14 00 00 00 00
 (1789630947.767985)  can0  281   [5]  03 00 00 00 00
 (1789630947.772390)  can0  201   [6]  0F 00 00 00 00 00
 (1789630947.782387)  can0  201   [6]  0F 00 00 00 00 00
 (1789630947.792387)  can0  201   [6]  0F 00 00 00 00 00
 (1789630947.802387)  can0  201   [6]  0F 00 00 00 00 00
 (1789630947.812388)  can0  201   [6]  0F 00 00 00 00 00
 (1789630947.817845)  can0  181   [8]  27 14 27 14 00 00 00 00
 (1789630947.818036)  can0  281   [5]  03 00 00 00 00
 (1789630947.822387)  can0  201   [6]  0F 00 00 00 00 00
 (1789630947.832384)  can0  201   [6]  0F 00 00 00 00 00
 (1789630947.842387)  can0  201   [6]  0F 00 00 00 00 00
 (1789630947.852384)  can0  201   [6]  0F 00 00 00 00 00
 (1789630947.862386)  can0  201   [6]  0F 00 00 00 00 00
 (1789630947.867797)  can0  181   [8]  27 14 27 14 00 00 00 00
 (1789630947.867988)  can0  281   [5]  03 00 00 00 00
 (1789630947.872390)  can0  201   [6]  0F 00 00 00 00 00
 (1789630947.882390)  can0  201   [6]  0F 00 00 00 00 00
 (1789630947.892408)  can0  201   [6]  0F 00 00 00 00 00
 (1789630947.902393)  can0  201   [6]  0F 00 00 00 00 00
 (1789630947.912408)  can0  201   [6]  0F 00 00 00 00 00
 (1789630947.917746)  can0  181   [8]  27 14 27 14 00 00 00 00
 (1789630947.917874)  can0  281   [5]  03 00 00 00 00
 (1789630947.922406)  can0  201   [6]  0F 00 00 00 00 00
 (1789630947.932401)  can0  201   [6]  0F 00 00 00 00 00
 (1789630947.942402)  can0  201   [6]  0F 00 00 00 00 00
 (1789630947.952429)  can0  201   [6]  0F 00 00 00 00 00
 (1789630947.962400)  can0  201   [6]  0F 00 00 00 00 00
 (1789630947.967694)  can0  181   [8]  27 14 27 14 00 00 00 00
 (1789630947.967891)  can0  281   [5]  03 00 00 00 00
 (1789630947.972417)  can0  201   [6]  0F 00 00 00 00 00
 (1789630947.982417)  can0  201   [6]  0F 00 00 00 00 00
 (1789630947.992400)  can0  201   [6]  0F 00 00 00 00 00
 (1789630948.002413)  can0  201   [6]  0F 00 00 00 00 00
 (1789630948.004489)  can0  701   [1]  05
 (1789630948.012403)  can0  201   [6]  0F 00 00 00 00 00
 (1789630948.017633)  can0  181   [8]  27 14 27 14 00 00 00 00
 (1789630948.017826)  can0  281   [5]  03 00 00 00 00
 (1789630948.022401)  can0  201   [6]  0F 00 00 00 00 00
 (1789630948.032412)  can0  201   [6]  0F 00 00 00 00 00
 (1789630948.042408)  can0  201   [6]  0F 00 00 00 00 00
 (1789630948.052399)  can0  201   [6]  0F 00 00 00 00 00
 (1789630948.062402)  can0  201   [6]  0F 00 00 00 00 00
 (1789630948.067582)  can0  181   [8]  27 14 27 14 00 00 00 00
 (1789630948.067771)  can0  281   [5]  03 00 00 00 00
 (1789630948.072399)  can0  201   [6]  0F 00 00 00 00 00
 (1789630948.082397)  can0  201   [6]  0F 00 00 00 00 00
 (1789630948.092405)  can0  201   [6]  0F 00 00 00 00 00
 (1789630948.102393)  can0  201   [6]  0F 00 00 00 00 00
 (1789630948.112390)  can0  201   [6]  0F 00 00 00 00 00
 (1789630948.117530)  can0  181   [8]  27 14 27 14 00 00 00 00
 (1789630948.117720)  can0  281   [5]  03 00 00 00 00
 (1789630948.122390)  can0  201   [6]  0F 00 00 00 00 00
 (1789630948.132386)  can0  201   [6]  0F 00 00 00 00 00
 (1789630948.142388)  can0  201   [6]  0F 00 00 00 00 00
 (1789630948.152386)  can0  201   [6]  0F 00 00 00 00 00
 (1789630948.162385)  can0  201   [6]  0F 00 00 00 00 00
 (1789630948.167474)  can0  181   [8]  27 14 27 14 00 00 00 00
 (1789630948.167666)  can0  281   [5]  03 00 00 00 00
 (1789630948.172386)  can0  201   [6]  0F 00 00 00 00 00
 (1789630948.182385)  can0  201   [6]  0F 00 00 00 00 00
 (1789630948.192386)  can0  201   [6]  0F 00 00 00 00 00
 (1789630948.202386)  can0  201   [6]  0F 00 00 00 00 00
 (1789630948.212387)  can0  201   [6]  0F 00 00 00 00 00
 (1789630948.217421)  can0  181   [8]  27 14 27 14 00 00 00 00
 (1789630948.217615)  can0  281   [5]  03 00 00 00 00
 (1789630948.222384)  can0  201   [6]  0F 00 00 00 00 00
 (1789630948.232386)  can0  201   [6]  0F 00 00 00 00 00
 (1789630948.242409)  can0  201   [6]  0F 00 00 00 00 00
 (1789630948.252394)  can0  201   [6]  0F 00 00 00 00 00
 (1789630948.254029)  can0  701   [1]  05
 (1789630948.262388)  can0  201   [6]  0F 00 00 00 00 00
 (1789630948.267368)  can0  181   [8]  27 14 27 14 00 00 00 00
 (1789630948.267559)  can0  281   [5]  03 00 00 00 00
 (1789630948.272387)  can0  201   [6]  0F 00 00 00 00 00
 (1789630948.282388)  can0  201   [6]  0F 00 00 00 00 00
 (1789630948.292387)  can0  201   [6]  0F 00 00 00 00 00
 (1789630948.302386)  can0  201   [6]  0F 00 00 00 00 00
 (1789630948.312384)  can0  201   [6]  0F 00 00 00 00 00
 (1789630948.317316)  can0  181   [8]  27 14 27 14 00 00 00 00
 (1789630948.317509)  can0  281   [5]  03 00 00 00 00
 (1789630948.322384)  can0  201   [6]  0F 00 00 00 00 00
 (1789630948.332386)  can0  201   [6]  0F 00 00 00 00 00
 (1789630948.342383)  can0  201   [6]  0F 00 00 00 00 00
 (1789630948.352388)  can0  201   [6]  0F 00 00 00 00 00
 (1789630948.362388)  can0  201   [6]  0F 00 00 00 00 00
 (1789630948.367263)  can0  181   [8]  27 14 27 14 00 00 00 00
 (1789630948.367453)  can0  281   [5]  03 00 00 00 00
 (1789630948.372390)  can0  201   [6]  0F 00 00 00 00 00
 (1789630948.382386)  can0  201   [6]  0F 00 00 00 00 00
 (1789630948.392384)  can0  201   [6]  0F 00 00 00 00 00
 (1789630948.402387)  can0  201   [6]  0F 00 00 00 00 00
 (1789630948.412388)  can0  201   [6]  0F 00 00 00 00 00
 (1789630948.417212)  can0  181   [8]  27 14 27 14 00 00 00 00
 (1789630948.417403)  can0  281   [5]  03 00 00 00 00
 (1789630948.422401)  can0  201   [6]  0F 00 00 00 00 00
 (1789630948.432390)  can0  201   [6]  0F 00 00 00 00 00
 (1789630948.442407)  can0  201   [6]  0F 00 00 00 00 00
 (1789630948.452399)  can0  201   [6]  0F 00 00 00 00 00
 (1789630948.462437)  can0  201   [6]  0F 00 00 00 00 00
 (1789630948.467160)  can0  181   [8]  27 14 27 14 00 00 00 00
 (1789630948.467350)  can0  281   [5]  03 00 00 00 00
 (1789630948.472403)  can0  201   [6]  0F 00 00 00 00 00
 (1789630948.482429)  can0  201   [6]  0F 00 00 00 00 00
 (1789630948.492399)  can0  201   [6]  0F 00 00 00 00 00
 (1789630948.502426)  can0  201   [6]  0F 00 00 00 00 00
 (1789630948.503582)  can0  701   [1]  05
 (1789630948.512411)  can0  201   [6]  0F 00 00 00 00 00
 (1789630948.517105)  can0  181   [8]  27 14 27 14 00 00 00 00
 (1789630948.517295)  can0  281   [5]  03 00 00 00 00
 (1789630948.522412)  can0  201   [6]  0F 00 00 00 00 00
 (1789630948.532401)  can0  201   [6]  0F 00 00 00 00 00
 (1789630948.542402)  can0  201   [6]  0F 00 00 00 00 00
 (1789630948.552396)  can0  201   [6]  0F 00 00 00 00 00
 (1789630948.562415)  can0  201   [6]  0F 00 00 00 00 00
 (1789630948.567055)  can0  181   [8]  27 14 27 14 00 00 00 00
 (1789630948.567243)  can0  281   [5]  03 00 00 00 00
 (1789630948.572409)  can0  201   [6]  0F 00 00 00 00 00
 (1789630948.582400)  can0  201   [6]  0F 00 00 00 00 00
 (1789630948.592396)  can0  201   [6]  0F 00 00 00 00 00
 (1789630948.602399)  can0  201   [6]  0F 00 00 00 00 00
 (1789630948.612401)  can0  201   [6]  0F 00 00 00 00 00
 (1789630948.617002)  can0  181   [8]  27 14 27 14 00 00 00 00
 (1789630948.617189)  can0  281   [5]  03 00 00 00 00
 (1789630948.622398)  can0  201   [6]  0F 00 00 00 00 00
 (1789630948.632391)  can0  201   [6]  0F 00 00 00 00 00
 (1789630948.642387)  can0  201   [6]  0F 00 00 00 00 00
 (1789630948.652387)  can0  201   [6]  0F 00 00 00 00 00
 (1789630948.662385)  can0  201   [6]  0F 00 00 00 00 00
 (1789630948.666945)  can0  181   [8]  27 14 27 14 00 00 00 00
 (1789630948.667137)  can0  281   [5]  03 00 00 00 00
 (1789630948.672386)  can0  201   [6]  0F 00 00 00 00 00
 (1789630948.682393)  can0  201   [6]  0F 00 00 00 00 00
 (1789630948.692385)  can0  201   [6]  0F 00 00 00 00 00
 (1789630948.702386)  can0  201   [6]  0F 00 00 00 00 00
 (1789630948.712384)  can0  201   [6]  0F 00 00 00 00 00
 (1789630948.716892)  can0  181   [8]  27 14 27 14 00 00 00 00
 (1789630948.717083)  can0  281   [5]  03 00 00 00 00
 (1789630948.722389)  can0  201   [6]  0F 00 00 00 00 00
 (1789630948.732384)  can0  201   [6]  0F 00 00 00 00 00
 (1789630948.742386)  can0  201   [6]  0F 00 00 00 00 00
 (1789630948.752386)  can0  201   [6]  0F 00 00 00 00 00
 (1789630948.753062)  can0  701   [1]  05
 (1789630948.762384)  can0  201   [6]  0F 00 00 00 00 00
 (1789630948.766784)  can0  181   [8]  27 14 27 14 00 00 00 00
 (1789630948.766972)  can0  281   [5]  03 00 00 00 00
 (1789630948.772406)  can0  201   [6]  0F 00 00 00 00 00
 (1789630948.782395)  can0  201   [6]  0F 00 00 00 00 00
 (1789630948.792389)  can0  201   [6]  0F 00 00 00 00 00
 (1789630948.802387)  can0  201   [6]  0F 00 00 00 00 00
 (1789630948.812385)  can0  201   [6]  0F 00 00 00 00 00
 (1789630948.816787)  can0  181   [8]  27 14 27 14 00 00 00 00
 (1789630948.816977)  can0  281   [5]  03 00 00 00 00
 (1789630948.822388)  can0  201   [6]  0F 00 00 00 00 00
 (1789630948.832385)  can0  201   [6]  0F 00 00 00 00 00
 (1789630948.842387)  can0  201   [6]  0F 00 00 00 00 00
 (1789630948.852386)  can0  201   [6]  0F 00 00 00 00 00
 (1789630948.862386)  can0  201   [6]  0F 00 00 00 00 00
 (1789630948.866732)  can0  181   [8]  27 14 27 14 00 00 00 00
 (1789630948.866924)  can0  281   [5]  03 00 00 00 00
 (1789630948.872386)  can0  201   [6]  0F 00 00 00 00 00
 (1789630948.882385)  can0  201   [6]  0F 00 00 00 00 00
 (1789630948.892389)  can0  201   [6]  0F 00 00 00 00 00
 (1789630948.902385)  can0  201   [6]  0F 00 00 00 00 00
 (1789630948.912384)  can0  201   [6]  0F 00 00 00 00 00
 (1789630948.916681)  can0  181   [8]  27 14 27 14 00 00 00 00
 (1789630948.916873)  can0  281   [5]  03 00 00 00 00
 (1789630948.922388)  can0  201   [6]  0F 00 00 00 00 00
 (1789630948.932389)  can0  201   [6]  0F 00 00 00 00 00
 (1789630948.942397)  can0  201   [6]  0F 00 00 00 00 00
 (1789630948.952399)  can0  201   [6]  0F 00 00 00 00 00
 (1789630948.962397)  can0  201   [6]  0F 00 00 00 00 00
 (1789630948.966634)  can0  181   [8]  27 14 27 14 00 00 00 00
 (1789630948.966819)  can0  281   [5]  03 00 00 00 00
 (1789630948.972402)  can0  201   [6]  0F 00 00 00 00 00
 (1789630948.982397)  can0  201   [6]  0F 00 00 00 00 00
 (1789630948.992423)  can0  201   [6]  0F 00 00 00 00 00
 (1789630949.002400)  can0  201   [6]  0F 00 00 00 00 00
 (1789630949.002622)  can0  701   [1]  05
 (1789630949.012429)  can0  201   [6]  0F 00 00 00 00 00
 (1789630949.016577)  can0  181   [8]  27 14 27 14 00 00 00 00
 (1789630949.016765)  can0  281   [5]  03 00 00 00 00
 (1789630949.022406)  can0  201   [6]  0F 00 00 00 00 00
 (1789630949.032442)  can0  201   [6]  0F 00 00 00 00 00
 (1789630949.042411)  can0  201   [6]  0F 00 00 00 00 00
 (1789630949.052415)  can0  201   [6]  0F 00 00 00 00 00
 (1789630949.062403)  can0  201   [6]  0F 00 00 00 00 00
 (1789630949.066522)  can0  181   [8]  27 14 27 14 00 00 00 00
 (1789630949.066710)  can0  281   [5]  03 00 00 00 00
 (1789630949.072406)  can0  201   [6]  0F 00 00 00 00 00
 (1789630949.082396)  can0  201   [6]  0F 00 00 00 00 00
 (1789630949.092417)  can0  201   [6]  0F 00 00 00 00 00
 (1789630949.102413)  can0  201   [6]  0F 00 00 00 00 00
 (1789630949.112402)  can0  201   [6]  0F 00 00 00 00 00
 (1789630949.116471)  can0  181   [8]  27 14 27 14 00 00 00 00
 (1789630949.116661)  can0  281   [5]  03 00 00 00 00
 (1789630949.122402)  can0  201   [6]  0F 00 00 00 00 00
 (1789630949.132397)  can0  201   [6]  0F 00 00 00 00 00
 (1789630949.142412)  can0  201   [6]  0F 00 00 00 00 00
 (1789630949.152388)  can0  201   [6]  0F 00 00 00 00 00
 (1789630949.162387)  can0  201   [6]  0F 00 00 00 00 00
 (1789630949.166416)  can0  181   [8]  27 14 27 14 00 00 00 00
 (1789630949.166605)  can0  281   [5]  03 00 00 00 00
 (1789630949.172390)  can0  201   [6]  0F 00 00 00 00 00
 (1789630949.182388)  can0  201   [6]  0F 00 00 00 00 00
 (1789630949.192386)  can0  201   [6]  0F 00 00 00 00 00
 (1789630949.202385)  can0  201   [6]  0F 00 00 00 00 00
 (1789630949.212389)  can0  201   [6]  0F 00 00 00 00 00
 (1789630949.216361)  can0  181   [8]  27 14 27 14 00 00 00 00
 (1789630949.216554)  can0  281   [5]  03 00 00 00 00
 (1789630949.222387)  can0  201   [6]  0F 00 00 00 00 00
 (1789630949.232382)  can0  201   [6]  0F 00 00 00 00 00
 (1789630949.242389)  can0  201   [6]  0F 00 00 00 00 00
 (1789630949.252150)  can0  701   [1]  05
 (1789630949.252384)  can0  201   [6]  0F 00 00 00 00 00
 (1789630949.262388)  can0  201   [6]  0F 00 00 00 00 00
 (1789630949.266310)  can0  181   [8]  27 14 27 14 00 00 00 00
 (1789630949.266500)  can0  281   [5]  03 00 00 00 00
 (1789630949.272385)  can0  201   [6]  0F 00 00 00 00 00
 (1789630949.282387)  can0  201   [6]  0F 00 00 00 00 00
 (1789630949.292385)  can0  201   [6]  0F 00 00 00 00 00
 (1789630949.302406)  can0  201   [6]  0F 00 00 00 00 00
 (1789630949.312393)  can0  201   [6]  0F 00 00 00 00 00
 (1789630949.316259)  can0  181   [8]  27 14 27 14 00 00 00 00
 (1789630949.316447)  can0  281   [5]  03 00 00 00 00
 (1789630949.322387)  can0  201   [6]  0F 00 00 00 00 00
 (1789630949.332387)  can0  201   [6]  0F 00 00 00 00 00
 (1789630949.342388)  can0  201   [6]  0F 00 00 00 00 00
 (1789630949.352388)  can0  201   [6]  0F 00 00 00 00 00
 (1789630949.362383)  can0  201   [6]  0F 00 00 00 00 00
 (1789630949.366202)  can0  181   [8]  27 14 27 14 00 00 00 00
 (1789630949.366392)  can0  281   [5]  03 00 00 00 00
 (1789630949.372391)  can0  201   [6]  0F 00 00 00 00 00
 (1789630949.382388)  can0  201   [6]  0F 00 00 00 00 00
 (1789630949.392385)  can0  201   [6]  0F 00 00 00 00 00
 (1789630949.402386)  can0  201   [6]  0F 00 00 00 00 00
 (1789630949.412384)  can0  201   [6]  0F 00 00 00 00 00
 (1789630949.416149)  can0  181   [8]  27 14 27 14 00 00 00 00
 (1789630949.416340)  can0  281   [5]  03 00 00 00 00
 (1789630949.422390)  can0  201   [6]  0F 00 00 00 00 00
 (1789630949.432385)  can0  201   [6]  0F 00 00 00 00 00
 (1789630949.442385)  can0  201   [6]  0F 00 00 00 00 00
 (1789630949.452392)  can0  201   [6]  0F 00 00 00 00 00
 (1789630949.462388)  can0  201   [6]  0F 00 00 00 00 00
 (1789630949.466098)  can0  181   [8]  27 14 27 14 00 00 00 00
 (1789630949.466289)  can0  281   [5]  03 00 00 00 00
 (1789630949.472414)  can0  201   [6]  0F 00 00 00 00 00
 (1789630949.482403)  can0  201   [6]  0F 00 00 00 00 00
 (1789630949.492408)  can0  201   [6]  0F 00 00 00 00 00
 (1789630949.501776)  can0  701   [1]  05
 (1789630949.502105)  can0  201   [6]  0F 00 00 00 00 00
 (1789630949.512404)  can0  201   [6]  0F 00 00 00 00 00
 (1789630949.516052)  can0  181   [8]  27 14 27 14 00 00 00 00
 (1789630949.516235)  can0  281   [5]  03 00 00 00 00
 (1789630949.522416)  can0  201   [6]  0F 00 00 00 00 00
 (1789630949.532423)  can0  201   [6]  0F 00 00 00 00 00
 (1789630949.542409)  can0  201   [6]  0F 00 00 00 00 00
 (1789630949.552453)  can0  201   [6]  0F 00 00 00 00 00
 (1789630949.562420)  can0  201   [6]  0F 00 00 00 00 00
 (1789630949.565995)  can0  181   [8]  27 14 27 14 00 00 00 00
 (1789630949.566182)  can0  281   [5]  03 00 00 00 00
 (1789630949.572411)  can0  201   [6]  0F 00 00 00 00 00
 (1789630949.582423)  can0  201   [6]  0F 00 00 00 00 00
 (1789630949.592407)  can0  201   [6]  0F 00 00 00 00 00
 (1789630949.602402)  can0  201   [6]  0F 00 00 00 00 00
 (1789630949.612410)  can0  201   [6]  0F 00 00 00 00 00
 (1789630949.615941)  can0  181   [8]  27 14 27 14 00 00 00 00
 (1789630949.616131)  can0  281   [5]  03 00 00 00 00
 (1789630949.622415)  can0  201   [6]  0F 00 00 00 00 00
 (1789630949.632405)  can0  201   [6]  0F 00 00 00 00 00
 (1789630949.642398)  can0  201   [6]  0F 00 00 00 00 00
 (1789630949.652393)  can0  201   [6]  0F 00 00 00 00 00
 (1789630949.662400)  can0  201   [6]  0F 00 00 00 00 00
 (1789630949.665885)  can0  181   [8]  27 14 27 14 00 00 00 00
 (1789630949.666075)  can0  281   [5]  03 00 00 00 00
 (1789630949.672407)  can0  201   [6]  0F 00 00 00 00 00
 (1789630949.682393)  can0  201   [6]  0F 00 00 00 00 00
 (1789630949.692389)  can0  201   [6]  0F 00 00 00 00 00
 (1789630949.702390)  can0  201   [6]  0F 00 00 00 00 00
 (1789630949.712386)  can0  201   [6]  0F 00 00 00 00 00
 (1789630949.715833)  can0  181   [8]  27 14 27 14 00 00 00 00
 (1789630949.716024)  can0  281   [5]  03 00 00 00 00
 (1789630949.722388)  can0  201   [6]  0F 00 00 00 00 00
 (1789630949.732394)  can0  201   [6]  0F 00 00 00 00 00
 (1789630949.742387)  can0  201   [6]  0F 00 00 00 00 00
 (1789630949.751191)  can0  701   [1]  05
 (1789630949.751496)  can0  201   [6]  0F 00 00 00 00 00
 (1789630949.762387)  can0  201   [6]  0F 00 00 00 00 00
 (1789630949.765778)  can0  181   [8]  27 14 27 14 00 00 00 00
 (1789630949.765970)  can0  281   [5]  03 00 00 00 00
 (1789630949.772388)  can0  201   [6]  0F 00 00 00 00 00
 (1789630949.782384)  can0  201   [6]  0F 00 00 00 00 00
 (1789630949.792385)  can0  201   [6]  0F 00 00 00 00 00
 (1789630949.802385)  can0  201   [6]  0F 00 00 00 00 00
 (1789630949.812383)  can0  201   [6]  0F 00 00 00 00 00
 (1789630949.815727)  can0  181   [8]  27 14 27 14 00 00 00 00
 (1789630949.815918)  can0  281   [5]  03 00 00 00 00
 (1789630949.822419)  can0  201   [6]  0F 00 00 00 00 00
 (1789630949.832399)  can0  201   [6]  0F 00 00 00 00 00
 (1789630949.842392)  can0  201   [6]  0F 00 00 00 00 00
 (1789630949.852384)  can0  201   [6]  0F 00 00 00 00 00
 (1789630949.862388)  can0  201   [6]  0F 00 00 00 00 00
 (1789630949.865674)  can0  181   [8]  27 14 27 14 00 00 00 00
 (1789630949.865864)  can0  281   [5]  03 00 00 00 00
 (1789630949.872389)  can0  201   [6]  0F 00 00 00 00 00
 (1789630949.882385)  can0  201   [6]  0F 00 00 00 00 00
 (1789630949.892387)  can0  201   [6]  0F 00 00 00 00 00
 (1789630949.902383)  can0  201   [6]  0F 00 00 00 00 00
 (1789630949.912386)  can0  201   [6]  0F 00 00 00 00 00
 (1789630949.915619)  can0  181   [8]  27 14 27 14 00 00 00 00
 (1789630949.915811)  can0  281   [5]  03 00 00 00 00
 (1789630949.922385)  can0  201   [6]  0F 00 00 00 00 00
 (1789630949.932384)  can0  201   [6]  0F 00 00 00 00 00
 (1789630949.942390)  can0  201   [6]  0F 00 00 00 00 00
 (1789630949.952385)  can0  201   [6]  0F 00 00 00 00 00
 (1789630949.962387)  can0  201   [6]  0F 00 00 00 00 00
 (1789630949.965565)  can0  181   [8]  27 14 27 14 00 00 00 00
 (1789630949.965757)  can0  281   [5]  03 00 00 00 00
 (1789630949.972387)  can0  201   [6]  0F 00 00 00 00 00
 (1789630949.982392)  can0  201   [6]  0F 00 00 00 00 00
 (1789630949.992385)  can0  201   [6]  0F 00 00 00 00 00
 (1789630950.000746)  can0  701   [1]  05
 (1789630950.002404)  can0  201   [6]  0F 00 00 00 00 00
 (1789630950.012395)  can0  201   [6]  0F 00 00 00 00 00
 (1789630950.015515)  can0  181   [8]  27 14 27 14 00 00 00 00
 (1789630950.015705)  can0  281   [5]  03 00 00 00 00
 (1789630950.022423)  can0  201   [6]  0F 00 00 00 00 00
 (1789630950.032406)  can0  201   [6]  0F 00 00 00 00 00
 (1789630950.042431)  can0  201   [6]  0F 00 00 00 00 00
 (1789630950.052401)  can0  201   [6]  0F 00 00 00 00 00
 (1789630950.062428)  can0  201   [6]  0F 00 00 00 00 00
 (1789630950.065432)  can0  181   [8]  27 14 27 14 00 00 00 00
 (1789630950.065652)  can0  281   [5]  03 00 00 00 00
 (1789630950.072405)  can0  201   [6]  0F 00 00 00 00 00
 (1789630950.082432)  can0  201   [6]  0F 00 00 00 00 00
 (1789630950.092405)  can0  201   [6]  0F 00 00 00 00 00
 (1789630950.102416)  can0  201   [6]  0F 00 00 00 00 00
 (1789630950.112405)  can0  201   [6]  0F 00 00 00 00 00
 (1789630950.115410)  can0  181   [8]  27 14 27 14 00 00 00 00
 (1789630950.115601)  can0  281   [5]  03 00 00 00 00
 (1789630950.122399)  can0  201   [6]  0F 00 00 00 00 00
 (1789630950.132398)  can0  201   [6]  0F 00 00 00 00 00
 (1789630950.142422)  can0  201   [6]  0F 00 00 00 00 00
 (1789630950.152419)  can0  201   [6]  0F 00 00 00 00 00
 (1789630950.162400)  can0  201   [6]  0F 00 00 00 00 00
 (1789630950.165357)  can0  181   [8]  27 14 27 14 00 00 00 00
 (1789630950.165546)  can0  281   [5]  03 00 00 00 00
 (1789630950.172403)  can0  201   [6]  0F 00 00 00 00 00
 (1789630950.182401)  can0  201   [6]  0F 00 00 00 00 00
 (1789630950.192398)  can0  201   [6]  0F 00 00 00 00 00
 (1789630950.202393)  can0  201   [6]  0F 00 00 00 00 00
 (1789630950.212388)  can0  201   [6]  0F 00 00 00 00 00
 (1789630950.215302)  can0  181   [8]  27 14 27 14 00 00 00 00
 (1789630950.215492)  can0  281   [5]  03 00 00 00 00
 (1789630950.222389)  can0  201   [6]  0F 00 00 00 00 00
 (1789630950.232384)  can0  201   [6]  0F 00 00 00 00 00
 (1789630950.242387)  can0  201   [6]  0F 00 00 00 00 00
 (1789630950.250230)  can0  701   [1]  05
 (1789630950.252387)  can0  201   [6]  0F 00 00 00 00 00
 (1789630950.262390)  can0  201   [6]  0F 00 00 00 00 00
 (1789630950.265249)  can0  181   [8]  27 14 27 14 00 00 00 00
 (1789630950.265446)  can0  281   [5]  03 00 00 00 00
 (1789630950.272384)  can0  201   [6]  0F 00 00 00 00 00
 (1789630950.282385)  can0  201   [6]  0F 00 00 00 00 00
 (1789630950.292385)  can0  201   [6]  0F 00 00 00 00 00
 (1789630950.302384)  can0  201   [6]  0F 00 00 00 00 00
 (1789630950.312386)  can0  201   [6]  0F 00 00 00 00 00
 (1789630950.315196)  can0  181   [8]  27 14 27 14 00 00 00 00
 (1789630950.315331)  can0  281   [5]  03 00 00 00 00
 (1789630950.322383)  can0  201   [6]  0F 00 00 00 00 00
 (1789630950.332388)  can0  201   [6]  0F 00 00 00 00 00
 (1789630950.342384)  can0  201   [6]  0F 00 00 00 00 00
 (1789630950.352406)  can0  201   [6]  0F 00 00 00 00 00
 (1789630950.362399)  can0  201   [6]  0F 00 00 00 00 00
 (1789630950.365146)  can0  181   [8]  27 14 27 14 00 00 00 00
 (1789630950.365336)  can0  281   [5]  03 00 00 00 00
 (1789630950.372395)  can0  201   [6]  0F 00 00 00 00 00
 (1789630950.382392)  can0  201   [6]  0F 00 00 00 00 00
 (1789630950.392384)  can0  201   [6]  0F 00 00 00 00 00
 (1789630950.402388)  can0  201   [6]  0F 00 00 00 00 00
 (1789630950.412385)  can0  201   [6]  0F 00 00 00 00 00
 (1789630950.415090)  can0  181   [8]  27 14 27 14 00 00 00 00
 (1789630950.415283)  can0  281   [5]  03 00 00 00 00
 (1789630950.422386)  can0  201   [6]  0F 00 00 00 00 00
 (1789630950.432386)  can0  201   [6]  0F 00 00 00 00 00
 (1789630950.442383)  can0  201   [6]  0F 00 00 00 00 00
 (1789630950.452385)  can0  201   [6]  0F 00 00 00 00 00
 (1789630950.462384)  can0  201   [6]  0F 00 00 00 00 00
 (1789630950.465040)  can0  181   [8]  27 14 27 14 00 00 00 00
 (1789630950.465172)  can0  281   [5]  03 00 00 00 00
 (1789630950.472388)  can0  201   [6]  0F 00 00 00 00 00
 (1789630950.482384)  can0  201   [6]  0F 00 00 00 00 00
 (1789630950.492384)  can0  201   [6]  0F 00 00 00 00 00
 (1789630950.499775)  can0  701   [1]  05
 (1789630950.502392)  can0  201   [6]  0F 00 00 00 00 00
 (1789630950.512386)  can0  201   [6]  0F 00 00 00 00 00
 (1789630950.514983)  can0  181   [8]  27 14 27 14 00 00 00 00
 (1789630950.515174)  can0  281   [5]  03 00 00 00 00
 (1789630950.522430)  can0  201   [6]  0F 00 00 00 00 00
 (1789630950.532398)  can0  201   [6]  0F 00 00 00 00 00
 (1789630950.542395)  can0  201   [6]  0F 00 00 00 00 00
 (1789630950.552406)  can0  201   [6]  0F 00 00 00 00 00
 (1789630950.562397)  can0  201   [6]  0F 00 00 00 00 00
 (1789630950.564934)  can0  181   [8]  27 14 27 14 00 00 00 00
 (1789630950.565130)  can0  281   [5]  03 00 00 00 00
 (1789630950.572423)  can0  201   [6]  0F 00 00 00 00 00
 (1789630950.582408)  can0  201   [6]  0F 00 00 00 00 00
 (1789630950.592421)  can0  201   [6]  0F 00 00 00 00 00
 (1789630950.602406)  can0  201   [6]  0F 00 00 00 00 00
 (1789630950.612419)  can0  201   [6]  0F 00 00 00 00 00
 (1789630950.614883)  can0  181   [8]  27 14 27 14 00 00 00 00
 (1789630950.615069)  can0  281   [5]  03 00 00 00 00
 (1789630950.622404)  can0  201   [6]  0F 00 00 00 00 00
 (1789630950.632409)  can0  201   [6]  0F 00 00 00 00 00
 (1789630950.642407)  can0  201   [6]  0F 00 00 00 00 00
 (1789630950.652399)  can0  201   [6]  0F 00 00 00 00 00
 (1789630950.662400)  can0  201   [6]  0F 00 00 00 00 00
 (1789630950.664832)  can0  181   [8]  27 14 27 14 00 00 00 00
 (1789630950.664960)  can0  281   [5]  03 00 00 00 00
 (1789630950.672435)  can0  201   [6]  0F 00 00 00 00 00
 (1789630950.682408)  can0  201   [6]  0F 00 00 00 00 00
 (1789630950.692403)  can0  201   [6]  0F 00 00 00 00 00
 (1789630950.702412)  can0  201   [6]  0F 00 00 00 00 00
 (1789630950.712400)  can0  201   [6]  0F 00 00 00 00 00
 (1789630950.714775)  can0  181   [8]  27 14 27 14 00 00 00 00
 (1789630950.714963)  can0  281   [5]  03 00 00 00 00
 (1789630950.722405)  can0  201   [6]  0F 00 00 00 00 00
 (1789630950.732396)  can0  201   [6]  0F 00 00 00 00 00
 (1789630950.742386)  can0  201   [6]  0F 00 00 00 00 00
 (1789630950.749324)  can0  701   [1]  05
 (1789630950.752389)  can0  201   [6]  0F 00 00 00 00 00
 (1789630950.762383)  can0  201   [6]  0F 00 00 00 00 00
 (1789630950.764718)  can0  181   [8]  27 14 27 14 00 00 00 00
 (1789630950.764910)  can0  281   [5]  03 00 00 00 00
 (1789630950.772386)  can0  201   [6]  0F 00 00 00 00 00
 (1789630950.782393)  can0  201   [6]  0F 00 00 00 00 00
 (1789630950.792384)  can0  201   [6]  0F 00 00 00 00 00
 (1789630950.802387)  can0  201   [6]  0F 00 00 00 00 00
 (1789630950.812386)  can0  201   [6]  0F 00 00 00 00 00
 (1789630950.814666)  can0  181   [8]  27 14 27 14 00 00 00 00
 (1789630950.814859)  can0  281   [5]  03 00 00 00 00
 (1789630950.822390)  can0  201   [6]  0F 00 00 00 00 00
 (1789630950.832384)  can0  201   [6]  0F 00 00 00 00 00
 (1789630950.842385)  can0  201   [6]  0F 00 00 00 00 00
 (1789630950.852386)  can0  201   [6]  0F 00 00 00 00 00
 (1789630950.862383)  can0  201   [6]  0F 00 00 00 00 00
 (1789630950.864613)  can0  181   [8]  27 14 27 14 00 00 00 00
 (1789630950.864748)  can0  281   [5]  03 00 00 00 00
 (1789630950.872379)  can0  201   [6]  0F 00 00 00 00 00
 (1789630950.882415)  can0  201   [6]  0F 00 00 00 00 00
 (1789630950.892395)  can0  201   [6]  0F 00 00 00 00 00
 (1789630950.902386)  can0  201   [6]  0F 00 00 00 00 00
 (1789630950.912387)  can0  201   [6]  0F 00 00 00 00 00
 (1789630950.914561)  can0  181   [8]  27 14 27 14 00 00 00 00
 (1789630950.914755)  can0  281   [5]  03 00 00 00 00
 (1789630950.922389)  can0  201   [6]  0F 00 00 00 00 00
 (1789630950.932385)  can0  201   [6]  0F 00 00 00 00 00
 (1789630950.942385)  can0  201   [6]  0F 00 00 00 00 00
 (1789630950.952383)  can0  201   [6]  0F 00 00 00 00 00
 (1789630950.962384)  can0  201   [6]  0F 00 00 00 00 00
 (1789630950.964508)  can0  181   [8]  27 14 27 14 00 00 00 00
 (1789630950.964698)  can0  281   [5]  03 00 00 00 00
 (1789630950.972385)  can0  201   [6]  0F 00 00 00 00 00
 (1789630950.982383)  can0  201   [6]  0F 00 00 00 00 00
 (1789630950.992388)  can0  201   [6]  0F 00 00 00 00 00
 (1789630950.998869)  can0  701   [1]  05
 (1789630951.002385)  can0  201   [6]  0F 00 00 00 00 00
 (1789630951.012387)  can0  201   [6]  0F 00 00 00 00 00
 (1789630951.014452)  can0  181   [8]  27 14 27 14 00 00 00 00
 (1789630951.014648)  can0  281   [5]  03 00 00 00 00
 (1789630951.022386)  can0  201   [6]  0F 00 00 00 00 00
 (1789630951.032389)  can0  201   [6]  0F 00 00 00 00 00
 (1789630951.042387)  can0  201   [6]  0F 00 00 00 00 00
 (1789630951.052402)  can0  201   [6]  0F 00 00 00 00 00
 (1789630951.062396)  can0  201   [6]  0F 00 00 00 00 00
 (1789630951.064403)  can0  181   [8]  27 14 27 14 00 00 00 00
 (1789630951.064536)  can0  281   [5]  03 00 00 00 00
 (1789630951.072414)  can0  201   [6]  0F 00 00 00 00 00
 (1789630951.082404)  can0  201   [6]  0F 00 00 00 00 00
 (1789630951.092409)  can0  201   [6]  0F 00 00 00 00 00
 (1789630951.102406)  can0  201   [6]  0F 00 00 00 00 00
 (1789630951.112448)  can0  201   [6]  0F 00 00 00 00 00
 (1789630951.114356)  can0  181   [8]  27 14 27 14 00 00 00 00
 (1789630951.114539)  can0  281   [5]  03 00 00 00 00
 (1789630951.122402)  can0  201   [6]  0F 00 00 00 00 00
 (1789630951.132424)  can0  201   [6]  0F 00 00 00 00 00
 (1789630951.142410)  can0  201   [6]  0F 00 00 00 00 00
 (1789630951.152402)  can0  201   [6]  0F 00 00 00 00 00
 (1789630951.162415)  can0  201   [6]  0F 00 00 00 00 00
 (1789630951.164300)  can0  181   [8]  27 14 27 14 00 00 00 00
 (1789630951.164486)  can0  281   [5]  03 00 00 00 00
 (1789630951.172404)  can0  201   [6]  0F 00 00 00 00 00
 (1789630951.182401)  can0  201   [6]  0F 00 00 00 00 00
 (1789630951.192401)  can0  201   [6]  0F 00 00 00 00 00
 (1789630951.202422)  can0  201   [6]  0F 00 00 00 00 00
 (1789630951.212399)  can0  201   [6]  0F 00 00 00 00 00
 (1789630951.214243)  can0  181   [8]  27 14 27 14 00 00 00 00
 (1789630951.214433)  can0  281   [5]  03 00 00 00 00
 (1789630951.222407)  can0  201   [6]  0F 00 00 00 00 00
 (1789630951.232399)  can0  201   [6]  0F 00 00 00 00 00
 (1789630951.242404)  can0  201   [6]  0F 00 00 00 00 00
 (1789630951.248366)  can0  701   [1]  05
 (1789630951.252397)  can0  201   [6]  0F 00 00 00 00 00
 (1789630951.262389)  can0  201   [6]  0F 00 00 00 00 00
 (1789630951.264191)  can0  181   [8]  27 14 27 14 00 00 00 00
 (1789630951.264382)  can0  281   [5]  03 00 00 00 00
 (1789630951.272388)  can0  201   [6]  0F 00 00 00 00 00
 (1789630951.282387)  can0  201   [6]  0F 00 00 00 00 00
 (1789630951.292386)  can0  201   [6]  0F 00 00 00 00 00
 (1789630951.302384)  can0  201   [6]  0F 00 00 00 00 00
 (1789630951.312390)  can0  201   [6]  0F 00 00 00 00 00
 (1789630951.314134)  can0  181   [8]  27 14 27 14 00 00 00 00
 (1789630951.314328)  can0  281   [5]  03 00 00 00 00
 (1789630951.322389)  can0  201   [6]  0F 00 00 00 00 00
 (1789630951.332385)  can0  201   [6]  0F 00 00 00 00 00
 (1789630951.342386)  can0  201   [6]  0F 00 00 00 00 00
 (1789630951.352383)  can0  201   [6]  0F 00 00 00 00 00
 (1789630951.362385)  can0  201   [6]  0F 00 00 00 00 00
 (1789630951.364084)  can0  181   [8]  27 14 27 14 00 00 00 00
 (1789630951.364276)  can0  281   [5]  03 00 00 00 00
 (1789630951.372391)  can0  201   [6]  0F 00 00 00 00 00
 (1789630951.382386)  can0  201   [6]  0F 00 00 00 00 00
 (1789630951.392385)  can0  201   [6]  0F 00 00 00 00 00
 (1789630951.402408)  can0  201   [6]  0F 00 00 00 00 00
 (1789630951.412397)  can0  201   [6]  0F 00 00 00 00 00
 (1789630951.414032)  can0  181   [8]  27 14 27 14 00 00 00 00
 (1789630951.414220)  can0  281   [5]  03 00 00 00 00
 (1789630951.422392)  can0  201   [6]  0F 00 00 00 00 00
 (1789630951.432389)  can0  201   [6]  0F 00 00 00 00 00
 (1789630951.442386)  can0  201   [6]  0F 00 00 00 00 00
 (1789630951.452385)  can0  201   [6]  0F 00 00 00 00 00
 (1789630951.462384)  can0  201   [6]  0F 00 00 00 00 00
 (1789630951.463976)  can0  181   [8]  27 14 27 14 00 00 00 00
 (1789630951.464168)  can0  281   [5]  03 00 00 00 00
 (1789630951.472386)  can0  201   [6]  0F 00 00 00 00 00
 (1789630951.482386)  can0  201   [6]  0F 00 00 00 00 00
 (1789630951.492383)  can0  201   [6]  0F 00 00 00 00 00
 (1789630951.497904)  can0  701   [1]  05
 (1789630951.502385)  can0  201   [6]  0F 00 00 00 00 00
 (1789630951.512384)  can0  201   [6]  0F 00 00 00 00 00
 (1789630951.513923)  can0  181   [8]  27 14 27 14 00 00 00 00
 (1789630951.514115)  can0  281   [5]  03 00 00 00 00
 (1789630951.522389)  can0  201   [6]  0F 00 00 00 00 00
 (1789630951.532385)  can0  201   [6]  0F 00 00 00 00 00
 (1789630951.542385)  can0  201   [6]  0F 00 00 00 00 00
 (1789630951.552383)  can0  201   [6]  0F 00 00 00 00 00
 (1789630951.562387)  can0  201   [6]  0F 00 00 00 00 00
 (1789630951.563871)  can0  181   [8]  27 14 27 14 00 00 00 00
 (1789630951.564060)  can0  281   [5]  03 00 00 00 00
 (1789630951.572391)  can0  201   [6]  0F 00 00 00 00 00
 (1789630951.582411)  can0  201   [6]  0F 00 00 00 00 00
 (1789630951.592392)  can0  201   [6]  0F 00 00 00 00 00
 (1789630951.602405)  can0  201   [6]  0F 00 00 00 00 00
 (1789630951.612396)  can0  201   [6]  0F 00 00 00 00 00
 (1789630951.613818)  can0  181   [8]  27 14 27 14 00 00 00 00
 (1789630951.614009)  can0  281   [5]  03 00 00 00 00
 (1789630951.622430)  can0  201   [6]  0F 00 00 00 00 00
 (1789630951.632403)  can0  201   [6]  0F 00 00 00 00 00
 (1789630951.642428)  can0  201   [6]  0F 00 00 00 00 00
 (1789630951.652400)  can0  201   [6]  0F 00 00 00 00 00
 (1789630951.662433)  can0  201   [6]  0F 00 00 00 00 00
 (1789630951.663770)  can0  181   [8]  27 14 27 14 00 00 00 00
 (1789630951.663957)  can0  281   [5]  03 00 00 00 00
 (1789630951.672413)  can0  201   [6]  0F 00 00 00 00 00
 (1789630951.682407)  can0  201   [6]  0F 00 00 00 00 00
 (1789630951.692407)  can0  201   [6]  0F 00 00 00 00 00
 (1789630951.702401)  can0  201   [6]  0F 00 00 00 00 00
 (1789630951.712401)  can0  201   [6]  0F 00 00 00 00 00
 (1789630951.713713)  can0  181   [8]  27 14 27 14 00 00 00 00
 (1789630951.713902)  can0  281   [5]  03 00 00 00 00
 (1789630951.722440)  can0  201   [6]  0F 00 00 00 00 00
 (1789630951.732409)  can0  201   [6]  0F 00 00 00 00 00
 (1789630951.742409)  can0  201   [6]  0F 00 00 00 00 00
 (1789630951.747452)  can0  701   [1]  05
 (1789630951.752401)  can0  201   [6]  0F 00 00 00 00 00
 (1789630951.762401)  can0  201   [6]  0F 00 00 00 00 00
 (1789630951.763659)  can0  181   [8]  27 14 27 14 00 00 00 00
 (1789630951.763849)  can0  281   [5]  03 00 00 00 00
 (1789630951.772401)  can0  201   [6]  0F 00 00 00 00 00
 (1789630951.782401)  can0  201   [6]  0F 00 00 00 00 00
 (1789630951.792389)  can0  201   [6]  0F 00 00 00 00 00
 (1789630951.802389)  can0  201   [6]  0F 00 00 00 00 00
 (1789630951.812385)  can0  201   [6]  0F 00 00 00 00 00
 (1789630951.813610)  can0  181   [8]  27 14 27 14 00 00 00 00
 (1789630951.813800)  can0  281   [5]  03 00 00 00 00
 (1789630951.822388)  can0  201   [6]  0F 00 00 00 00 00
 (1789630951.832395)  can0  201   [6]  0F 00 00 00 00 00
 (1789630951.842388)  can0  201   [6]  0F 00 00 00 00 00
 (1789630951.852386)  can0  201   [6]  0F 00 00 00 00 00
 (1789630951.862385)  can0  201   [6]  0F 00 00 00 00 00
 (1789630951.863553)  can0  181   [8]  27 14 27 14 00 00 00 00
 (1789630951.863744)  can0  281   [5]  03 00 00 00 00
 (1789630951.872386)  can0  201   [6]  0F 00 00 00 00 00
 (1789630951.882383)  can0  201   [6]  0F 00 00 00 00 00
 (1789630951.892384)  can0  201   [6]  0F 00 00 00 00 00
 (1789630951.902387)  can0  201   [6]  0F 00 00 00 00 00
 (1789630951.912385)  can0  201   [6]  0F 00 00 00 00 00
 (1789630951.913501)  can0  181   [8]  27 14 27 14 00 00 00 00
 (1789630951.913693)  can0  281   [5]  03 00 00 00 00
 (1789630951.922386)  can0  201   [6]  0F 00 00 00 00 00
 (1789630951.932405)  can0  201   [6]  0F 00 00 00 00 00
 (1789630951.942398)  can0  201   [6]  0F 00 00 00 00 00
 (1789630951.952386)  can0  201   [6]  0F 00 00 00 00 00
 (1789630951.962383)  can0  201   [6]  0F 00 00 00 00 00
 (1789630951.963449)  can0  181   [8]  27 14 27 14 00 00 00 00
 (1789630951.963638)  can0  281   [5]  03 00 00 00 00
 (1789630951.972388)  can0  201   [6]  0F 00 00 00 00 00
 (1789630951.982386)  can0  201   [6]  0F 00 00 00 00 00
 (1789630951.992386)  can0  201   [6]  0F 00 00 00 00 00
 (1789630951.996938)  can0  701   [1]  05
 (1789630952.002385)  can0  201   [6]  0F 00 00 00 00 00
 (1789630952.012385)  can0  201   [6]  0F 00 00 00 00 00
 (1789630952.013393)  can0  181   [8]  27 14 27 14 00 00 00 00
 (1789630952.013586)  can0  281   [5]  03 00 00 00 00
 (1789630952.022385)  can0  201   [6]  0F 00 00 00 00 00
 (1789630952.032384)  can0  201   [6]  0F 00 00 00 00 00
 (1789630952.042386)  can0  201   [6]  0F 00 00 00 00 00
 (1789630952.052387)  can0  201   [6]  0F 00 00 00 00 00
 (1789630952.062388)  can0  201   [6]  0F 00 00 00 00 00
 (1789630952.063339)  can0  181   [8]  27 14 27 14 00 00 00 00
 (1789630952.063532)  can0  281   [5]  03 00 00 00 00
 (1789630952.072384)  can0  201   [6]  0F 00 00 00 00 00
 (1789630952.082388)  can0  201   [6]  0F 00 00 00 00 00
 (1789630952.092386)  can0  201   [6]  0F 00 00 00 00 00
 (1789630952.102392)  can0  201   [6]  0F 00 00 00 00 00
 (1789630952.112395)  can0  201   [6]  0F 00 00 00 00 00
 (1789630952.113290)  can0  181   [8]  27 14 27 14 00 00 00 00
 (1789630952.113480)  can0  281   [5]  03 00 00 00 00
 (1789630952.122398)  can0  201   [6]  0F 00 00 00 00 00
 (1789630952.132411)  can0  201   [6]  0F 00 00 00 00 00
 (1789630952.142394)  can0  201   [6]  0F 00 00 00 00 00
 (1789630952.152431)  can0  201   [6]  0F 00 00 00 00 00
 (1789630952.162444)  can0  201   [6]  0F 00 00 00 00 00
 (1789630952.163236)  can0  181   [8]  27 14 27 14 00 00 00 00
 (1789630952.163426)  can0  281   [5]  03 00 00 00 00
 (1789630952.172415)  can0  201   [6]  0F 00 00 00 00 00
 (1789630952.182406)  can0  201   [6]  0F 00 00 00 00 00
 (1789630952.192421)  can0  201   [6]  0F 00 00 00 00 00
 (1789630952.202407)  can0  201   [6]  0F 00 00 00 00 00
 (1789630952.212407)  can0  201   [6]  0F 00 00 00 00 00
 (1789630952.213184)  can0  181   [8]  27 14 27 14 00 00 00 00
 (1789630952.213372)  can0  281   [5]  03 00 00 00 00
 (1789630952.222412)  can0  201   [6]  0F 00 00 00 00 00
 (1789630952.232399)  can0  201   [6]  0F 00 00 00 00 00
 (1789630952.242396)  can0  201   [6]  0F 00 00 00 00 00
 (1789630952.246502)  can0  701   [1]  05
 (1789630952.252431)  can0  201   [6]  0F 00 00 00 00 00
 (1789630952.262410)  can0  201   [6]  0F 00 00 00 00 00
 (1789630952.263131)  can0  181   [8]  27 14 27 14 00 00 00 00
 (1789630952.263321)  can0  281   [5]  03 00 00 00 00
 (1789630952.272405)  can0  201   [6]  0F 00 00 00 00 00
 (1789630952.282398)  can0  201   [6]  0F 00 00 00 00 00
 (1789630952.292399)  can0  201   [6]  0F 00 00 00 00 00
 (1789630952.302406)  can0  201   [6]  0F 00 00 00 00 00
 (1789630952.312389)  can0  201   [6]  0F 00 00 00 00 00
 (1789630952.313079)  can0  181   [8]  27 14 27 14 00 00 00 00
 (1789630952.313268)  can0  281   [5]  03 00 00 00 00
 (1789630952.322390)  can0  201   [6]  0F 00 00 00 00 00
 (1789630952.332386)  can0  201   [6]  0F 00 00 00 00 00
 (1789630952.342386)  can0  201   [6]  0F 00 00 00 00 00
 (1789630952.352385)  can0  201   [6]  0F 00 00 00 00 00
 (1789630952.362394)  can0  201   [6]  0F 00 00 00 00 00
 (1789630952.363023)  can0  181   [8]  27 14 27 14 00 00 00 00
 (1789630952.363215)  can0  281   [5]  03 00 00 00 00
 (1789630952.372393)  can0  201   [6]  0F 00 00 00 00 00
 (1789630952.382385)  can0  201   [6]  0F 00 00 00 00 00
 (1789630952.392386)  can0  201   [6]  0F 00 00 00 00 00
 (1789630952.402384)  can0  201   [6]  0F 00 00 00 00 00
 (1789630952.412385)  can0  201   [6]  0F 00 00 00 00 00
 (1789630952.412972)  can0  181   [8]  27 14 27 14 00 00 00 00
 (1789630952.413162)  can0  281   [5]  03 00 00 00 00
 (1789630952.422386)  can0  201   [6]  0F 00 00 00 00 00
 (1789630952.432386)  can0  201   [6]  0F 00 00 00 00 00
 (1789630952.442384)  can0  201   [6]  0F 00 00 00 00 00
 (1789630952.452390)  can0  201   [6]  0F 00 00 00 00 00
 (1789630952.462394)  can0  201   [6]  0F 00 00 00 00 00
 (1789630952.462918)  can0  181   [8]  27 14 27 14 00 00 00 00
 (1789630952.463110)  can0  281   [5]  03 00 00 00 00
 (1789630952.472391)  can0  201   [6]  0F 00 00 00 00 00
 (1789630952.482387)  can0  201   [6]  0F 00 00 00 00 00
 (1789630952.492386)  can0  201   [6]  0F 00 00 00 00 00
 (1789630952.496034)  can0  701   [1]  05
 (1789630952.502386)  can0  201   [6]  0F 00 00 00 00 00
 (1789630952.512384)  can0  201   [6]  0F 00 00 00 00 00
 (1789630952.512865)  can0  181   [8]  27 14 27 14 00 00 00 00
 (1789630952.513056)  can0  281   [5]  03 00 00 00 00
 (1789630952.522384)  can0  201   [6]  0F 00 00 00 00 00
 (1789630952.532385)  can0  201   [6]  0F 00 00 00 00 00
 (1789630952.542383)  can0  201   [6]  0F 00 00 00 00 00
 (1789630952.552387)  can0  201   [6]  0F 00 00 00 03 00
 (1789630952.562384)  can0  201   [6]  0F 00 00 00 03 00
 (1789630952.562812)  can0  181   [8]  27 14 27 40 00 00 00 00
 (1789630952.563004)  can0  281   [5]  03 00 00 00 00
 (1789630952.572388)  can0  201   [6]  0F 00 00 00 03 00
 (1789630952.582387)  can0  201   [6]  0F 00 00 00 03 00
 (1789630952.592385)  can0  201   [6]  0F 00 00 00 03 00
 (1789630952.602386)  can0  201   [6]  0F 00 00 00 03 00
 (1789630952.612386)  can0  201   [6]  0F 00 00 00 03 00
 (1789630952.612756)  can0  181   [8]  27 14 27 44 00 00 11 00
 (1789630952.612947)  can0  281   [5]  03 00 00 00 00
 (1789630952.622390)  can0  201   [6]  0F 00 00 00 03 00
 (1789630952.632408)  can0  201   [6]  0F 00 00 00 03 00
 (1789630952.642396)  can0  201   [6]  0F 00 00 00 03 00
 (1789630952.652462)  can0  201   [6]  0F 00 00 00 03 00
 (1789630952.662401)  can0  201   [6]  0F 00 00 00 03 00
 (1789630952.662771)  can0  181   [8]  27 14 27 44 00 00 1C 00
 (1789630952.662958)  can0  281   [5]  03 00 00 00 00
 (1789630952.672414)  can0  201   [6]  0F 00 00 00 03 00
 (1789630952.682411)  can0  201   [6]  0F 00 00 00 03 00
 (1789630952.692426)  can0  201   [6]  0F 00 00 00 03 00
 (1789630952.702397)  can0  201   [6]  0F 00 00 00 03 00
 (1789630952.712441)  can0  201   [6]  0F 00 00 00 03 00
 (1789630952.712792)  can0  181   [8]  27 14 27 44 00 00 1E 00
 (1789630952.712978)  can0  281   [5]  03 00 00 00 00
 (1789630952.722405)  can0  201   [6]  0F 00 00 00 03 00
 (1789630952.732405)  can0  201   [6]  0F 00 00 00 03 00
 (1789630952.742422)  can0  201   [6]  0F 00 00 00 03 00
 (1789630952.745522)  can0  701   [1]  05
 (1789630952.752403)  can0  201   [6]  0F 00 00 00 03 00
 (1789630952.762404)  can0  201   [6]  0F 00 00 00 03 00
 (1789630952.762786)  can0  181   [8]  27 14 27 44 00 00 1F 00
 (1789630952.762976)  can0  281   [5]  03 00 00 00 00
 (1789630952.772425)  can0  201   [6]  0F 00 00 00 03 00
 (1789630952.782425)  can0  201   [6]  0F 00 00 00 03 00
 (1789630952.792410)  can0  201   [6]  0F 00 00 00 03 00
 (1789630952.802403)  can0  201   [6]  0F 00 00 00 03 00
 (1789630952.812400)  can0  201   [6]  0F 00 00 00 03 00
 (1789630952.812794)  can0  181   [8]  27 14 27 44 00 00 21 00
 (1789630952.812985)  can0  281   [5]  03 00 00 00 00
 (1789630952.822404)  can0  201   [6]  0F 00 00 00 03 00
 (1789630952.832400)  can0  201   [6]  0F 00 00 00 03 00
 (1789630952.842389)  can0  201   [6]  0F 00 00 00 03 00
 (1789630952.852389)  can0  201   [6]  0F 00 00 00 03 00
 (1789630952.862386)  can0  201   [6]  0F 00 00 00 03 00
 (1789630952.862804)  can0  181   [8]  27 14 27 44 00 00 19 00
 (1789630952.862994)  can0  281   [5]  03 00 00 00 00
 (1789630952.872388)  can0  201   [6]  0F 00 00 00 03 00
 (1789630952.882388)  can0  201   [6]  0F 00 00 00 03 00
 (1789630952.892389)  can0  201   [6]  0F 00 00 00 03 00
 (1789630952.902387)  can0  201   [6]  0F 00 00 00 03 00
 (1789630952.912384)  can0  201   [6]  0F 00 00 00 03 00
 (1789630952.912751)  can0  181   [8]  27 14 27 44 00 00 1A 00
 (1789630952.912941)  can0  281   [5]  03 00 00 00 00
 (1789630952.922388)  can0  201   [6]  0F 00 00 00 03 00
 (1789630952.932385)  can0  201   [6]  0F 00 00 00 03 00
 (1789630952.942387)  can0  201   [6]  0F 00 00 00 03 00
 (1789630952.952386)  can0  201   [6]  0F 00 00 00 03 00
 (1789630952.962384)  can0  201   [6]  0F 00 00 00 03 00
 (1789630952.962759)  can0  181   [8]  27 14 27 44 00 00 1C 00
 (1789630952.962952)  can0  281   [5]  03 00 00 00 00
 (1789630952.972386)  can0  201   [6]  0F 00 00 00 03 00
 (1789630952.982409)  can0  201   [6]  0F 00 00 00 03 00
 (1789630952.992395)  can0  201   [6]  0F 00 00 00 03 00
 (1789630952.995067)  can0  701   [1]  05
 (1789630953.002389)  can0  201   [6]  0F 00 00 00 03 00
 (1789630953.012387)  can0  201   [6]  0F 00 00 00 03 00
 (1789630953.012767)  can0  181   [8]  27 14 27 44 00 00 1D 00
 (1789630953.012957)  can0  281   [5]  03 00 00 00 00
 (1789630953.022388)  can0  201   [6]  0F 00 00 00 03 00
 (1789630953.032384)  can0  201   [6]  0F 00 00 00 03 00
 (1789630953.042387)  can0  201   [6]  0F 00 00 00 03 00
 (1789630953.052385)  can0  201   [6]  0F 00 00 00 03 00
 (1789630953.062386)  can0  201   [6]  0F 00 00 00 03 00
 (1789630953.062778)  can0  181   [8]  27 14 27 44 00 00 20 00
 (1789630953.062969)  can0  281   [5]  03 00 00 00 00
 (1789630953.072385)  can0  201   [6]  0F 00 00 00 03 00
 (1789630953.082386)  can0  201   [6]  0F 00 00 00 03 00
 (1789630953.092388)  can0  201   [6]  0F 00 00 00 03 00
 (1789630953.102389)  can0  201   [6]  0F 00 00 00 03 00
 (1789630953.112386)  can0  201   [6]  0F 00 00 00 03 00
 (1789630953.112788)  can0  181   [8]  27 14 27 44 00 00 21 00
 (1789630953.112978)  can0  281   [5]  03 00 00 00 00
 (1789630953.122387)  can0  201   [6]  0F 00 00 00 03 00
 (1789630953.132387)  can0  201   [6]  0F 00 00 00 03 00
 (1789630953.142389)  can0  201   [6]  0F 00 00 00 03 00
 (1789630953.152388)  can0  201   [6]  0F 00 00 00 03 00
 (1789630953.162401)  can0  201   [6]  0F 00 00 00 03 00
 (1789630953.162798)  can0  181   [8]  27 14 27 44 00 00 1C 00
 (1789630953.162987)  can0  281   [5]  03 00 00 00 00
 (1789630953.172394)  can0  201   [6]  0F 00 00 00 03 00
 (1789630953.182422)  can0  201   [6]  0F 00 00 00 03 00
 (1789630953.192397)  can0  201   [6]  0F 00 00 00 03 00
 (1789630953.202432)  can0  201   [6]  0F 00 00 00 03 00
 (1789630953.212399)  can0  201   [6]  0F 00 00 00 03 00
 (1789630953.212809)  can0  181   [8]  27 14 27 44 00 00 1F 00
 (1789630953.212998)  can0  281   [5]  03 00 00 00 00
 (1789630953.222446)  can0  201   [6]  0F 00 00 00 03 00
 (1789630953.232404)  can0  201   [6]  0F 00 00 00 03 00
 (1789630953.242420)  can0  201   [6]  0F 00 00 00 03 00
 (1789630953.244566)  can0  701   [1]  05
 (1789630953.252409)  can0  201   [6]  0F 00 00 00 03 00
 (1789630953.262406)  can0  201   [6]  0F 00 00 00 03 00
 (1789630953.262768)  can0  181   [8]  27 14 27 44 00 00 23 00
 (1789630953.262959)  can0  281   [5]  03 00 00 00 00
 (1789630953.272413)  can0  201   [6]  0F 00 00 00 03 00
 (1789630953.282399)  can0  201   [6]  0F 00 00 00 03 00
 (1789630953.292398)  can0  201   [6]  0F 00 00 00 03 00
 (1789630953.302437)  can0  201   [6]  0F 00 00 00 03 00
 (1789630953.312416)  can0  201   [6]  0F 00 00 00 03 00
 (1789630953.312826)  can0  181   [8]  27 14 27 44 00 00 18 00
 (1789630953.313015)  can0  281   [5]  03 00 00 00 00
 (1789630953.322406)  can0  201   [6]  0F 00 00 00 03 00
 (1789630953.332400)  can0  201   [6]  0F 00 00 00 03 00
 (1789630953.342401)  can0  201   [6]  0F 00 00 00 03 00
 (1789630953.352398)  can0  201   [6]  0F 00 00 00 03 00
 (1789630953.362391)  can0  201   [6]  0F 00 00 00 03 00
 (1789630953.362776)  can0  181   [8]  27 14 27 44 00 00 1C 00
 (1789630953.362965)  can0  281   [5]  03 00 00 00 00
 (1789630953.372400)  can0  201   [6]  0F 00 00 00 03 00
 (1789630953.382389)  can0  201   [6]  0F 00 00 00 03 00
 (1789630953.392387)  can0  201   [6]  0F 00 00 00 03 00
 (1789630953.402386)  can0  201   [6]  0F 00 00 00 03 00
 (1789630953.412394)  can0  201   [6]  0F 00 00 00 03 00
 (1789630953.412782)  can0  181   [8]  27 14 27 44 00 00 1F 00
 (1789630953.412974)  can0  281   [5]  03 00 00 00 00
 (1789630953.422388)  can0  201   [6]  0F 00 00 00 03 00
 (1789630953.432386)  can0  201   [6]  0F 00 00 00 03 00
 (1789630953.442386)  can0  201   [6]  0F 00 00 00 03 00
 (1789630953.452383)  can0  201   [6]  0F 00 00 00 04 00
 (1789630953.462385)  can0  201   [6]  0F 00 00 00 04 00
 (1789630953.462789)  can0  181   [8]  27 14 27 40 00 00 20 00
 (1789630953.462980)  can0  281   [5]  03 00 00 00 00
 (1789630953.472387)  can0  201   [6]  0F 00 00 00 04 00
 (1789630953.482387)  can0  201   [6]  0F 00 00 00 04 00
 (1789630953.492384)  can0  201   [6]  0F 00 00 00 04 00
 (1789630953.494161)  can0  701   [1]  05
 (1789630953.502386)  can0  201   [6]  0F 00 00 00 04 00
 (1789630953.512432)  can0  201   [6]  0F 00 00 00 04 00
 (1789630953.512805)  can0  181   [8]  27 14 27 44 00 00 24 00
 (1789630953.512996)  can0  281   [5]  03 00 00 00 00
 (1789630953.522399)  can0  201   [6]  0F 00 00 00 04 00
 (1789630953.532389)  can0  201   [6]  0F 00 00 00 04 00
 (1789630953.542386)  can0  201   [6]  0F 00 00 00 04 00
 (1789630953.552388)  can0  201   [6]  0F 00 00 00 04 00
 (1789630953.562386)  can0  201   [6]  0F 00 00 00 04 00
 (1789630953.562808)  can0  181   [8]  27 14 27 44 00 00 25 00
 (1789630953.562998)  can0  281   [5]  03 00 00 00 00
 (1789630953.572387)  can0  201   [6]  0F 00 00 00 04 00
 (1789630953.582386)  can0  201   [6]  0F 00 00 00 04 00
 (1789630953.592384)  can0  201   [6]  0F 00 00 00 04 00
 (1789630953.602386)  can0  201   [6]  0F 00 00 00 04 00
 (1789630953.612388)  can0  201   [6]  0F 00 00 00 04 00
 (1789630953.612757)  can0  181   [8]  27 14 27 44 00 00 26 00
 (1789630953.612948)  can0  281   [5]  03 00 00 00 00
 (1789630953.622388)  can0  201   [6]  0F 00 00 00 04 00
 (1789630953.632385)  can0  201   [6]  0F 00 00 00 04 00
 (1789630953.642385)  can0  201   [6]  0F 00 00 00 04 00
 (1789630953.652385)  can0  201   [6]  0F 00 00 00 04 00
 (1789630953.662389)  can0  201   [6]  0F 00 00 00 04 00
 (1789630953.662765)  can0  181   [8]  27 14 27 44 00 00 2A 00
 (1789630953.662959)  can0  281   [5]  03 00 00 00 00
 (1789630953.672389)  can0  201   [6]  0F 00 00 00 04 00
 (1789630953.682399)  can0  201   [6]  0F 00 00 00 04 00
 (1789630953.692397)  can0  201   [6]  0F 00 00 00 04 00
 (1789630953.702401)  can0  201   [6]  0F 00 00 00 04 00
 (1789630953.712426)  can0  201   [6]  0F 00 00 00 04 00
 (1789630953.712837)  can0  181   [8]  27 14 27 44 00 00 2A 00
 (1789630953.713026)  can0  281   [5]  03 00 00 00 00
 (1789630953.722409)  can0  201   [6]  0F 00 00 00 04 00
 (1789630953.732410)  can0  201   [6]  0F 00 00 00 04 00
 (1789630953.742453)  can0  201   [6]  0F 00 00 00 04 00
 (1789630953.743714)  can0  701   [1]  05
 (1789630953.752413)  can0  201   [6]  0F 00 00 00 04 00
 (1789630953.762406)  can0  201   [6]  0F 00 00 00 04 00
 (1789630953.762846)  can0  181   [8]  27 14 27 44 00 00 28 00
 (1789630953.763036)  can0  281   [5]  03 00 00 00 00
 (1789630953.772431)  can0  201   [6]  0F 00 00 00 04 00
 (1789630953.782411)  can0  201   [6]  0F 00 00 00 04 00
 (1789630953.792409)  can0  201   [6]  0F 00 00 00 04 00
 (1789630953.802403)  can0  201   [6]  0F 00 00 00 04 00
 (1789630953.812413)  can0  201   [6]  0F 00 00 00 04 00
 (1789630953.812811)  can0  181   [8]  27 14 27 44 00 00 2C 00
 (1789630953.813000)  can0  281   [5]  03 00 00 00 00
 (1789630953.822404)  can0  201   [6]  0F 00 00 00 04 00
 (1789630953.832579)  can0  201   [6]  0F 00 00 00 04 00
 (1789630953.842398)  can0  201   [6]  0F 00 00 00 04 00
 (1789630953.852393)  can0  201   [6]  0F 00 00 00 04 00
 (1789630953.862392)  can0  201   [6]  0F 00 00 00 04 00
 (1789630953.862821)  can0  181   [8]  27 14 27 44 00 00 24 00
 (1789630953.863011)  can0  281   [5]  03 00 00 00 00
 (1789630953.872394)  can0  201   [6]  0F 00 00 00 04 00
 (1789630953.882397)  can0  201   [6]  0F 00 00 00 04 00
 (1789630953.892386)  can0  201   [6]  0F 00 00 00 04 00
 (1789630953.902389)  can0  201   [6]  0F 00 00 00 04 00
 (1789630953.912390)  can0  201   [6]  0F 00 00 00 04 00
 (1789630953.912830)  can0  181   [8]  27 14 27 44 00 00 27 00
 (1789630953.913019)  can0  281   [5]  03 00 00 00 00
 (1789630953.922389)  can0  201   [6]  0F 00 00 00 04 00
 (1789630953.932387)  can0  201   [6]  0F 00 00 00 04 00
 (1789630953.942384)  can0  201   [6]  0F 00 00 00 04 00
 (1789630953.952386)  can0  201   [6]  0F 00 00 00 04 00
 (1789630953.962384)  can0  201   [6]  0F 00 00 00 04 00
 (1789630953.962836)  can0  181   [8]  27 14 27 44 00 00 29 00
 (1789630953.963025)  can0  281   [5]  03 00 00 00 00
 (1789630953.972388)  can0  201   [6]  0F 00 00 00 04 00
 (1789630953.982385)  can0  201   [6]  0F 00 00 00 04 00
 (1789630953.992383)  can0  201   [6]  0F 00 00 00 04 00
 (1789630953.993451)  can0  701   [1]  05
 (1789630954.002387)  can0  201   [6]  0F 00 00 00 04 00
 (1789630954.012384)  can0  201   [6]  0F 00 00 00 04 00
 (1789630954.013143)  can0  181   [8]  27 14 27 44 00 00 26 00
 (1789630954.013337)  can0  281   [5]  03 00 00 00 00
 (1789630954.022390)  can0  201   [6]  0F 00 00 00 04 00
 (1789630954.032331)  can0  201   [6]  0F 00 00 00 04 00
 (1789630954.042398)  can0  201   [6]  0F 00 00 00 04 00
 (1789630954.052388)  can0  201   [6]  0F 00 00 00 04 00
 (1789630954.062385)  can0  201   [6]  0F 00 00 00 04 00
 (1789630954.062907)  can0  181   [8]  27 14 27 44 00 00 24 00
 (1789630954.063041)  can0  281   [5]  03 00 00 00 00
 (1789630954.072387)  can0  201   [6]  0F 00 00 00 05 00
 (1789630954.082384)  can0  201   [6]  0F 00 00 00 05 00
 (1789630954.092386)  can0  201   [6]  0F 00 00 00 05 00
 (1789630954.102385)  can0  201   [6]  0F 00 00 00 05 00
 (1789630954.112387)  can0  201   [6]  0F 00 00 00 05 00
 (1789630954.112913)  can0  181   [8]  27 14 27 44 00 00 2C 00
 (1789630954.113104)  can0  281   [5]  03 00 00 00 00
 (1789630954.122387)  can0  201   [6]  0F 00 00 00 05 00
 (1789630954.132385)  can0  201   [6]  0F 00 00 00 05 00
 (1789630954.142388)  can0  201   [6]  0F 00 00 00 05 00
 (1789630954.152384)  can0  201   [6]  0F 00 00 00 05 00
 (1789630954.162385)  can0  201   [6]  0F 00 00 00 05 00
 (1789630954.162875)  can0  181   [8]  27 14 27 44 00 00 34 00
 (1789630954.163065)  can0  281   [5]  03 00 00 00 00
 (1789630954.172384)  can0  201   [6]  0F 00 00 00 05 00
 (1789630954.182387)  can0  201   [6]  0F 00 00 00 05 00
 (1789630954.192386)  can0  201   [6]  0F 00 00 00 05 00
 (1789630954.202383)  can0  201   [6]  0F 00 00 00 05 00
 (1789630954.212402)  can0  201   [6]  0F 00 00 00 05 00
 (1789630954.212927)  can0  181   [8]  27 14 27 44 00 00 31 00
 (1789630954.213117)  can0  281   [5]  03 00 00 00 00
 (1789630954.222395)  can0  201   [6]  0F 00 00 00 05 00
 (1789630954.232412)  can0  201   [6]  0F 00 00 00 05 00
 (1789630954.242413)  can0  201   [6]  0F 00 00 00 05 00
 (1789630954.243115)  can0  701   [1]  05
 (1789630954.252407)  can0  201   [6]  0F 00 00 00 05 00
 (1789630954.262396)  can0  201   [6]  0F 00 00 00 05 00
 (1789630954.262938)  can0  181   [8]  27 14 27 44 00 00 33 00
 (1789630954.263127)  can0  281   [5]  03 00 00 00 00
 (1789630954.272445)  can0  201   [6]  0F 00 00 00 05 00
 (1789630954.282398)  can0  201   [6]  0F 00 00 00 05 00
 (1789630954.292434)  can0  201   [6]  0F 00 00 00 05 00
 (1789630954.302404)  can0  201   [6]  0F 00 00 00 05 00
 (1789630954.312398)  can0  201   [6]  0F 00 00 00 05 00
 (1789630954.312903)  can0  181   [8]  27 14 27 44 00 00 2F 00
 (1789630954.313092)  can0  281   [5]  03 00 00 00 00
 (1789630954.322427)  can0  201   [6]  0F 00 00 00 05 00
 (1789630954.332400)  can0  201   [6]  0F 00 00 00 05 00
 (1789630954.342397)  can0  201   [6]  0F 00 00 00 05 00
 (1789630954.352429)  can0  201   [6]  0F 00 00 00 05 00
 (1789630954.362405)  can0  201   [6]  0F 00 00 00 05 00
 (1789630954.363166)  can0  181   [8]  27 14 27 44 00 00 32 00
 (1789630954.363357)  can0  281   [5]  03 00 00 00 00
 (1789630954.372395)  can0  201   [6]  0F 00 00 00 05 00
 (1789630954.382395)  can0  201   [6]  0F 00 00 00 05 00
 (1789630954.392394)  can0  201   [6]  0F 00 00 00 05 00
 (1789630954.402390)  can0  201   [6]  0F 00 00 00 05 00
 (1789630954.412395)  can0  201   [6]  0F 00 00 00 05 00
 (1789630954.412924)  can0  181   [8]  27 14 27 44 00 00 36 00
 (1789630954.413062)  can0  281   [5]  03 00 00 00 00
 (1789630954.422388)  can0  201   [6]  0F 00 00 00 05 00
 (1789630954.432384)  can0  201   [6]  0F 00 00 00 05 00
 (1789630954.442388)  can0  201   [6]  0F 00 00 00 05 00
 (1789630954.452386)  can0  201   [6]  0F 00 00 00 05 00
 (1789630954.462390)  can0  201   [6]  0F 00 00 00 05 00
 (1789630954.462931)  can0  181   [8]  27 14 27 44 00 00 2B 00
 (1789630954.463122)  can0  281   [5]  03 00 00 00 00
 (1789630954.472387)  can0  201   [6]  0F 00 00 00 05 00
 (1789630954.482383)  can0  201   [6]  0F 00 00 00 05 00
 (1789630954.492386)  can0  201   [6]  0F 00 00 00 05 00
 (1789630954.492855)  can0  701   [1]  05
 (1789630954.502386)  can0  201   [6]  0F 00 00 00 05 00
 (1789630954.512385)  can0  201   [6]  0F 00 00 00 05 00
 (1789630954.512988)  can0  181   [8]  27 14 27 44 00 00 30 00
 (1789630954.513178)  can0  281   [5]  03 00 00 00 00
 (1789630954.522387)  can0  201   [6]  0F 00 00 00 05 00
 (1789630954.532388)  can0  201   [6]  0F 00 00 00 05 00
 (1789630954.542386)  can0  201   [6]  0F 00 00 00 05 00
 (1789630954.552383)  can0  201   [6]  0F 00 00 00 05 00
 (1789630954.562410)  can0  201   [6]  0F 00 00 00 05 00
 (1789630954.563000)  can0  181   [8]  27 14 27 44 00 00 35 00
 (1789630954.563189)  can0  281   [5]  03 00 00 00 00
 (1789630954.572392)  can0  201   [6]  0F 00 00 00 05 00
 (1789630954.582387)  can0  201   [6]  0F 00 00 00 05 00
 (1789630954.592384)  can0  201   [6]  0F 00 00 00 05 00
 (1789630954.602385)  can0  201   [6]  0F 00 00 00 05 00
 (1789630954.612382)  can0  201   [6]  0F 00 00 00 05 00
 (1789630954.613004)  can0  181   [8]  27 14 27 44 00 00 31 00
 (1789630954.613194)  can0  281   [5]  03 00 00 00 00
 (1789630954.622384)  can0  201   [6]  0F 00 00 00 05 00
 (1789630954.632387)  can0  201   [6]  0F 00 00 00 05 00
 (1789630954.642385)  can0  201   [6]  0F 00 00 00 05 00
 (1789630954.652387)  can0  201   [6]  0F 00 00 00 05 00
 (1789630954.662385)  can0  201   [6]  0F 00 00 00 05 00
 (1789630954.663014)  can0  181   [8]  27 14 27 44 00 00 32 00
 (1789630954.663207)  can0  281   [5]  03 00 00 00 00
 (1789630954.672388)  can0  201   [6]  0F 00 00 00 05 00
 (1789630954.682385)  can0  201   [6]  0F 00 00 00 05 00
 (1789630954.692383)  can0  201   [6]  0F 00 00 00 05 00
 (1789630954.702386)  can0  201   [6]  0F 00 00 00 05 00
 (1789630954.712384)  can0  201   [6]  0F 00 00 00 05 00
 (1789630954.712923)  can0  181   [8]  27 14 27 44 00 00 2F 00
 (1789630954.713169)  can0  281   [5]  03 00 00 00 00
 (1789630954.722390)  can0  201   [6]  0F 00 00 00 05 00
 (1789630954.732393)  can0  201   [6]  0F 00 00 00 05 00
 (1789630954.742408)  can0  201   [6]  0F 00 00 00 05 00
 (1789630954.742590)  can0  701   [1]  05
 (1789630954.752393)  can0  201   [6]  0F 00 00 00 05 00
 (1789630954.762408)  can0  201   [6]  0F 00 00 00 05 00
 (1789630954.763036)  can0  181   [8]  27 14 27 44 00 00 31 00
 (1789630954.763221)  can0  281   [5]  03 00 00 00 00
 (1789630954.772398)  can0  201   [6]  0F 00 00 00 05 00
 (1789630954.782427)  can0  201   [6]  0F 00 00 00 05 00
 (1789630954.792395)  can0  201   [6]  0F 00 00 00 05 00
 (1789630954.802421)  can0  201   [6]  0F 00 00 00 05 00
 (1789630954.812392)  can0  201   [6]  0F 00 00 00 05 00
 (1789630954.812982)  can0  181   [8]  27 14 27 44 00 00 36 00
 (1789630954.813171)  can0  281   [5]  03 00 00 00 00
 (1789630954.822429)  can0  201   [6]  0F 00 00 00 05 00
 (1789630954.832404)  can0  201   [6]  0F 00 00 00 05 00
 (1789630954.842412)  can0  201   [6]  0F 00 00 00 05 00
 (1789630954.852408)  can0  201   [6]  0F 00 00 00 05 00
 (1789630954.862396)  can0  201   [6]  0F 00 00 00 05 00
 (1789630954.862929)  can0  181   [8]  27 14 27 44 00 00 2C 00
 (1789630954.863119)  can0  281   [5]  03 00 00 00 00
 (1789630954.872399)  can0  201   [6]  0F 00 00 00 05 00
 (1789630954.882436)  can0  201   [6]  0F 00 00 00 05 00
 (1789630954.892400)  can0  201   [6]  0F 00 00 00 05 00
 (1789630954.902399)  can0  201   [6]  0F 00 00 00 05 00
 (1789630954.912395)  can0  201   [6]  0F 00 00 00 05 00
 (1789630954.912877)  can0  181   [8]  27 14 27 44 00 00 30 00
 (1789630954.913068)  can0  281   [5]  03 00 00 00 00
 (1789630954.922397)  can0  201   [6]  0F 00 00 00 05 00
 (1789630954.932398)  can0  201   [6]  0F 00 00 00 05 00
 (1789630954.942392)  can0  201   [6]  0F 00 00 00 05 00
 (1789630954.952390)  can0  201   [6]  0F 00 00 00 05 00
 (1789630954.962385)  can0  201   [6]  0F 00 00 00 05 00
 (1789630954.962825)  can0  181   [8]  27 14 27 44 00 00 35 00
 (1789630954.963016)  can0  281   [5]  03 00 00 00 00
 (1789630954.972385)  can0  201   [6]  0F 00 00 00 05 00
 (1789630954.982387)  can0  201   [6]  0F 00 00 00 05 00
 (1789630954.992012)  can0  701   [1]  05
 (1789630954.992322)  can0  201   [6]  0F 00 00 00 05 00
 (1789630955.002387)  can0  201   [6]  0F 00 00 00 05 00
 (1789630955.012383)  can0  201   [6]  0F 00 00 00 05 00
 (1789630955.012768)  can0  181   [8]  27 14 27 44 00 00 33 00
 (1789630955.012960)  can0  281   [5]  03 00 00 00 00
 (1789630955.022386)  can0  201   [6]  0F 00 00 00 05 00
 (1789630955.032385)  can0  201   [6]  0F 00 00 00 05 00
 (1789630955.042383)  can0  201   [6]  0F 00 00 00 05 00
 (1789630955.052388)  can0  201   [6]  0F 00 00 00 05 00
 (1789630955.062388)  can0  201   [6]  0F 00 00 00 05 00
 (1789630955.062782)  can0  181   [8]  27 14 27 44 00 00 30 00
 (1789630955.062973)  can0  281   [5]  03 00 00 00 00
 (1789630955.072387)  can0  201   [6]  0F 00 00 00 05 00
 (1789630955.082383)  can0  201   [6]  0F 00 00 00 05 00
 (1789630955.092416)  can0  201   [6]  0F 00 00 00 05 00
 (1789630955.102394)  can0  201   [6]  0F 00 00 00 05 00
 (1789630955.112331)  can0  201   [6]  0F 00 00 00 05 00
 (1789630955.112733)  can0  181   [8]  27 14 27 44 00 00 30 00
 (1789630955.112923)  can0  281   [5]  03 00 00 00 00
 (1789630955.122334)  can0  201   [6]  0F 00 00 00 05 00
 (1789630955.132389)  can0  201   [6]  0F 00 00 00 05 00
 (1789630955.142388)  can0  201   [6]  0F 00 00 00 05 00
 (1789630955.152384)  can0  201   [6]  0F 00 00 00 05 00
 (1789630955.162386)  can0  201   [6]  0F 00 00 00 05 00
 (1789630955.162799)  can0  181   [8]  27 14 27 44 00 00 2F 00
 (1789630955.162989)  can0  281   [5]  03 00 00 00 00
 (1789630955.172386)  can0  201   [6]  0F 00 00 00 05 00
 (1789630955.182384)  can0  201   [6]  0F 00 00 00 05 00
 (1789630955.192385)  can0  201   [6]  0F 00 00 00 05 00
 (1789630955.202383)  can0  201   [6]  0F 00 00 00 05 00
 (1789630955.212388)  can0  201   [6]  0F 00 00 00 05 00
 (1789630955.212806)  can0  181   [8]  27 14 27 44 00 00 34 00
 (1789630955.212996)  can0  281   [5]  03 00 00 00 00
 (1789630955.222387)  can0  201   [6]  0F 00 00 00 05 00
 (1789630955.232387)  can0  201   [6]  0F 00 00 00 05 00
 (1789630955.241563)  can0  701   [1]  05
 (1789630955.241813)  can0  201   [6]  0F 00 00 00 05 00
 (1789630955.252388)  can0  201   [6]  0F 00 00 00 05 00
 (1789630955.262403)  can0  201   [6]  0F 00 00 00 05 00
 (1789630955.262817)  can0  181   [8]  27 14 27 44 00 00 2E 00
 (1789630955.263007)  can0  281   [5]  03 00 00 00 00
 (1789630955.272403)  can0  201   [6]  0F 00 00 00 05 00
 (1789630955.282392)  can0  201   [6]  0F 00 00 00 05 00
 (1789630955.292410)  can0  201   [6]  0F 00 00 00 05 00
 (1789630955.302391)  can0  201   [6]  0F 00 00 00 05 00
 (1789630955.312425)  can0  201   [6]  0F 00 00 00 05 00
 (1789630955.312829)  can0  181   [8]  27 14 27 44 00 00 30 00
 (1789630955.313019)  can0  281   [5]  03 00 00 00 00
 (1789630955.322392)  can0  201   [6]  0F 00 00 00 05 00
 (1789630955.332417)  can0  201   [6]  0F 00 00 00 05 00
 (1789630955.342399)  can0  201   [6]  0F 00 00 00 05 00
 (1789630955.352421)  can0  201   [6]  0F 00 00 00 05 00
 (1789630955.362398)  can0  201   [6]  0F 00 00 00 05 00
 (1789630955.362777)  can0  181   [8]  27 14 27 44 00 00 34 00
 (1789630955.362966)  can0  281   [5]  03 00 00 00 00
 (1789630955.372419)  can0  201   [6]  0F 00 00 00 05 00
 (1789630955.382409)  can0  201   [6]  0F 00 00 00 05 00
 (1789630955.392392)  can0  201   [6]  0F 00 00 00 05 00
 (1789630955.402397)  can0  201   [6]  0F 00 00 00 05 00
 (1789630955.412430)  can0  201   [6]  0F 00 00 00 05 00
 (1789630955.412799)  can0  181   [8]  27 14 27 44 00 00 35 00
 (1789630955.412991)  can0  281   [5]  03 00 00 00 00
 (1789630955.422407)  can0  201   [6]  0F 00 00 00 05 00
 (1789630955.432392)  can0  201   [6]  0F 00 00 00 05 00
 (1789630955.442394)  can0  201   [6]  0F 00 00 00 05 00
 (1789630955.452388)  can0  201   [6]  0F 00 00 00 05 00
 (1789630955.462400)  can0  201   [6]  0F 00 00 00 05 00
 (1789630955.462867)  can0  181   [8]  27 14 27 44 00 00 2F 00
 (1789630955.463051)  can0  281   [5]  03 00 00 00 00
 (1789630955.472390)  can0  201   [6]  0F 00 00 00 05 00
 (1789630955.482386)  can0  201   [6]  0F 00 00 00 05 00
 (1789630955.491171)  can0  701   [1]  05
 (1789630955.491474)  can0  201   [6]  0F 00 00 00 05 00
 (1789630955.502384)  can0  201   [6]  0F 00 00 00 05 00
 (1789630955.502654)  can0  201   [6]  06 00 00 00 00 00
 (1789630955.512869)  can0  181   [8]  21 14 21 14 00 00 2F 00
 (1789630955.513061)  can0  281   [5]  03 00 00 00 00
 (1789630955.562878)  can0  181   [8]  21 14 21 14 00 00 F5 FF
 (1789630955.563068)  can0  281   [5]  03 00 00 00 00
 (1789630955.612890)  can0  181   [8]  21 14 21 14 00 00 FF FF
 (1789630955.613082)  can0  281   [5]  03 00 00 00 00
 (1789630955.662908)  can0  181   [8]  21 14 21 14 00 00 FD FF
 (1789630955.663093)  can0  281   [5]  03 00 00 00 00
 (1789630955.712910)  can0  181   [8]  21 14 21 14 00 00 FF FF
 (1789630955.713099)  can0  281   [5]  03 00 00 00 00
 (1789630955.740723)  can0  701   [1]  05
 (1789630955.762912)  can0  181   [8]  21 94 21 14 00 00 FE FF
 (1789630955.763104)  can0  281   [5]  03 00 00 00 00
 (1789630955.812868)  can0  181   [8]  21 94 21 14 00 00 00 00
 (1789630955.813051)  can0  281   [5]  03 00 00 00 00
 (1789630955.862813)  can0  181   [8]  21 94 21 14 00 00 00 00
 (1789630955.862995)  can0  281   [5]  03 00 00 00 00
 (1789630955.912753)  can0  181   [8]  21 94 21 14 00 00 00 00
 (1789630955.912943)  can0  281   [5]  03 00 00 00 00
 (1789630955.962698)  can0  181   [8]  21 94 21 14 00 00 00 00
 (1789630955.962889)  can0  281   [5]  03 00 00 00 00
 (1789630955.990205)  can0  701   [1]  05
 (1789630956.012652)  can0  181   [8]  21 94 21 14 00 00 00 00
 (1789630956.012837)  can0  281   [5]  03 00 00 00 00
 (1789630956.062598)  can0  181   [8]  21 94 21 14 00 00 00 00
 (1789630956.062785)  can0  281   [5]  03 00 00 00 00
 (1789630956.064468)  can0  601   [8]  23 FF 60 01 00 00 00 00
 (1789630956.064786)  can0  581   [8]  60 FF 60 01 00 00 00 00
 (1789630956.066402)  can0  601   [8]  40 FF 60 01 00 00 00 00
 (1789630956.066714)  can0  581   [8]  43 FF 60 01 00 00 00 00
 (1789630956.068411)  can0  601   [8]  23 FF 60 02 00 00 00 00
 (1789630956.068721)  can0  581   [8]  60 FF 60 02 00 00 00 00
 (1789630956.070400)  can0  601   [8]  40 FF 60 02 00 00 00 00
 (1789630956.070659)  can0  581   [8]  43 FF 60 02 00 00 00 00
 (1789630956.072404)  can0  601   [8]  2B 40 60 00 00 00 00 00
 (1789630956.072762)  can0  581   [8]  60 40 60 00 00 00 00 00
 (1789630956.074401)  can0  601   [8]  40 40 60 00 00 00 00 00
 (1789630956.074759)  can0  581   [8]  4B 40 60 00 00 00 00 00
 (1789630956.076402)  can0  601   [8]  40 41 60 00 00 00 00 00
 (1789630956.076748)  can0  581   [8]  43 41 60 00 60 94 60 14
 (1789630956.078405)  can0  601   [8]  40 6C 60 01 00 00 00 00
 (1789630956.078751)  can0  581   [8]  43 6C 60 01 00 00 00 00
 (1789630956.080397)  can0  601   [8]  40 6C 60 02 00 00 00 00
 (1789630956.080743)  can0  581   [8]  43 6C 60 02 00 00 00 00
 (1789630956.082399)  can0  601   [8]  40 6C 60 03 00 00 00 00
 (1789630956.082739)  can0  581   [8]  43 6C 60 03 00 00 00 00
 (1789630956.084293)  can0  000   [2]  80 01
 (1789630956.239760)  can0  701   [1]  7F
 (1789630956.241417)  can0  601   [8]  23 00 14 01 01 02 00 80
 (1789630956.241748)  can0  581   [8]  60 00 14 01 00 00 00 00
 (1789630956.243402)  can0  601   [8]  40 00 14 01 00 00 00 00
 (1789630956.243738)  can0  581   [8]  43 00 14 01 01 02 00 80
 (1789630956.245409)  can0  601   [8]  2F 00 16 00 00 00 00 00
 (1789630956.245739)  can0  581   [8]  60 00 16 00 00 00 00 00
 (1789630956.247402)  can0  601   [8]  40 00 16 00 00 00 00 00
 (1789630956.247732)  can0  581   [8]  4F 00 16 00 00 00 00 00
 (1789630956.249395)  can0  601   [8]  23 00 16 01 10 00 40 60
 (1789630956.249732)  can0  581   [8]  60 00 16 01 00 00 00 00
 (1789630956.251396)  can0  601   [8]  40 00 16 01 00 00 00 00
 (1789630956.251719)  can0  581   [8]  43 00 16 01 10 00 40 60
 (1789630956.253399)  can0  601   [8]  23 00 16 02 08 00 60 60
 (1789630956.253722)  can0  581   [8]  60 00 16 02 00 00 00 00
 (1789630956.255395)  can0  601   [8]  40 00 16 02 00 00 00 00
 (1789630956.255710)  can0  581   [8]  43 00 16 02 08 00 60 60
 (1789630956.257401)  can0  601   [8]  2F 00 16 00 02 00 00 00
 (1789630956.257715)  can0  581   [8]  60 00 16 00 00 00 00 00
 (1789630956.259400)  can0  601   [8]  40 00 16 00 00 00 00 00
 (1789630956.259712)  can0  581   [8]  4F 00 16 00 02 00 00 00
 (1789630956.261399)  can0  601   [8]  23 00 14 01 01 02 00 00
 (1789630956.261708)  can0  581   [8]  60 00 14 01 00 00 00 00
 (1789630956.262506)  can0  601   [8]  40 00 14 01 00 00 00 00
 (1789630956.262819)  can0  581   [8]  43 00 14 01 01 02 00 00
 (1789630956.264403)  can0  601   [8]  23 01 18 01 81 02 00 80
 (1789630956.264756)  can0  581   [8]  60 01 18 01 00 00 00 00
 (1789630956.266398)  can0  601   [8]  40 01 18 01 00 00 00 00
 (1789630956.266745)  can0  581   [8]  43 01 18 01 81 02 00 80
 (1789630956.268400)  can0  601   [8]  2F 01 1A 00 00 00 00 00
 (1789630956.268744)  can0  581   [8]  60 01 1A 00 00 00 00 00
 (1789630956.270399)  can0  601   [8]  40 01 1A 00 00 00 00 00
 (1789630956.270741)  can0  581   [8]  4F 01 1A 00 00 00 00 00
 (1789630956.272399)  can0  601   [8]  23 01 1A 01 00 00 00 00
 (1789630956.272734)  can0  581   [8]  60 01 1A 01 00 00 00 00
 (1789630956.274399)  can0  601   [8]  40 01 1A 01 00 00 00 00
 (1789630956.274728)  can0  581   [8]  43 01 1A 01 00 00 00 00
 (1789630956.276401)  can0  601   [8]  23 01 1A 02 00 00 00 00
 (1789630956.276725)  can0  581   [8]  60 01 1A 02 00 00 00 00
 (1789630956.278396)  can0  601   [8]  40 01 1A 02 00 00 00 00
 (1789630956.278720)  can0  581   [8]  43 01 1A 02 00 00 00 00
 (1789630956.280400)  can0  601   [8]  2F 01 1A 00 00 00 00 00
 (1789630956.280721)  can0  581   [8]  60 01 1A 00 00 00 00 00
 (1789630956.282399)  can0  601   [8]  40 01 1A 00 00 00 00 00
 (1789630956.282713)  can0  581   [8]  4F 01 1A 00 00 00 00 00
 (1789630956.284399)  can0  601   [8]  2B 01 18 05 00 00 00 00
 (1789630956.284652)  can0  581   [8]  60 01 18 05 00 00 00 00
 (1789630956.286394)  can0  601   [8]  40 01 18 05 00 00 00 00
 (1789630956.286700)  can0  581   [8]  4B 01 18 05 00 00 00 00
 (1789630956.288396)  can0  601   [8]  23 01 18 01 81 02 00 00
 (1789630956.288707)  can0  581   [8]  60 01 18 01 00 00 00 00
 (1789630956.290397)  can0  601   [8]  40 01 18 01 00 00 00 00
 (1789630956.290703)  can0  581   [8]  43 01 18 01 81 02 00 00
 (1789630956.292405)  can0  601   [8]  2B 00 20 00 00 00 00 00
 (1789630956.292758)  can0  581   [8]  60 00 20 00 00 00 00 00
 (1789630956.294399)  can0  601   [8]  40 00 20 00 00 00 00 00
 (1789630956.294750)  can0  581   [8]  4B 00 20 00 00 00 00 00
 (1789630956.296399)  can0  601   [8]  2B 17 10 00 00 00 00 00
 (1789630956.296744)  can0  581   [8]  60 17 10 00 00 00 00 00
 (1789630956.298397)  can0  601   [8]  40 17 10 00 00 00 00 00
 (1789630956.298680)  can0  581   [8]  4B 17 10 00 00 00 00 00
