 (1789625502.862326)  can0  181   [8]  60 14 60 14 00 00 00 00
 (1789625502.862455)  can0  281   [5]  03 00 00 00 00
 (1789625502.912325)  can0  181   [8]  60 14 60 14 00 00 00 00
 (1789625502.912524)  can0  281   [5]  03 00 00 00 00
 (1789625502.962335)  can0  181   [8]  60 14 60 14 00 00 00 00
 (1789625502.962537)  can0  281   [5]  03 00 00 00 00
 (1789625502.962652)  can0  701   [1]  05
 (1789625503.012353)  can0  181   [8]  60 14 60 14 00 00 00 00
 (1789625503.012486)  can0  281   [5]  03 00 00 00 00
 (1789625503.062358)  can0  181   [8]  60 14 60 14 00 00 00 00
 (1789625503.062560)  can0  281   [5]  03 00 00 00 00
 (1789625503.093302)  can0  601   [8]  40 41 60 00 00 00 00 00
 (1789625503.093654)  can0  581   [8]  43 41 60 00 60 14 60 14
 (1789625503.095038)  can0  601   [8]  40 40 60 00 00 00 00 00
 (1789625503.095353)  can0  581   [8]  4B 40 60 00 00 00 00 00
 (1789625503.096971)  can0  601   [8]  40 41 60 00 00 00 00 00
 (1789625503.097279)  can0  581   [8]  43 41 60 00 60 14 60 14
 (1789625503.098971)  can0  601   [8]  40 60 60 00 00 00 00 00
 (1789625503.099332)  can0  581   [8]  4F 60 60 00 03 00 00 00
 (1789625503.100969)  can0  601   [8]  40 61 60 00 00 00 00 00
 (1789625503.101329)  can0  581   [8]  4F 61 60 00 03 00 00 00
 (1789625503.102970)  can0  601   [8]  40 3F 60 00 00 00 00 00
 (1789625503.103330)  can0  581   [8]  43 3F 60 00 00 00 00 00
 (1789625503.104968)  can0  601   [8]  40 FF 60 01 00 00 00 00
 (1789625503.105325)  can0  581   [8]  43 FF 60 01 00 00 00 00
 (1789625503.106970)  can0  601   [8]  40 FF 60 02 00 00 00 00
 (1789625503.107323)  can0  581   [8]  43 FF 60 02 00 00 00 00
 (1789625503.108971)  can0  601   [8]  40 0F 20 00 00 00 00 00
 (1789625503.109313)  can0  581   [8]  4B 0F 20 00 01 00 00 00
 (1789625503.110971)  can0  601   [8]  40 00 20 00 00 00 00 00
 (1789625503.111306)  can0  581   [8]  4B 00 20 00 E8 03 00 00
 (1789625503.112307)  can0  181   [8]  60 14 60 14 00 00 00 00
 (1789625503.112506)  can0  281   [5]  03 00 00 00 00
 (1789625503.112746)  can0  601   [8]  40 17 10 00 00 00 00 00
 (1789625503.113054)  can0  581   [8]  4B 17 10 00 F4 01 00 00
 (1789625503.113970)  can0  601   [8]  40 00 14 01 00 00 00 00
 (1789625503.114302)  can0  581   [8]  43 00 14 01 01 02 00 00
 (1789625503.115970)  can0  601   [8]  40 00 14 02 00 00 00 00
 (1789625503.116295)  can0  581   [8]  4F 00 14 02 FF 00 00 00
 (1789625503.117968)  can0  601   [8]  40 00 14 05 00 00 00 00
 (1789625503.118291)  can0  581   [8]  4B 00 14 05 E8 03 00 00
 (1789625503.119973)  can0  601   [8]  40 00 16 00 00 00 00 00
 (1789625503.120292)  can0  581   [8]  4F 00 16 00 02 00 00 00
 (1789625503.121967)  can0  601   [8]  40 00 16 01 00 00 00 00
 (1789625503.122280)  can0  581   [8]  43 00 16 01 10 00 40 60
 (1789625503.123969)  can0  601   [8]  40 00 16 02 00 00 00 00
 (1789625503.124280)  can0  581   [8]  43 00 16 02 20 03 FF 60
 (1789625503.125973)  can0  601   [8]  40 00 18 01 00 00 00 00
 (1789625503.126334)  can0  581   [8]  43 00 18 01 81 01 00 00
 (1789625503.127968)  can0  601   [8]  40 00 18 02 00 00 00 00
 (1789625503.128331)  can0  581   [8]  4F 00 18 02 FF 00 00 00
 (1789625503.129968)  can0  601   [8]  40 00 18 05 00 00 00 00
 (1789625503.130329)  can0  581   [8]  4B 00 18 05 64 00 00 00
 (1789625503.131970)  can0  601   [8]  40 00 1A 00 00 00 00 00
 (1789625503.132327)  can0  581   [8]  4F 00 1A 00 02 00 00 00
 (1789625503.133969)  can0  601   [8]  40 00 1A 01 00 00 00 00
 (1789625503.134314)  can0  581   [8]  43 00 1A 01 20 00 41 60
 (1789625503.135973)  can0  601   [8]  40 00 1A 02 00 00 00 00
 (1789625503.136308)  can0  581   [8]  43 00 1A 02 20 03 6C 60
 (1789625503.137969)  can0  601   [8]  40 01 18 01 00 00 00 00
 (1789625503.138308)  can0  581   [8]  43 01 18 01 81 02 00 00
 (1789625503.139966)  can0  601   [8]  40 01 18 02 00 00 00 00
 (1789625503.140306)  can0  581   [8]  4F 01 18 02 FF 00 00 00
 (1789625503.141966)  can0  601   [8]  40 01 18 05 00 00 00 00
 (1789625503.142297)  can0  581   [8]  4B 01 18 05 64 00 00 00
 (1789625503.143970)  can0  601   [8]  40 01 1A 00 00 00 00 00
 (1789625503.144297)  can0  581   [8]  4F 01 1A 00 02 00 00 00
 (1789625503.145969)  can0  601   [8]  40 01 1A 01 00 00 00 00
 (1789625503.146285)  can0  581   [8]  43 01 1A 01 08 00 61 60
 (1789625503.147969)  can0  601   [8]  40 01 1A 02 00 00 00 00
 (1789625503.148282)  can0  581   [8]  43 01 1A 02 20 00 3F 60
 (1789625503.149971)  can0  601   [8]  40 6C 60 01 00 00 00 00
 (1789625503.150280)  can0  581   [8]  43 6C 60 01 00 00 00 00
 (1789625503.151967)  can0  601   [8]  40 6C 60 02 00 00 00 00
 (1789625503.152276)  can0  581   [8]  43 6C 60 02 00 00 00 00
 (1789625503.153969)  can0  601   [8]  40 6C 60 03 00 00 00 00
 (1789625503.154330)  can0  581   [8]  43 6C 60 03 00 00 00 00
 (1789625503.162316)  can0  181   [8]  60 14 60 14 00 00 00 00
 (1789625503.162515)  can0  281   [5]  03 00 00 00 00
 (1789625503.176970)  can0  601   [8]  40 6C 60 01 00 00 00 00
 (1789625503.177281)  can0  581   [8]  43 6C 60 01 00 00 00 00
 (1789625503.178968)  can0  601   [8]  40 6C 60 02 00 00 00 00
 (1789625503.179277)  can0  581   [8]  43 6C 60 02 00 00 00 00
 (1789625503.180967)  can0  601   [8]  40 6C 60 03 00 00 00 00
 (1789625503.181277)  can0  581   [8]  43 6C 60 03 00 00 00 00
 (1789625503.204070)  can0  601   [8]  40 6C 60 01 00 00 00 00
 (1789625503.204431)  can0  581   [8]  43 6C 60 01 00 00 00 00
 (1789625503.206040)  can0  601   [8]  40 6C 60 02 00 00 00 00
 (1789625503.206395)  can0  581   [8]  43 6C 60 02 00 00 00 00
 (1789625503.207064)  can0  601   [8]  40 6C 60 03 00 00 00 00
 (1789625503.207398)  can0  581   [8]  43 6C 60 03 00 00 00 00
 (1789625503.211951)  can0  701   [1]  05
 (1789625503.212327)  can0  181   [8]  60 14 60 14 00 00 00 00
 (1789625503.212526)  can0  281   [5]  03 00 00 00 00
 (1789625503.229987)  can0  601   [8]  40 6C 60 01 00 00 00 00
 (1789625503.230346)  can0  581   [8]  43 6C 60 01 00 00 00 00
 (1789625503.231978)  can0  601   [8]  40 6C 60 02 00 00 00 00
 (1789625503.232338)  can0  581   [8]  43 6C 60 02 00 00 00 00
 (1789625503.233972)  can0  601   [8]  40 6C 60 03 00 00 00 00
 (1789625503.234282)  can0  581   [8]  43 6C 60 03 00 00 00 00
 (1789625503.256980)  can0  601   [8]  40 6C 60 01 00 00 00 00
 (1789625503.257291)  can0  581   [8]  43 6C 60 01 00 00 00 00
 (1789625503.258972)  can0  601   [8]  40 6C 60 02 00 00 00 00
 (1789625503.259282)  can0  581   [8]  43 6C 60 02 00 00 00 00
 (1789625503.260969)  can0  601   [8]  40 6C 60 03 00 00 00 00
 (1789625503.261279)  can0  581   [8]  43 6C 60 03 00 00 00 00
 (1789625503.262337)  can0  181   [8]  60 14 60 14 00 00 00 00
 (1789625503.262537)  can0  281   [5]  03 00 00 00 00
 (1789625503.282982)  can0  601   [8]  40 6C 60 01 00 00 00 00
 (1789625503.283291)  can0  581   [8]  43 6C 60 01 00 00 00 00
 (1789625503.284973)  can0  601   [8]  40 6C 60 02 00 00 00 00
 (1789625503.285282)  can0  581   [8]  43 6C 60 02 00 00 00 00
 (1789625503.286973)  can0  601   [8]  40 6C 60 03 00 00 00 00
 (1789625503.287282)  can0  581   [8]  43 6C 60 03 00 00 00 00
 (1789625503.309983)  can0  601   [8]  40 6C 60 01 00 00 00 00
 (1789625503.310292)  can0  581   [8]  43 6C 60 01 00 00 00 00
 (1789625503.311970)  can0  601   [8]  40 6C 60 02 00 00 00 00
 (1789625503.312282)  can0  581   [8]  43 6C 60 02 00 00 00 00
 (1789625503.312524)  can0  181   [8]  60 14 60 14 00 00 00 00
 (1789625503.312716)  can0  281   [5]  03 00 00 00 00
 (1789625503.313972)  can0  601   [8]  40 6C 60 03 00 00 00 00
 (1789625503.314281)  can0  581   [8]  43 6C 60 03 00 00 00 00
 (1789625503.315984)  can0  601   [8]  40 5A 60 00 00 00 00 00
 (1789625503.316338)  can0  581   [8]  4B 5A 60 00 05 00 00 00
 (1789625503.317983)  can0  601   [8]  23 FF 60 01 00 00 00 00
 (1789625503.318336)  can0  581   [8]  60 FF 60 01 00 00 00 00
 (1789625503.319967)  can0  601   [8]  40 FF 60 01 00 00 00 00
 (1789625503.320331)  can0  581   [8]  43 FF 60 01 00 00 00 00
 (1789625503.321976)  can0  601   [8]  23 FF 60 02 00 00 00 00
 (1789625503.322327)  can0  581   [8]  60 FF 60 02 00 00 00 00
 (1789625503.323972)  can0  601   [8]  40 FF 60 02 00 00 00 00
 (1789625503.324324)  can0  581   [8]  43 FF 60 02 00 00 00 00
 (1789625503.325974)  can0  601   [8]  2B 40 60 00 00 00 00 00
 (1789625503.326319)  can0  581   [8]  60 40 60 00 00 00 00 00
 (1789625503.327971)  can0  601   [8]  40 40 60 00 00 00 00 00
 (1789625503.328315)  can0  581   [8]  4B 40 60 00 00 00 00 00
 (1789625503.329973)  can0  601   [8]  40 41 60 00 00 00 00 00
 (1789625503.330300)  can0  581   [8]  43 41 60 00 60 14 60 14
 (1789625503.331977)  can0  601   [8]  40 6C 60 01 00 00 00 00
 (1789625503.332300)  can0  581   [8]  43 6C 60 01 00 00 00 00
 (1789625503.333969)  can0  601   [8]  40 6C 60 02 00 00 00 00
 (1789625503.334294)  can0  581   [8]  43 6C 60 02 00 00 00 00
 (1789625503.335968)  can0  601   [8]  40 6C 60 03 00 00 00 00
 (1789625503.336289)  can0  581   [8]  43 6C 60 03 00 00 00 00
 (1789625503.358977)  can0  601   [8]  40 6C 60 01 00 00 00 00
 (1789625503.359299)  can0  581   [8]  43 6C 60 01 00 00 00 00
 (1789625503.360970)  can0  601   [8]  40 6C 60 02 00 00 00 00
 (1789625503.361295)  can0  581   [8]  43 6C 60 02 00 00 00 00
 (1789625503.362358)  can0  181   [8]  60 14 60 14 00 00 00 00
 (1789625503.362616)  can0  601   [8]  40 6C 60 03 00 00 00 00
 (1789625503.362814)  can0  281   [5]  03 00 00 00 00
 (1789625503.363053)  can0  581   [8]  43 6C 60 03 00 00 00 00
 (1789625503.384975)  can0  601   [8]  40 6C 60 01 00 00 00 00
 (1789625503.385303)  can0  581   [8]  43 6C 60 01 00 00 00 00
 (1789625503.386969)  can0  601   [8]  40 6C 60 02 00 00 00 00
 (1789625503.387298)  can0  581   [8]  43 6C 60 02 00 00 00 00
 (1789625503.388969)  can0  601   [8]  40 6C 60 03 00 00 00 00
 (1789625503.389295)  can0  581   [8]  43 6C 60 03 00 00 00 00
 (1789625503.411967)  can0  601   [8]  40 6C 60 01 00 00 00 00
 (1789625503.412302)  can0  581   [8]  43 6C 60 01 00 00 00 00
 (1789625503.412545)  can0  181   [8]  60 14 60 14 00 00 00 00
 (1789625503.412736)  can0  281   [5]  03 00 00 00 00
 (1789625503.412992)  can0  601   [8]  40 6C 60 02 00 00 00 00
 (1789625503.413301)  can0  581   [8]  43 6C 60 02 00 00 00 00
 (1789625503.414970)  can0  601   [8]  40 6C 60 03 00 00 00 00
 (1789625503.415297)  can0  581   [8]  43 6C 60 03 00 00 00 00
 (1789625503.437968)  can0  601   [8]  40 6C 60 01 00 00 00 00
 (1789625503.438305)  can0  581   [8]  43 6C 60 01 00 00 00 00
 (1789625503.439967)  can0  601   [8]  40 6C 60 02 00 00 00 00
 (1789625503.440301)  can0  581   [8]  43 6C 60 02 00 00 00 00
 (1789625503.441969)  can0  601   [8]  40 6C 60 03 00 00 00 00
 (1789625503.442296)  can0  581   [8]  43 6C 60 03 00 00 00 00
 (1789625503.461566)  can0  701   [1]  05
 (1789625503.462440)  can0  181   [8]  60 14 60 14 00 00 00 00
 (1789625503.462702)  can0  281   [5]  03 00 00 00 00
 (1789625503.464968)  can0  601   [8]  40 6C 60 01 00 00 00 00
 (1789625503.465305)  can0  581   [8]  43 6C 60 01 00 00 00 00
 (1789625503.466968)  can0  601   [8]  40 6C 60 02 00 00 00 00
 (1789625503.467301)  can0  581   [8]  43 6C 60 02 00 00 00 00
 (1789625503.468969)  can0  601   [8]  40 6C 60 03 00 00 00 00
 (1789625503.469297)  can0  581   [8]  43 6C 60 03 00 00 00 00
 (1789625503.491967)  can0  601   [8]  40 6C 60 01 00 00 00 00
 (1789625503.492307)  can0  581   [8]  43 6C 60 01 00 00 00 00
 (1789625503.493967)  can0  601   [8]  40 6C 60 02 00 00 00 00
 (1789625503.494303)  can0  581   [8]  43 6C 60 02 00 00 00 00
 (1789625503.495969)  can0  601   [8]  40 6C 60 03 00 00 00 00
 (1789625503.496298)  can0  581   [8]  43 6C 60 03 00 00 00 00
 (1789625503.497869)  can0  000   [2]  80 01
 (1789625503.711123)  can0  701   [1]  7F
 (1789625503.712990)  can0  601   [8]  23 00 14 01 01 02 00 80
 (1789625503.713305)  can0  581   [8]  60 00 14 01 00 00 00 00
 (1789625503.714971)  can0  601   [8]  40 00 14 01 00 00 00 00
 (1789625503.715294)  can0  581   [8]  43 00 14 01 01 02 00 80
 (1789625503.716973)  can0  601   [8]  2F 00 16 00 00 00 00 00
 (1789625503.717296)  can0  581   [8]  60 00 16 00 00 00 00 00
 (1789625503.718970)  can0  601   [8]  40 00 16 00 00 00 00 00
 (1789625503.719288)  can0  581   [8]  4F 00 16 00 00 00 00 00
 (1789625503.720969)  can0  601   [8]  23 00 16 01 10 00 40 60
 (1789625503.721288)  can0  581   [8]  60 00 16 01 00 00 00 00
 (1789625503.722968)  can0  601   [8]  40 00 16 01 00 00 00 00
 (1789625503.723275)  can0  581   [8]  43 00 16 01 10 00 40 60
 (1789625503.724968)  can0  601   [8]  23 00 16 02 08 00 60 60
 (1789625503.725283)  can0  581   [8]  60 00 16 02 00 00 00 00
 (1789625503.726966)  can0  601   [8]  40 00 16 02 00 00 00 00
 (1789625503.727325)  can0  581   [8]  43 00 16 02 08 00 60 60
 (1789625503.728969)  can0  601   [8]  2F 00 16 00 02 00 00 00
 (1789625503.729331)  can0  581   [8]  60 00 16 00 00 00 00 00
 (1789625503.730971)  can0  601   [8]  40 00 16 00 00 00 00 00
 (1789625503.731326)  can0  581   [8]  4F 00 16 00 02 00 00 00
 (1789625503.732968)  can0  601   [8]  23 00 14 01 01 02 00 00
 (1789625503.733320)  can0  581   [8]  60 00 14 01 00 00 00 00
 (1789625503.734966)  can0  601   [8]  40 00 14 01 00 00 00 00
 (1789625503.735311)  can0  581   [8]  43 00 14 01 01 02 00 00
 (1789625503.736970)  can0  601   [8]  23 01 18 01 81 02 00 80
 (1789625503.737311)  can0  581   [8]  60 01 18 01 00 00 00 00
 (1789625503.738966)  can0  601   [8]  40 01 18 01 00 00 00 00
 (1789625503.739299)  can0  581   [8]  43 01 18 01 81 02 00 80
 (1789625503.740967)  can0  601   [8]  2F 01 1A 00 00 00 00 00
 (1789625503.741300)  can0  581   [8]  60 01 1A 00 00 00 00 00
 (1789625503.742967)  can0  601   [8]  40 01 1A 00 00 00 00 00
 (1789625503.743296)  can0  581   [8]  4F 01 1A 00 00 00 00 00
 (1789625503.744969)  can0  601   [8]  23 01 1A 01 00 00 00 00
 (1789625503.745290)  can0  581   [8]  60 01 1A 01 00 00 00 00
 (1789625503.746969)  can0  601   [8]  40 01 1A 01 00 00 00 00
 (1789625503.747282)  can0  581   [8]  43 01 1A 01 00 00 00 00
 (1789625503.748968)  can0  601   [8]  23 01 1A 02 00 00 00 00
 (1789625503.749280)  can0  581   [8]  60 01 1A 02 00 00 00 00
 (1789625503.750966)  can0  601   [8]  40 01 1A 02 00 00 00 00
 (1789625503.751276)  can0  581   [8]  43 01 1A 02 00 00 00 00
 (1789625503.752968)  can0  601   [8]  2F 01 1A 00 00 00 00 00
 (1789625503.753331)  can0  581   [8]  60 01 1A 00 00 00 00 00
 (1789625503.754967)  can0  601   [8]  40 01 1A 00 00 00 00 00
 (1789625503.755331)  can0  581   [8]  4F 01 1A 00 00 00 00 00
 (1789625503.756969)  can0  601   [8]  2B 01 18 05 00 00 00 00
 (1789625503.757327)  can0  581   [8]  60 01 18 05 00 00 00 00
 (1789625503.758965)  can0  601   [8]  40 01 18 05 00 00 00 00
 (1789625503.759318)  can0  581   [8]  4B 01 18 05 00 00 00 00
 (1789625503.760971)  can0  601   [8]  23 01 18 01 81 02 00 00
 (1789625503.761318)  can0  581   [8]  60 01 18 01 00 00 00 00
 (1789625503.762967)  can0  601   [8]  40 01 18 01 00 00 00 00
 (1789625503.763310)  can0  581   [8]  43 01 18 01 81 02 00 00
 (1789625503.764976)  can0  601   [8]  2B 00 20 00 00 00 00 00
 (1789625503.765315)  can0  581   [8]  60 00 20 00 00 00 00 00
 (1789625503.766970)  can0  601   [8]  40 00 20 00 00 00 00 00
 (1789625503.767305)  can0  581   [8]  4B 00 20 00 00 00 00 00
 (1789625503.768967)  can0  601   [8]  2B 17 10 00 00 00 00 00
 (1789625503.769301)  can0  581   [8]  60 17 10 00 00 00 00 00
 (1789625503.770967)  can0  601   [8]  40 17 10 00 00 00 00 00
 (1789625503.771292)  can0  581   [8]  4B 17 10 00 00 00 00 00
 (1789625503.772975)  can0  601   [8]  40 60 60 00 00 00 00 00
 (1789625503.773288)  can0  581   [8]  4F 60 60 00 03 00 00 00
 (1789625503.774978)  can0  601   [8]  40 61 60 00 00 00 00 00
 (1789625503.775338)  can0  581   [8]  4F 61 60 00 03 00 00 00
 (1789625503.776972)  can0  601   [8]  40 3F 60 00 00 00 00 00
 (1789625503.777285)  can0  581   [8]  43 3F 60 00 00 00 00 00
 (1789625503.778970)  can0  601   [8]  40 FF 60 01 00 00 00 00
 (1789625503.779333)  can0  581   [8]  43 FF 60 01 00 00 00 00
 (1789625503.780976)  can0  601   [8]  40 FF 60 02 00 00 00 00
 (1789625503.781337)  can0  581   [8]  43 FF 60 02 00 00 00 00
 (1789625503.782973)  can0  601   [8]  40 0F 20 00 00 00 00 00
 (1789625503.783326)  can0  581   [8]  4B 0F 20 00 01 00 00 00
 (1789625503.784973)  can0  601   [8]  40 00 20 00 00 00 00 00
 (1789625503.785326)  can0  581   [8]  4B 00 20 00 00 00 00 00
 (1789625503.786971)  can0  601   [8]  40 17 10 00 00 00 00 00
 (1789625503.787318)  can0  581   [8]  4B 17 10 00 00 00 00 00
 (1789625503.788970)  can0  601   [8]  40 00 14 01 00 00 00 00
 (1789625503.789311)  can0  581   [8]  43 00 14 01 01 02 00 00
 (1789625503.790970)  can0  601   [8]  40 00 14 02 00 00 00 00
 (1789625503.791307)  can0  581   [8]  4F 00 14 02 FF 00 00 00
 (1789625503.792970)  can0  601   [8]  40 00 14 05 00 00 00 00
 (1789625503.793303)  can0  581   [8]  4B 00 14 05 E8 03 00 00
 (1789625503.794973)  can0  601   [8]  40 00 16 00 00 00 00 00
 (1789625503.795303)  can0  581   [8]  4F 00 16 00 02 00 00 00
 (1789625503.796970)  can0  601   [8]  40 00 16 01 00 00 00 00
 (1789625503.797290)  can0  581   [8]  43 00 16 01 10 00 40 60
 (1789625503.798969)  can0  601   [8]  40 00 16 02 00 00 00 00
 (1789625503.799288)  can0  581   [8]  43 00 16 02 08 00 60 60
 (1789625503.800973)  can0  601   [8]  40 00 18 01 00 00 00 00
 (1789625503.801286)  can0  581   [8]  43 00 18 01 81 01 00 00
 (1789625503.802968)  can0  601   [8]  40 00 18 02 00 00 00 00
 (1789625503.803282)  can0  581   [8]  4F 00 18 02 FF 00 00 00
 (1789625503.804968)  can0  601   [8]  40 00 18 05 00 00 00 00
 (1789625503.805279)  can0  581   [8]  4B 00 18 05 64 00 00 00
 (1789625503.806972)  can0  601   [8]  40 00 1A 00 00 00 00 00
 (1789625503.807337)  can0  581   [8]  4F 00 1A 00 02 00 00 00
 (1789625503.808970)  can0  601   [8]  40 00 1A 01 00 00 00 00
 (1789625503.809327)  can0  581   [8]  43 00 1A 01 20 00 41 60
 (1789625503.810973)  can0  601   [8]  40 00 1A 02 00 00 00 00
 (1789625503.811318)  can0  581   [8]  43 00 1A 02 20 03 6C 60
 (1789625503.812969)  can0  601   [8]  40 01 18 01 00 00 00 00
 (1789625503.813318)  can0  581   [8]  43 01 18 01 81 02 00 00
 (1789625503.814967)  can0  601   [8]  40 01 18 02 00 00 00 00
 (1789625503.815316)  can0  581   [8]  4F 01 18 02 FF 00 00 00
 (1789625503.816966)  can0  601   [8]  40 01 18 05 00 00 00 00
 (1789625503.817310)  can0  581   [8]  4B 01 18 05 00 00 00 00
 (1789625503.818970)  can0  601   [8]  40 01 1A 00 00 00 00 00
 (1789625503.819309)  can0  581   [8]  4F 01 1A 00 00 00 00 00
 (1789625503.820972)  can0  601   [8]  40 01 1A 01 00 00 00 00
 (1789625503.821301)  can0  581   [8]  43 01 1A 01 00 00 00 00
 (1789625503.822969)  can0  601   [8]  40 01 1A 02 00 00 00 00
 (1789625503.823295)  can0  581   [8]  43 01 1A 02 00 00 00 00
 (1789625503.824971)  can0  601   [8]  40 6C 60 01 00 00 00 00
 (1789625503.825290)  can0  581   [8]  43 6C 60 01 00 00 00 00
 (1789625503.826967)  can0  601   [8]  40 6C 60 02 00 00 00 00
 (1789625503.827286)  can0  581   [8]  43 6C 60 02 00 00 00 00
 (1789625503.828969)  can0  601   [8]  40 6C 60 03 00 00 00 00
 (1789625503.829282)  can0  581   [8]  43 6C 60 03 00 00 00 00
 (1789625503.851982)  can0  601   [8]  40 6C 60 01 00 00 00 00
 (1789625503.852293)  can0  581   [8]  43 6C 60 01 00 00 00 00
 (1789625503.853969)  can0  601   [8]  40 6C 60 02 00 00 00 00
 (1789625503.854288)  can0  581   [8]  43 6C 60 02 00 00 00 00
 (1789625503.855968)  can0  601   [8]  40 6C 60 03 00 00 00 00
 (1789625503.856281)  can0  581   [8]  43 6C 60 03 00 00 00 00
 (1789625503.878975)  can0  601   [8]  40 6C 60 01 00 00 00 00
 (1789625503.879292)  can0  581   [8]  43 6C 60 01 00 00 00 00
 (1789625503.880968)  can0  601   [8]  40 6C 60 02 00 00 00 00
 (1789625503.881287)  can0  581   [8]  43 6C 60 02 00 00 00 00
 (1789625503.882970)  can0  601   [8]  40 6C 60 03 00 00 00 00
 (1789625503.883283)  can0  581   [8]  43 6C 60 03 00 00 00 00
 (1789625503.905970)  can0  601   [8]  40 6C 60 01 00 00 00 00
 (1789625503.906293)  can0  581   [8]  43 6C 60 01 00 00 00 00
 (1789625503.907968)  can0  601   [8]  40 6C 60 02 00 00 00 00
 (1789625503.908287)  can0  581   [8]  43 6C 60 02 00 00 00 00
 (1789625503.909970)  can0  601   [8]  40 6C 60 03 00 00 00 00
 (1789625503.910282)  can0  581   [8]  43 6C 60 03 00 00 00 00
 (1789625503.932968)  can0  601   [8]  40 6C 60 01 00 00 00 00
 (1789625503.933293)  can0  581   [8]  43 6C 60 01 00 00 00 00
 (1789625503.934967)  can0  601   [8]  40 6C 60 02 00 00 00 00
 (1789625503.935288)  can0  581   [8]  43 6C 60 02 00 00 00 00
 (1789625503.936969)  can0  601   [8]  40 6C 60 03 00 00 00 00
 (1789625503.937284)  can0  581   [8]  43 6C 60 03 00 00 00 00
 (1789625503.959967)  can0  601   [8]  40 6C 60 01 00 00 00 00
 (1789625503.960294)  can0  581   [8]  43 6C 60 01 00 00 00 00
 (1789625503.961967)  can0  601   [8]  40 6C 60 02 00 00 00 00
 (1789625503.962288)  can0  581   [8]  43 6C 60 02 00 00 00 00
 (1789625503.963969)  can0  601   [8]  40 6C 60 03 00 00 00 00
 (1789625503.964284)  can0  581   [8]  43 6C 60 03 00 00 00 00
 (1789625503.986973)  can0  601   [8]  40 6C 60 01 00 00 00 00
 (1789625503.987294)  can0  581   [8]  43 6C 60 01 00 00 00 00
 (1789625503.988966)  can0  601   [8]  40 6C 60 02 00 00 00 00
 (1789625503.989290)  can0  581   [8]  43 6C 60 02 00 00 00 00
 (1789625503.990968)  can0  601   [8]  40 6C 60 03 00 00 00 00
 (1789625503.991285)  can0  581   [8]  43 6C 60 03 00 00 00 00
