 (1788838699.272261)  can0  701   [1]  00
 (1788838699.275933)  can0  601   [8]  2B 17 10 00 E8 03 00 00
 (1788838699.276289)  can0  581   [8]  60 17 10 00 00 00 00 00
 (1788838699.775163)  can0  701   [1]  7F
 (1788838699.778310)  can0  601   [8]  40 60 60 00 00 00 00 00
 (1788838699.778653)  can0  581   [8]  4F 60 60 00 03 00 00 00
 (1788838699.780268)  can0  601   [8]  40 61 60 00 00 00 00 00
 (1788838699.780582)  can0  581   [8]  4F 61 60 00 03 00 00 00
 (1788838699.782260)  can0  601   [8]  40 FF 60 01 00 00 00 00
 (1788838699.782525)  can0  581   [8]  43 FF 60 01 00 00 00 00
 (1788838699.784261)  can0  601   [8]  40 FF 60 02 00 00 00 00
 (1788838699.784578)  can0  581   [8]  43 FF 60 02 00 00 00 00
 (1788838699.786205)  can0  601   [8]  40 3F 60 00 00 00 00 00
 (1788838699.786519)  can0  581   [8]  43 3F 60 00 00 00 00 00
 (1788838699.788262)  can0  601   [8]  40 6C 60 01 00 00 00 00
 (1788838699.788565)  can0  581   [8]  43 6C 60 01 00 00 00 00
 (1788838699.790259)  can0  601   [8]  40 6C 60 02 00 00 00 00
 (1788838699.790619)  can0  581   [8]  43 6C 60 02 00 00 00 00
 (1788838699.792259)  can0  601   [8]  40 6C 60 03 00 00 00 00
 (1788838699.792560)  can0  581   [8]  43 6C 60 03 00 00 00 00
 (1788838699.794267)  can0  601   [8]  40 0F 20 00 00 00 00 00
 (1788838699.794557)  can0  581   [8]  4B 0F 20 00 01 00 00 00
 (1788838699.796212)  can0  601   [8]  2B 0F 20 00 00 00 00 00
 (1788838699.796555)  can0  581   [8]  60 0F 20 00 00 00 00 00
 (1788838699.798263)  can0  601   [8]  40 0F 20 00 00 00 00 00
 (1788838699.798549)  can0  581   [8]  4B 0F 20 00 00 00 00 00
 (1788838699.800271)  can0  601   [8]  23 FF 60 01 00 00 00 00
 (1788838699.800600)  can0  581   [8]  60 FF 60 01 00 00 00 00
 (1788838699.802201)  can0  601   [8]  40 FF 60 01 00 00 00 00
 (1788838699.802540)  can0  581   [8]  43 FF 60 01 00 00 00 00
 (1788838699.804271)  can0  601   [8]  23 FF 60 02 00 00 00 00
 (1788838699.804536)  can0  581   [8]  60 FF 60 02 00 00 00 00
 (1788838699.806201)  can0  601   [8]  40 FF 60 02 00 00 00 00
 (1788838699.806533)  can0  581   [8]  43 FF 60 02 00 00 00 00
 (1788838699.808100)  can0  000   [2]  01 01
 (1788838699.808522)  can0  181   [8]  00 14 00 14 00 00 00 00
 (1788838699.808622)  can0  281   [0] 
 (1788838699.808722)  can0  381   [0] 
 (1788838699.808820)  can0  481   [0] 
 (1788838699.858525)  can0  181   [8]  00 14 00 14 00 00 00 00
 (1788838699.908531)  can0  181   [8]  00 14 00 14 00 00 00 00
 (1788838699.958538)  can0  181   [8]  00 14 00 14 00 00 00 00
 (1788838700.008547)  can0  181   [8]  00 14 00 14 00 00 00 00
 (1788838700.058550)  can0  181   [8]  00 14 00 14 00 00 00 00
 (1788838700.108555)  can0  181   [8]  00 14 00 14 00 00 00 00
 (1788838700.158564)  can0  181   [8]  00 14 00 14 00 00 00 00
 (1788838700.208568)  can0  181   [8]  00 14 00 14 00 00 00 00
 (1788838700.258573)  can0  181   [8]  00 14 00 14 00 00 00 00
 (1788838700.274158)  can0  701   [1]  05
 (1788838700.276272)  can0  601   [8]  2F 60 60 00 03 00 00 00
 (1788838700.276602)  can0  581   [8]  60 60 60 00 00 00 00 00
 (1788838700.278263)  can0  601   [8]  40 61 60 00 00 00 00 00
 (1788838700.278585)  can0  581   [8]  4F 61 60 00 03 00 00 00
 (1788838700.280273)  can0  601   [8]  2B 40 60 00 06 00 00 00
 (1788838700.280591)  can0  581   [8]  60 40 60 00 00 00 00 00
 (1788838700.308578)  can0  181   [8]  21 14 21 14 00 00 00 00
 (1788838700.309271)  can0  601   [8]  40 6C 60 01 00 00 00 00
 (1788838700.309632)  can0  581   [8]  43 6C 60 01 00 00 00 00
 (1788838700.311258)  can0  601   [8]  40 6C 60 02 00 00 00 00
 (1788838700.311569)  can0  581   [8]  43 6C 60 02 00 00 00 00
 (1788838700.313259)  can0  601   [8]  40 6C 60 03 00 00 00 00
 (1788838700.313624)  can0  581   [8]  43 6C 60 03 00 00 00 00
 (1788838700.315266)  can0  601   [8]  2B 40 60 00 07 00 00 00
 (1788838700.315630)  can0  581   [8]  60 40 60 00 00 00 00 00
 (1788838700.358581)  can0  181   [8]  23 14 23 14 00 00 00 00
 (1788838700.359266)  can0  601   [8]  40 6C 60 01 00 00 00 00
 (1788838700.359573)  can0  581   [8]  43 6C 60 01 00 00 00 00
 (1788838700.361257)  can0  601   [8]  40 6C 60 02 00 00 00 00
 (1788838700.361569)  can0  581   [8]  43 6C 60 02 00 00 00 00
 (1788838700.363257)  can0  601   [8]  40 6C 60 03 00 00 00 00
 (1788838700.363566)  can0  581   [8]  43 6C 60 03 00 00 00 00
 (1788838700.365265)  can0  601   [8]  2B 40 60 00 0F 00 00 00
 (1788838700.365625)  can0  581   [8]  60 40 60 00 00 00 00 00
 (1788838700.408584)  can0  181   [8]  27 14 27 14 00 00 00 00
 (1788838700.409268)  can0  601   [8]  40 6C 60 01 00 00 00 00
 (1788838700.409524)  can0  581   [8]  43 6C 60 01 00 00 00 00
 (1788838700.411256)  can0  601   [8]  40 6C 60 02 00 00 00 00
 (1788838700.411578)  can0  581   [8]  43 6C 60 02 00 00 00 00
 (1788838700.413258)  can0  601   [8]  40 6C 60 03 00 00 00 00
 (1788838700.413571)  can0  581   [8]  43 6C 60 03 00 00 00 00
 (1788838700.415278)  can0  601   [8]  23 FF 60 01 05 00 00 00
 (1788838700.415634)  can0  581   [8]  60 FF 60 01 00 00 00 00
 (1788838700.417256)  can0  601   [8]  40 FF 60 01 00 00 00 00
 (1788838700.417569)  can0  581   [8]  43 FF 60 01 05 00 00 00
 (1788838700.458537)  can0  181   [8]  27 44 27 14 00 00 00 00
 (1788838700.508534)  can0  181   [8]  27 44 27 14 00 00 00 00
 (1788838700.558486)  can0  181   [8]  27 44 27 14 00 00 00 00
 (1788838700.608482)  can0  181   [8]  27 44 27 14 00 00 00 00
 (1788838700.658434)  can0  181   [8]  27 44 27 14 00 00 00 00
 (1788838700.708435)  can0  181   [8]  27 44 27 14 00 00 00 00
 (1788838700.758386)  can0  181   [8]  27 44 27 14 00 00 00 00
 (1788838700.773160)  can0  701   [1]  05
 (1788838700.808383)  can0  181   [8]  27 44 27 14 00 00 00 00
 (1788838700.858330)  can0  181   [8]  27 44 27 14 00 00 00 00
 (1788838700.908332)  can0  181   [8]  27 44 27 14 00 00 00 00
 (1788838700.916263)  can0  601   [8]  23 FF 60 01 00 00 00 00
 (1788838700.916572)  can0  581   [8]  60 FF 60 01 00 00 00 00
 (1788838700.918255)  can0  601   [8]  40 FF 60 01 00 00 00 00
 (1788838700.918564)  can0  581   [8]  43 FF 60 01 00 00 00 00
 (1788838700.920263)  can0  601   [8]  23 FF 60 01 00 00 00 00
 (1788838700.920619)  can0  581   [8]  60 FF 60 01 00 00 00 00
 (1788838700.922254)  can0  601   [8]  40 FF 60 01 00 00 00 00
 (1788838700.922564)  can0  581   [8]  43 FF 60 01 00 00 00 00
 (1788838700.924266)  can0  601   [8]  23 FF 60 02 00 00 00 00
 (1788838700.924609)  can0  581   [8]  60 FF 60 02 00 00 00 00
 (1788838700.926254)  can0  601   [8]  40 FF 60 02 00 00 00 00
 (1788838700.926548)  can0  581   [8]  43 FF 60 02 00 00 00 00
 (1788838700.928265)  can0  601   [8]  2B 40 60 00 06 00 00 00
 (1788838700.928602)  can0  581   [8]  60 40 60 00 00 00 00 00
 (1788838700.958343)  can0  181   [8]  21 54 21 14 00 00 00 00
 (1788838700.960262)  can0  601   [8]  40 6C 60 01 00 00 00 00
 (1788838700.960588)  can0  581   [8]  43 6C 60 01 20 00 00 00
 (1788838701.008350)  can0  181   [8]  21 14 21 14 00 00 00 00
 (1788838701.013253)  can0  601   [8]  40 6C 60 01 00 00 00 00
 (1788838701.013591)  can0  581   [8]  43 6C 60 01 FB FF FF FF
 (1788838701.058354)  can0  181   [8]  21 14 21 14 00 00 00 00
 (1788838701.066254)  can0  601   [8]  40 6C 60 01 00 00 00 00
 (1788838701.066591)  can0  581   [8]  43 6C 60 01 00 00 00 00
 (1788838701.068254)  can0  601   [8]  40 6C 60 02 00 00 00 00
 (1788838701.068585)  can0  581   [8]  43 6C 60 02 00 00 00 00
 (1788838701.070257)  can0  601   [8]  40 6C 60 03 00 00 00 00
 (1788838701.070579)  can0  581   [8]  43 6C 60 03 00 00 00 00
 (1788838701.072151)  can0  000   [2]  80 01
 (1788838701.272229)  can0  701   [1]  7F
 (1788838701.274256)  can0  601   [8]  2B 0F 20 00 01 00 00 00
 (1788838701.274599)  can0  581   [8]  60 0F 20 00 00 00 00 00
 (1788838701.276255)  can0  601   [8]  40 0F 20 00 00 00 00 00
 (1788838701.276592)  can0  581   [8]  4B 0F 20 00 01 00 00 00
 (1788838701.771224)  can0  701   [1]  7F
 (1788838702.270120)  can0  701   [1]  7F
 (1788838702.769172)  can0  701   [1]  7F
 (1788838703.268176)  can0  701   [1]  7F
 (1788838703.767121)  can0  701   [1]  7F
 (1788838704.266117)  can0  701   [1]  7F
 (1788838704.765125)  can0  701   [1]  7F
 (1788838705.264126)  can0  701   [1]  7F
 (1788838705.763062)  can0  701   [1]  7F
 (1788838706.262064)  can0  701   [1]  7F
 (1788838706.761066)  can0  701   [1]  7F
 (1788838707.260202)  can0  701   [1]  7F
 (1788838707.759008)  can0  701   [1]  7F
 (1788838708.258009)  can0  701   [1]  7F
 (1788838708.757009)  can0  701   [1]  7F
 (1788838709.256011)  can0  701   [1]  7F
 (1788838709.754950)  can0  701   [1]  7F
 (1788838710.253954)  can0  701   [1]  7F
 (1788838710.752956)  can0  701   [1]  7F
 (1788838711.251901)  can0  701   [1]  7F
 (1788838711.750897)  can0  701   [1]  7F
 (1788838712.249899)  can0  701   [1]  7F
 (1788838712.748901)  can0  701   [1]  7F
 (1788838713.247841)  can0  701   [1]  7F
 (1788838713.746841)  can0  701   [1]  7F
 (1788838714.245841)  can0  701   [1]  7F
 (1788838714.744843)  can0  701   [1]  7F
 (1788838715.243784)  can0  701   [1]  7F
 (1788838715.742785)  can0  701   [1]  7F
 (1788838716.241786)  can0  701   [1]  7F
 (1788838716.740786)  can0  701   [1]  7F
 (1788838717.239727)  can0  701   [1]  7F
 (1788838717.738729)  can0  701   [1]  7F
 (1788838718.237728)  can0  701   [1]  7F
 (1788838718.736674)  can0  701   [1]  7F
 (1788838719.235669)  can0  701   [1]  7F
 (1788838719.734672)  can0  701   [1]  7F
 (1788838720.233676)  can0  701   [1]  7F
 (1788838720.732670)  can0  701   [1]  7F
 (1788838721.231614)  can0  701   [1]  7F
 (1788838721.730614)  can0  701   [1]  7F
 (1788838722.229617)  can0  701   [1]  7F
 (1788838722.728557)  can0  701   [1]  7F
 (1788838723.227557)  can0  701   [1]  7F
 (1788838723.726559)  can0  701   [1]  7F
 (1788838724.225559)  can0  701   [1]  7F
 (1788838724.724504)  can0  701   [1]  7F
 (1788838725.223505)  can0  701   [1]  7F
 (1788838725.722502)  can0  701   [1]  7F
 (1788838726.221504)  can0  701   [1]  7F
 (1788838726.720507)  can0  701   [1]  7F
 (1788838727.219508)  can0  701   [1]  7F
 (1788838727.718505)  can0  701   [1]  7F
 (1788838728.217446)  can0  701   [1]  7F
 (1788838728.716447)  can0  701   [1]  7F
 (1788838729.215450)  can0  701   [1]  7F
 (1788838729.714446)  can0  701   [1]  7F
 (1788838730.213392)  can0  701   [1]  7F
 (1788838730.712397)  can0  701   [1]  7F
 (1788838731.211352)  can0  701   [1]  7F
 (1788838731.710341)  can0  701   [1]  7F
 (1788838732.209338)  can0  701   [1]  7F
 (1788838732.708339)  can0  701   [1]  7F
 (1788838733.207341)  can0  701   [1]  7F
 (1788838733.706278)  can0  701   [1]  7F
 (1788838734.205279)  can0  701   [1]  7F
 (1788838734.704282)  can0  701   [1]  7F
 (1788838735.203284)  can0  701   [1]  7F
 (1788838735.702222)  can0  701   [1]  7F
 (1788838736.201225)  can0  701   [1]  7F
 (1788838736.700228)  can0  701   [1]  7F
 (1788838737.199227)  can0  701   [1]  7F
 (1788838737.698167)  can0  701   [1]  7F
 (1788838738.197169)  can0  701   [1]  7F
 (1788838738.696172)  can0  701   [1]  7F
 (1788838739.195171)  can0  701   [1]  7F
 (1788838739.694112)  can0  701   [1]  7F
 (1788838740.193113)  can0  701   [1]  7F
 (1788838740.692117)  can0  701   [1]  7F
 (1788838741.191060)  can0  701   [1]  7F
 (1788838741.690065)  can0  701   [1]  7F
 (1788838742.189061)  can0  701   [1]  7F
 (1788838742.688061)  can0  701   [1]  7F
 (1788838743.187002)  can0  701   [1]  7F
 (1788838743.686002)  can0  701   [1]  7F
 (1788838744.185003)  can0  701   [1]  7F
 (1788838744.684006)  can0  701   [1]  7F
 (1788838745.182946)  can0  701   [1]  7F
 (1788838745.681951)  can0  701   [1]  7F
 (1788838746.180951)  can0  701   [1]  7F
 (1788838746.679949)  can0  701   [1]  7F
 (1788838747.178893)  can0  701   [1]  7F
 (1788838747.677897)  can0  701   [1]  7F
 (1788838748.176897)  can0  701   [1]  7F
 (1788838748.675843)  can0  701   [1]  7F
 (1788838749.174841)  can0  701   [1]  7F
 (1788838749.673842)  can0  701   [1]  7F
 (1788838750.172843)  can0  701   [1]  7F
 (1788838750.671786)  can0  701   [1]  7F
 (1788838751.170786)  can0  701   [1]  7F
 (1788838751.669789)  can0  701   [1]  7F
 (1788838752.168791)  can0  701   [1]  7F
 (1788838752.667730)  can0  701   [1]  7F
 (1788838753.166732)  can0  701   [1]  7F
 (1788838753.665738)  can0  701   [1]  7F
 (1788838754.164738)  can0  701   [1]  7F
 (1788838754.663739)  can0  701   [1]  7F
 (1788838755.162744)  can0  701   [1]  7F
 (1788838755.661744)  can0  701   [1]  7F
 (1788838756.160749)  can0  701   [1]  7F
 (1788838756.659750)  can0  701   [1]  7F
 (1788838757.158750)  can0  701   [1]  7F
 (1788838757.657754)  can0  701   [1]  7F
 (1788838758.156757)  can0  701   [1]  7F
 (1788838758.655758)  can0  701   [1]  7F
 (1788838759.154699)  can0  701   [1]  7F
 (1788838759.653702)  can0  701   [1]  7F
 (1788838760.152704)  can0  701   [1]  7F
 (1788838760.651703)  can0  701   [1]  7F
 (1788838761.150648)  can0  701   [1]  7F
 (1788838761.649652)  can0  701   [1]  7F
 (1788838762.148653)  can0  701   [1]  7F
 (1788838762.647600)  can0  701   [1]  7F
 (1788838763.146596)  can0  701   [1]  7F
 (1788838763.645599)  can0  701   [1]  7F
 (1788838764.144602)  can0  701   [1]  7F
 (1788838764.643542)  can0  701   [1]  7F
 (1788838765.142549)  can0  701   [1]  7F
 (1788838765.641547)  can0  701   [1]  7F
 (1788838766.140551)  can0  701   [1]  7F
 (1788838766.639491)  can0  701   [1]  7F
 (1788838767.138494)  can0  701   [1]  7F
 (1788838767.637496)  can0  701   [1]  7F
 (1788838768.136499)  can0  701   [1]  7F
 (1788838768.635441)  can0  701   [1]  7F
 (1788838769.134443)  can0  701   [1]  7F
 (1788838769.633446)  can0  701   [1]  7F
 (1788838770.132446)  can0  701   [1]  7F
 (1788838770.631390)  can0  701   [1]  7F
 (1788838771.130392)  can0  701   [1]  7F
 (1788838771.629396)  can0  701   [1]  7F
 (1788838772.128343)  can0  701   [1]  7F
 (1788838772.627338)  can0  701   [1]  7F
 (1788838773.126340)  can0  701   [1]  7F
 (1788838773.625352)  can0  701   [1]  7F
 (1788838774.060477)  can0  601   [8]  2B 17 10 00 00 00 00 00
 (1788838774.060817)  can0  581   [8]  60 17 10 00 00 00 00 00
