 (1789108577.882768)  can0  601   [8]  40 17 10 00 00 00 00 00
 (1789108577.883071)  can0  581   [8]  4B 17 10 00 00 00 00 00
 (1789108577.884693)  can0  601   [8]  2B 17 10 00 F4 01 00 00
 (1789108577.885000)  can0  581   [8]  60 17 10 00 00 00 00 00
 (1789108577.886676)  can0  601   [8]  40 17 10 00 00 00 00 00
 (1789108577.886937)  can0  581   [8]  4B 17 10 00 F4 01 00 00
 (1789108578.134428)  can0  701   [1]  7F
 (1789108578.136690)  can0  601   [8]  40 00 18 01 00 00 00 00
 (1789108578.137043)  can0  581   [8]  43 00 18 01 81 01 00 00
 (1789108578.138685)  can0  601   [8]  40 00 18 02 00 00 00 00
 (1789108578.139038)  can0  581   [8]  4F 00 18 02 FF 00 00 00
 (1789108578.140680)  can0  601   [8]  40 00 18 05 00 00 00 00
 (1789108578.141034)  can0  581   [8]  4B 00 18 05 64 00 00 00
 (1789108578.142627)  can0  601   [8]  40 00 1A 00 00 00 00 00
 (1789108578.142977)  can0  581   [8]  4F 00 1A 00 02 00 00 00
 (1789108578.144624)  can0  601   [8]  40 00 1A 01 00 00 00 00
 (1789108578.144964)  can0  581   [8]  43 00 1A 01 20 00 41 60
 (1789108578.146626)  can0  601   [8]  40 00 1A 02 00 00 00 00
 (1789108578.146958)  can0  581   [8]  43 00 1A 02 20 03 6C 60
 (1789108578.148628)  can0  601   [8]  40 60 60 00 00 00 00 00
 (1789108578.149014)  can0  581   [8]  4F 60 60 00 03 00 00 00
 (1789108578.150681)  can0  601   [8]  40 61 60 00 00 00 00 00
 (1789108578.150954)  can0  581   [8]  4F 61 60 00 03 00 00 00
 (1789108578.152681)  can0  601   [8]  40 FF 60 01 00 00 00 00
 (1789108578.153022)  can0  581   [8]  43 FF 60 01 00 00 00 00
 (1789108578.154684)  can0  601   [8]  40 FF 60 02 00 00 00 00
 (1789108578.154949)  can0  581   [8]  43 FF 60 02 00 00 00 00
 (1789108578.156681)  can0  601   [8]  40 3F 60 00 00 00 00 00
 (1789108578.156942)  can0  581   [8]  43 3F 60 00 00 00 00 00
 (1789108578.158629)  can0  601   [8]  40 6C 60 01 00 00 00 00
 (1789108578.158936)  can0  581   [8]  43 6C 60 01 00 00 00 00
 (1789108578.160622)  can0  601   [8]  40 6C 60 02 00 00 00 00
 (1789108578.160929)  can0  581   [8]  43 6C 60 02 00 00 00 00
 (1789108578.162624)  can0  601   [8]  40 6C 60 03 00 00 00 00
 (1789108578.162931)  can0  581   [8]  43 6C 60 03 00 00 00 00
 (1789108578.164627)  can0  601   [8]  40 0F 20 00 00 00 00 00
 (1789108578.164982)  can0  581   [8]  4B 0F 20 00 01 00 00 00
 (1789108578.166692)  can0  601   [8]  23 FF 60 03 00 00 00 00
 (1789108578.167042)  can0  581   [8]  60 FF 60 03 00 00 00 00
 (1789108578.168678)  can0  601   [8]  40 FF 60 03 00 00 00 00
 (1789108578.168976)  can0  581   [8]  43 FF 60 03 00 00 00 00
 (1789108578.170628)  can0  601   [8]  23 FF 60 03 00 00 00 00
 (1789108578.170973)  can0  581   [8]  60 FF 60 03 00 00 00 00
 (1789108578.172620)  can0  601   [8]  40 FF 60 03 00 00 00 00
 (1789108578.172967)  can0  581   [8]  43 FF 60 03 00 00 00 00
 (1789108578.174518)  can0  000   [2]  01 01
 (1789108578.174897)  can0  181   [8]  07 14 07 14 00 00 00 00
 (1789108578.174996)  can0  281   [0] 
 (1789108578.175097)  can0  381   [0] 
 (1789108578.175194)  can0  481   [0] 
 (1789108578.224906)  can0  181   [8]  07 14 07 14 00 00 00 00
 (1789108578.274857)  can0  181   [8]  07 14 07 14 00 00 00 00
 (1789108578.324804)  can0  181   [8]  07 14 07 14 00 00 00 00
 (1789108578.374752)  can0  181   [8]  07 14 07 14 00 00 00 00
 (1789108578.383976)  can0  701   [1]  05
 (1789108578.385709)  can0  601   [8]  2F 60 60 00 03 00 00 00
 (1789108578.386054)  can0  581   [8]  60 60 60 00 00 00 00 00
 (1789108578.387677)  can0  601   [8]  40 61 60 00 00 00 00 00
 (1789108578.387970)  can0  581   [8]  4F 61 60 00 03 00 00 00
 (1789108578.389638)  can0  601   [8]  2B 40 60 00 06 00 00 00
 (1789108578.389971)  can0  581   [8]  60 40 60 00 00 00 00 00
 (1789108578.424698)  can0  181   [8]  07 14 07 14 00 00 00 00
 (1789108578.474645)  can0  181   [8]  07 14 07 14 00 00 00 00
 (1789108578.524594)  can0  181   [8]  07 14 07 14 00 00 00 00
 (1789108578.574542)  can0  181   [8]  07 14 07 14 00 00 00 00
 (1789108578.624488)  can0  181   [8]  07 14 07 14 00 00 00 00
 (1789108578.633465)  can0  701   [1]  05
 (1789108578.674437)  can0  181   [8]  07 14 07 14 00 00 00 00
 (1789108578.724383)  can0  181   [8]  07 14 07 14 00 00 00 00
 (1789108578.774333)  can0  181   [8]  07 14 07 14 00 00 00 00
 (1789108578.824341)  can0  181   [8]  07 14 07 14 00 00 00 00
 (1789108578.874288)  can0  181   [8]  07 14 07 14 00 00 00 00
 (1789108578.883015)  can0  701   [1]  05
 (1789108578.924237)  can0  181   [8]  07 14 07 14 00 00 00 00
 (1789108578.974183)  can0  181   [8]  07 14 07 14 00 00 00 00
 (1789108579.024132)  can0  181   [8]  07 14 07 14 00 00 00 00
 (1789108579.074081)  can0  181   [8]  07 14 07 14 00 00 00 00
 (1789108579.124028)  can0  181   [8]  07 14 07 14 00 00 00 00
 (1789108579.132505)  can0  701   [1]  05
 (1789108579.173975)  can0  181   [8]  07 14 07 14 00 00 00 00
 (1789108579.223923)  can0  181   [8]  07 14 07 14 00 00 00 00
 (1789108579.273870)  can0  181   [8]  07 14 07 14 00 00 00 00
 (1789108579.323817)  can0  181   [8]  07 14 07 14 00 00 00 00
 (1789108579.373766)  can0  181   [8]  07 14 07 14 00 00 00 00
 (1789108579.381999)  can0  701   [1]  05
 (1789108579.423715)  can0  181   [8]  07 14 07 14 00 00 00 00
 (1789108579.473661)  can0  181   [8]  07 14 07 14 00 00 00 00
 (1789108579.523608)  can0  181   [8]  07 14 07 14 00 00 00 00
 (1789108579.573555)  can0  181   [8]  07 14 07 14 00 00 00 00
 (1789108579.623502)  can0  181   [8]  07 14 07 14 00 00 00 00
 (1789108579.631545)  can0  701   [1]  05
 (1789108579.673450)  can0  181   [8]  07 14 07 14 00 00 00 00
 (1789108579.723397)  can0  181   [8]  07 14 07 14 00 00 00 00
 (1789108579.773346)  can0  181   [8]  07 14 07 14 00 00 00 00
 (1789108579.823294)  can0  181   [8]  07 14 07 14 00 00 00 00
 (1789108579.873304)  can0  181   [8]  07 14 07 14 00 00 00 00
 (1789108579.881097)  can0  701   [1]  05
 (1789108579.923253)  can0  181   [8]  07 14 07 14 00 00 00 00
 (1789108579.973198)  can0  181   [8]  07 14 07 14 00 00 00 00
 (1789108580.023147)  can0  181   [8]  07 14 07 14 00 00 00 00
 (1789108580.073095)  can0  181   [8]  07 14 07 14 00 00 00 00
 (1789108580.123042)  can0  181   [8]  07 14 07 14 00 00 00 00
 (1789108580.130583)  can0  701   [1]  05
 (1789108580.172990)  can0  181   [8]  07 14 07 14 00 00 00 00
 (1789108580.222937)  can0  181   [8]  07 14 07 14 00 00 00 00
 (1789108580.272884)  can0  181   [8]  07 14 07 14 00 00 00 00
 (1789108580.322832)  can0  181   [8]  07 14 07 14 00 00 00 00
 (1789108580.372782)  can0  181   [8]  07 14 07 14 00 00 00 00
 (1789108580.380135)  can0  701   [1]  05
 (1789108580.390701)  can0  601   [8]  23 FF 60 03 00 00 00 00
 (1789108580.391052)  can0  581   [8]  60 FF 60 03 00 00 00 00
 (1789108580.392674)  can0  601   [8]  40 FF 60 03 00 00 00 00
 (1789108580.392948)  can0  581   [8]  43 FF 60 03 00 00 00 00
 (1789108580.394682)  can0  601   [8]  23 FF 60 03 00 00 00 00
 (1789108580.394985)  can0  581   [8]  60 FF 60 03 00 00 00 00
 (1789108580.396671)  can0  601   [8]  40 FF 60 03 00 00 00 00
 (1789108580.396975)  can0  581   [8]  43 FF 60 03 00 00 00 00
 (1789108580.398629)  can0  601   [8]  2B 40 60 00 06 00 00 00
 (1789108580.399033)  can0  581   [8]  60 40 60 00 00 00 00 00
 (1789108580.422727)  can0  181   [8]  07 14 07 14 00 00 00 00
 (1789108580.472677)  can0  181   [8]  07 14 07 14 00 00 00 00
 (1789108580.522625)  can0  181   [8]  07 14 07 14 00 00 00 00
 (1789108580.572570)  can0  181   [8]  07 14 07 14 00 00 00 00
 (1789108580.622519)  can0  181   [8]  07 14 07 14 00 00 00 00
 (1789108580.629624)  can0  701   [1]  05
 (1789108580.672465)  can0  181   [8]  07 14 07 14 00 00 00 00
 (1789108580.722414)  can0  181   [8]  07 14 07 14 00 00 00 00
 (1789108580.772360)  can0  181   [8]  07 14 07 14 00 00 00 00
 (1789108580.822309)  can0  181   [8]  07 14 07 14 00 00 00 00
 (1789108580.872319)  can0  181   [8]  07 14 07 14 00 00 00 00
 (1789108580.879175)  can0  701   [1]  05
 (1789108580.922326)  can0  181   [8]  07 14 07 14 00 00 00 00
 (1789108580.972223)  can0  181   [8]  07 14 07 14 00 00 00 00
 (1789108581.022178)  can0  181   [8]  07 14 07 14 00 00 00 00
 (1789108581.072232)  can0  181   [8]  07 14 07 14 00 00 00 00
 (1789108581.122239)  can0  181   [8]  07 14 07 14 00 00 00 00
 (1789108581.128665)  can0  701   [1]  05
 (1789108581.172176)  can0  181   [8]  07 14 07 14 00 00 00 00
 (1789108581.222120)  can0  181   [8]  07 14 07 14 00 00 00 00
 (1789108581.272147)  can0  181   [8]  07 14 07 14 00 00 00 00
 (1789108581.322160)  can0  181   [8]  07 14 07 14 00 00 00 00
 (1789108581.372168)  can0  181   [8]  07 14 07 14 00 00 00 00
 (1789108581.378271)  can0  701   [1]  05
 (1789108581.422172)  can0  181   [8]  07 14 07 14 00 00 00 00
 (1789108581.472187)  can0  181   [8]  07 14 07 14 00 00 00 00
 (1789108581.522199)  can0  181   [8]  07 14 07 14 00 00 00 00
 (1789108581.572207)  can0  181   [8]  07 14 07 14 00 00 00 00
 (1789108581.622177)  can0  181   [8]  07 14 07 14 00 00 00 00
 (1789108581.627829)  can0  701   [1]  05
 (1789108581.672227)  can0  181   [8]  07 14 07 14 00 00 00 00
 (1789108581.722239)  can0  181   [8]  07 14 07 14 00 00 00 00
 (1789108581.772249)  can0  181   [8]  07 14 07 14 00 00 00 00
 (1789108581.822260)  can0  181   [8]  07 14 07 14 00 00 00 00
 (1789108581.872276)  can0  181   [8]  07 14 07 14 00 00 00 00
 (1789108581.877318)  can0  701   [1]  05
 (1789108581.922278)  can0  181   [8]  07 14 07 14 00 00 00 00
 (1789108581.972237)  can0  181   [8]  07 14 07 14 00 00 00 00
 (1789108582.022182)  can0  181   [8]  07 14 07 14 00 00 00 00
 (1789108582.072195)  can0  181   [8]  07 14 07 14 00 00 00 00
 (1789108582.122175)  can0  181   [8]  07 14 07 14 00 00 00 00
 (1789108582.126868)  can0  701   [1]  05
 (1789108582.172154)  can0  181   [8]  07 14 07 14 00 00 00 00
 (1789108582.222155)  can0  181   [8]  07 14 07 14 00 00 00 00
 (1789108582.272109)  can0  181   [8]  07 14 07 14 00 00 00 00
 (1789108582.322110)  can0  181   [8]  07 14 07 14 00 00 00 00
 (1789108582.372067)  can0  181   [8]  07 14 07 14 00 00 00 00
 (1789108582.376358)  can0  701   [1]  05
 (1789108582.399581)  can0  000   [2]  80 01
 (1789108582.399882)  can0  601   [8]  2B 17 10 00 00 00 00 00
 (1789108582.400243)  can0  581   [8]  60 17 10 00 00 00 00 00
 (1789108582.401675)  can0  601   [8]  40 17 10 00 00 00 00 00
 (1789108582.401928)  can0  581   [8]  4B 17 10 00 00 00 00 00
