 (1789108220.989016)  can0  601   [8]  40 17 10 00 00 00 00 00
 (1789108220.989317)  can0  581   [8]  4B 17 10 00 00 00 00 00
 (1789108220.990966)  can0  601   [8]  2B 17 10 00 F4 01 00 00
 (1789108220.991313)  can0  581   [8]  60 17 10 00 00 00 00 00
 (1789108220.992965)  can0  601   [8]  40 17 10 00 00 00 00 00
 (1789108220.993301)  can0  581   [8]  4B 17 10 00 F4 01 00 00
 (1789108221.240740)  can0  701   [1]  7F
 (1789108221.242977)  can0  601   [8]  40 00 18 01 00 00 00 00
 (1789108221.243235)  can0  581   [8]  43 00 18 01 81 01 00 00
 (1789108221.244965)  can0  601   [8]  40 00 18 02 00 00 00 00
 (1789108221.245237)  can0  581   [8]  4F 00 18 02 FF 00 00 00
 (1789108221.246961)  can0  601   [8]  40 00 18 05 00 00 00 00
 (1789108221.247231)  can0  581   [8]  4B 00 18 05 64 00 00 00
 (1789108221.248964)  can0  601   [8]  40 00 1A 00 00 00 00 00
 (1789108221.249226)  can0  581   [8]  4F 00 1A 00 02 00 00 00
 (1789108221.250960)  can0  601   [8]  40 00 1A 01 00 00 00 00
 (1789108221.251215)  can0  581   [8]  43 00 1A 01 20 00 41 60
 (1789108221.252966)  can0  601   [8]  40 00 1A 02 00 00 00 00
 (1789108221.253213)  can0  581   [8]  43 00 1A 02 20 03 6C 60
 (1789108221.254909)  can0  601   [8]  40 60 60 00 00 00 00 00
 (1789108221.255269)  can0  581   [8]  4F 60 60 00 03 00 00 00
 (1789108221.256961)  can0  601   [8]  40 61 60 00 00 00 00 00
 (1789108221.257320)  can0  581   [8]  4F 61 60 00 03 00 00 00
 (1789108221.258961)  can0  601   [8]  40 FF 60 01 00 00 00 00
 (1789108221.259320)  can0  581   [8]  43 FF 60 01 00 00 00 00
 (1789108221.260969)  can0  601   [8]  40 FF 60 02 00 00 00 00
 (1789108221.261260)  can0  581   [8]  43 FF 60 02 00 00 00 00
 (1789108221.262907)  can0  601   [8]  40 3F 60 00 00 00 00 00
 (1789108221.263311)  can0  581   [8]  43 3F 60 00 00 00 00 00
 (1789108221.264908)  can0  601   [8]  40 6C 60 01 00 00 00 00
 (1789108221.265245)  can0  581   [8]  43 6C 60 01 00 00 00 00
 (1789108221.266903)  can0  601   [8]  40 6C 60 02 00 00 00 00
 (1789108221.267239)  can0  581   [8]  43 6C 60 02 00 00 00 00
 (1789108221.268962)  can0  601   [8]  40 6C 60 03 00 00 00 00
 (1789108221.269301)  can0  581   [8]  43 6C 60 03 00 00 00 00
 (1789108221.270967)  can0  601   [8]  40 0F 20 00 00 00 00 00
 (1789108221.271232)  can0  581   [8]  4B 0F 20 00 01 00 00 00
 (1789108221.272972)  can0  601   [8]  23 FF 60 03 00 00 00 00
 (1789108221.273232)  can0  581   [8]  60 FF 60 03 00 00 00 00
 (1789108221.274963)  can0  601   [8]  40 FF 60 03 00 00 00 00
 (1789108221.275225)  can0  581   [8]  43 FF 60 03 00 00 00 00
 (1789108221.276966)  can0  601   [8]  23 FF 60 03 00 00 00 00
 (1789108221.277228)  can0  581   [8]  60 FF 60 03 00 00 00 00
 (1789108221.278903)  can0  601   [8]  40 FF 60 03 00 00 00 00
 (1789108221.279217)  can0  581   [8]  43 FF 60 03 00 00 00 00
 (1789108221.279875)  can0  000   [2]  01 01
 (1789108221.280218)  can0  181   [8]  21 14 21 14 00 00 00 00
 (1789108221.280321)  can0  281   [0] 
 (1789108221.280423)  can0  381   [0] 
 (1789108221.280515)  can0  481   [0] 
 (1789108221.330277)  can0  181   [8]  21 14 21 14 00 00 00 00
 (1789108221.380225)  can0  181   [8]  21 14 21 14 00 00 00 00
 (1789108221.430174)  can0  181   [8]  21 14 21 14 00 00 00 00
 (1789108221.480121)  can0  181   [8]  21 14 21 14 00 00 00 00
 (1789108221.490287)  can0  701   [1]  05
 (1789108221.491965)  can0  601   [8]  2F 60 60 00 03 00 00 00
 (1789108221.492236)  can0  581   [8]  60 60 60 00 00 00 00 00
 (1789108221.493962)  can0  601   [8]  40 61 60 00 00 00 00 00
 (1789108221.494218)  can0  581   [8]  4F 61 60 00 03 00 00 00
 (1789108221.495970)  can0  601   [8]  2B 40 60 00 06 00 00 00
 (1789108221.496227)  can0  581   [8]  60 40 60 00 00 00 00 00
 (1789108221.530067)  can0  181   [8]  21 14 21 14 00 00 00 00
 (1789108221.531968)  can0  601   [8]  40 6C 60 01 00 00 00 00
 (1789108221.532313)  can0  581   [8]  43 6C 60 01 00 00 00 00
 (1789108221.533960)  can0  601   [8]  40 6C 60 02 00 00 00 00
 (1789108221.534309)  can0  581   [8]  43 6C 60 02 00 00 00 00
 (1789108221.535962)  can0  601   [8]  40 6C 60 03 00 00 00 00
 (1789108221.536304)  can0  581   [8]  43 6C 60 03 00 00 00 00
 (1789108221.537966)  can0  601   [8]  2B 40 60 00 07 00 00 00
 (1789108221.538249)  can0  581   [8]  60 40 60 00 00 00 00 00
 (1789108221.580008)  can0  181   [8]  23 14 23 14 00 00 00 00
 (1789108221.581965)  can0  601   [8]  40 6C 60 01 00 00 00 00
 (1789108221.582220)  can0  581   [8]  43 6C 60 01 00 00 00 00
 (1789108221.583961)  can0  601   [8]  40 6C 60 02 00 00 00 00
 (1789108221.584254)  can0  581   [8]  43 6C 60 02 00 00 00 00
 (1789108221.585963)  can0  601   [8]  40 6C 60 03 00 00 00 00
 (1789108221.586249)  can0  581   [8]  43 6C 60 03 00 00 00 00
 (1789108221.587909)  can0  601   [8]  2B 40 60 00 0F 00 00 00
 (1789108221.588250)  can0  581   [8]  60 40 60 00 00 00 00 00
 (1789108221.629956)  can0  181   [8]  27 14 27 14 00 00 00 00
 (1789108221.630912)  can0  601   [8]  40 6C 60 01 00 00 00 00
 (1789108221.631215)  can0  581   [8]  43 6C 60 01 00 00 00 00
 (1789108221.632962)  can0  601   [8]  40 6C 60 02 00 00 00 00
 (1789108221.633208)  can0  581   [8]  43 6C 60 02 00 00 00 00
 (1789108221.634905)  can0  601   [8]  40 6C 60 03 00 00 00 00
 (1789108221.635208)  can0  581   [8]  43 6C 60 03 00 00 00 00
 (1789108221.636973)  can0  601   [8]  23 FF 60 03 00 00 05 00
 (1789108221.637321)  can0  581   [8]  60 FF 60 03 00 00 00 00
 (1789108221.638961)  can0  601   [8]  40 FF 60 03 00 00 00 00
 (1789108221.639317)  can0  581   [8]  43 FF 60 03 00 00 05 00
 (1789108221.679855)  can0  181   [8]  27 14 27 44 00 00 11 00
 (1789108221.729803)  can0  181   [8]  27 14 27 44 00 00 2F 00
 (1789108221.739773)  can0  701   [1]  05
 (1789108221.779752)  can0  181   [8]  27 14 27 44 00 00 34 00
 (1789108221.829701)  can0  181   [8]  27 14 27 44 00 00 2F 00
 (1789108221.879647)  can0  181   [8]  27 14 27 44 00 00 2F 00
 (1789108221.929593)  can0  181   [8]  27 14 27 44 00 00 33 00
 (1789108221.979543)  can0  181   [8]  27 14 27 44 00 00 35 00
 (1789108221.989324)  can0  701   [1]  05
 (1789108222.029490)  can0  181   [8]  27 14 27 44 00 00 2F 00
 (1789108222.079438)  can0  181   [8]  27 14 27 44 00 00 32 00
 (1789108222.129386)  can0  181   [8]  27 14 27 44 00 00 2E 00
 (1789108222.179331)  can0  181   [8]  27 14 27 44 00 00 33 00
 (1789108222.229283)  can0  181   [8]  27 14 27 44 00 00 30 00
 (1789108222.238816)  can0  701   [1]  05
 (1789108222.279275)  can0  181   [8]  27 14 27 44 00 00 2F 00
 (1789108222.329225)  can0  181   [8]  27 14 27 44 00 00 32 00
 (1789108222.379123)  can0  181   [8]  27 14 27 44 00 00 36 00
 (1789108222.429073)  can0  181   [8]  27 14 27 44 00 00 30 00
 (1789108222.479018)  can0  181   [8]  27 14 27 44 00 00 33 00
 (1789108222.488364)  can0  701   [1]  05
 (1789108222.528968)  can0  181   [8]  27 14 27 44 00 00 2E 00
 (1789108222.578912)  can0  181   [8]  27 14 27 44 00 00 33 00
 (1789108222.628863)  can0  181   [8]  27 14 27 44 00 00 31 00
 (1789108222.637972)  can0  601   [8]  2B 40 60 00 00 00 00 00
 (1789108222.638232)  can0  581   [8]  60 40 60 00 00 00 00 00
 (1789108222.678870)  can0  181   [8]  60 14 60 14 00 00 00 00
 (1789108222.679970)  can0  601   [8]  40 6C 60 01 00 00 00 00
 (1789108222.680243)  can0  581   [8]  43 6C 60 01 00 00 00 00
 (1789108222.681903)  can0  601   [8]  40 6C 60 02 00 00 00 00
 (1789108222.682297)  can0  581   [8]  43 6C 60 02 FB FF FF FF
 (1789108222.728808)  can0  181   [8]  60 14 60 14 00 00 EC FF
 (1789108222.734962)  can0  601   [8]  40 6C 60 01 00 00 00 00
 (1789108222.735241)  can0  581   [8]  43 6C 60 01 00 00 00 00
 (1789108222.736958)  can0  601   [8]  40 6C 60 02 00 00 00 00
 (1789108222.737300)  can0  581   [8]  43 6C 60 02 F2 FF FF FF
 (1789108222.737857)  can0  701   [1]  05
 (1789108222.778762)  can0  181   [8]  60 14 60 14 00 00 06 00
 (1789108222.788962)  can0  601   [8]  40 6C 60 01 00 00 00 00
 (1789108222.789305)  can0  581   [8]  43 6C 60 01 00 00 00 00
 (1789108222.790958)  can0  601   [8]  40 6C 60 02 00 00 00 00
 (1789108222.791297)  can0  581   [8]  43 6C 60 02 03 00 00 00
 (1789108222.828707)  can0  181   [8]  60 14 60 14 00 00 FE FF
 (1789108222.843963)  can0  601   [8]  40 6C 60 01 00 00 00 00
 (1789108222.844299)  can0  581   [8]  43 6C 60 01 00 00 00 00
 (1789108222.845960)  can0  601   [8]  40 6C 60 02 00 00 00 00
 (1789108222.846298)  can0  581   [8]  43 6C 60 02 FF FF FF FF
 (1789108222.878660)  can0  181   [8]  60 14 60 14 00 00 00 00
 (1789108222.898961)  can0  601   [8]  40 6C 60 01 00 00 00 00
 (1789108222.899297)  can0  581   [8]  43 6C 60 01 00 00 00 00
 (1789108222.900958)  can0  601   [8]  40 6C 60 02 00 00 00 00
 (1789108222.901236)  can0  581   [8]  43 6C 60 02 00 00 00 00
 (1789108222.902960)  can0  601   [8]  40 6C 60 03 00 00 00 00
 (1789108222.903289)  can0  581   [8]  43 6C 60 03 00 00 00 00
 (1789108222.904966)  can0  601   [8]  23 FF 60 03 00 00 00 00
 (1789108222.905233)  can0  581   [8]  60 FF 60 03 00 00 00 00
 (1789108222.906902)  can0  601   [8]  40 FF 60 03 00 00 00 00
 (1789108222.907224)  can0  581   [8]  43 FF 60 03 00 00 00 00
 (1789108222.908961)  can0  601   [8]  23 FF 60 03 00 00 00 00
 (1789108222.909222)  can0  581   [8]  60 FF 60 03 00 00 00 00
 (1789108222.910902)  can0  601   [8]  40 FF 60 03 00 00 00 00
 (1789108222.911215)  can0  581   [8]  43 FF 60 03 00 00 00 00
 (1789108222.912965)  can0  601   [8]  40 6C 60 01 00 00 00 00
 (1789108222.913272)  can0  581   [8]  43 6C 60 01 00 00 00 00
 (1789108222.914959)  can0  601   [8]  40 6C 60 02 00 00 00 00
 (1789108222.915210)  can0  581   [8]  43 6C 60 02 00 00 00 00
 (1789108222.916960)  can0  601   [8]  40 6C 60 03 00 00 00 00
 (1789108222.917315)  can0  581   [8]  43 6C 60 03 00 00 00 00
 (1789108222.918810)  can0  000   [2]  80 01
 (1789108222.987413)  can0  701   [1]  7F
 (1789108222.988963)  can0  601   [8]  2B 17 10 00 00 00 00 00
 (1789108222.989284)  can0  581   [8]  60 17 10 00 00 00 00 00
 (1789108222.990903)  can0  601   [8]  40 17 10 00 00 00 00 00
 (1789108222.991216)  can0  581   [8]  4B 17 10 00 00 00 00 00
