 (1789635027.284348)  can0  601   [8]  40 41 60 00 00 00 00 00
 (1789635027.284684)  can0  581   [8]  43 41 60 00 60 14 60 14
 (1789635027.286077)  can0  601   [8]  40 60 60 00 00 00 00 00
 (1789635027.286434)  can0  581   [8]  4F 60 60 00 03 00 00 00
 (1789635027.288010)  can0  601   [8]  40 61 60 00 00 00 00 00
 (1789635027.288365)  can0  581   [8]  4F 61 60 00 03 00 00 00
 (1789635027.290012)  can0  601   [8]  40 3F 60 00 00 00 00 00
 (1789635027.290365)  can0  581   [8]  43 3F 60 00 00 00 00 00
 (1789635027.292009)  can0  601   [8]  40 FF 60 01 00 00 00 00
 (1789635027.292361)  can0  581   [8]  43 FF 60 01 00 00 00 00
 (1789635027.294011)  can0  601   [8]  40 FF 60 02 00 00 00 00
 (1789635027.294358)  can0  581   [8]  43 FF 60 02 00 00 00 00
 (1789635027.296013)  can0  601   [8]  40 0F 20 00 00 00 00 00
 (1789635027.296350)  can0  581   [8]  4B 0F 20 00 01 00 00 00
 (1789635027.298012)  can0  601   [8]  40 00 20 00 00 00 00 00
 (1789635027.298347)  can0  581   [8]  4B 00 20 00 00 00 00 00
 (1789635027.300010)  can0  601   [8]  40 17 10 00 00 00 00 00
 (1789635027.300339)  can0  581   [8]  4B 17 10 00 00 00 00 00
 (1789635027.302013)  can0  601   [8]  40 00 14 01 00 00 00 00
 (1789635027.302333)  can0  581   [8]  43 00 14 01 01 02 00 00
 (1789635027.304011)  can0  601   [8]  40 00 14 02 00 00 00 00
 (1789635027.304329)  can0  581   [8]  4F 00 14 02 FF 00 00 00
 (1789635027.306009)  can0  601   [8]  40 00 14 05 00 00 00 00
 (1789635027.306325)  can0  581   [8]  4B 00 14 05 E8 03 00 00
 (1789635027.308013)  can0  601   [8]  40 00 16 00 00 00 00 00
 (1789635027.308382)  can0  581   [8]  4F 00 16 00 02 00 00 00
 (1789635027.310009)  can0  601   [8]  40 00 16 01 00 00 00 00
 (1789635027.310370)  can0  581   [8]  43 00 16 01 10 00 40 60
 (1789635027.312010)  can0  601   [8]  40 00 16 02 00 00 00 00
 (1789635027.312369)  can0  581   [8]  43 00 16 02 08 00 60 60
 (1789635027.314012)  can0  601   [8]  40 00 18 01 00 00 00 00
 (1789635027.314369)  can0  581   [8]  43 00 18 01 81 01 00 00
 (1789635027.316012)  can0  601   [8]  40 00 18 02 00 00 00 00
 (1789635027.316365)  can0  581   [8]  4F 00 18 02 FF 00 00 00
 (1789635027.318009)  can0  601   [8]  40 00 18 05 00 00 00 00
 (1789635027.318360)  can0  581   [8]  4B 00 18 05 64 00 00 00
 (1789635027.320013)  can0  601   [8]  40 00 1A 00 00 00 00 00
 (1789635027.320361)  can0  581   [8]  4F 00 1A 00 02 00 00 00
 (1789635027.322009)  can0  601   [8]  40 00 1A 01 00 00 00 00
 (1789635027.322348)  can0  581   [8]  43 00 1A 01 20 00 41 60
 (1789635027.324012)  can0  601   [8]  40 00 1A 02 00 00 00 00
 (1789635027.324342)  can0  581   [8]  43 00 1A 02 20 03 6C 60
 (1789635027.326008)  can0  601   [8]  40 01 18 01 00 00 00 00
 (1789635027.326341)  can0  581   [8]  43 01 18 01 81 02 00 00
 (1789635027.328006)  can0  601   [8]  40 01 18 02 00 00 00 00
 (1789635027.328337)  can0  581   [8]  4F 01 18 02 FF 00 00 00
 (1789635027.330007)  can0  601   [8]  40 01 18 05 00 00 00 00
 (1789635027.330331)  can0  581   [8]  4B 01 18 05 00 00 00 00
 (1789635027.332011)  can0  601   [8]  40 01 1A 00 00 00 00 00
 (1789635027.332330)  can0  581   [8]  4F 01 1A 00 00 00 00 00
 (1789635027.334011)  can0  601   [8]  40 01 1A 01 00 00 00 00
 (1789635027.334320)  can0  581   [8]  43 01 1A 01 00 00 00 00
 (1789635027.336009)  can0  601   [8]  40 01 1A 02 00 00 00 00
 (1789635027.336318)  can0  581   [8]  43 01 1A 02 00 00 00 00
 (1789635027.338012)  can0  601   [8]  40 6C 60 01 00 00 00 00
 (1789635027.338372)  can0  581   [8]  43 6C 60 01 00 00 00 00
 (1789635027.340008)  can0  601   [8]  40 6C 60 02 00 00 00 00
 (1789635027.340369)  can0  581   [8]  43 6C 60 02 00 00 00 00
 (1789635027.342010)  can0  601   [8]  40 6C 60 03 00 00 00 00
 (1789635027.342365)  can0  581   [8]  43 6C 60 03 00 00 00 00
 (1789635027.365009)  can0  601   [8]  40 6C 60 01 00 00 00 00
 (1789635027.365371)  can0  581   [8]  43 6C 60 01 00 00 00 00
 (1789635027.367007)  can0  601   [8]  40 6C 60 02 00 00 00 00
 (1789635027.367368)  can0  581   [8]  43 6C 60 02 00 00 00 00
 (1789635027.369009)  can0  601   [8]  40 6C 60 03 00 00 00 00
 (1789635027.369366)  can0  581   [8]  43 6C 60 03 00 00 00 00
 (1789635027.392009)  can0  601   [8]  40 6C 60 01 00 00 00 00
 (1789635027.392318)  can0  581   [8]  43 6C 60 01 00 00 00 00
 (1789635027.394006)  can0  601   [8]  40 6C 60 02 00 00 00 00
 (1789635027.394366)  can0  581   [8]  43 6C 60 02 00 00 00 00
 (1789635027.396008)  can0  601   [8]  40 6C 60 03 00 00 00 00
 (1789635027.396365)  can0  581   [8]  43 6C 60 03 00 00 00 00
 (1789635027.419008)  can0  601   [8]  40 6C 60 01 00 00 00 00
 (1789635027.419317)  can0  581   [8]  43 6C 60 01 00 00 00 00
 (1789635027.421008)  can0  601   [8]  40 6C 60 02 00 00 00 00
 (1789635027.421367)  can0  581   [8]  43 6C 60 02 00 00 00 00
 (1789635027.423009)  can0  601   [8]  40 6C 60 03 00 00 00 00
 (1789635027.423366)  can0  581   [8]  43 6C 60 03 00 00 00 00
 (1789635027.446022)  can0  601   [8]  40 6C 60 01 00 00 00 00
 (1789635027.446376)  can0  581   [8]  43 6C 60 01 00 00 00 00
 (1789635027.448013)  can0  601   [8]  40 6C 60 02 00 00 00 00
 (1789635027.448370)  can0  581   [8]  43 6C 60 02 00 00 00 00
 (1789635027.450008)  can0  601   [8]  40 6C 60 03 00 00 00 00
 (1789635027.450366)  can0  581   [8]  43 6C 60 03 00 00 00 00
 (1789635027.473021)  can0  601   [8]  40 6C 60 01 00 00 00 00
 (1789635027.473376)  can0  581   [8]  43 6C 60 01 00 00 00 00
 (1789635027.475010)  can0  601   [8]  40 6C 60 02 00 00 00 00
 (1789635027.475369)  can0  581   [8]  43 6C 60 02 00 00 00 00
 (1789635027.477009)  can0  601   [8]  40 6C 60 03 00 00 00 00
 (1789635027.477367)  can0  581   [8]  43 6C 60 03 00 00 00 00
 (1789635027.500020)  can0  601   [8]  40 6C 60 01 00 00 00 00
 (1789635027.500377)  can0  581   [8]  43 6C 60 01 00 00 00 00
 (1789635027.502009)  can0  601   [8]  40 6C 60 02 00 00 00 00
 (1789635027.502368)  can0  581   [8]  43 6C 60 02 00 00 00 00
 (1789635027.504012)  can0  601   [8]  40 6C 60 03 00 00 00 00
 (1789635027.504366)  can0  581   [8]  43 6C 60 03 00 00 00 00
 (1789635027.506024)  can0  601   [8]  2B 17 10 00 F4 01 00 00
 (1789635027.506369)  can0  581   [8]  60 17 10 00 00 00 00 00
 (1789635027.508006)  can0  601   [8]  40 17 10 00 00 00 00 00
 (1789635027.508355)  can0  581   [8]  4B 17 10 00 F4 01 00 00
 (1789635027.755793)  can0  701   [1]  7F
 (1789635027.757914)  can0  000   [2]  80 01
 (1789635028.005345)  can0  701   [1]  7F
 (1789635028.007036)  can0  601   [8]  2B 00 20 00 E8 03 00 00
 (1789635028.007403)  can0  581   [8]  60 00 20 00 00 00 00 00
 (1789635028.009015)  can0  601   [8]  40 00 20 00 00 00 00 00
 (1789635028.009327)  can0  581   [8]  4B 00 20 00 E8 03 00 00
 (1789635028.011013)  can0  601   [8]  23 00 14 01 01 02 00 80
 (1789635028.011326)  can0  581   [8]  60 00 14 01 00 00 00 00
 (1789635028.013008)  can0  601   [8]  40 00 14 01 00 00 00 00
 (1789635028.013318)  can0  581   [8]  43 00 14 01 01 02 00 80
 (1789635028.015012)  can0  601   [8]  2F 00 16 00 00 00 00 00
 (1789635028.015377)  can0  581   [8]  60 00 16 00 00 00 00 00
 (1789635028.017012)  can0  601   [8]  40 00 16 00 00 00 00 00
 (1789635028.017373)  can0  581   [8]  4F 00 16 00 00 00 00 00
 (1789635028.019005)  can0  601   [8]  23 00 16 01 10 00 40 60
 (1789635028.019371)  can0  581   [8]  60 00 16 01 00 00 00 00
 (1789635028.021005)  can0  601   [8]  40 00 16 01 00 00 00 00
 (1789635028.021358)  can0  581   [8]  43 00 16 01 10 00 40 60
 (1789635028.023011)  can0  601   [8]  23 00 16 02 20 03 FF 60
 (1789635028.023362)  can0  581   [8]  60 00 16 02 00 00 00 00
 (1789635028.025007)  can0  601   [8]  40 00 16 02 00 00 00 00
 (1789635028.025354)  can0  581   [8]  43 00 16 02 20 03 FF 60
 (1789635028.027010)  can0  601   [8]  2F 00 16 00 02 00 00 00
 (1789635028.027354)  can0  581   [8]  60 00 16 00 00 00 00 00
 (1789635028.029012)  can0  601   [8]  40 00 16 00 00 00 00 00
 (1789635028.029347)  can0  581   [8]  4F 00 16 00 02 00 00 00
 (1789635028.031010)  can0  601   [8]  23 00 14 01 01 02 00 00
 (1789635028.031343)  can0  581   [8]  60 00 14 01 00 00 00 00
 (1789635028.033009)  can0  601   [8]  40 00 14 01 00 00 00 00
 (1789635028.033333)  can0  581   [8]  43 00 14 01 01 02 00 00
 (1789635028.035009)  can0  601   [8]  23 01 18 01 81 02 00 80
 (1789635028.035333)  can0  581   [8]  60 01 18 01 00 00 00 00
 (1789635028.037009)  can0  601   [8]  40 01 18 01 00 00 00 00
 (1789635028.037322)  can0  581   [8]  43 01 18 01 81 02 00 80
 (1789635028.039011)  can0  601   [8]  2F 01 1A 00 00 00 00 00
 (1789635028.039325)  can0  581   [8]  60 01 1A 00 00 00 00 00
 (1789635028.041008)  can0  601   [8]  40 01 1A 00 00 00 00 00
 (1789635028.041322)  can0  581   [8]  4F 01 1A 00 00 00 00 00
 (1789635028.043002)  can0  601   [8]  23 01 1A 01 08 00 61 60
 (1789635028.043313)  can0  581   [8]  60 01 1A 01 00 00 00 00
 (1789635028.045008)  can0  601   [8]  40 01 1A 01 00 00 00 00
 (1789635028.045363)  can0  581   [8]  43 01 1A 01 08 00 61 60
 (1789635028.047007)  can0  601   [8]  23 01 1A 02 20 00 3F 60
 (1789635028.047365)  can0  581   [8]  60 01 1A 02 00 00 00 00
 (1789635028.049007)  can0  601   [8]  40 01 1A 02 00 00 00 00
 (1789635028.049357)  can0  581   [8]  43 01 1A 02 20 00 3F 60
 (1789635028.051009)  can0  601   [8]  2F 01 1A 00 02 00 00 00
 (1789635028.051358)  can0  581   [8]  60 01 1A 00 00 00 00 00
 (1789635028.053009)  can0  601   [8]  40 01 1A 00 00 00 00 00
 (1789635028.053352)  can0  581   [8]  4F 01 1A 00 02 00 00 00
 (1789635028.055010)  can0  601   [8]  2B 01 18 05 64 00 00 00
 (1789635028.055347)  can0  581   [8]  60 01 18 05 00 00 00 00
 (1789635028.057006)  can0  601   [8]  40 01 18 05 00 00 00 00
 (1789635028.057337)  can0  581   [8]  4B 01 18 05 64 00 00 00
 (1789635028.059014)  can0  601   [8]  23 01 18 01 81 02 00 00
 (1789635028.059341)  can0  581   [8]  60 01 18 01 00 00 00 00
 (1789635028.061008)  can0  601   [8]  40 01 18 01 00 00 00 00
 (1789635028.061331)  can0  581   [8]  43 01 18 01 81 02 00 00
 (1789635028.062903)  can0  000   [2]  01 01
 (1789635028.063322)  can0  181   [8]  60 14 60 14 00 00 00 00
 (1789635028.063514)  can0  281   [5]  03 00 00 00 00
 (1789635028.063614)  can0  381   [0] 
 (1789635028.063711)  can0  481   [0] 
 (1789635028.113278)  can0  181   [8]  60 14 60 14 00 00 00 00
 (1789635028.113467)  can0  281   [5]  03 00 00 00 00
 (1789635028.163285)  can0  181   [8]  60 14 60 14 00 00 00 00
 (1789635028.163535)  can0  281   [5]  03 00 00 00 00
 (1789635028.213304)  can0  181   [8]  60 14 60 14 00 00 00 00
 (1789635028.213487)  can0  281   [5]  03 00 00 00 00
 (1789635028.254823)  can0  701   [1]  05
 (1789635028.257040)  can0  601   [8]  23 FF 60 01 00 00 00 00
 (1789635028.257382)  can0  581   [8]  60 FF 60 01 00 00 00 00
 (1789635028.259011)  can0  601   [8]  40 FF 60 01 00 00 00 00
 (1789635028.259375)  can0  581   [8]  43 FF 60 01 00 00 00 00
 (1789635028.261020)  can0  601   [8]  23 FF 60 02 00 00 00 00
 (1789635028.261374)  can0  581   [8]  60 FF 60 02 00 00 00 00
 (1789635028.263008)  can0  601   [8]  40 FF 60 02 00 00 00 00
 (1789635028.263370)  can0  581   [8]  43 FF 60 02 00 00 00 00
 (1789635028.263611)  can0  181   [8]  60 14 60 14 00 00 00 00
 (1789635028.263803)  can0  281   [5]  03 00 00 00 00
 (1789635028.264061)  can0  601   [8]  2B 40 60 00 06 00 00 00
 (1789635028.264426)  can0  581   [8]  60 40 60 00 00 00 00 00
 (1789635028.266013)  can0  601   [8]  40 40 60 00 00 00 00 00
 (1789635028.266362)  can0  581   [8]  4B 40 60 00 06 00 00 00
 (1789635028.313433)  can0  181   [8]  21 14 21 14 00 00 00 00
 (1789635028.313624)  can0  281   [5]  03 00 00 00 00
 (1789635028.315021)  can0  601   [8]  40 00 14 01 00 00 00 00
 (1789635028.315370)  can0  581   [8]  43 00 14 01 01 02 00 00
 (1789635028.317027)  can0  601   [8]  40 00 14 02 00 00 00 00
 (1789635028.317363)  can0  581   [8]  4F 00 14 02 FF 00 00 00
 (1789635028.319016)  can0  601   [8]  40 00 16 00 00 00 00 00
 (1789635028.319366)  can0  581   [8]  4F 00 16 00 02 00 00 00
 (1789635028.321010)  can0  601   [8]  40 00 16 01 00 00 00 00
 (1789635028.321353)  can0  581   [8]  43 00 16 01 10 00 40 60
 (1789635028.323011)  can0  601   [8]  40 00 16 02 00 00 00 00
 (1789635028.323353)  can0  581   [8]  43 00 16 02 20 03 FF 60
 (1789635028.325015)  can0  601   [8]  40 00 18 01 00 00 00 00
 (1789635028.325348)  can0  581   [8]  43 00 18 01 81 01 00 00
 (1789635028.327011)  can0  601   [8]  40 00 18 02 00 00 00 00
 (1789635028.327344)  can0  581   [8]  4F 00 18 02 FF 00 00 00
 (1789635028.329012)  can0  601   [8]  40 00 1A 00 00 00 00 00
 (1789635028.329344)  can0  581   [8]  4F 00 1A 00 02 00 00 00
 (1789635028.331010)  can0  601   [8]  40 00 1A 01 00 00 00 00
 (1789635028.331329)  can0  581   [8]  43 00 1A 01 20 00 41 60
 (1789635028.333014)  can0  601   [8]  40 00 1A 02 00 00 00 00
 (1789635028.333324)  can0  581   [8]  43 00 1A 02 20 03 6C 60
 (1789635028.335011)  can0  601   [8]  40 01 18 01 00 00 00 00
 (1789635028.335323)  can0  581   [8]  43 01 18 01 81 02 00 00
 (1789635028.337009)  can0  601   [8]  40 01 18 02 00 00 00 00
 (1789635028.337321)  can0  581   [8]  4F 01 18 02 FF 00 00 00
 (1789635028.339013)  can0  601   [8]  40 01 1A 00 00 00 00 00
 (1789635028.339377)  can0  581   [8]  4F 01 1A 00 02 00 00 00
 (1789635028.341013)  can0  601   [8]  40 01 1A 01 00 00 00 00
 (1789635028.341368)  can0  581   [8]  43 01 1A 01 08 00 61 60
 (1789635028.343010)  can0  601   [8]  40 01 1A 02 00 00 00 00
 (1789635028.343365)  can0  581   [8]  43 01 1A 02 20 00 3F 60
 (1789635028.345014)  can0  601   [8]  40 0F 20 00 00 00 00 00
 (1789635028.345365)  can0  581   [8]  4B 0F 20 00 01 00 00 00
 (1789635028.363450)  can0  181   [8]  21 14 21 14 00 00 00 00
 (1789635028.363641)  can0  281   [5]  03 00 00 00 00
 (1789635028.386108)  can0  201   [6]  02 00 00 00 00 00
 (1789635028.397012)  can0  201   [6]  06 00 00 00 00 00
 (1789635028.397259)  can0  601   [8]  23 FF 60 01 00 00 00 00
 (1789635028.397623)  can0  581   [8]  60 FF 60 01 00 00 00 00
 (1789635028.399011)  can0  601   [8]  40 FF 60 01 00 00 00 00
 (1789635028.399367)  can0  581   [8]  43 FF 60 01 00 00 00 00
 (1789635028.401020)  can0  601   [8]  23 FF 60 02 00 00 00 00
 (1789635028.401364)  can0  581   [8]  60 FF 60 02 00 00 00 00
 (1789635028.403008)  can0  601   [8]  40 FF 60 02 00 00 00 00
 (1789635028.403359)  can0  581   [8]  43 FF 60 02 00 00 00 00
 (1789635028.405014)  can0  601   [8]  2B 40 60 00 00 00 00 00
 (1789635028.405355)  can0  581   [8]  60 40 60 00 00 00 00 00
 (1789635028.407011)  can0  601   [8]  40 40 60 00 00 00 00 00
 (1789635028.407351)  can0  581   [8]  4B 40 60 00 00 00 00 00
 (1789635028.409013)  can0  601   [8]  40 41 60 00 00 00 00 00
 (1789635028.409337)  can0  581   [8]  43 41 60 00 60 14 60 14
 (1789635028.411015)  can0  601   [8]  40 6C 60 01 00 00 00 00
 (1789635028.411334)  can0  581   [8]  43 6C 60 01 00 00 00 00
 (1789635028.413009)  can0  601   [8]  40 6C 60 02 00 00 00 00
 (1789635028.413330)  can0  581   [8]  43 6C 60 02 00 00 00 00
 (1789635028.413572)  can0  181   [8]  60 14 60 14 00 00 00 00
 (1789635028.413763)  can0  281   [5]  03 00 00 00 00
 (1789635028.414027)  can0  601   [8]  40 6C 60 03 00 00 00 00
 (1789635028.414387)  can0  581   [8]  43 6C 60 03 00 00 00 00
 (1789635028.437009)  can0  601   [8]  40 6C 60 01 00 00 00 00
 (1789635028.437336)  can0  581   [8]  43 6C 60 01 00 00 00 00
 (1789635028.439009)  can0  601   [8]  40 6C 60 02 00 00 00 00
 (1789635028.439333)  can0  581   [8]  43 6C 60 02 00 00 00 00
 (1789635028.441011)  can0  601   [8]  40 6C 60 03 00 00 00 00
 (1789635028.441329)  can0  581   [8]  43 6C 60 03 00 00 00 00
 (1789635028.463404)  can0  181   [8]  60 14 60 14 00 00 00 00
 (1789635028.463603)  can0  281   [5]  03 00 00 00 00
 (1789635028.463845)  can0  601   [8]  40 6C 60 01 00 00 00 00
 (1789635028.464156)  can0  581   [8]  43 6C 60 01 00 00 00 00
 (1789635028.465010)  can0  601   [8]  40 6C 60 02 00 00 00 00
 (1789635028.465335)  can0  581   [8]  43 6C 60 02 00 00 00 00
 (1789635028.467011)  can0  601   [8]  40 6C 60 03 00 00 00 00
 (1789635028.467331)  can0  581   [8]  43 6C 60 03 00 00 00 00
 (1789635028.490009)  can0  601   [8]  40 6C 60 01 00 00 00 00
 (1789635028.490340)  can0  581   [8]  43 6C 60 01 00 00 00 00
 (1789635028.492008)  can0  601   [8]  40 6C 60 02 00 00 00 00
 (1789635028.492336)  can0  581   [8]  43 6C 60 02 00 00 00 00
 (1789635028.494010)  can0  601   [8]  40 6C 60 03 00 00 00 00
 (1789635028.494332)  can0  581   [8]  43 6C 60 03 00 00 00 00
 (1789635028.504372)  can0  701   [1]  05
 (1789635028.513414)  can0  181   [8]  60 14 60 14 00 00 00 00
 (1789635028.513613)  can0  281   [5]  03 00 00 00 00
 (1789635028.517011)  can0  601   [8]  40 6C 60 01 00 00 00 00
 (1789635028.517340)  can0  581   [8]  43 6C 60 01 00 00 00 00
 (1789635028.519009)  can0  601   [8]  40 6C 60 02 00 00 00 00
 (1789635028.519336)  can0  581   [8]  43 6C 60 02 00 00 00 00
 (1789635028.521011)  can0  601   [8]  40 6C 60 03 00 00 00 00
 (1789635028.521332)  can0  581   [8]  43 6C 60 03 00 00 00 00
 (1789635028.544017)  can0  601   [8]  40 6C 60 01 00 00 00 00
 (1789635028.544340)  can0  581   [8]  43 6C 60 01 00 00 00 00
 (1789635028.546010)  can0  601   [8]  40 6C 60 02 00 00 00 00
 (1789635028.546335)  can0  581   [8]  43 6C 60 02 00 00 00 00
 (1789635028.548010)  can0  601   [8]  40 6C 60 03 00 00 00 00
 (1789635028.548331)  can0  581   [8]  43 6C 60 03 00 00 00 00
 (1789635028.563424)  can0  181   [8]  60 14 60 14 00 00 00 00
 (1789635028.563623)  can0  281   [5]  03 00 00 00 00
 (1789635028.571015)  can0  601   [8]  40 6C 60 01 00 00 00 00
 (1789635028.571340)  can0  581   [8]  43 6C 60 01 00 00 00 00
 (1789635028.573027)  can0  601   [8]  40 6C 60 02 00 00 00 00
 (1789635028.573336)  can0  581   [8]  43 6C 60 02 00 00 00 00
 (1789635028.575012)  can0  601   [8]  40 6C 60 03 00 00 00 00
 (1789635028.575332)  can0  581   [8]  43 6C 60 03 00 00 00 00
 (1789635028.576908)  can0  000   [2]  80 01
 (1789635028.753927)  can0  701   [1]  7F
 (1789635028.756031)  can0  601   [8]  23 00 14 01 01 02 00 80
 (1789635028.756357)  can0  581   [8]  60 00 14 01 00 00 00 00
 (1789635028.758012)  can0  601   [8]  40 00 14 01 00 00 00 00
 (1789635028.758348)  can0  581   [8]  43 00 14 01 01 02 00 80
 (1789635028.760013)  can0  601   [8]  2F 00 16 00 00 00 00 00
 (1789635028.760349)  can0  581   [8]  60 00 16 00 00 00 00 00
 (1789635028.762013)  can0  601   [8]  40 00 16 00 00 00 00 00
 (1789635028.762341)  can0  581   [8]  4F 00 16 00 00 00 00 00
 (1789635028.764005)  can0  601   [8]  23 00 16 01 10 00 40 60
 (1789635028.764340)  can0  581   [8]  60 00 16 01 00 00 00 00
 (1789635028.766006)  can0  601   [8]  40 00 16 01 00 00 00 00
 (1789635028.766326)  can0  581   [8]  43 00 16 01 10 00 40 60
 (1789635028.768010)  can0  601   [8]  23 00 16 02 08 00 60 60
 (1789635028.768329)  can0  581   [8]  60 00 16 02 00 00 00 00
 (1789635028.770008)  can0  601   [8]  40 00 16 02 00 00 00 00
 (1789635028.770320)  can0  581   [8]  43 00 16 02 08 00 60 60
 (1789635028.772010)  can0  601   [8]  2F 00 16 00 02 00 00 00
 (1789635028.772326)  can0  581   [8]  60 00 16 00 00 00 00 00
 (1789635028.774011)  can0  601   [8]  40 00 16 00 00 00 00 00
 (1789635028.774377)  can0  581   [8]  4F 00 16 00 02 00 00 00
 (1789635028.776009)  can0  601   [8]  23 00 14 01 01 02 00 00
 (1789635028.776372)  can0  581   [8]  60 00 14 01 00 00 00 00
 (1789635028.778015)  can0  601   [8]  40 00 14 01 00 00 00 00
 (1789635028.778362)  can0  581   [8]  43 00 14 01 01 02 00 00
 (1789635028.780010)  can0  601   [8]  23 01 18 01 81 02 00 80
 (1789635028.780364)  can0  581   [8]  60 01 18 01 00 00 00 00
 (1789635028.782008)  can0  601   [8]  40 01 18 01 00 00 00 00
 (1789635028.782351)  can0  581   [8]  43 01 18 01 81 02 00 80
 (1789635028.784010)  can0  601   [8]  2F 01 1A 00 00 00 00 00
 (1789635028.784353)  can0  581   [8]  60 01 1A 00 00 00 00 00
 (1789635028.786009)  can0  601   [8]  40 01 1A 00 00 00 00 00
 (1789635028.786347)  can0  581   [8]  4F 01 1A 00 00 00 00 00
 (1789635028.788009)  can0  601   [8]  23 01 1A 01 00 00 00 00
 (1789635028.788343)  can0  581   [8]  60 01 1A 01 00 00 00 00
 (1789635028.790009)  can0  601   [8]  40 01 1A 01 00 00 00 00
 (1789635028.790335)  can0  581   [8]  43 01 1A 01 00 00 00 00
 (1789635028.792011)  can0  601   [8]  23 01 1A 02 00 00 00 00
 (1789635028.792333)  can0  581   [8]  60 01 1A 02 00 00 00 00
 (1789635028.794008)  can0  601   [8]  40 01 1A 02 00 00 00 00
 (1789635028.794326)  can0  581   [8]  43 01 1A 02 00 00 00 00
 (1789635028.796010)  can0  601   [8]  2F 01 1A 00 00 00 00 00
 (1789635028.796326)  can0  581   [8]  60 01 1A 00 00 00 00 00
 (1789635028.798010)  can0  601   [8]  40 01 1A 00 00 00 00 00
 (1789635028.798377)  can0  581   [8]  4F 01 1A 00 00 00 00 00
 (1789635028.800009)  can0  601   [8]  2B 01 18 05 00 00 00 00
 (1789635028.800373)  can0  581   [8]  60 01 18 05 00 00 00 00
 (1789635028.802005)  can0  601   [8]  40 01 18 05 00 00 00 00
 (1789635028.802365)  can0  581   [8]  4B 01 18 05 00 00 00 00
 (1789635028.804007)  can0  601   [8]  23 01 18 01 81 02 00 00
 (1789635028.804370)  can0  581   [8]  60 01 18 01 00 00 00 00
 (1789635028.806008)  can0  601   [8]  40 01 18 01 00 00 00 00
 (1789635028.806362)  can0  581   [8]  43 01 18 01 81 02 00 00
 (1789635028.808016)  can0  601   [8]  2B 00 20 00 00 00 00 00
 (1789635028.808367)  can0  581   [8]  60 00 20 00 00 00 00 00
 (1789635028.810012)  can0  601   [8]  40 00 20 00 00 00 00 00
 (1789635028.810357)  can0  581   [8]  4B 00 20 00 00 00 00 00
 (1789635028.812009)  can0  601   [8]  2B 17 10 00 00 00 00 00
 (1789635028.812353)  can0  581   [8]  60 17 10 00 00 00 00 00
 (1789635028.814007)  can0  601   [8]  40 17 10 00 00 00 00 00
 (1789635028.814344)  can0  581   [8]  4B 17 10 00 00 00 00 00
