CAN Interface "can0" RX buffer set to 477 messages (212992 Bytes)
qualification_wait_boot node=1 timeout_s=1
(CO_CANsend) OS error "Permission denied" in send()
qualification_online_probe node=1 object=0x1017:00
(CO_epoll_processLast) CAN Epoll error, events=0x01, fd=7
(CO_epoll_processLast) CAN Epoll error, events=0x01, fd=7
MANUAL_ROTATION_READY duration_ms=60000 no_motor_commands=1 mapping=status_first schedule_seconds=0-10:stationary,10-25:left,25-35:stationary,35-50:right,50-60:stationary
manual_sample elapsed_ms=10 phase=stationary tpdo_status_raw=337712161 tpdo_velocity_raw=0
(CO_epoll_processLast) CAN Epoll error, events=0x01, fd=7
(CO_epoll_processLast) CAN Epoll error, events=0x01, fd=7
(CO_epoll_processLast) CAN Epoll error, events=0x01, fd=7
(CO_epoll_processLast) CAN Epoll error, events=0x01, fd=7
manual_velocity sub=1 raw=0
manual_velocity sub=2 raw=0
manual_velocity sub=3 raw=0
manual_sample elapsed_ms=1014 phase=stationary tpdo_status_raw=337712161 tpdo_velocity_raw=0
(CO_epoll_processLast) CAN Epoll error, events=0x01, fd=7
(CO_epoll_processLast) CAN Epoll error, events=0x01, fd=7
(CO_epoll_processLast) CAN Epoll error, events=0x01, fd=7
(CO_epoll_processLast) CAN Epoll error, events=0x01, fd=7
manual_velocity sub=1 raw=0
manual_velocity sub=2 raw=0
manual_velocity sub=3 raw=0
manual_sample elapsed_ms=2019 phase=stationary tpdo_status_raw=337712161 tpdo_velocity_raw=0
(CO_epoll_processLast) CAN Epoll error, events=0x01, fd=7
(CO_epoll_processLast) CAN Epoll error, events=0x01, fd=7
manual_velocity sub=1 raw=0
manual_velocity sub=2 raw=0
manual_velocity sub=3 raw=0
manual_sample elapsed_ms=3026 phase=stationary tpdo_status_raw=337712161 tpdo_velocity_raw=0
(CO_epoll_processLast) CAN Epoll error, events=0x01, fd=7
(CO_epoll_processLast) CAN Epoll error, events=0x01, fd=7
(CO_epoll_processLast) CAN Epoll error, events=0x01, fd=7
manual_velocity sub=1 raw=0
manual_velocity sub=2 raw=0
manual_velocity sub=3 raw=0
manual_sample elapsed_ms=4032 phase=stationary tpdo_status_raw=337712161 tpdo_velocity_raw=0
(CO_epoll_processLast) CAN Epoll error, events=0x01, fd=7
(CO_epoll_processLast) CAN Epoll error, events=0x01, fd=7
manual_velocity sub=1 raw=0
manual_velocity sub=2 raw=0
manual_velocity sub=3 raw=0
manual_sample elapsed_ms=5038 phase=stationary tpdo_status_raw=337712161 tpdo_velocity_raw=0
(CO_epoll_processLast) CAN Epoll error, events=0x01, fd=7
(CO_epoll_processLast) CAN Epoll error, events=0x01, fd=7
(CO_epoll_processLast) CAN Epoll error, events=0x01, fd=7
manual_velocity sub=1 raw=0
manual_velocity sub=2 raw=0
manual_velocity sub=3 raw=0
manual_sample elapsed_ms=6042 phase=stationary tpdo_status_raw=337712161 tpdo_velocity_raw=0
(CO_epoll_processLast) CAN Epoll error, events=0x01, fd=7
(CO_epoll_processLast) CAN Epoll error, events=0x01, fd=7
(CO_epoll_processLast) CAN Epoll error, events=0x01, fd=7
manual_velocity sub=1 raw=0
manual_velocity sub=2 raw=0
manual_velocity sub=3 raw=0
manual_sample elapsed_ms=7048 phase=stationary tpdo_status_raw=337712161 tpdo_velocity_raw=0
(CO_epoll_processLast) CAN Epoll error, events=0x01, fd=7
manual_velocity sub=1 raw=0
manual_velocity sub=2 raw=0
manual_velocity sub=3 raw=0
manual_sample elapsed_ms=8056 phase=stationary tpdo_status_raw=337712161 tpdo_velocity_raw=0
(CO_epoll_processLast) CAN Epoll error, events=0x01, fd=7
(CO_epoll_processLast) CAN Epoll error, events=0x01, fd=7
manual_velocity sub=1 raw=0
manual_velocity sub=2 raw=0
manual_velocity sub=3 raw=0
manual_sample elapsed_ms=9063 phase=stationary tpdo_status_raw=337712161 tpdo_velocity_raw=0
(CO_epoll_processLast) CAN Epoll error, events=0x01, fd=7
(CO_epoll_processLast) CAN Epoll error, events=0x01, fd=7
manual_velocity sub=1 raw=0
manual_velocity sub=2 raw=0
manual_velocity sub=3 raw=0
manual_sample elapsed_ms=10070 phase=left tpdo_status_raw=337712161 tpdo_velocity_raw=0
(CO_epoll_processLast) CAN Epoll error, events=0x01, fd=7
(CO_epoll_processLast) CAN Epoll error, events=0x01, fd=7
(CO_epoll_processLast) CAN Epoll error, events=0x01, fd=7
manual_velocity sub=1 raw=0
manual_velocity sub=2 raw=0
manual_velocity sub=3 raw=0
manual_sample elapsed_ms=11076 phase=left tpdo_status_raw=337712161 tpdo_velocity_raw=0
(CO_epoll_processLast) CAN Epoll error, events=0x01, fd=7
(CO_epoll_processLast) CAN Epoll error, events=0x01, fd=7
manual_velocity sub=1 raw=0
manual_velocity sub=2 raw=0
manual_velocity sub=3 raw=0
manual_sample elapsed_ms=12081 phase=left tpdo_status_raw=337712161 tpdo_velocity_raw=0
(CO_epoll_processLast) CAN Epoll error, events=0x01, fd=7
(CO_epoll_processLast) CAN Epoll error, events=0x01, fd=7
(CO_epoll_processLast) CAN Epoll error, events=0x01, fd=7
manual_velocity sub=1 raw=0
manual_velocity sub=2 raw=0
manual_velocity sub=3 raw=0
manual_sample elapsed_ms=13088 phase=left tpdo_status_raw=337712161 tpdo_velocity_raw=0
(CO_epoll_processLast) CAN Epoll error, events=0x01, fd=7
(CO_epoll_processLast) CAN Epoll error, events=0x01, fd=7
manual_velocity sub=1 raw=0
manual_velocity sub=2 raw=0
manual_velocity sub=3 raw=0
manual_sample elapsed_ms=14093 phase=left tpdo_status_raw=337712161 tpdo_velocity_raw=0
(CO_epoll_processLast) CAN Epoll error, events=0x01, fd=7
(CO_epoll_processLast) CAN Epoll error, events=0x01, fd=7
manual_velocity sub=1 raw=0
manual_velocity sub=2 raw=0
manual_velocity sub=3 raw=0
manual_sample elapsed_ms=15099 phase=left tpdo_status_raw=337712161 tpdo_velocity_raw=0
(CO_epoll_processLast) CAN Epoll error, events=0x01, fd=7
(CO_epoll_processLast) CAN Epoll error, events=0x01, fd=7
manual_velocity sub=1 raw=0
manual_velocity sub=2 raw=0
manual_velocity sub=3 raw=0
manual_sample elapsed_ms=16105 phase=left tpdo_status_raw=337712161 tpdo_velocity_raw=0
(CO_epoll_processLast) CAN Epoll error, events=0x01, fd=7
(CO_epoll_processLast) CAN Epoll error, events=0x01, fd=7
manual_velocity sub=1 raw=0
manual_velocity sub=2 raw=0
manual_velocity sub=3 raw=0
manual_sample elapsed_ms=17111 phase=left tpdo_status_raw=337712161 tpdo_velocity_raw=0
(CO_epoll_processLast) CAN Epoll error, events=0x01, fd=7
(CO_epoll_processLast) CAN Epoll error, events=0x01, fd=7
(CO_epoll_processLast) CAN Epoll error, events=0x01, fd=7
manual_velocity sub=1 raw=0
manual_velocity sub=2 raw=0
manual_velocity sub=3 raw=0
manual_sample elapsed_ms=18117 phase=left tpdo_status_raw=337712161 tpdo_velocity_raw=65455
(CO_epoll_processLast) CAN Epoll error, events=0x01, fd=7
(CO_epoll_processLast) CAN Epoll error, events=0x01, fd=7
manual_velocity sub=1 raw=4294967146
manual_velocity sub=2 raw=0
manual_velocity sub=3 raw=65379
manual_sample elapsed_ms=19124 phase=left tpdo_status_raw=337712161 tpdo_velocity_raw=65155
(CO_epoll_processLast) CAN Epoll error, events=0x01, fd=7
(CO_epoll_processLast) CAN Epoll error, events=0x01, fd=7
(CO_epoll_processLast) CAN Epoll error, events=0x01, fd=7
manual_velocity sub=1 raw=4294967002
manual_velocity sub=2 raw=0
manual_velocity sub=3 raw=65251
manual_sample elapsed_ms=20131 phase=left tpdo_status_raw=337712161 tpdo_velocity_raw=65276
(CO_epoll_processLast) CAN Epoll error, events=0x01, fd=7
(CO_epoll_processLast) CAN Epoll error, events=0x01, fd=7
manual_velocity sub=1 raw=4294966888
manual_velocity sub=2 raw=0
manual_velocity sub=3 raw=65119
manual_sample elapsed_ms=21137 phase=left tpdo_status_raw=337712161 tpdo_velocity_raw=0
(CO_epoll_processLast) CAN Epoll error, events=0x01, fd=7
(CO_epoll_processLast) CAN Epoll error, events=0x01, fd=7
manual_velocity sub=1 raw=10
manual_velocity sub=2 raw=0
manual_velocity sub=3 raw=12
manual_sample elapsed_ms=22143 phase=left tpdo_status_raw=337712161 tpdo_velocity_raw=64951
(CO_epoll_processLast) CAN Epoll error, events=0x01, fd=7
(CO_epoll_processLast) CAN Epoll error, events=0x01, fd=7
(CO_epoll_processLast) CAN Epoll error, events=0x01, fd=7
manual_velocity sub=1 raw=4294966740
manual_velocity sub=2 raw=0
manual_velocity sub=3 raw=64987
manual_sample elapsed_ms=23148 phase=left tpdo_status_raw=337712161 tpdo_velocity_raw=65521
(CO_epoll_processLast) CAN Epoll error, events=0x01, fd=7
(CO_epoll_processLast) CAN Epoll error, events=0x01, fd=7
(CO_epoll_processLast) CAN Epoll error, events=0x01, fd=7
(CO_epoll_processLast) CAN Epoll error, events=0x01, fd=7
manual_velocity sub=1 raw=4294967249
manual_velocity sub=2 raw=0
manual_velocity sub=3 raw=65481
manual_sample elapsed_ms=24151 phase=left tpdo_status_raw=337712161 tpdo_velocity_raw=65151
(CO_epoll_processLast) CAN Epoll error, events=0x01, fd=7
(CO_epoll_processLast) CAN Epoll error, events=0x01, fd=7
manual_velocity sub=1 raw=4294966970
manual_velocity sub=2 raw=0
manual_velocity sub=3 raw=65222
manual_sample elapsed_ms=25157 phase=stationary tpdo_status_raw=337712161 tpdo_velocity_raw=64962
(CO_epoll_processLast) CAN Epoll error, events=0x01, fd=7
(CO_epoll_processLast) CAN Epoll error, events=0x01, fd=7
manual_velocity sub=1 raw=4294966665
manual_velocity sub=2 raw=0
manual_velocity sub=3 raw=64904
manual_sample elapsed_ms=26163 phase=stationary tpdo_status_raw=337712161 tpdo_velocity_raw=65457
(CO_epoll_processLast) CAN Epoll error, events=0x01, fd=7
(CO_epoll_processLast) CAN Epoll error, events=0x01, fd=7
(CO_epoll_processLast) CAN Epoll error, events=0x01, fd=7
manual_velocity sub=1 raw=4
manual_velocity sub=2 raw=0
manual_velocity sub=3 raw=8
manual_sample elapsed_ms=27168 phase=stationary tpdo_status_raw=337712161 tpdo_velocity_raw=64888
(CO_epoll_processLast) CAN Epoll error, events=0x01, fd=7
(CO_epoll_processLast) CAN Epoll error, events=0x01, fd=7
manual_velocity sub=1 raw=4294966733
manual_velocity sub=2 raw=0
manual_velocity sub=3 raw=64981
manual_sample elapsed_ms=28171 phase=stationary tpdo_status_raw=337712161 tpdo_velocity_raw=0
(CO_epoll_processLast) CAN Epoll error, events=0x01, fd=7
(CO_epoll_processLast) CAN Epoll error, events=0x01, fd=7
(CO_epoll_processLast) CAN Epoll error, events=0x01, fd=7
manual_velocity sub=1 raw=0
manual_velocity sub=2 raw=0
manual_velocity sub=3 raw=0
manual_sample elapsed_ms=29175 phase=stationary tpdo_status_raw=337712161 tpdo_velocity_raw=0
(CO_epoll_processLast) CAN Epoll error, events=0x01, fd=7
(CO_epoll_processLast) CAN Epoll error, events=0x01, fd=7
manual_velocity sub=1 raw=0
manual_velocity sub=2 raw=0
manual_velocity sub=3 raw=0
manual_sample elapsed_ms=30176 phase=stationary tpdo_status_raw=337712161 tpdo_velocity_raw=15794176
(CO_epoll_processLast) CAN Epoll error, events=0x01, fd=7
(CO_epoll_processLast) CAN Epoll error, events=0x01, fd=7
manual_velocity sub=1 raw=0
manual_velocity sub=2 raw=216
manual_velocity sub=3 raw=13828096
manual_sample elapsed_ms=31178 phase=stationary tpdo_status_raw=337712161 tpdo_velocity_raw=23920640
(CO_epoll_processLast) CAN Epoll error, events=0x01, fd=7
(CO_epoll_processLast) CAN Epoll error, events=0x01, fd=7
manual_velocity sub=1 raw=0
manual_velocity sub=2 raw=342
manual_velocity sub=3 raw=22216704
manual_sample elapsed_ms=32185 phase=stationary tpdo_status_raw=337712161 tpdo_velocity_raw=21364736
(CO_epoll_processLast) CAN Epoll error, events=0x01, fd=7
(CO_epoll_processLast) CAN Epoll error, events=0x01, fd=7
manual_velocity sub=1 raw=0
manual_velocity sub=2 raw=434
manual_velocity sub=3 raw=29097984
manual_sample elapsed_ms=33192 phase=stationary tpdo_status_raw=337712161 tpdo_velocity_raw=524288
(CO_epoll_processLast) CAN Epoll error, events=0x01, fd=7
(CO_epoll_processLast) CAN Epoll error, events=0x01, fd=7
(CO_epoll_processLast) CAN Epoll error, events=0x01, fd=7
manual_velocity sub=1 raw=0
manual_velocity sub=2 raw=44
manual_velocity sub=3 raw=3014656
manual_sample elapsed_ms=34197 phase=stationary tpdo_status_raw=337712161 tpdo_velocity_raw=4915200
(CO_epoll_processLast) CAN Epoll error, events=0x01, fd=7
(CO_epoll_processLast) CAN Epoll error, events=0x01, fd=7
manual_velocity sub=1 raw=0
manual_velocity sub=2 raw=4294967293
manual_velocity sub=3 raw=4294574080
manual_sample elapsed_ms=35202 phase=right tpdo_status_raw=337712161 tpdo_velocity_raw=21430274
(CO_epoll_processLast) CAN Epoll error, events=0x01, fd=7
(CO_epoll_processLast) CAN Epoll error, events=0x01, fd=7
manual_velocity sub=1 raw=0
manual_velocity sub=2 raw=252
manual_velocity sub=3 raw=16318464
manual_sample elapsed_ms=36208 phase=right tpdo_status_raw=337712161 tpdo_velocity_raw=32505856
(CO_epoll_processLast) CAN Epoll error, events=0x01, fd=7
(CO_epoll_processLast) CAN Epoll error, events=0x01, fd=7
(CO_epoll_processLast) CAN Epoll error, events=0x01, fd=7
manual_velocity sub=1 raw=0
manual_velocity sub=2 raw=403
manual_velocity sub=3 raw=26148864
manual_sample elapsed_ms=37215 phase=right tpdo_status_raw=337712161 tpdo_velocity_raw=33030144
(CO_epoll_processLast) CAN Epoll error, events=0x01, fd=7
manual_velocity sub=1 raw=0
manual_velocity sub=2 raw=489
manual_velocity sub=3 raw=31784960
manual_sample elapsed_ms=38222 phase=right tpdo_status_raw=337712161 tpdo_velocity_raw=41091072
(CO_epoll_processLast) CAN Epoll error, events=0x01, fd=7
(CO_epoll_processLast) CAN Epoll error, events=0x01, fd=7
manual_velocity sub=1 raw=0
manual_velocity sub=2 raw=626
manual_velocity sub=3 raw=40894464
manual_sample elapsed_ms=39227 phase=right tpdo_status_raw=337712161 tpdo_velocity_raw=4294901760
(CO_epoll_processLast) CAN Epoll error, events=0x01, fd=7
(CO_epoll_processLast) CAN Epoll error, events=0x01, fd=7
manual_velocity sub=1 raw=0
manual_velocity sub=2 raw=4294967295
manual_velocity sub=3 raw=4294901760
manual_sample elapsed_ms=40233 phase=right tpdo_status_raw=337712161 tpdo_velocity_raw=0
(CO_epoll_processLast) CAN Epoll error, events=0x01, fd=7
(CO_epoll_processLast) CAN Epoll error, events=0x01, fd=7
manual_velocity sub=1 raw=0
manual_velocity sub=2 raw=0
manual_velocity sub=3 raw=0
manual_sample elapsed_ms=41240 phase=right tpdo_status_raw=337712161 tpdo_velocity_raw=0
(CO_epoll_processLast) CAN Epoll error, events=0x01, fd=7
(CO_epoll_processLast) CAN Epoll error, events=0x01, fd=7
(CO_epoll_processLast) CAN Epoll error, events=0x01, fd=7
(CO_epoll_processLast) CAN Epoll error, events=0x01, fd=7
(CO_epoll_processLast) CAN Epoll error, events=0x01, fd=7
manual_velocity sub=1 raw=0
manual_velocity sub=2 raw=0
manual_velocity sub=3 raw=0
manual_sample elapsed_ms=42243 phase=right tpdo_status_raw=337712161 tpdo_velocity_raw=0
(CO_epoll_processLast) CAN Epoll error, events=0x01, fd=7
(CO_epoll_processLast) CAN Epoll error, events=0x01, fd=7
manual_velocity sub=1 raw=0
manual_velocity sub=2 raw=0
manual_velocity sub=3 raw=0
manual_sample elapsed_ms=43249 phase=right tpdo_status_raw=337712161 tpdo_velocity_raw=0
(CO_epoll_processLast) CAN Epoll error, events=0x01, fd=7
(CO_epoll_processLast) CAN Epoll error, events=0x01, fd=7
manual_velocity sub=1 raw=0
manual_velocity sub=2 raw=0
manual_velocity sub=3 raw=0
manual_sample elapsed_ms=44255 phase=right tpdo_status_raw=337712161 tpdo_velocity_raw=0
(CO_epoll_processLast) CAN Epoll error, events=0x01, fd=7
(CO_epoll_processLast) CAN Epoll error, events=0x01, fd=7
manual_velocity sub=1 raw=0
manual_velocity sub=2 raw=0
manual_velocity sub=3 raw=0
manual_sample elapsed_ms=45258 phase=right tpdo_status_raw=337712161 tpdo_velocity_raw=0
(CO_epoll_processLast) CAN Epoll error, events=0x01, fd=7
(CO_epoll_processLast) CAN Epoll error, events=0x01, fd=7
(CO_epoll_processLast) CAN Epoll error, events=0x01, fd=7
manual_velocity sub=1 raw=0
manual_velocity sub=2 raw=0
manual_velocity sub=3 raw=0
manual_sample elapsed_ms=46260 phase=right tpdo_status_raw=337712161 tpdo_velocity_raw=0
(CO_epoll_processLast) CAN Epoll error, events=0x01, fd=7
(CO_epoll_processLast) CAN Epoll error, events=0x01, fd=7
manual_velocity sub=1 raw=0
manual_velocity sub=2 raw=0
manual_velocity sub=3 raw=0
manual_sample elapsed_ms=47261 phase=right tpdo_status_raw=337712161 tpdo_velocity_raw=0
(CO_epoll_processLast) CAN Epoll error, events=0x01, fd=7
manual_velocity sub=1 raw=0
manual_velocity sub=2 raw=0
manual_velocity sub=3 raw=0
manual_sample elapsed_ms=48267 phase=right tpdo_status_raw=337712161 tpdo_velocity_raw=0
(CO_epoll_processLast) CAN Epoll error, events=0x01, fd=7
manual_velocity sub=1 raw=0
manual_velocity sub=2 raw=0
manual_velocity sub=3 raw=0
manual_sample elapsed_ms=49274 phase=right tpdo_status_raw=337712161 tpdo_velocity_raw=0
(CO_epoll_processLast) CAN Epoll error, events=0x01, fd=7
(CO_epoll_processLast) CAN Epoll error, events=0x01, fd=7
manual_velocity sub=1 raw=0
manual_velocity sub=2 raw=0
manual_velocity sub=3 raw=0
manual_sample elapsed_ms=50280 phase=stationary tpdo_status_raw=337712161 tpdo_velocity_raw=0
(CO_epoll_processLast) CAN Epoll error, events=0x01, fd=7
(CO_epoll_processLast) CAN Epoll error, events=0x01, fd=7
manual_velocity sub=1 raw=0
manual_velocity sub=2 raw=0
manual_velocity sub=3 raw=0
manual_sample elapsed_ms=51287 phase=stationary tpdo_status_raw=337712161 tpdo_velocity_raw=0
(CO_epoll_processLast) CAN Epoll error, events=0x01, fd=7
(CO_epoll_processLast) CAN Epoll error, events=0x01, fd=7
manual_velocity sub=1 raw=0
manual_velocity sub=2 raw=0
manual_velocity sub=3 raw=0
manual_sample elapsed_ms=52294 phase=stationary tpdo_status_raw=337712161 tpdo_velocity_raw=0
(CO_epoll_processLast) CAN Epoll error, events=0x01, fd=7
(CO_epoll_processLast) CAN Epoll error, events=0x01, fd=7
manual_velocity sub=1 raw=0
manual_velocity sub=2 raw=0
manual_velocity sub=3 raw=0
manual_sample elapsed_ms=53302 phase=stationary tpdo_status_raw=337712161 tpdo_velocity_raw=0
(CO_epoll_processLast) CAN Epoll error, events=0x01, fd=7
(CO_epoll_processLast) CAN Epoll error, events=0x01, fd=7
(CO_epoll_processLast) CAN Epoll error, events=0x01, fd=7
manual_velocity sub=1 raw=0
manual_velocity sub=2 raw=0
manual_velocity sub=3 raw=0
manual_sample elapsed_ms=54307 phase=stationary tpdo_status_raw=337712161 tpdo_velocity_raw=0
(CO_epoll_processLast) CAN Epoll error, events=0x01, fd=7
(CO_epoll_processLast) CAN Epoll error, events=0x01, fd=7
manual_velocity sub=1 raw=0
manual_velocity sub=2 raw=0
manual_velocity sub=3 raw=0
manual_sample elapsed_ms=55314 phase=stationary tpdo_status_raw=337712161 tpdo_velocity_raw=0
(CO_epoll_processLast) CAN Epoll error, events=0x01, fd=7
(CO_epoll_processLast) CAN Epoll error, events=0x01, fd=7
(CO_epoll_processLast) CAN Epoll error, events=0x01, fd=7
manual_velocity sub=1 raw=0
manual_velocity sub=2 raw=0
manual_velocity sub=3 raw=0
manual_sample elapsed_ms=56320 phase=stationary tpdo_status_raw=337712161 tpdo_velocity_raw=0
(CO_epoll_processLast) CAN Epoll error, events=0x01, fd=7
(CO_epoll_processLast) CAN Epoll error, events=0x01, fd=7
(CO_epoll_processLast) CAN Epoll error, events=0x01, fd=7
manual_velocity sub=1 raw=0
manual_velocity sub=2 raw=0
manual_velocity sub=3 raw=0
manual_sample elapsed_ms=57325 phase=stationary tpdo_status_raw=337712161 tpdo_velocity_raw=0
(CO_epoll_processLast) CAN Epoll error, events=0x01, fd=7
manual_velocity sub=1 raw=0
manual_velocity sub=2 raw=0
manual_velocity sub=3 raw=0
manual_sample elapsed_ms=58333 phase=stationary tpdo_status_raw=337712161 tpdo_velocity_raw=0
(CO_epoll_processLast) CAN Epoll error, events=0x01, fd=7
(CO_epoll_processLast) CAN Epoll error, events=0x01, fd=7
(CO_epoll_processLast) CAN Epoll error, events=0x01, fd=7
manual_velocity sub=1 raw=0
manual_velocity sub=2 raw=0
manual_velocity sub=3 raw=0
manual_sample elapsed_ms=59338 phase=stationary tpdo_status_raw=337712161 tpdo_velocity_raw=0
(CO_epoll_processLast) CAN Epoll error, events=0x01, fd=7
manual_velocity sub=1 raw=0
manual_velocity sub=2 raw=0
manual_velocity sub=3 raw=0
MANUAL_ROTATION_END
qualification_complete node=1 operation=13
