 (1789633074.322441)  can0  601   [8]  40 41 60 00 00 00 00 00
 (1789633074.322793)  can0  581   [8]  43 41 60 00 60 14 60 14
 (1789633074.323882)  can0  601   [8]  40 60 60 00 00 00 00 00
 (1789633074.324238)  can0  581   [8]  4F 60 60 00 03 00 00 00
 (1789633074.325760)  can0  601   [8]  40 61 60 00 00 00 00 00
 (1789633074.326105)  can0  581   [8]  4F 61 60 00 03 00 00 00
 (1789633074.327760)  can0  601   [8]  40 3F 60 00 00 00 00 00
 (1789633074.328049)  can0  581   [8]  43 3F 60 00 00 00 00 00
 (1789633074.329760)  can0  601   [8]  40 FF 60 01 00 00 00 00
 (1789633074.330100)  can0  581   [8]  43 FF 60 01 00 00 00 00
 (1789633074.331761)  can0  601   [8]  40 FF 60 02 00 00 00 00
 (1789633074.332099)  can0  581   [8]  43 FF 60 02 00 00 00 00
 (1789633074.333762)  can0  601   [8]  40 0F 20 00 00 00 00 00
 (1789633074.334088)  can0  581   [8]  4B 0F 20 00 01 00 00 00
 (1789633074.335764)  can0  601   [8]  40 00 20 00 00 00 00 00
 (1789633074.336089)  can0  581   [8]  4B 00 20 00 00 00 00 00
 (1789633074.337759)  can0  601   [8]  40 17 10 00 00 00 00 00
 (1789633074.338080)  can0  581   [8]  4B 17 10 00 00 00 00 00
 (1789633074.339759)  can0  601   [8]  40 00 14 01 00 00 00 00
 (1789633074.340073)  can0  581   [8]  43 00 14 01 01 02 00 00
 (1789633074.341760)  can0  601   [8]  40 00 14 02 00 00 00 00
 (1789633074.342071)  can0  581   [8]  4F 00 14 02 FF 00 00 00
 (1789633074.343759)  can0  601   [8]  40 00 14 05 00 00 00 00
 (1789633074.344122)  can0  581   [8]  4B 00 14 05 E8 03 00 00
 (1789633074.345760)  can0  601   [8]  40 00 16 00 00 00 00 00
 (1789633074.346126)  can0  581   [8]  4F 00 16 00 02 00 00 00
 (1789633074.347757)  can0  601   [8]  40 00 16 01 00 00 00 00
 (1789633074.348058)  can0  581   [8]  43 00 16 01 10 00 40 60
 (1789633074.349768)  can0  601   [8]  40 00 16 02 00 00 00 00
 (1789633074.350055)  can0  581   [8]  43 00 16 02 08 00 60 60
 (1789633074.351707)  can0  601   [8]  40 00 18 01 00 00 00 00
 (1789633074.352108)  can0  581   [8]  43 00 18 01 81 01 00 00
 (1789633074.353759)  can0  601   [8]  40 00 18 02 00 00 00 00
 (1789633074.354049)  can0  581   [8]  4F 00 18 02 FF 00 00 00
 (1789633074.355762)  can0  601   [8]  40 00 18 05 00 00 00 00
 (1789633074.356099)  can0  581   [8]  4B 00 18 05 64 00 00 00
 (1789633074.357765)  can0  601   [8]  40 00 1A 00 00 00 00 00
 (1789633074.358044)  can0  581   [8]  4F 00 1A 00 02 00 00 00
 (1789633074.359760)  can0  601   [8]  40 00 1A 01 00 00 00 00
 (1789633074.360032)  can0  581   [8]  43 00 1A 01 20 00 41 60
 (1789633074.361708)  can0  601   [8]  40 00 1A 02 00 00 00 00
 (1789633074.362081)  can0  581   [8]  43 00 1A 02 20 03 6C 60
 (1789633074.363759)  can0  601   [8]  40 01 18 01 00 00 00 00
 (1789633074.364079)  can0  581   [8]  43 01 18 01 81 02 00 00
 (1789633074.365758)  can0  601   [8]  40 01 18 02 00 00 00 00
 (1789633074.366021)  can0  581   [8]  4F 01 18 02 FF 00 00 00
 (1789633074.367703)  can0  601   [8]  40 01 18 05 00 00 00 00
 (1789633074.368014)  can0  581   [8]  4B 01 18 05 00 00 00 00
 (1789633074.369764)  can0  601   [8]  40 01 1A 00 00 00 00 00
 (1789633074.370073)  can0  581   [8]  4F 01 1A 00 00 00 00 00
 (1789633074.371706)  can0  601   [8]  40 01 1A 01 00 00 00 00
 (1789633074.372123)  can0  581   [8]  43 01 1A 01 00 00 00 00
 (1789633074.373760)  can0  601   [8]  40 01 1A 02 00 00 00 00
 (1789633074.374119)  can0  581   [8]  43 01 1A 02 00 00 00 00
 (1789633074.375763)  can0  601   [8]  40 6C 60 01 00 00 00 00
 (1789633074.376116)  can0  581   [8]  43 6C 60 01 00 00 00 00
 (1789633074.377760)  can0  601   [8]  40 6C 60 02 00 00 00 00
 (1789633074.378111)  can0  581   [8]  43 6C 60 02 00 00 00 00
 (1789633074.379760)  can0  601   [8]  40 6C 60 03 00 00 00 00
 (1789633074.380106)  can0  581   [8]  43 6C 60 03 00 00 00 00
 (1789633074.402811)  can0  601   [8]  40 6C 60 01 00 00 00 00
 (1789633074.403117)  can0  581   [8]  43 6C 60 01 00 00 00 00
 (1789633074.404775)  can0  601   [8]  40 6C 60 02 00 00 00 00
 (1789633074.405113)  can0  581   [8]  43 6C 60 02 00 00 00 00
 (1789633074.406763)  can0  601   [8]  40 6C 60 03 00 00 00 00
 (1789633074.407106)  can0  581   [8]  43 6C 60 03 00 00 00 00
 (1789633074.429756)  can0  601   [8]  40 6C 60 01 00 00 00 00
 (1789633074.430114)  can0  581   [8]  43 6C 60 01 00 00 00 00
 (1789633074.431761)  can0  601   [8]  40 6C 60 02 00 00 00 00
 (1789633074.432111)  can0  581   [8]  43 6C 60 02 00 00 00 00
 (1789633074.433760)  can0  601   [8]  40 6C 60 03 00 00 00 00
 (1789633074.434106)  can0  581   [8]  43 6C 60 03 00 00 00 00
 (1789633074.456752)  can0  601   [8]  40 6C 60 01 00 00 00 00
 (1789633074.457113)  can0  581   [8]  43 6C 60 01 00 00 00 00
 (1789633074.458759)  can0  601   [8]  40 6C 60 02 00 00 00 00
 (1789633074.459113)  can0  581   [8]  43 6C 60 02 00 00 00 00
 (1789633074.460761)  can0  601   [8]  40 6C 60 03 00 00 00 00
 (1789633074.461108)  can0  581   [8]  43 6C 60 03 00 00 00 00
 (1789633074.483753)  can0  601   [8]  40 6C 60 01 00 00 00 00
 (1789633074.484115)  can0  581   [8]  43 6C 60 01 00 00 00 00
 (1789633074.485759)  can0  601   [8]  40 6C 60 02 00 00 00 00
 (1789633074.486112)  can0  581   [8]  43 6C 60 02 00 00 00 00
 (1789633074.487760)  can0  601   [8]  40 6C 60 03 00 00 00 00
 (1789633074.488107)  can0  581   [8]  43 6C 60 03 00 00 00 00
 (1789633074.510755)  can0  601   [8]  40 6C 60 01 00 00 00 00
 (1789633074.511116)  can0  581   [8]  43 6C 60 01 00 00 00 00
 (1789633074.512759)  can0  601   [8]  40 6C 60 02 00 00 00 00
 (1789633074.513113)  can0  581   [8]  43 6C 60 02 00 00 00 00
 (1789633074.514759)  can0  601   [8]  40 6C 60 03 00 00 00 00
 (1789633074.515110)  can0  581   [8]  43 6C 60 03 00 00 00 00
 (1789633074.537755)  can0  601   [8]  40 6C 60 01 00 00 00 00
 (1789633074.538114)  can0  581   [8]  43 6C 60 01 00 00 00 00
 (1789633074.539760)  can0  601   [8]  40 6C 60 02 00 00 00 00
 (1789633074.540112)  can0  581   [8]  43 6C 60 02 00 00 00 00
 (1789633074.541761)  can0  601   [8]  40 6C 60 03 00 00 00 00
 (1789633074.542106)  can0  581   [8]  43 6C 60 03 00 00 00 00
 (1789633074.543801)  can0  601   [8]  2B 17 10 00 F4 01 00 00
 (1789633074.544166)  can0  581   [8]  60 17 10 00 00 00 00 00
 (1789633074.545755)  can0  601   [8]  40 17 10 00 00 00 00 00
 (1789633074.546096)  can0  581   [8]  4B 17 10 00 F4 01 00 00
 (1789633074.793549)  can0  701   [1]  7F
 (1789633074.795681)  can0  000   [2]  80 01
 (1789633075.043088)  can0  701   [1]  7F
 (1789633075.044808)  can0  601   [8]  2B 00 20 00 E8 03 00 00
 (1789633075.045147)  can0  581   [8]  60 00 20 00 00 00 00 00
 (1789633075.046766)  can0  601   [8]  40 00 20 00 00 00 00 00
 (1789633075.047127)  can0  581   [8]  4B 00 20 00 E8 03 00 00
 (1789633075.048784)  can0  601   [8]  23 00 14 01 01 02 00 80
 (1789633075.049129)  can0  581   [8]  60 00 14 01 00 00 00 00
 (1789633075.050755)  can0  601   [8]  40 00 14 01 00 00 00 00
 (1789633075.051117)  can0  581   [8]  43 00 14 01 01 02 00 80
 (1789633075.052763)  can0  601   [8]  2F 00 16 00 00 00 00 00
 (1789633075.053122)  can0  581   [8]  60 00 16 00 00 00 00 00
 (1789633075.054757)  can0  601   [8]  40 00 16 00 00 00 00 00
 (1789633075.055116)  can0  581   [8]  4F 00 16 00 00 00 00 00
 (1789633075.056754)  can0  601   [8]  23 00 16 01 10 00 40 60
 (1789633075.057113)  can0  581   [8]  60 00 16 01 00 00 00 00
 (1789633075.058751)  can0  601   [8]  40 00 16 01 00 00 00 00
 (1789633075.059099)  can0  581   [8]  43 00 16 01 10 00 40 60
 (1789633075.060758)  can0  601   [8]  23 00 16 02 20 03 FF 60
 (1789633075.061103)  can0  581   [8]  60 00 16 02 00 00 00 00
 (1789633075.062697)  can0  601   [8]  40 00 16 02 00 00 00 00
 (1789633075.063039)  can0  581   [8]  43 00 16 02 20 03 FF 60
 (1789633075.064704)  can0  601   [8]  2F 00 16 00 02 00 00 00
 (1789633075.065037)  can0  581   [8]  60 00 16 00 00 00 00 00
 (1789633075.066757)  can0  601   [8]  40 00 16 00 00 00 00 00
 (1789633075.067089)  can0  581   [8]  4F 00 16 00 02 00 00 00
 (1789633075.068701)  can0  601   [8]  23 00 14 01 01 02 00 00
 (1789633075.069028)  can0  581   [8]  60 00 14 01 00 00 00 00
 (1789633075.070699)  can0  601   [8]  40 00 14 01 00 00 00 00
 (1789633075.071017)  can0  581   [8]  43 00 14 01 01 02 00 00
 (1789633075.072768)  can0  601   [8]  23 01 18 01 81 02 00 80
 (1789633075.073079)  can0  581   [8]  60 01 18 01 00 00 00 00
 (1789633075.074754)  can0  601   [8]  40 01 18 01 00 00 00 00
 (1789633075.075007)  can0  581   [8]  43 01 18 01 81 02 00 80
 (1789633075.076763)  can0  601   [8]  2F 01 1A 00 00 00 00 00
 (1789633075.077069)  can0  581   [8]  60 01 1A 00 00 00 00 00
 (1789633075.078755)  can0  601   [8]  40 01 1A 00 00 00 00 00
 (1789633075.079118)  can0  581   [8]  4F 01 1A 00 00 00 00 00
 (1789633075.080698)  can0  601   [8]  23 01 1A 01 08 00 61 60
 (1789633075.081059)  can0  581   [8]  60 01 1A 01 00 00 00 00
 (1789633075.082763)  can0  601   [8]  40 01 1A 01 00 00 00 00
 (1789633075.083048)  can0  581   [8]  43 01 1A 01 08 00 61 60
 (1789633075.084705)  can0  601   [8]  23 01 1A 02 20 00 3F 60
 (1789633075.085048)  can0  581   [8]  60 01 1A 02 00 00 00 00
 (1789633075.086751)  can0  601   [8]  40 01 1A 02 00 00 00 00
 (1789633075.087097)  can0  581   [8]  43 01 1A 02 20 00 3F 60
 (1789633075.088759)  can0  601   [8]  2F 01 1A 00 02 00 00 00
 (1789633075.089098)  can0  581   [8]  60 01 1A 00 00 00 00 00
 (1789633075.090699)  can0  601   [8]  40 01 1A 00 00 00 00 00
 (1789633075.091036)  can0  581   [8]  4F 01 1A 00 02 00 00 00
 (1789633075.092757)  can0  601   [8]  2B 01 18 05 64 00 00 00
 (1789633075.093033)  can0  581   [8]  60 01 18 05 00 00 00 00
 (1789633075.094694)  can0  601   [8]  40 01 18 05 00 00 00 00
 (1789633075.095023)  can0  581   [8]  4B 01 18 05 64 00 00 00
 (1789633075.096757)  can0  601   [8]  23 01 18 01 81 02 00 00
 (1789633075.097082)  can0  581   [8]  60 01 18 01 00 00 00 00
 (1789633075.098752)  can0  601   [8]  40 01 18 01 00 00 00 00
 (1789633075.099072)  can0  581   [8]  43 01 18 01 81 02 00 00
 (1789633075.100656)  can0  000   [2]  01 01
 (1789633075.101064)  can0  181   [8]  60 14 60 14 00 00 00 00
 (1789633075.101257)  can0  281   [5]  03 00 00 00 00
 (1789633075.101355)  can0  381   [0] 
 (1789633075.101458)  can0  481   [0] 
 (1789633075.151031)  can0  181   [8]  60 14 60 14 00 00 00 00
 (1789633075.151209)  can0  281   [5]  03 00 00 00 00
 (1789633075.201036)  can0  181   [8]  60 14 60 14 00 00 00 00
 (1789633075.201217)  can0  281   [5]  03 00 00 00 00
 (1789633075.251047)  can0  181   [8]  60 14 60 14 00 00 00 00
 (1789633075.251172)  can0  281   [5]  03 00 00 00 00
 (1789633075.292577)  can0  701   [1]  05
 (1789633075.294811)  can0  601   [8]  23 FF 60 01 00 00 00 00
 (1789633075.295068)  can0  581   [8]  60 FF 60 01 00 00 00 00
 (1789633075.296764)  can0  601   [8]  40 FF 60 01 00 00 00 00
 (1789633075.297120)  can0  581   [8]  43 FF 60 01 00 00 00 00
 (1789633075.298802)  can0  601   [8]  23 FF 60 02 00 00 00 00
 (1789633075.299119)  can0  581   [8]  60 FF 60 02 00 00 00 00
 (1789633075.300760)  can0  601   [8]  40 FF 60 02 00 00 00 00
 (1789633075.301112)  can0  581   [8]  43 FF 60 02 00 00 00 00
 (1789633075.301295)  can0  181   [8]  60 14 60 14 00 00 00 00
 (1789633075.301487)  can0  281   [5]  03 00 00 00 00
 (1789633075.301778)  can0  601   [8]  2B 40 60 00 06 00 00 00
 (1789633075.302173)  can0  581   [8]  60 40 60 00 00 00 00 00
 (1789633075.303772)  can0  601   [8]  40 40 60 00 00 00 00 00
 (1789633075.304104)  can0  581   [8]  4B 40 60 00 06 00 00 00
 (1789633075.351174)  can0  181   [8]  21 14 21 14 00 00 00 00
 (1789633075.351365)  can0  281   [5]  03 00 00 00 00
 (1789633075.352782)  can0  601   [8]  40 00 14 01 00 00 00 00
 (1789633075.353112)  can0  581   [8]  43 00 14 01 01 02 00 00
 (1789633075.354785)  can0  601   [8]  40 00 14 02 00 00 00 00
 (1789633075.355107)  can0  581   [8]  4F 00 14 02 FF 00 00 00
 (1789633075.356772)  can0  601   [8]  40 00 16 00 00 00 00 00
 (1789633075.357106)  can0  581   [8]  4F 00 16 00 02 00 00 00
 (1789633075.358765)  can0  601   [8]  40 00 16 01 00 00 00 00
 (1789633075.359096)  can0  581   [8]  43 00 16 01 10 00 40 60
 (1789633075.360709)  can0  601   [8]  40 00 16 02 00 00 00 00
 (1789633075.361038)  can0  581   [8]  43 00 16 02 20 03 FF 60
 (1789633075.362771)  can0  601   [8]  40 00 18 01 00 00 00 00
 (1789633075.363093)  can0  581   [8]  43 00 18 01 81 01 00 00
 (1789633075.364765)  can0  601   [8]  40 00 18 02 00 00 00 00
 (1789633075.365032)  can0  581   [8]  4F 00 18 02 FF 00 00 00
 (1789633075.366766)  can0  601   [8]  40 00 1A 00 00 00 00 00
 (1789633075.367033)  can0  581   [8]  4F 00 1A 00 02 00 00 00
 (1789633075.368766)  can0  601   [8]  40 00 1A 01 00 00 00 00
 (1789633075.369076)  can0  581   [8]  43 00 1A 01 20 00 41 60
 (1789633075.370770)  can0  601   [8]  40 00 1A 02 00 00 00 00
 (1789633075.371126)  can0  581   [8]  43 00 1A 02 20 03 6C 60
 (1789633075.372766)  can0  601   [8]  40 01 18 01 00 00 00 00
 (1789633075.373069)  can0  581   [8]  43 01 18 01 81 02 00 00
 (1789633075.374706)  can0  601   [8]  40 01 18 02 00 00 00 00
 (1789633075.375067)  can0  581   [8]  4F 01 18 02 FF 00 00 00
 (1789633075.376768)  can0  601   [8]  40 01 1A 00 00 00 00 00
 (1789633075.377066)  can0  581   [8]  4F 01 1A 00 02 00 00 00
 (1789633075.378769)  can0  601   [8]  40 01 1A 01 00 00 00 00
 (1789633075.379109)  can0  581   [8]  43 01 1A 01 08 00 61 60
 (1789633075.380765)  can0  601   [8]  40 01 1A 02 00 00 00 00
 (1789633075.381106)  can0  581   [8]  43 01 1A 02 20 00 3F 60
 (1789633075.382770)  can0  601   [8]  40 0F 20 00 00 00 00 00
 (1789633075.383106)  can0  581   [8]  4B 0F 20 00 01 00 00 00
 (1789633075.401126)  can0  181   [8]  21 14 21 14 00 00 00 00
 (1789633075.401262)  can0  281   [5]  03 00 00 00 00
 (1789633075.421620)  can0  201   [6]  02 00 00 00 00 00
 (1789633075.431798)  can0  201   [6]  02 00 00 00 00 00
 (1789633075.441775)  can0  201   [6]  02 00 00 00 00 00
 (1789633075.451137)  can0  181   [8]  60 14 60 14 00 00 00 00
 (1789633075.451272)  can0  281   [5]  03 00 00 00 00
 (1789633075.451724)  can0  201   [6]  02 00 00 00 00 00
 (1789633075.461882)  can0  201   [6]  02 00 00 00 00 00
 (1789633075.471807)  can0  201   [6]  02 00 00 00 00 00
 (1789633075.481777)  can0  201   [6]  02 00 00 00 00 00
 (1789633075.491783)  can0  201   [6]  02 00 00 00 00 00
 (1789633075.501149)  can0  181   [8]  60 14 60 14 00 00 00 00
 (1789633075.501338)  can0  281   [5]  03 00 00 00 00
 (1789633075.501730)  can0  201   [6]  02 00 00 00 00 00
 (1789633075.511774)  can0  201   [6]  02 00 00 00 00 00
 (1789633075.521778)  can0  201   [6]  02 00 00 00 00 00
 (1789633075.531774)  can0  201   [6]  02 00 00 00 00 00
 (1789633075.541780)  can0  201   [6]  02 00 00 00 00 00
 (1789633075.542114)  can0  701   [1]  05
 (1789633075.551156)  can0  181   [8]  60 14 60 14 00 00 00 00
 (1789633075.551291)  can0  281   [5]  03 00 00 00 00
 (1789633075.551776)  can0  201   [6]  02 00 00 00 00 00
 (1789633075.561780)  can0  201   [6]  02 00 00 00 00 00
 (1789633075.571774)  can0  201   [6]  02 00 00 00 00 00
 (1789633075.581774)  can0  201   [6]  02 00 00 00 00 00
 (1789633075.591783)  can0  201   [6]  02 00 00 00 00 00
 (1789633075.601166)  can0  181   [8]  60 14 60 14 00 00 00 00
 (1789633075.601300)  can0  281   [5]  03 00 00 00 00
 (1789633075.601720)  can0  201   [6]  02 00 00 00 00 00
 (1789633075.611781)  can0  201   [6]  02 00 00 00 00 00
 (1789633075.621802)  can0  201   [6]  02 00 00 00 00 00
 (1789633075.631798)  can0  201   [6]  02 00 00 00 00 00
 (1789633075.641879)  can0  201   [6]  02 00 00 00 00 00
 (1789633075.651178)  can0  181   [8]  60 14 60 14 00 00 00 00
 (1789633075.651367)  can0  281   [5]  03 00 00 00 00
 (1789633075.651781)  can0  201   [6]  02 00 00 00 00 00
 (1789633075.661897)  can0  201   [6]  02 00 00 00 00 00
 (1789633075.671852)  can0  201   [6]  02 00 00 00 00 00
 (1789633075.681878)  can0  201   [6]  02 00 00 00 00 00
 (1789633075.691809)  can0  201   [6]  02 00 00 00 00 00
 (1789633075.701198)  can0  181   [8]  60 14 60 14 00 00 00 00
 (1789633075.701378)  can0  281   [5]  03 00 00 00 00
 (1789633075.701887)  can0  201   [6]  02 00 00 00 00 00
 (1789633075.711809)  can0  201   [6]  02 00 00 00 00 00
 (1789633075.721905)  can0  201   [6]  02 00 00 00 00 00
 (1789633075.731900)  can0  201   [6]  02 00 00 00 00 00
 (1789633075.741919)  can0  201   [6]  02 00 00 00 00 00
 (1789633075.751201)  can0  181   [8]  60 14 60 14 00 00 00 00
 (1789633075.751386)  can0  281   [5]  03 00 00 00 00
 (1789633075.751857)  can0  201   [6]  02 00 00 00 00 00
 (1789633075.761844)  can0  201   [6]  02 00 00 00 00 00
 (1789633075.771839)  can0  201   [6]  02 00 00 00 00 00
 (1789633075.781935)  can0  201   [6]  02 00 00 00 00 00
 (1789633075.791667)  can0  701   [1]  05
 (1789633075.791870)  can0  201   [6]  02 00 00 00 00 00
 (1789633075.801205)  can0  181   [8]  60 14 60 14 00 00 00 00
 (1789633075.801339)  can0  281   [5]  03 00 00 00 00
 (1789633075.801749)  can0  201   [6]  02 00 00 00 00 00
 (1789633075.811825)  can0  201   [6]  02 00 00 00 00 00
 (1789633075.821830)  can0  201   [6]  02 00 00 00 00 00
 (1789633075.831816)  can0  201   [6]  02 00 00 00 00 00
 (1789633075.841820)  can0  201   [6]  02 00 00 00 00 00
 (1789633075.851216)  can0  181   [8]  60 14 60 14 00 00 00 00
 (1789633075.851405)  can0  281   [5]  03 00 00 00 00
 (1789633075.851772)  can0  201   [6]  02 00 00 00 00 00
 (1789633075.861775)  can0  201   [6]  02 00 00 00 00 00
 (1789633075.871781)  can0  201   [6]  02 00 00 00 00 00
 (1789633075.881775)  can0  201   [6]  02 00 00 00 00 00
 (1789633075.891780)  can0  201   [6]  02 00 00 00 00 00
 (1789633075.901224)  can0  181   [8]  60 14 60 14 00 00 00 00
 (1789633075.901417)  can0  281   [5]  03 00 00 00 00
 (1789633075.901777)  can0  201   [6]  02 00 00 00 00 00
 (1789633075.911779)  can0  201   [6]  02 00 00 00 00 00
 (1789633075.921776)  can0  201   [6]  02 00 00 00 00 00
 (1789633075.931775)  can0  201   [6]  02 00 00 00 00 00
 (1789633075.941780)  can0  201   [6]  02 00 00 00 00 00
 (1789633075.951233)  can0  181   [8]  60 14 60 14 00 00 00 00
 (1789633075.951368)  can0  281   [5]  03 00 00 00 00
 (1789633075.951669)  can0  201   [6]  02 00 00 00 00 00
 (1789633075.961778)  can0  201   [6]  02 00 00 00 00 00
 (1789633075.971775)  can0  201   [6]  02 00 00 00 00 00
 (1789633075.981782)  can0  201   [6]  02 00 00 00 00 00
 (1789633075.991889)  can0  201   [6]  02 00 00 00 00 00
 (1789633076.001248)  can0  181   [8]  60 14 60 14 00 00 00 00
 (1789633076.001433)  can0  281   [5]  03 00 00 00 00
 (1789633076.001797)  can0  201   [6]  02 00 00 00 00 00
 (1789633076.011780)  can0  201   [6]  02 00 00 00 00 00
 (1789633076.021776)  can0  201   [6]  02 00 00 00 00 00
 (1789633076.031778)  can0  201   [6]  02 00 00 00 00 00
 (1789633076.041209)  can0  701   [1]  05
 (1789633076.041777)  can0  201   [6]  02 00 00 00 00 00
 (1789633076.051253)  can0  181   [8]  60 14 60 14 00 00 00 00
 (1789633076.051445)  can0  281   [5]  03 00 00 00 00
 (1789633076.051780)  can0  201   [6]  02 00 00 00 00 00
 (1789633076.061776)  can0  201   [6]  02 00 00 00 00 00
 (1789633076.071718)  can0  201   [6]  02 00 00 00 00 00
 (1789633076.081780)  can0  201   [6]  02 00 00 00 00 00
 (1789633076.091777)  can0  201   [6]  02 00 00 00 00 00
 (1789633076.101263)  can0  181   [8]  60 14 60 14 00 00 00 00
 (1789633076.101455)  can0  281   [5]  03 00 00 00 00
 (1789633076.101781)  can0  201   [6]  02 00 00 00 00 00
 (1789633076.111775)  can0  201   [6]  02 00 00 00 00 00
 (1789633076.121780)  can0  201   [6]  02 00 00 00 00 00
 (1789633076.131775)  can0  201   [6]  02 00 00 00 00 00
 (1789633076.141776)  can0  201   [6]  02 00 00 00 00 00
 (1789633076.151274)  can0  181   [8]  60 14 60 14 00 00 00 00
 (1789633076.151406)  can0  281   [5]  03 00 00 00 00
 (1789633076.151732)  can0  201   [6]  02 00 00 00 00 00
 (1789633076.161786)  can0  201   [6]  02 00 00 00 00 00
 (1789633076.171895)  can0  201   [6]  02 00 00 00 00 00
 (1789633076.181857)  can0  201   [6]  02 00 00 00 00 00
 (1789633076.191876)  can0  201   [6]  02 00 00 00 00 00
 (1789633076.201288)  can0  181   [8]  60 14 60 14 00 00 00 00
 (1789633076.201474)  can0  281   [5]  03 00 00 00 00
 (1789633076.201807)  can0  201   [6]  02 00 00 00 00 00
 (1789633076.211889)  can0  201   [6]  02 00 00 00 00 00
 (1789633076.221820)  can0  201   [6]  02 00 00 00 00 00
 (1789633076.231902)  can0  201   [6]  02 00 00 00 00 00
 (1789633076.241830)  can0  201   [6]  02 00 00 00 00 00
 (1789633076.251323)  can0  181   [8]  60 14 60 14 00 00 00 00
 (1789633076.251491)  can0  281   [5]  03 00 00 00 00
 (1789633076.251872)  can0  201   [6]  02 00 00 00 00 00
 (1789633076.261886)  can0  201   [6]  02 00 00 00 00 00
 (1789633076.271853)  can0  201   [6]  02 00 00 00 00 00
 (1789633076.281898)  can0  201   [6]  02 00 00 00 00 00
 (1789633076.290702)  can0  701   [1]  05
 (1789633076.291859)  can0  201   [6]  02 00 00 00 00 00
 (1789633076.301302)  can0  181   [8]  60 14 60 14 00 00 00 00
 (1789633076.301492)  can0  281   [5]  03 00 00 00 00
 (1789633076.301784)  can0  201   [6]  02 00 00 00 00 00
 (1789633076.311905)  can0  201   [6]  02 00 00 00 00 00
 (1789633076.321876)  can0  201   [6]  02 00 00 00 00 00
 (1789633076.331863)  can0  201   [6]  02 00 00 00 00 00
 (1789633076.341835)  can0  201   [6]  02 00 00 00 00 00
 (1789633076.351313)  can0  181   [8]  60 14 60 14 00 00 00 00
 (1789633076.351444)  can0  281   [5]  03 00 00 00 00
 (1789633076.351744)  can0  201   [6]  02 00 00 00 00 00
 (1789633076.361825)  can0  201   [6]  02 00 00 00 00 00
 (1789633076.371822)  can0  201   [6]  02 00 00 00 00 00
 (1789633076.381783)  can0  201   [6]  02 00 00 00 00 00
 (1789633076.391777)  can0  201   [6]  02 00 00 00 00 00
 (1789633076.401323)  can0  181   [8]  60 14 60 14 00 00 00 00
 (1789633076.401510)  can0  281   [5]  03 00 00 00 00
 (1789633076.401736)  can0  201   [6]  02 00 00 00 00 00
 (1789633076.411774)  can0  201   [6]  02 00 00 00 00 00
 (1789633076.421775)  can0  201   [6]  02 00 00 00 00 00
 (1789633076.431780)  can0  201   [6]  02 00 00 00 00 00
 (1789633076.441775)  can0  201   [6]  02 00 00 00 00 00
 (1789633076.451329)  can0  181   [8]  60 14 60 14 00 00 00 00
 (1789633076.451519)  can0  281   [5]  03 00 00 00 00
 (1789633076.451735)  can0  201   [6]  02 00 00 00 00 00
 (1789633076.461774)  can0  201   [6]  02 00 00 00 00 00
 (1789633076.471780)  can0  201   [6]  02 00 00 00 00 00
 (1789633076.481773)  can0  201   [6]  02 00 00 00 00 00
 (1789633076.491774)  can0  201   [6]  02 00 00 00 00 00
 (1789633076.501339)  can0  181   [8]  60 14 60 14 00 00 00 00
 (1789633076.501533)  can0  281   [5]  03 00 00 00 00
 (1789633076.501738)  can0  201   [6]  02 00 00 00 00 00
 (1789633076.511774)  can0  201   [6]  02 00 00 00 00 00
 (1789633076.521913)  can0  201   [6]  02 00 00 00 00 00
 (1789633076.531800)  can0  201   [6]  02 00 00 00 00 00
 (1789633076.540249)  can0  701   [1]  05
 (1789633076.541784)  can0  201   [6]  02 00 00 00 00 00
 (1789633076.551349)  can0  181   [8]  60 14 60 14 00 00 00 00
 (1789633076.551483)  can0  281   [5]  03 00 00 00 00
 (1789633076.551696)  can0  201   [6]  02 00 00 00 00 00
 (1789633076.561775)  can0  201   [6]  02 00 00 00 00 00
 (1789633076.571779)  can0  201   [6]  02 00 00 00 00 00
 (1789633076.581775)  can0  201   [6]  02 00 00 00 00 00
 (1789633076.591780)  can0  201   [6]  02 00 00 00 00 00
 (1789633076.601359)  can0  181   [8]  60 14 60 14 00 00 00 00
 (1789633076.601548)  can0  281   [5]  03 00 00 00 00
 (1789633076.601756)  can0  201   [6]  02 00 00 00 00 00
 (1789633076.611780)  can0  201   [6]  02 00 00 00 00 00
 (1789633076.621777)  can0  201   [6]  02 00 00 00 00 00
 (1789633076.631775)  can0  201   [6]  02 00 00 00 00 00
 (1789633076.641778)  can0  201   [6]  02 00 00 00 00 00
 (1789633076.651368)  can0  181   [8]  60 14 60 14 00 00 00 00
 (1789633076.651557)  can0  281   [5]  03 00 00 00 00
 (1789633076.651764)  can0  201   [6]  02 00 00 00 00 00
 (1789633076.661779)  can0  201   [6]  02 00 00 00 00 00
 (1789633076.671773)  can0  201   [6]  02 00 00 00 00 00
 (1789633076.681799)  can0  201   [6]  02 00 00 00 00 00
 (1789633076.691788)  can0  201   [6]  02 00 00 00 00 00
 (1789633076.701382)  can0  181   [8]  60 14 60 14 00 00 00 00
 (1789633076.701569)  can0  281   [5]  03 00 00 00 00
 (1789633076.701850)  can0  201   [6]  02 00 00 00 00 00
 (1789633076.711863)  can0  201   [6]  02 00 00 00 00 00
 (1789633076.721884)  can0  201   [6]  02 00 00 00 00 00
 (1789633076.731871)  can0  201   [6]  02 00 00 00 00 00
 (1789633076.741859)  can0  201   [6]  02 00 00 00 00 00
 (1789633076.751392)  can0  181   [8]  60 14 60 14 00 00 00 00
 (1789633076.751520)  can0  281   [5]  03 00 00 00 00
 (1789633076.751765)  can0  201   [6]  02 00 00 00 00 00
 (1789633076.761972)  can0  201   [6]  02 00 00 00 00 00
 (1789633076.771818)  can0  201   [6]  02 00 00 00 00 00
 (1789633076.781956)  can0  201   [6]  02 00 00 00 00 00
 (1789633076.789807)  can0  701   [1]  05
 (1789633076.791873)  can0  201   [6]  02 00 00 00 00 00
 (1789633076.801461)  can0  181   [8]  60 14 60 14 00 00 00 00
 (1789633076.801593)  can0  281   [5]  03 00 00 00 00
 (1789633076.801800)  can0  201   [6]  02 00 00 00 00 00
 (1789633076.811919)  can0  201   [6]  02 00 00 00 00 00
 (1789633076.821867)  can0  201   [6]  02 00 00 00 00 00
 (1789633076.831838)  can0  201   [6]  02 00 00 00 00 00
 (1789633076.841879)  can0  201   [6]  02 00 00 00 00 00
 (1789633076.851476)  can0  181   [8]  60 14 60 14 00 00 00 00
 (1789633076.851673)  can0  281   [5]  03 00 00 00 00
 (1789633076.851882)  can0  201   [6]  02 00 00 00 00 00
 (1789633076.861856)  can0  201   [6]  02 00 00 00 00 00
 (1789633076.871845)  can0  201   [6]  02 00 00 00 00 00
 (1789633076.881837)  can0  201   [6]  02 00 00 00 00 00
 (1789633076.891829)  can0  201   [6]  02 00 00 00 00 00
 (1789633076.901478)  can0  181   [8]  60 14 60 14 00 00 00 00
 (1789633076.901667)  can0  281   [5]  03 00 00 00 00
 (1789633076.901875)  can0  201   [6]  02 00 00 00 00 00
 (1789633076.911779)  can0  201   [6]  02 00 00 00 00 00
 (1789633076.921779)  can0  201   [6]  02 00 00 00 00 00
 (1789633076.931775)  can0  201   [6]  02 00 00 00 00 00
 (1789633076.941779)  can0  201   [6]  02 00 00 00 00 00
 (1789633076.951486)  can0  181   [8]  60 14 60 14 00 00 00 00
 (1789633076.951622)  can0  281   [5]  03 00 00 00 00
 (1789633076.951899)  can0  201   [6]  02 00 00 00 00 00
 (1789633076.961779)  can0  201   [6]  02 00 00 00 00 00
 (1789633076.971772)  can0  201   [6]  02 00 00 00 00 00
 (1789633076.981773)  can0  201   [6]  02 00 00 00 00 00
 (1789633076.991778)  can0  201   [6]  02 00 00 00 00 00
 (1789633077.001497)  can0  181   [8]  60 14 60 14 00 00 00 00
 (1789633077.001631)  can0  281   [5]  03 00 00 00 00
 (1789633077.001893)  can0  201   [6]  02 00 00 00 00 00
 (1789633077.011778)  can0  201   [6]  02 00 00 00 00 00
 (1789633077.021772)  can0  201   [6]  02 00 00 00 00 00
 (1789633077.031783)  can0  201   [6]  02 00 00 00 00 00
 (1789633077.039346)  can0  701   [1]  05
 (1789633077.041774)  can0  201   [6]  02 00 00 00 00 00
 (1789633077.051669)  can0  181   [8]  60 14 60 14 00 00 00 00
 (1789633077.051700)  can0  281   [5]  03 00 00 00 00
 (1789633077.051952)  can0  201   [6]  02 00 00 00 00 00
 (1789633077.061814)  can0  201   [6]  02 00 00 00 00 00
 (1789633077.071722)  can0  201   [6]  02 00 00 00 00 00
 (1789633077.081781)  can0  201   [6]  02 00 00 00 00 00
 (1789633077.091774)  can0  201   [6]  02 00 00 00 00 00
 (1789633077.101514)  can0  181   [8]  60 14 60 14 00 00 00 00
 (1789633077.101708)  can0  281   [5]  03 00 00 00 00
 (1789633077.101913)  can0  201   [6]  02 00 00 00 00 00
 (1789633077.111774)  can0  201   [6]  02 00 00 00 00 00
 (1789633077.121773)  can0  201   [6]  02 00 00 00 00 00
 (1789633077.131778)  can0  201   [6]  02 00 00 00 00 00
 (1789633077.141775)  can0  201   [6]  02 00 00 00 00 00
 (1789633077.151524)  can0  181   [8]  60 14 60 14 00 00 00 00
 (1789633077.151660)  can0  281   [5]  03 00 00 00 00
 (1789633077.151921)  can0  201   [6]  02 00 00 00 00 00
 (1789633077.161775)  can0  201   [6]  02 00 00 00 00 00
 (1789633077.171780)  can0  201   [6]  02 00 00 00 00 00
 (1789633077.181773)  can0  201   [6]  02 00 00 00 00 00
 (1789633077.191775)  can0  201   [6]  02 00 00 00 00 00
 (1789633077.201537)  can0  181   [8]  60 14 60 14 00 00 00 00
 (1789633077.201670)  can0  281   [5]  03 00 00 00 00
 (1789633077.201931)  can0  201   [6]  02 00 00 00 00 00
 (1789633077.211741)  can0  201   [6]  02 00 00 00 00 00
 (1789633077.221791)  can0  201   [6]  02 00 00 00 00 00
 (1789633077.231869)  can0  201   [6]  02 00 00 00 00 00
 (1789633077.241869)  can0  201   [6]  02 00 00 00 00 00
 (1789633077.251553)  can0  181   [8]  60 14 60 14 00 00 00 00
 (1789633077.251680)  can0  281   [5]  03 00 00 00 00
 (1789633077.251943)  can0  201   [6]  02 00 00 00 00 00
 (1789633077.261870)  can0  201   [6]  02 00 00 00 00 00
 (1789633077.271856)  can0  201   [6]  02 00 00 00 00 00
 (1789633077.281845)  can0  201   [6]  02 00 00 00 00 00
 (1789633077.288902)  can0  701   [1]  05
 (1789633077.291913)  can0  201   [6]  02 00 00 00 00 00
 (1789633077.301555)  can0  181   [8]  60 14 60 14 00 00 00 00
 (1789633077.301689)  can0  281   [5]  03 00 00 00 00
 (1789633077.301954)  can0  201   [6]  02 00 00 00 00 00
 (1789633077.311918)  can0  201   [6]  02 00 00 00 00 00
 (1789633077.321879)  can0  201   [6]  02 00 00 00 00 00
 (1789633077.331870)  can0  201   [6]  02 00 00 00 00 00
 (1789633077.341929)  can0  201   [6]  02 00 00 00 00 00
 (1789633077.351571)  can0  181   [8]  60 14 60 14 00 00 00 00
 (1789633077.351698)  can0  281   [5]  03 00 00 00 00
 (1789633077.351964)  can0  201   [6]  02 00 00 00 00 00
 (1789633077.361858)  can0  201   [6]  02 00 00 00 00 00
 (1789633077.371877)  can0  201   [6]  02 00 00 00 00 00
 (1789633077.381882)  can0  201   [6]  02 00 00 00 00 00
 (1789633077.391870)  can0  201   [6]  02 00 00 00 00 00
 (1789633077.401578)  can0  181   [8]  60 14 60 14 00 00 00 00
 (1789633077.401770)  can0  281   [5]  03 00 00 00 00
 (1789633077.401972)  can0  201   [6]  02 00 00 00 00 00
 (1789633077.411848)  can0  201   [6]  02 00 00 00 00 00
 (1789633077.421817)  can0  201   [6]  02 00 00 00 00 00
 (1789633077.431847)  can0  201   [6]  02 00 00 00 00 00
 (1789633077.441782)  can0  201   [6]  02 00 00 00 00 00
 (1789633077.451584)  can0  181   [8]  60 14 60 14 00 00 00 00
 (1789633077.451792)  can0  201   [6]  06 00 00 00 00 00
 (1789633077.451986)  can0  281   [5]  03 00 00 00 00
 (1789633077.461783)  can0  201   [6]  06 00 00 00 00 00
 (1789633077.471779)  can0  201   [6]  06 00 00 00 00 00
 (1789633077.481782)  can0  201   [6]  06 00 00 00 00 00
 (1789633077.491779)  can0  201   [6]  06 00 00 00 00 00
 (1789633077.501591)  can0  181   [8]  21 14 21 14 00 00 00 00
 (1789633077.501798)  can0  201   [6]  06 00 00 00 00 00
 (1789633077.501996)  can0  281   [5]  03 00 00 00 00
 (1789633077.511778)  can0  201   [6]  07 00 00 00 00 00
 (1789633077.521781)  can0  201   [6]  07 00 00 00 00 00
 (1789633077.531776)  can0  201   [6]  07 00 00 00 00 00
 (1789633077.538388)  can0  701   [1]  05
 (1789633077.541776)  can0  201   [6]  07 00 00 00 00 00
 (1789633077.551592)  can0  181   [8]  23 14 23 14 00 00 00 00
 (1789633077.551741)  can0  201   [6]  07 00 00 00 00 00
 (1789633077.551994)  can0  281   [5]  03 00 00 00 00
 (1789633077.561778)  can0  201   [6]  0F 00 00 00 00 00
 (1789633077.571783)  can0  201   [6]  0F 00 00 00 00 00
 (1789633077.581970)  can0  201   [6]  0F 00 00 00 00 00
 (1789633077.591820)  can0  201   [6]  0F 00 00 00 00 00
 (1789633077.601541)  can0  181   [8]  27 14 27 14 00 00 00 00
 (1789633077.601736)  can0  281   [5]  03 00 00 00 00
 (1789633077.601938)  can0  201   [6]  0F 00 00 00 00 00
 (1789633077.611780)  can0  201   [6]  0F 00 00 00 00 00
 (1789633077.621788)  can0  201   [6]  0F 00 00 00 00 00
 (1789633077.631779)  can0  201   [6]  0F 00 00 00 00 00
 (1789633077.641785)  can0  201   [6]  0F 00 00 00 00 00
 (1789633077.651487)  can0  181   [8]  27 14 27 14 00 00 00 00
 (1789633077.651681)  can0  281   [5]  03 00 00 00 00
 (1789633077.651887)  can0  201   [6]  0F 00 00 00 00 00
 (1789633077.661783)  can0  201   [6]  0F 00 00 00 00 00
 (1789633077.671777)  can0  201   [6]  0F 00 00 00 00 00
 (1789633077.681779)  can0  201   [6]  0F 00 00 00 00 00
 (1789633077.691781)  can0  201   [6]  0F 00 00 00 00 00
 (1789633077.701435)  can0  181   [8]  27 14 27 14 00 00 00 00
 (1789633077.701568)  can0  281   [5]  03 00 00 00 00
 (1789633077.701777)  can0  201   [6]  0F 00 00 00 00 00
 (1789633077.711783)  can0  201   [6]  0F 00 00 00 00 00
 (1789633077.721778)  can0  201   [6]  0F 00 00 00 00 00
 (1789633077.731789)  can0  201   [6]  0F 00 00 00 00 00
 (1789633077.741800)  can0  201   [6]  0F 00 00 00 00 00
 (1789633077.751383)  can0  181   [8]  27 14 27 14 00 00 00 00
 (1789633077.751573)  can0  281   [5]  03 00 00 00 00
 (1789633077.751779)  can0  201   [6]  0F 00 00 00 00 00
 (1789633077.761895)  can0  201   [6]  0F 00 00 00 00 00
 (1789633077.771877)  can0  201   [6]  0F 00 00 00 00 00
 (1789633077.781845)  can0  201   [6]  0F 00 00 00 00 00
 (1789633077.787933)  can0  701   [1]  05
 (1789633077.791822)  can0  201   [6]  0F 00 00 00 00 00
 (1789633077.801331)  can0  181   [8]  27 14 27 14 00 00 00 00
 (1789633077.801519)  can0  281   [5]  03 00 00 00 00
 (1789633077.801811)  can0  201   [6]  0F 00 00 00 00 00
 (1789633077.811835)  can0  201   [6]  0F 00 00 00 00 00
 (1789633077.821740)  can0  201   [6]  0F 00 00 00 00 00
 (1789633077.831718)  can0  201   [6]  0F 00 00 00 00 00
 (1789633077.841782)  can0  201   [6]  0F 00 00 00 00 00
 (1789633077.851279)  can0  181   [8]  27 14 27 14 00 00 00 00
 (1789633077.851468)  can0  281   [5]  03 00 00 00 00
 (1789633077.851787)  can0  201   [6]  0F 00 00 00 00 00
 (1789633077.861777)  can0  201   [6]  0F 00 00 00 00 00
 (1789633077.871788)  can0  201   [6]  0F 00 00 00 00 00
 (1789633077.881778)  can0  201   [6]  0F 00 00 00 00 00
 (1789633077.891778)  can0  201   [6]  0F 00 00 00 00 00
 (1789633077.901224)  can0  181   [8]  27 14 27 14 00 00 00 00
 (1789633077.901358)  can0  281   [5]  03 00 00 00 00
 (1789633077.901674)  can0  201   [6]  0F 00 00 00 00 00
 (1789633077.911780)  can0  201   [6]  0F 00 00 00 00 00
 (1789633077.921782)  can0  201   [6]  0F 00 00 00 00 00
 (1789633077.931778)  can0  201   [6]  0F 00 00 00 00 00
 (1789633077.941787)  can0  201   [6]  0F 00 00 00 00 00
 (1789633077.951171)  can0  181   [8]  27 14 27 14 00 00 00 00
 (1789633077.951363)  can0  281   [5]  03 00 00 00 00
 (1789633077.951678)  can0  201   [6]  0F 00 00 00 00 00
 (1789633077.961778)  can0  201   [6]  0F 00 00 00 00 00
 (1789633077.971906)  can0  201   [6]  0F 00 00 00 00 00
 (1789633077.981800)  can0  201   [6]  0F 00 00 00 00 00
 (1789633077.991787)  can0  201   [6]  0F 00 00 00 00 00
 (1789633078.001120)  can0  181   [8]  27 14 27 14 00 00 00 00
 (1789633078.001310)  can0  281   [5]  03 00 00 00 00
 (1789633078.001780)  can0  201   [6]  0F 00 00 00 00 00
 (1789633078.011784)  can0  201   [6]  0F 00 00 00 00 00
 (1789633078.021778)  can0  201   [6]  0F 00 00 00 00 00
 (1789633078.031778)  can0  201   [6]  0F 00 00 00 00 00
 (1789633078.037477)  can0  701   [1]  05
 (1789633078.041785)  can0  201   [6]  0F 00 00 00 00 00
 (1789633078.051065)  can0  181   [8]  27 14 27 14 00 00 00 00
 (1789633078.051257)  can0  281   [5]  03 00 00 00 00
 (1789633078.051726)  can0  201   [6]  0F 00 00 00 00 00
 (1789633078.061726)  can0  201   [6]  0F 00 00 00 00 00
 (1789633078.071722)  can0  201   [6]  0F 00 00 00 00 00
 (1789633078.081785)  can0  201   [6]  0F 00 00 00 00 00
 (1789633078.091780)  can0  201   [6]  0F 00 00 00 00 00
 (1789633078.101013)  can0  181   [8]  27 14 27 14 00 00 00 00
 (1789633078.101147)  can0  281   [5]  03 00 00 00 00
 (1789633078.101728)  can0  201   [6]  0F 00 00 00 00 00
 (1789633078.111785)  can0  201   [6]  0F 00 00 00 00 00
 (1789633078.121792)  can0  201   [6]  0F 00 00 00 00 00
 (1789633078.131786)  can0  201   [6]  0F 00 00 00 00 00
 (1789633078.141807)  can0  201   [6]  0F 00 00 00 00 00
 (1789633078.150961)  can0  181   [8]  27 14 27 14 00 00 00 00
 (1789633078.151093)  can0  281   [5]  03 00 00 00 00
 (1789633078.151750)  can0  201   [6]  0F 00 00 00 00 00
 (1789633078.161787)  can0  201   [6]  0F 00 00 00 00 00
 (1789633078.171847)  can0  201   [6]  0F 00 00 00 00 00
 (1789633078.181838)  can0  201   [6]  0F 00 00 00 00 00
 (1789633078.191871)  can0  201   [6]  0F 00 00 00 00 00
 (1789633078.200913)  can0  181   [8]  27 14 27 14 00 00 00 00
 (1789633078.201099)  can0  281   [5]  03 00 00 00 00
 (1789633078.201831)  can0  201   [6]  0F 00 00 00 00 00
 (1789633078.211943)  can0  201   [6]  0F 00 00 00 00 00
 (1789633078.221891)  can0  201   [6]  0F 00 00 00 00 00
 (1789633078.231945)  can0  201   [6]  0F 00 00 00 00 00
 (1789633078.241894)  can0  201   [6]  0F 00 00 00 00 00
 (1789633078.250859)  can0  181   [8]  27 14 27 14 00 00 00 00
 (1789633078.250987)  can0  281   [5]  03 00 00 00 00
 (1789633078.251898)  can0  201   [6]  0F 00 00 00 00 00
 (1789633078.261894)  can0  201   [6]  0F 00 00 00 00 00
 (1789633078.271826)  can0  201   [6]  0F 00 00 00 00 00
 (1789633078.281827)  can0  201   [6]  0F 00 00 00 00 00
 (1789633078.287030)  can0  701   [1]  05
 (1789633078.291925)  can0  201   [6]  0F 00 00 00 00 00
 (1789633078.300808)  can0  181   [8]  27 14 27 14 00 00 00 00
 (1789633078.300996)  can0  281   [5]  03 00 00 00 00
 (1789633078.301876)  can0  201   [6]  0F 00 00 00 00 00
 (1789633078.311841)  can0  201   [6]  0F 00 00 00 00 00
 (1789633078.321844)  can0  201   [6]  0F 00 00 00 00 00
 (1789633078.331828)  can0  201   [6]  0F 00 00 00 00 00
 (1789633078.341969)  can0  201   [6]  0F 00 00 00 00 00
 (1789633078.350750)  can0  181   [8]  27 14 27 14 00 00 00 00
 (1789633078.350939)  can0  281   [5]  03 00 00 00 00
 (1789633078.351806)  can0  201   [6]  0F 00 00 00 00 00
 (1789633078.361731)  can0  201   [6]  0F 00 00 00 00 00
 (1789633078.371779)  can0  201   [6]  0F 00 00 00 00 00
 (1789633078.381780)  can0  201   [6]  0F 00 00 00 00 00
 (1789633078.391783)  can0  201   [6]  0F 00 00 00 00 00
 (1789633078.400697)  can0  181   [8]  27 14 27 14 00 00 00 00
 (1789633078.400888)  can0  281   [5]  03 00 00 00 00
 (1789633078.401726)  can0  201   [6]  0F 00 00 00 00 00
 (1789633078.411784)  can0  201   [6]  0F 00 00 00 00 00
 (1789633078.421780)  can0  201   [6]  0F 00 00 00 00 00
 (1789633078.431730)  can0  201   [6]  0F 00 00 00 00 00
 (1789633078.441779)  can0  201   [6]  0F 00 00 00 00 00
 (1789633078.450644)  can0  181   [8]  27 14 27 14 00 00 00 00
 (1789633078.450835)  can0  281   [5]  03 00 00 00 00
 (1789633078.451726)  can0  201   [6]  0F 00 00 00 00 00
 (1789633078.461719)  can0  201   [6]  0F 00 00 00 00 00
 (1789633078.471782)  can0  201   [6]  0F 00 00 00 00 00
 (1789633078.481730)  can0  201   [6]  0F 00 00 00 00 00
 (1789633078.491778)  can0  201   [6]  0F 00 00 00 00 00
 (1789633078.500599)  can0  181   [8]  27 14 27 14 00 00 00 00
 (1789633078.500784)  can0  281   [5]  03 00 00 00 00
 (1789633078.501894)  can0  201   [6]  0F 00 00 00 00 00
 (1789633078.511810)  can0  201   [6]  0F 00 00 00 00 00
 (1789633078.521780)  can0  201   [6]  0F 00 00 00 00 00
 (1789633078.531784)  can0  201   [6]  0F 00 00 00 00 00
 (1789633078.536514)  can0  701   [1]  05
 (1789633078.541780)  can0  201   [6]  0F 00 00 00 00 00
 (1789633078.550482)  can0  181   [8]  27 14 27 14 00 00 00 00
 (1789633078.550672)  can0  281   [5]  03 00 00 00 00
 (1789633078.551730)  can0  201   [6]  0F 00 00 00 00 00
 (1789633078.561782)  can0  201   [6]  0F 00 00 00 00 00
 (1789633078.571784)  can0  201   [6]  0F 00 00 00 00 00
 (1789633078.581777)  can0  201   [6]  0F 00 00 00 00 00
 (1789633078.591777)  can0  201   [6]  0F 00 00 00 00 00
 (1789633078.600484)  can0  181   [8]  27 14 27 14 00 00 00 00
 (1789633078.600676)  can0  281   [5]  03 00 00 00 00
 (1789633078.601785)  can0  201   [6]  0F 00 00 00 00 00
 (1789633078.611781)  can0  201   [6]  0F 00 00 00 00 00
 (1789633078.621788)  can0  201   [6]  0F 00 00 00 00 00
 (1789633078.631778)  can0  201   [6]  0F 00 00 00 00 00
 (1789633078.641728)  can0  201   [6]  0F 00 00 00 00 00
 (1789633078.650439)  can0  181   [8]  27 14 27 14 00 00 00 00
 (1789633078.650622)  can0  281   [5]  03 00 00 00 00
 (1789633078.651793)  can0  201   [6]  0F 00 00 00 00 00
 (1789633078.661788)  can0  201   [6]  0F 00 00 00 00 00
 (1789633078.671843)  can0  201   [6]  0F 00 00 00 00 00
 (1789633078.681864)  can0  201   [6]  0F 00 00 00 00 00
 (1789633078.691840)  can0  201   [6]  0F 00 00 00 00 00
 (1789633078.700384)  can0  181   [8]  27 14 27 14 00 00 00 00
 (1789633078.700576)  can0  281   [5]  03 00 00 00 00
 (1789633078.701875)  can0  201   [6]  0F 00 00 00 00 00
 (1789633078.711803)  can0  201   [6]  0F 00 00 00 00 00
 (1789633078.721888)  can0  201   [6]  0F 00 00 00 00 00
 (1789633078.731831)  can0  201   [6]  0F 00 00 00 00 00
 (1789633078.741929)  can0  201   [6]  0F 00 00 00 00 00
 (1789633078.750329)  can0  181   [8]  27 14 27 14 00 00 00 00
 (1789633078.750460)  can0  281   [5]  03 00 00 00 00
 (1789633078.751817)  can0  201   [6]  0F 00 00 00 00 00
 (1789633078.761935)  can0  201   [6]  0F 00 00 00 00 00
 (1789633078.771900)  can0  201   [6]  0F 00 00 00 00 00
 (1789633078.781903)  can0  201   [6]  0F 00 00 00 00 00
 (1789633078.786065)  can0  701   [1]  05
 (1789633078.791871)  can0  201   [6]  0F 00 00 00 00 00
 (1789633078.800276)  can0  181   [8]  27 14 27 14 00 00 00 00
 (1789633078.800466)  can0  281   [5]  03 00 00 00 00
 (1789633078.801828)  can0  201   [6]  0F 00 00 00 00 00
 (1789633078.811835)  can0  201   [6]  0F 00 00 00 00 00
 (1789633078.821882)  can0  201   [6]  0F 00 00 00 00 00
 (1789633078.831895)  can0  201   [6]  0F 00 00 00 00 00
 (1789633078.841849)  can0  201   [6]  0F 00 00 00 00 00
 (1789633078.850478)  can0  181   [8]  27 14 27 14 00 00 00 00
 (1789633078.850672)  can0  281   [5]  03 00 00 00 00
 (1789633078.851836)  can0  201   [6]  0F 00 00 00 00 00
 (1789633078.861839)  can0  201   [6]  0F 00 00 00 00 00
 (1789633078.871822)  can0  201   [6]  0F 00 00 00 00 00
 (1789633078.881826)  can0  201   [6]  0F 00 00 00 00 00
 (1789633078.891784)  can0  201   [6]  0F 00 00 00 00 00
 (1789633078.900170)  can0  181   [8]  27 14 27 14 00 00 00 00
 (1789633078.900360)  can0  281   [5]  03 00 00 00 00
 (1789633078.901785)  can0  201   [6]  0F 00 00 00 00 00
 (1789633078.911780)  can0  201   [6]  0F 00 00 00 00 00
 (1789633078.921777)  can0  201   [6]  0F 00 00 00 00 00
 (1789633078.931785)  can0  201   [6]  0F 00 00 00 00 00
 (1789633078.941726)  can0  201   [6]  0F 00 00 00 00 00
 (1789633078.950117)  can0  181   [8]  27 14 27 14 00 00 00 00
 (1789633078.950308)  can0  281   [5]  03 00 00 00 00
 (1789633078.951784)  can0  201   [6]  0F 00 00 00 00 00
 (1789633078.961777)  can0  201   [6]  0F 00 00 00 00 00
 (1789633078.971785)  can0  201   [6]  0F 00 00 00 00 00
 (1789633078.981777)  can0  201   [6]  0F 00 00 00 00 00
 (1789633078.991722)  can0  201   [6]  0F 00 00 00 00 00
 (1789633079.000066)  can0  181   [8]  27 14 27 14 00 00 00 00
 (1789633079.000255)  can0  281   [5]  03 00 00 00 00
 (1789633079.001786)  can0  201   [6]  0F 00 00 00 00 00
 (1789633079.011780)  can0  201   [6]  0F 00 00 00 00 00
 (1789633079.021784)  can0  201   [6]  0F 00 00 00 00 00
 (1789633079.031917)  can0  201   [6]  0F 00 00 00 00 00
 (1789633079.035607)  can0  701   [1]  05
 (1789633079.041807)  can0  201   [6]  0F 00 00 00 00 00
 (1789633079.050011)  can0  181   [8]  27 14 27 14 00 00 00 00
 (1789633079.050202)  can0  281   [5]  03 00 00 00 00
 (1789633079.051785)  can0  201   [6]  0F 00 00 00 00 00
 (1789633079.061724)  can0  201   [6]  0F 00 00 00 00 00
 (1789633079.071728)  can0  201   [6]  0F 00 00 00 00 00
 (1789633079.081779)  can0  201   [6]  0F 00 00 00 00 00
 (1789633079.091785)  can0  201   [6]  0F 00 00 00 00 00
 (1789633079.099959)  can0  181   [8]  27 14 27 14 00 00 00 00
 (1789633079.100150)  can0  281   [5]  03 00 00 00 00
 (1789633079.101723)  can0  201   [6]  0F 00 00 00 00 00
 (1789633079.111784)  can0  201   [6]  0F 00 00 00 00 00
 (1789633079.121778)  can0  201   [6]  0F 00 00 00 00 00
 (1789633079.131722)  can0  201   [6]  0F 00 00 00 00 00
 (1789633079.141783)  can0  201   [6]  0F 00 00 00 00 00
 (1789633079.149906)  can0  181   [8]  27 14 27 14 00 00 00 00
 (1789633079.150097)  can0  281   [5]  03 00 00 00 00
 (1789633079.151780)  can0  201   [6]  0F 00 00 00 00 00
 (1789633079.161785)  can0  201   [6]  0F 00 00 00 00 00
 (1789633079.171779)  can0  201   [6]  0F 00 00 00 00 00
 (1789633079.181728)  can0  201   [6]  0F 00 00 00 00 00
 (1789633079.191804)  can0  201   [6]  0F 00 00 00 00 00
 (1789633079.199855)  can0  181   [8]  27 14 27 14 00 00 00 00
 (1789633079.200042)  can0  281   [5]  03 00 00 00 00
 (1789633079.201756)  can0  201   [6]  0F 00 00 00 00 00
 (1789633079.211873)  can0  201   [6]  0F 00 00 00 00 00
 (1789633079.221837)  can0  201   [6]  0F 00 00 00 00 00
 (1789633079.231892)  can0  201   [6]  0F 00 00 00 00 00
 (1789633079.241863)  can0  201   [6]  0F 00 00 00 00 00
 (1789633079.249808)  can0  181   [8]  27 14 27 14 00 00 00 00
 (1789633079.249993)  can0  281   [5]  03 00 00 00 00
 (1789633079.251823)  can0  201   [6]  0F 00 00 00 00 00
 (1789633079.261832)  can0  201   [6]  0F 00 00 00 00 00
 (1789633079.271945)  can0  201   [6]  0F 00 00 00 00 00
 (1789633079.281857)  can0  201   [6]  0F 00 00 00 00 00
 (1789633079.285103)  can0  701   [1]  05
 (1789633079.291963)  can0  201   [6]  0F 00 00 00 00 00
 (1789633079.299695)  can0  181   [8]  27 14 27 14 00 00 00 00
 (1789633079.299939)  can0  281   [5]  03 00 00 00 00
 (1789633079.301904)  can0  201   [6]  0F 00 00 00 00 00
 (1789633079.311910)  can0  201   [6]  0F 00 00 00 00 00
 (1789633079.321921)  can0  201   [6]  0F 00 00 00 00 00
 (1789633079.331828)  can0  201   [6]  0F 00 00 00 00 00
 (1789633079.341831)  can0  201   [6]  0F 00 00 00 00 00
 (1789633079.349706)  can0  181   [8]  27 14 27 14 00 00 00 00
 (1789633079.349890)  can0  281   [5]  03 00 00 00 00
 (1789633079.351909)  can0  201   [6]  0F 00 00 00 00 00
 (1789633079.361884)  can0  201   [6]  0F 00 00 00 00 00
 (1789633079.371847)  can0  201   [6]  0F 00 00 00 00 00
 (1789633079.381827)  can0  201   [6]  0F 00 00 00 00 00
 (1789633079.391827)  can0  201   [6]  0F 00 00 00 00 00
 (1789633079.399641)  can0  181   [8]  27 14 27 14 00 00 00 00
 (1789633079.399842)  can0  281   [5]  03 00 00 00 00
 (1789633079.401817)  can0  201   [6]  0F 00 00 00 00 00
 (1789633079.411774)  can0  201   [6]  0F 00 00 00 00 00
 (1789633079.421789)  can0  201   [6]  0F 00 00 00 00 00
 (1789633079.431779)  can0  201   [6]  0F 00 00 00 00 00
 (1789633079.441786)  can0  201   [6]  0F 00 00 00 00 00
 (1789633079.449589)  can0  181   [8]  27 14 27 14 00 00 00 00
 (1789633079.449799)  can0  281   [5]  03 00 00 00 00
 (1789633079.451781)  can0  201   [6]  0F 00 00 00 00 00
 (1789633079.461784)  can0  201   [6]  0F 00 00 00 00 00
 (1789633079.471780)  can0  201   [6]  0F 00 00 00 00 00
 (1789633079.481723)  can0  201   [6]  0F 00 00 00 00 00
 (1789633079.491783)  can0  201   [6]  0F 00 00 00 00 00
 (1789633079.499534)  can0  181   [8]  27 14 27 14 00 00 00 00
 (1789633079.499799)  can0  281   [5]  03 00 00 00 00
 (1789633079.501780)  can0  201   [6]  0F 00 00 00 00 00
 (1789633079.511783)  can0  201   [6]  0F 00 00 00 00 00
 (1789633079.521777)  can0  201   [6]  0F 00 00 00 00 00
 (1789633079.531784)  can0  201   [6]  0F 00 00 00 00 00
 (1789633079.534647)  can0  701   [1]  05
 (1789633079.541777)  can0  201   [6]  0F 00 00 00 00 00
 (1789633079.549482)  can0  181   [8]  27 14 27 14 00 00 00 00
 (1789633079.549757)  can0  281   [5]  03 00 00 00 00
 (1789633079.551781)  can0  201   [6]  0F 00 00 00 00 00
 (1789633079.561939)  can0  201   [6]  0F 00 00 00 00 00
 (1789633079.571801)  can0  201   [6]  0F 00 00 00 00 00
 (1789633079.581786)  can0  201   [6]  0F 00 00 00 00 00
 (1789633079.591779)  can0  201   [6]  0F 00 00 00 00 00
 (1789633079.599432)  can0  181   [8]  27 14 27 14 00 00 00 00
 (1789633079.599755)  can0  281   [5]  03 00 00 00 00
 (1789633079.601729)  can0  201   [6]  0F 00 00 00 00 00
 (1789633079.611780)  can0  201   [6]  0F 00 00 00 00 00
 (1789633079.621777)  can0  201   [6]  0F 00 00 00 00 00
 (1789633079.631784)  can0  201   [6]  0F 00 00 00 00 00
 (1789633079.641778)  can0  201   [6]  0F 00 00 00 00 00
 (1789633079.649378)  can0  181   [8]  27 14 27 14 00 00 00 00
 (1789633079.649653)  can0  281   [5]  03 00 00 00 00
 (1789633079.651785)  can0  201   [6]  0F 00 00 00 00 00
 (1789633079.661777)  can0  201   [6]  0F 00 00 00 00 00
 (1789633079.671783)  can0  201   [6]  0F 00 00 00 00 00
 (1789633079.681778)  can0  201   [6]  0F 00 00 00 00 00
 (1789633079.691723)  can0  201   [6]  0F 00 00 00 00 00
 (1789633079.699324)  can0  181   [8]  27 14 27 14 00 00 00 00
 (1789633079.699714)  can0  281   [5]  03 00 00 00 00
 (1789633079.701784)  can0  201   [6]  0F 00 00 00 00 00
 (1789633079.711780)  can0  201   [6]  0F 00 00 00 00 00
 (1789633079.721807)  can0  201   [6]  0F 00 00 00 00 00
 (1789633079.731795)  can0  201   [6]  0F 00 00 00 00 00
 (1789633079.741891)  can0  201   [6]  0F 00 00 00 00 00
 (1789633079.749275)  can0  181   [8]  27 14 27 14 00 00 00 00
 (1789633079.749673)  can0  281   [5]  03 00 00 00 00
 (1789633079.751840)  can0  201   [6]  0F 00 00 00 00 00
 (1789633079.761884)  can0  201   [6]  0F 00 00 00 00 00
 (1789633079.771870)  can0  201   [6]  0F 00 00 00 00 00
 (1789633079.781890)  can0  201   [6]  0F 00 00 00 00 00
 (1789633079.784200)  can0  701   [1]  05
 (1789633079.791849)  can0  201   [6]  0F 00 00 00 00 00
 (1789633079.799308)  can0  181   [8]  27 14 27 14 00 00 00 00
 (1789633079.799732)  can0  281   [5]  03 00 00 00 00
 (1789633079.801870)  can0  201   [6]  0F 00 00 00 00 00
 (1789633079.811855)  can0  201   [6]  0F 00 00 00 00 00
 (1789633079.821955)  can0  201   [6]  0F 00 00 00 00 00
 (1789633079.831874)  can0  201   [6]  0F 00 00 00 00 00
 (1789633079.841880)  can0  201   [6]  0F 00 00 00 00 00
 (1789633079.849302)  can0  181   [8]  27 14 27 14 00 00 00 00
 (1789633079.849744)  can0  281   [5]  03 00 00 00 00
 (1789633079.851877)  can0  201   [6]  0F 00 00 00 00 00
 (1789633079.861830)  can0  201   [6]  0F 00 00 00 00 00
 (1789633079.871831)  can0  201   [6]  0F 00 00 00 00 00
 (1789633079.881891)  can0  201   [6]  0F 00 00 00 00 00
 (1789633079.891882)  can0  201   [6]  0F 00 00 00 00 00
 (1789633079.899243)  can0  181   [8]  27 14 27 14 00 00 00 00
 (1789633079.899750)  can0  281   [5]  03 00 00 00 00
 (1789633079.901837)  can0  201   [6]  0F 00 00 00 00 00
 (1789633079.911839)  can0  201   [6]  0F 00 00 00 00 00
 (1789633079.921826)  can0  201   [6]  0F 00 00 00 00 00
 (1789633079.931822)  can0  201   [6]  0F 00 00 00 00 00
 (1789633079.941826)  can0  201   [6]  0F 00 00 00 00 00
 (1789633079.949189)  can0  181   [8]  27 14 27 14 00 00 00 00
 (1789633079.949761)  can0  281   [5]  03 00 00 00 00
 (1789633079.951793)  can0  201   [6]  0F 00 00 00 00 00
 (1789633079.961780)  can0  201   [6]  0F 00 00 00 00 00
 (1789633079.971779)  can0  201   [6]  0F 00 00 00 00 00
 (1789633079.981784)  can0  201   [6]  0F 00 00 00 00 00
 (1789633079.991777)  can0  201   [6]  0F 00 00 00 00 00
 (1789633079.999133)  can0  181   [8]  27 14 27 14 00 00 00 00
 (1789633079.999771)  can0  281   [5]  03 00 00 00 00
 (1789633080.001783)  can0  201   [6]  0F 00 00 00 00 00
 (1789633080.011778)  can0  201   [6]  0F 00 00 00 00 00
 (1789633080.021784)  can0  201   [6]  0F 00 00 00 00 00
 (1789633080.031779)  can0  201   [6]  0F 00 00 00 00 00
 (1789633080.033807)  can0  701   [1]  05
 (1789633080.041783)  can0  201   [6]  0F 00 00 00 00 00
 (1789633080.049080)  can0  181   [8]  27 14 27 14 00 00 00 00
 (1789633080.049779)  can0  281   [5]  03 00 00 00 00
 (1789633080.051730)  can0  201   [6]  0F 00 00 00 00 00
 (1789633080.061742)  can0  201   [6]  0F 00 00 00 00 00
 (1789633080.071731)  can0  201   [6]  0F 00 00 00 00 00
 (1789633080.081724)  can0  201   [6]  0F 00 00 00 00 00
 (1789633080.091844)  can0  201   [6]  0F 00 00 00 00 00
 (1789633080.098972)  can0  181   [8]  27 14 27 14 00 00 00 00
 (1789633080.099687)  can0  281   [5]  03 00 00 00 00
 (1789633080.101752)  can0  201   [6]  0F 00 00 00 00 00
 (1789633080.111728)  can0  201   [6]  0F 00 00 00 00 00
 (1789633080.121728)  can0  201   [6]  0F 00 00 00 00 00
 (1789633080.131722)  can0  201   [6]  0F 00 00 00 00 00
 (1789633080.141728)  can0  201   [6]  0F 00 00 00 00 00
 (1789633080.149002)  can0  181   [8]  27 14 27 14 00 00 00 00
 (1789633080.149744)  can0  281   [5]  03 00 00 00 00
 (1789633080.151723)  can0  201   [6]  0F 00 00 00 00 00
 (1789633080.161729)  can0  201   [6]  0F 00 00 00 00 00
 (1789633080.171723)  can0  201   [6]  0F 00 00 00 00 00
 (1789633080.181721)  can0  201   [6]  0F 00 00 00 00 00
 (1789633080.191727)  can0  201   [6]  0F 00 00 00 00 00
 (1789633080.198927)  can0  181   [8]  27 14 27 14 00 00 00 00
 (1789633080.199751)  can0  281   [5]  03 00 00 00 00
 (1789633080.201725)  can0  201   [6]  0F 00 00 00 00 00
 (1789633080.211728)  can0  201   [6]  0F 00 00 00 00 00
 (1789633080.221722)  can0  201   [6]  0F 00 00 00 00 00
 (1789633080.231728)  can0  201   [6]  0F 00 00 00 00 00
 (1789633080.241722)  can0  201   [6]  0F 00 00 00 00 00
 (1789633080.248875)  can0  181   [8]  27 14 27 14 00 00 00 00
 (1789633080.249762)  can0  281   [5]  03 00 00 00 00
 (1789633080.251740)  can0  201   [6]  0F 00 00 00 00 00
 (1789633080.261740)  can0  201   [6]  0F 00 00 00 00 00
 (1789633080.271825)  can0  201   [6]  0F 00 00 00 00 00
 (1789633080.281792)  can0  201   [6]  0F 00 00 00 00 00
 (1789633080.283301)  can0  701   [1]  05
 (1789633080.291801)  can0  201   [6]  0F 00 00 00 00 00
 (1789633080.298882)  can0  181   [8]  27 14 27 14 00 00 00 00
 (1789633080.299829)  can0  281   [5]  03 00 00 00 00
 (1789633080.301849)  can0  201   [6]  0F 00 00 00 00 00
 (1789633080.311897)  can0  201   [6]  0F 00 00 00 00 00
 (1789633080.321777)  can0  201   [6]  0F 00 00 00 00 00
 (1789633080.331895)  can0  201   [6]  0F 00 00 00 00 00
 (1789633080.341838)  can0  201   [6]  0F 00 00 00 00 00
 (1789633080.348828)  can0  181   [8]  27 14 27 14 00 00 00 00
 (1789633080.349800)  can0  281   [5]  03 00 00 00 00
 (1789633080.351925)  can0  201   [6]  0F 00 00 00 00 00
 (1789633080.361895)  can0  201   [6]  0F 00 00 00 00 00
 (1789633080.371793)  can0  201   [6]  0F 00 00 00 00 00
 (1789633080.381911)  can0  201   [6]  0F 00 00 00 00 00
 (1789633080.391839)  can0  201   [6]  0F 00 00 00 00 00
 (1789633080.398843)  can0  181   [8]  27 14 27 14 00 00 00 00
 (1789633080.399785)  can0  281   [5]  03 00 00 00 00
 (1789633080.401852)  can0  201   [6]  0F 00 00 00 00 00
 (1789633080.411922)  can0  201   [6]  0F 00 00 00 00 00
 (1789633080.421892)  can0  201   [6]  0F 00 00 00 00 00
 (1789633080.431844)  can0  201   [6]  0F 00 00 00 00 00
 (1789633080.441844)  can0  201   [6]  0F 00 00 00 00 00
 (1789633080.448784)  can0  181   [8]  27 14 27 14 00 00 00 00
 (1789633080.449733)  can0  281   [5]  03 00 00 00 00
 (1789633080.451752)  can0  201   [6]  0F 00 00 00 00 00
 (1789633080.461674)  can0  201   [6]  0F 00 00 00 00 00
 (1789633080.471741)  can0  201   [6]  0F 00 00 00 00 00
 (1789633080.481717)  can0  201   [6]  0F 00 00 00 00 00
 (1789633080.491717)  can0  201   [6]  0F 00 00 00 00 00
 (1789633080.498732)  can0  181   [8]  27 14 27 14 00 00 00 00
 (1789633080.499683)  can0  281   [5]  03 00 00 00 00
 (1789633080.501717)  can0  201   [6]  0F 00 00 00 00 00
 (1789633080.511717)  can0  201   [6]  0F 00 00 00 00 00
 (1789633080.521714)  can0  201   [6]  0F 00 00 00 00 00
 (1789633080.531672)  can0  201   [6]  0F 00 00 00 00 00
 (1789633080.532969)  can0  701   [1]  05
 (1789633080.541716)  can0  201   [6]  0F 00 00 00 00 00
 (1789633080.548677)  can0  181   [8]  27 14 27 14 00 00 00 00
 (1789633080.549628)  can0  281   [5]  03 00 00 00 00
 (1789633080.551715)  can0  201   [6]  0F 00 00 00 00 00
 (1789633080.561726)  can0  201   [6]  0F 00 00 00 00 00
 (1789633080.571715)  can0  201   [6]  0F 00 00 00 00 00
 (1789633080.581722)  can0  201   [6]  0F 00 00 00 00 00
 (1789633080.591716)  can0  201   [6]  0F 00 00 00 00 00
 (1789633080.598568)  can0  181   [8]  27 14 27 14 00 00 00 00
 (1789633080.599574)  can0  281   [5]  03 00 00 00 00
 (1789633080.601660)  can0  201   [6]  0F 00 00 00 00 00
 (1789633080.611716)  can0  201   [6]  0F 00 00 00 00 00
 (1789633080.621751)  can0  201   [6]  0F 00 00 00 00 00
 (1789633080.631720)  can0  201   [6]  0F 00 00 00 00 00
 (1789633080.641714)  can0  201   [6]  0F 00 00 00 00 00
 (1789633080.648572)  can0  181   [8]  27 14 27 14 00 00 00 00
 (1789633080.649521)  can0  281   [5]  03 00 00 00 00
 (1789633080.651663)  can0  201   [6]  0F 00 00 00 00 00
 (1789633080.661718)  can0  201   [6]  0F 00 00 00 00 00
 (1789633080.671661)  can0  201   [6]  0F 00 00 00 00 00
 (1789633080.681718)  can0  201   [6]  0F 00 00 00 00 00
 (1789633080.691716)  can0  201   [6]  0F 00 00 00 00 00
 (1789633080.698518)  can0  181   [8]  27 14 27 14 00 00 00 00
 (1789633080.699468)  can0  281   [5]  03 00 00 00 00
 (1789633080.701719)  can0  201   [6]  0F 00 00 00 00 00
 (1789633080.711714)  can0  201   [6]  0F 00 00 00 00 00
 (1789633080.721715)  can0  201   [6]  0F 00 00 00 00 00
 (1789633080.731714)  can0  201   [6]  0F 00 00 00 00 00
 (1789633080.741659)  can0  201   [6]  0F 00 00 00 00 00
 (1789633080.748467)  can0  181   [8]  27 14 27 14 00 00 00 00
 (1789633080.749416)  can0  281   [5]  03 00 00 00 00
 (1789633080.751716)  can0  201   [6]  0F 00 00 00 00 00
 (1789633080.761713)  can0  201   [6]  0F 00 00 00 00 00
 (1789633080.771715)  can0  201   [6]  0F 00 00 00 00 00
 (1789633080.781716)  can0  201   [6]  0F 00 00 00 00 00
 (1789633080.782456)  can0  701   [1]  05
 (1789633080.791726)  can0  201   [6]  0F 00 00 00 00 00
 (1789633080.798361)  can0  181   [8]  27 14 27 14 00 00 00 00
 (1789633080.799362)  can0  281   [5]  03 00 00 00 00
 (1789633080.801737)  can0  201   [6]  0F 00 00 00 00 00
 (1789633080.811668)  can0  201   [6]  0F 00 00 00 00 00
 (1789633080.821736)  can0  201   [6]  0F 00 00 00 00 00
 (1789633080.831729)  can0  201   [6]  0F 00 00 00 00 00
 (1789633080.841739)  can0  201   [6]  0F 00 00 00 00 00
 (1789633080.848365)  can0  181   [8]  27 14 27 14 00 00 00 00
 (1789633080.849311)  can0  281   [5]  03 00 00 00 00
 (1789633080.851728)  can0  201   [6]  0F 00 00 00 00 00
 (1789633080.861777)  can0  201   [6]  0F 00 00 00 00 00
 (1789633080.871728)  can0  201   [6]  0F 00 00 00 00 00
 (1789633080.881756)  can0  201   [6]  0F 00 00 00 00 00
 (1789633080.891755)  can0  201   [6]  0F 00 00 00 00 00
 (1789633080.898308)  can0  181   [8]  27 14 27 14 00 00 00 00
 (1789633080.899257)  can0  281   [5]  03 00 00 00 00
 (1789633080.901730)  can0  201   [6]  0F 00 00 00 00 00
 (1789633080.911751)  can0  201   [6]  0F 00 00 00 00 00
 (1789633080.921725)  can0  201   [6]  0F 00 00 00 00 00
 (1789633080.931730)  can0  201   [6]  0F 00 00 00 00 00
 (1789633080.941748)  can0  201   [6]  0F 00 00 00 00 00
 (1789633080.948260)  can0  181   [8]  27 14 27 14 00 00 00 00
 (1789633080.949204)  can0  281   [5]  03 00 00 00 00
 (1789633080.951726)  can0  201   [6]  0F 00 00 00 00 00
 (1789633080.961722)  can0  201   [6]  0F 00 00 00 00 00
 (1789633080.971722)  can0  201   [6]  0F 00 00 00 00 00
 (1789633080.981725)  can0  201   [6]  0F 00 00 00 00 00
 (1789633080.991722)  can0  201   [6]  0F 00 00 00 00 00
 (1789633080.998206)  can0  181   [8]  27 14 27 14 00 00 00 00
 (1789633080.999150)  can0  281   [5]  03 00 00 00 00
 (1789633081.001683)  can0  201   [6]  0F 00 00 00 00 00
 (1789633081.011716)  can0  201   [6]  0F 00 00 00 00 00
 (1789633081.021659)  can0  201   [6]  0F 00 00 00 00 00
 (1789633081.031718)  can0  201   [6]  0F 00 00 00 00 00
 (1789633081.032005)  can0  701   [1]  05
 (1789633081.041715)  can0  201   [6]  0F 00 00 00 00 00
 (1789633081.048149)  can0  181   [8]  27 14 27 14 00 00 00 00
 (1789633081.049099)  can0  281   [5]  03 00 00 00 00
 (1789633081.051716)  can0  201   [6]  0F 00 00 00 00 00
 (1789633081.061717)  can0  201   [6]  0F 00 00 00 00 00
 (1789633081.071660)  can0  201   [6]  0F 00 00 00 00 00
 (1789633081.081715)  can0  201   [6]  0F 00 00 00 00 00
 (1789633081.091716)  can0  201   [6]  0F 00 00 00 00 00
 (1789633081.098098)  can0  181   [8]  27 14 27 14 00 00 00 00
 (1789633081.099047)  can0  281   [5]  03 00 00 00 00
 (1789633081.101717)  can0  201   [6]  0F 00 00 00 00 00
 (1789633081.111716)  can0  201   [6]  0F 00 00 00 00 00
 (1789633081.121733)  can0  201   [6]  0F 00 00 00 00 00
 (1789633081.131718)  can0  201   [6]  0F 00 00 00 00 00
 (1789633081.141717)  can0  201   [6]  0F 00 00 00 00 00
 (1789633081.148044)  can0  181   [8]  27 14 27 14 00 00 00 00
 (1789633081.148993)  can0  281   [5]  03 00 00 00 00
 (1789633081.151896)  can0  201   [6]  0F 00 00 00 00 00
 (1789633081.161722)  can0  201   [6]  0F 00 00 00 00 00
 (1789633081.171717)  can0  201   [6]  0F 00 00 00 00 00
 (1789633081.181716)  can0  201   [6]  0F 00 00 00 00 00
 (1789633081.191717)  can0  201   [6]  0F 00 00 00 00 00
 (1789633081.197992)  can0  181   [8]  27 14 27 14 00 00 00 00
 (1789633081.198939)  can0  281   [5]  03 00 00 00 00
 (1789633081.201719)  can0  201   [6]  0F 00 00 00 00 00
 (1789633081.211718)  can0  201   [6]  0F 00 00 00 00 00
 (1789633081.221717)  can0  201   [6]  0F 00 00 00 00 00
 (1789633081.231715)  can0  201   [6]  0F 00 00 00 00 00
 (1789633081.241715)  can0  201   [6]  0F 00 00 00 00 00
 (1789633081.247940)  can0  181   [8]  27 14 27 14 00 00 00 00
 (1789633081.248888)  can0  281   [5]  03 00 00 00 00
 (1789633081.251715)  can0  201   [6]  0F 00 00 00 00 00
 (1789633081.261714)  can0  201   [6]  0F 00 00 00 00 00
 (1789633081.271714)  can0  201   [6]  0F 00 00 00 00 00
 (1789633081.281556)  can0  701   [1]  05
 (1789633081.281705)  can0  201   [6]  0F 00 00 00 00 00
 (1789633081.291715)  can0  201   [6]  0F 00 00 00 00 00
 (1789633081.297830)  can0  181   [8]  27 14 27 14 00 00 00 00
 (1789633081.298836)  can0  281   [5]  03 00 00 00 00
 (1789633081.301719)  can0  201   [6]  0F 00 00 00 00 00
 (1789633081.311729)  can0  201   [6]  0F 00 00 00 00 00
 (1789633081.321724)  can0  201   [6]  0F 00 00 00 00 00
 (1789633081.331745)  can0  201   [6]  0F 00 00 00 00 00
 (1789633081.341729)  can0  201   [6]  0F 00 00 00 00 00
 (1789633081.347835)  can0  181   [8]  27 14 27 14 00 00 00 00
 (1789633081.348782)  can0  281   [5]  03 00 00 00 00
 (1789633081.351809)  can0  201   [6]  0F 00 00 00 00 00
 (1789633081.361733)  can0  201   [6]  0F 00 00 00 00 00
 (1789633081.371734)  can0  201   [6]  0F 00 00 00 00 00
 (1789633081.381732)  can0  201   [6]  0F 00 00 00 00 00
 (1789633081.391788)  can0  201   [6]  0F 00 00 00 00 00
 (1789633081.397783)  can0  181   [8]  27 14 27 14 00 00 00 00
 (1789633081.398732)  can0  281   [5]  03 00 00 00 00
 (1789633081.401729)  can0  201   [6]  0F 00 00 00 00 00
 (1789633081.411809)  can0  201   [6]  0F 00 00 00 00 00
 (1789633081.421760)  can0  201   [6]  0F 00 00 00 00 00
 (1789633081.431729)  can0  201   [6]  0F 00 00 00 00 00
 (1789633081.441748)  can0  201   [6]  0F 00 00 00 00 00
 (1789633081.447730)  can0  181   [8]  27 14 27 14 00 00 00 00
 (1789633081.448677)  can0  281   [5]  03 00 00 00 00
 (1789633081.451732)  can0  201   [6]  0F 00 00 00 00 00
 (1789633081.461726)  can0  201   [6]  0F 00 00 00 00 00
 (1789633081.471745)  can0  201   [6]  0F 00 00 00 00 00
 (1789633081.481740)  can0  201   [6]  0F 00 00 00 00 00
 (1789633081.491729)  can0  201   [6]  0F 00 00 00 00 00
 (1789633081.497674)  can0  181   [8]  27 14 27 14 00 00 00 00
 (1789633081.498623)  can0  281   [5]  03 00 00 00 00
 (1789633081.501670)  can0  201   [6]  0F 00 00 00 00 00
 (1789633081.511725)  can0  201   [6]  0F 00 00 00 00 00
 (1789633081.521726)  can0  201   [6]  0F 00 00 00 00 00
 (1789633081.531044)  can0  701   [1]  05
 (1789633081.531738)  can0  201   [6]  0F 00 00 00 00 00
 (1789633081.541720)  can0  201   [6]  0F 00 00 00 00 00
 (1789633081.547623)  can0  181   [8]  27 14 27 14 00 00 00 00
 (1789633081.548578)  can0  281   [5]  03 00 00 00 00
 (1789633081.551660)  can0  201   [6]  0F 00 00 00 00 00
 (1789633081.561717)  can0  201   [6]  0F 00 00 00 00 00
 (1789633081.571715)  can0  201   [6]  0F 00 00 00 00 00
 (1789633081.581716)  can0  201   [6]  0F 00 00 00 00 00
 (1789633081.591716)  can0  201   [6]  0F 00 00 00 00 00
 (1789633081.597569)  can0  181   [8]  27 14 27 14 00 00 00 00
 (1789633081.598462)  can0  281   [5]  03 00 00 00 00
 (1789633081.601718)  can0  201   [6]  0F 00 00 00 00 00
 (1789633081.611718)  can0  201   [6]  0F 00 00 00 00 00
 (1789633081.621716)  can0  201   [6]  0F 00 00 00 00 00
 (1789633081.631716)  can0  201   [6]  0F 00 00 00 00 00
 (1789633081.641726)  can0  201   [6]  0F 00 00 00 00 00
 (1789633081.647516)  can0  181   [8]  27 14 27 14 00 00 00 00
 (1789633081.648467)  can0  281   [5]  03 00 00 00 00
 (1789633081.651718)  can0  201   [6]  0F 00 00 00 00 00
 (1789633081.661715)  can0  201   [6]  0F 00 00 00 00 00
 (1789633081.671712)  can0  201   [6]  0F 00 00 00 00 00
 (1789633081.681838)  can0  201   [6]  0F 00 00 00 00 00
 (1789633081.691718)  can0  201   [6]  0F 00 00 00 00 00
 (1789633081.697465)  can0  181   [8]  27 14 27 14 00 00 00 00
 (1789633081.698415)  can0  281   [5]  03 00 00 00 00
 (1789633081.701719)  can0  201   [6]  0F 00 00 00 00 00
 (1789633081.711716)  can0  201   [6]  0F 00 00 00 00 00
 (1789633081.721715)  can0  201   [6]  0F 00 00 00 00 00
 (1789633081.731716)  can0  201   [6]  0F 00 00 00 00 00
 (1789633081.741715)  can0  201   [6]  0F 00 00 00 00 00
 (1789633081.747413)  can0  181   [8]  27 14 27 14 00 00 00 00
 (1789633081.748361)  can0  281   [5]  03 00 00 00 00
 (1789633081.751718)  can0  201   [6]  0F 00 00 00 00 00
 (1789633081.761715)  can0  201   [6]  0F 00 00 00 00 00
 (1789633081.771715)  can0  201   [6]  0F 00 00 00 00 00
 (1789633081.780590)  can0  701   [1]  05
 (1789633081.781716)  can0  201   [6]  0F 00 00 00 00 00
 (1789633081.791713)  can0  201   [6]  0F 00 00 00 00 00
 (1789633081.797356)  can0  181   [8]  27 14 27 14 00 00 00 00
 (1789633081.798308)  can0  281   [5]  03 00 00 00 00
 (1789633081.801716)  can0  201   [6]  0F 00 00 00 00 00
 (1789633081.811718)  can0  201   [6]  0F 00 00 00 00 00
 (1789633081.821715)  can0  201   [6]  0F 00 00 00 00 00
 (1789633081.831716)  can0  201   [6]  0F 00 00 00 00 00
 (1789633081.841717)  can0  201   [6]  0F 00 00 00 00 00
 (1789633081.847304)  can0  181   [8]  27 14 27 14 00 00 00 00
 (1789633081.848257)  can0  281   [5]  03 00 00 00 00
 (1789633081.851717)  can0  201   [6]  0F 00 00 00 00 00
 (1789633081.861742)  can0  201   [6]  0F 00 00 00 00 00
 (1789633081.871732)  can0  201   [6]  0F 00 00 00 03 00
 (1789633081.881748)  can0  201   [6]  0F 00 00 00 03 00
 (1789633081.891741)  can0  201   [6]  0F 00 00 00 03 00
 (1789633081.897256)  can0  181   [8]  27 14 27 40 00 00 04 00
 (1789633081.898199)  can0  281   [5]  03 00 00 00 00
 (1789633081.901724)  can0  201   [6]  0F 00 00 00 03 00
 (1789633081.911736)  can0  201   [6]  0F 00 00 00 04 00
 (1789633081.921783)  can0  201   [6]  0F 00 00 00 04 00
 (1789633081.931727)  can0  201   [6]  0F 00 00 00 04 00
 (1789633081.941775)  can0  201   [6]  0F 00 00 00 04 00
 (1789633081.947199)  can0  181   [8]  27 14 27 44 00 00 1B 00
 (1789633081.948149)  can0  281   [5]  03 00 00 00 00
 (1789633081.951746)  can0  201   [6]  0F 00 00 00 04 00
 (1789633081.961732)  can0  201   [6]  0F 00 00 00 05 00
 (1789633081.971743)  can0  201   [6]  0F 00 00 00 05 00
 (1789633081.981731)  can0  201   [6]  0F 00 00 00 05 00
 (1789633081.991727)  can0  201   [6]  0F 00 00 00 05 00
 (1789633081.997145)  can0  181   [8]  27 14 27 44 00 00 2F 00
 (1789633081.998096)  can0  281   [5]  03 00 00 00 00
 (1789633082.001733)  can0  201   [6]  0F 00 00 00 05 00
 (1789633082.011736)  can0  201   [6]  0F 00 00 00 05 00
 (1789633082.021723)  can0  201   [6]  0F 00 00 00 05 00
 (1789633082.030141)  can0  701   [1]  05
 (1789633082.031726)  can0  201   [6]  0F 00 00 00 05 00
 (1789633082.041731)  can0  201   [6]  0F 00 00 00 05 00
 (1789633082.047092)  can0  181   [8]  27 14 27 44 00 00 2D 00
 (1789633082.048042)  can0  281   [5]  03 00 00 00 00
 (1789633082.051726)  can0  201   [6]  0F 00 00 00 05 00
 (1789633082.061739)  can0  201   [6]  0F 00 00 00 05 00
 (1789633082.071660)  can0  201   [6]  0F 00 00 00 05 00
 (1789633082.081716)  can0  201   [6]  0F 00 00 00 05 00
 (1789633082.091717)  can0  201   [6]  0F 00 00 00 05 00
 (1789633082.097040)  can0  181   [8]  27 14 27 44 00 00 32 00
 (1789633082.097991)  can0  281   [5]  03 00 00 00 00
 (1789633082.101718)  can0  201   [6]  0F 00 00 00 05 00
 (1789633082.111716)  can0  201   [6]  0F 00 00 00 05 00
 (1789633082.121716)  can0  201   [6]  0F 00 00 00 05 00
 (1789633082.131715)  can0  201   [6]  0F 00 00 00 05 00
 (1789633082.141715)  can0  201   [6]  0F 00 00 00 05 00
 (1789633082.146989)  can0  181   [8]  27 14 27 44 00 00 35 00
 (1789633082.147937)  can0  281   [5]  03 00 00 00 00
 (1789633082.151717)  can0  201   [6]  0F 00 00 00 05 00
 (1789633082.161715)  can0  201   [6]  0F 00 00 00 05 00
 (1789633082.171722)  can0  201   [6]  0F 00 00 00 05 00
 (1789633082.181714)  can0  201   [6]  0F 00 00 00 05 00
 (1789633082.191717)  can0  201   [6]  0F 00 00 00 05 00
 (1789633082.196935)  can0  181   [8]  27 14 27 44 00 00 2B 00
 (1789633082.197885)  can0  281   [5]  03 00 00 00 00
 (1789633082.201715)  can0  201   [6]  0F 00 00 00 05 00
 (1789633082.211758)  can0  201   [6]  0F 00 00 00 05 00
 (1789633082.221728)  can0  201   [6]  0F 00 00 00 05 00
 (1789633082.231715)  can0  201   [6]  0F 00 00 00 05 00
 (1789633082.241719)  can0  201   [6]  0F 00 00 00 05 00
 (1789633082.246883)  can0  181   [8]  27 14 27 44 00 00 30 00
 (1789633082.247831)  can0  281   [5]  03 00 00 00 00
 (1789633082.251715)  can0  201   [6]  0F 00 00 00 05 00
 (1789633082.261717)  can0  201   [6]  0F 00 00 00 05 00
 (1789633082.271716)  can0  201   [6]  0F 00 00 00 05 00
 (1789633082.279626)  can0  701   [1]  05
 (1789633082.281716)  can0  201   [6]  0F 00 00 00 05 00
 (1789633082.291718)  can0  201   [6]  0F 00 00 00 05 00
 (1789633082.296829)  can0  181   [8]  27 14 27 44 00 00 34 00
 (1789633082.297779)  can0  281   [5]  03 00 00 00 00
 (1789633082.301717)  can0  201   [6]  0F 00 00 00 05 00
 (1789633082.311716)  can0  201   [6]  0F 00 00 00 05 00
 (1789633082.321715)  can0  201   [6]  0F 00 00 00 05 00
 (1789633082.331717)  can0  201   [6]  0F 00 00 00 05 00
 (1789633082.341716)  can0  201   [6]  0F 00 00 00 05 00
 (1789633082.346774)  can0  181   [8]  27 14 27 44 00 00 31 00
 (1789633082.347727)  can0  281   [5]  03 00 00 00 00
 (1789633082.351719)  can0  201   [6]  0F 00 00 00 05 00
 (1789633082.361717)  can0  201   [6]  0F 00 00 00 05 00
 (1789633082.371717)  can0  201   [6]  0F 00 00 00 05 00
 (1789633082.381720)  can0  201   [6]  0F 00 00 00 05 00
 (1789633082.391756)  can0  201   [6]  0F 00 00 00 05 00
 (1789633082.396721)  can0  181   [8]  27 14 27 44 00 00 33 00
 (1789633082.397674)  can0  281   [5]  03 00 00 00 00
 (1789633082.401730)  can0  201   [6]  0F 00 00 00 05 00
 (1789633082.411747)  can0  201   [6]  0F 00 00 00 05 00
 (1789633082.421731)  can0  201   [6]  0F 00 00 00 05 00
 (1789633082.431726)  can0  201   [6]  0F 00 00 00 05 00
 (1789633082.441732)  can0  201   [6]  0F 00 00 00 05 00
 (1789633082.446670)  can0  181   [8]  27 14 27 44 00 00 31 00
 (1789633082.447622)  can0  281   [5]  03 00 00 00 00
 (1789633082.451782)  can0  201   [6]  0F 00 00 00 05 00
 (1789633082.461738)  can0  201   [6]  0F 00 00 00 05 00
 (1789633082.471740)  can0  201   [6]  0F 00 00 00 05 00
 (1789633082.481769)  can0  201   [6]  0F 00 00 00 05 00
 (1789633082.491735)  can0  201   [6]  0F 00 00 00 05 00
 (1789633082.496623)  can0  181   [8]  27 14 27 44 00 00 30 00
 (1789633082.497568)  can0  281   [5]  03 00 00 00 00
 (1789633082.501749)  can0  201   [6]  0F 00 00 00 05 00
 (1789633082.511738)  can0  201   [6]  0F 00 00 00 05 00
 (1789633082.521727)  can0  201   [6]  0F 00 00 00 05 00
 (1789633082.529177)  can0  701   [1]  05
 (1789633082.531725)  can0  201   [6]  0F 00 00 00 05 00
 (1789633082.541760)  can0  201   [6]  0F 00 00 00 05 00
 (1789633082.546574)  can0  181   [8]  27 14 27 44 00 00 35 00
 (1789633082.547515)  can0  281   [5]  03 00 00 00 00
 (1789633082.551732)  can0  201   [6]  0F 00 00 00 05 00
 (1789633082.561730)  can0  201   [6]  0F 00 00 00 05 00
 (1789633082.571726)  can0  201   [6]  0F 00 00 00 05 00
 (1789633082.581718)  can0  201   [6]  0F 00 00 00 05 00
 (1789633082.591748)  can0  201   [6]  0F 00 00 00 05 00
 (1789633082.596514)  can0  181   [8]  27 14 27 44 00 00 2C 00
 (1789633082.597464)  can0  281   [5]  03 00 00 00 00
 (1789633082.601718)  can0  201   [6]  0F 00 00 00 05 00
 (1789633082.611716)  can0  201   [6]  0F 00 00 00 05 00
 (1789633082.621714)  can0  201   [6]  0F 00 00 00 05 00
 (1789633082.631716)  can0  201   [6]  0F 00 00 00 05 00
 (1789633082.641718)  can0  201   [6]  0F 00 00 00 05 00
 (1789633082.646462)  can0  181   [8]  27 14 27 44 00 00 30 00
 (1789633082.647412)  can0  281   [5]  03 00 00 00 00
 (1789633082.651716)  can0  201   [6]  0F 00 00 00 05 00
 (1789633082.661717)  can0  201   [6]  0F 00 00 00 05 00
 (1789633082.671716)  can0  201   [6]  0F 00 00 00 05 00
 (1789633082.681714)  can0  201   [6]  0F 00 00 00 05 00
 (1789633082.691717)  can0  201   [6]  0F 00 00 00 05 00
 (1789633082.696406)  can0  181   [8]  27 14 27 44 00 00 34 00
 (1789633082.697356)  can0  281   [5]  03 00 00 00 00
 (1789633082.701716)  can0  201   [6]  0F 00 00 00 05 00
 (1789633082.711718)  can0  201   [6]  0F 00 00 00 05 00
 (1789633082.721714)  can0  201   [6]  0F 00 00 00 05 00
 (1789633082.731718)  can0  201   [6]  0F 00 00 00 05 00
 (1789633082.741715)  can0  201   [6]  0F 00 00 00 05 00
 (1789633082.746356)  can0  181   [8]  27 14 27 44 00 00 32 00
 (1789633082.747304)  can0  281   [5]  03 00 00 00 00
 (1789633082.751736)  can0  201   [6]  0F 00 00 00 05 00
 (1789633082.761719)  can0  201   [6]  0F 00 00 00 05 00
 (1789633082.771715)  can0  201   [6]  0F 00 00 00 05 00
 (1789633082.778721)  can0  701   [1]  05
 (1789633082.781718)  can0  201   [6]  0F 00 00 00 05 00
 (1789633082.791715)  can0  201   [6]  0F 00 00 00 05 00
 (1789633082.796301)  can0  181   [8]  27 14 27 44 00 00 32 00
 (1789633082.797254)  can0  281   [5]  03 00 00 00 00
 (1789633082.801717)  can0  201   [6]  0F 00 00 00 05 00
 (1789633082.811719)  can0  201   [6]  0F 00 00 00 05 00
 (1789633082.821716)  can0  201   [6]  0F 00 00 00 05 00
 (1789633082.831713)  can0  201   [6]  0F 00 00 00 05 00
 (1789633082.841716)  can0  201   [6]  0F 00 00 00 05 00
 (1789633082.846249)  can0  181   [8]  27 14 27 44 00 00 32 00
 (1789633082.847199)  can0  281   [5]  03 00 00 00 00
 (1789633082.851718)  can0  201   [6]  0F 00 00 00 05 00
 (1789633082.861713)  can0  201   [6]  0F 00 00 00 05 00
 (1789633082.871718)  can0  201   [6]  0F 00 00 00 05 00
 (1789633082.881715)  can0  201   [6]  0F 00 00 00 05 00
 (1789633082.891716)  can0  201   [6]  0F 00 00 00 05 00
 (1789633082.896196)  can0  181   [8]  27 14 27 44 00 00 30 00
 (1789633082.897145)  can0  281   [5]  03 00 00 00 00
 (1789633082.901719)  can0  201   [6]  0F 00 00 00 05 00
 (1789633082.911723)  can0  201   [6]  0F 00 00 00 05 00
 (1789633082.921742)  can0  201   [6]  0F 00 00 00 05 00
 (1789633082.931726)  can0  201   [6]  0F 00 00 00 05 00
 (1789633082.941732)  can0  201   [6]  0F 00 00 00 05 00
 (1789633082.946149)  can0  181   [8]  27 14 27 44 00 00 35 00
 (1789633082.947094)  can0  281   [5]  03 00 00 00 00
 (1789633082.951736)  can0  201   [6]  0F 00 00 00 05 00
 (1789633082.961727)  can0  201   [6]  0F 00 00 00 05 00
 (1789633082.971739)  can0  201   [6]  0F 00 00 00 05 00
 (1789633082.981735)  can0  201   [6]  0F 00 00 00 05 00
 (1789633082.991690)  can0  201   [6]  0F 00 00 00 05 00
 (1789633082.996033)  can0  181   [8]  27 14 27 44 00 00 2D 00
 (1789633082.996984)  can0  281   [5]  03 00 00 00 00
 (1789633083.001677)  can0  201   [6]  0F 00 00 00 05 00
 (1789633083.011710)  can0  201   [6]  0F 00 00 00 05 00
 (1789633083.021734)  can0  201   [6]  0F 00 00 00 05 00
 (1789633083.028220)  can0  701   [1]  05
 (1789633083.031742)  can0  201   [6]  0F 00 00 00 05 00
 (1789633083.041737)  can0  201   [6]  0F 00 00 00 05 00
 (1789633083.045984)  can0  181   [8]  27 14 27 44 00 00 30 00
 (1789633083.046931)  can0  281   [5]  03 00 00 00 00
 (1789633083.051670)  can0  201   [6]  0F 00 00 00 05 00
 (1789633083.061727)  can0  201   [6]  0F 00 00 00 05 00
 (1789633083.071690)  can0  201   [6]  0F 00 00 00 05 00
 (1789633083.081743)  can0  201   [6]  0F 00 00 00 05 00
 (1789633083.091726)  can0  201   [6]  0F 00 00 00 05 00
 (1789633083.095985)  can0  181   [8]  27 14 27 44 00 00 34 00
 (1789633083.096934)  can0  281   [5]  03 00 00 00 00
 (1789633083.101728)  can0  201   [6]  0F 00 00 00 05 00
 (1789633083.111723)  can0  201   [6]  0F 00 00 00 05 00
 (1789633083.121741)  can0  201   [6]  0F 00 00 00 05 00
 (1789633083.131718)  can0  201   [6]  0F 00 00 00 05 00
 (1789633083.141716)  can0  201   [6]  0F 00 00 00 05 00
 (1789633083.145932)  can0  181   [8]  27 14 27 44 00 00 32 00
 (1789633083.146884)  can0  281   [5]  03 00 00 00 00
 (1789633083.151719)  can0  201   [6]  0F 00 00 00 05 00
 (1789633083.161714)  can0  201   [6]  0F 00 00 00 05 00
 (1789633083.171715)  can0  201   [6]  0F 00 00 00 05 00
 (1789633083.181715)  can0  201   [6]  0F 00 00 00 05 00
 (1789633083.191715)  can0  201   [6]  0F 00 00 00 05 00
 (1789633083.195876)  can0  181   [8]  27 14 27 44 00 00 31 00
 (1789633083.196830)  can0  281   [5]  03 00 00 00 00
 (1789633083.201717)  can0  201   [6]  0F 00 00 00 05 00
 (1789633083.211716)  can0  201   [6]  0F 00 00 00 05 00
 (1789633083.221719)  can0  201   [6]  0F 00 00 00 05 00
 (1789633083.231717)  can0  201   [6]  0F 00 00 00 05 00
 (1789633083.241716)  can0  201   [6]  0F 00 00 00 05 00
 (1789633083.245822)  can0  181   [8]  27 14 27 44 00 00 31 00
 (1789633083.246775)  can0  281   [5]  03 00 00 00 00
 (1789633083.251716)  can0  201   [6]  0F 00 00 00 05 00
 (1789633083.261715)  can0  201   [6]  0F 00 00 00 05 00
 (1789633083.271715)  can0  201   [6]  0F 00 00 00 05 00
 (1789633083.277764)  can0  701   [1]  05
 (1789633083.281736)  can0  201   [6]  0F 00 00 00 05 00
 (1789633083.291721)  can0  201   [6]  0F 00 00 00 05 00
 (1789633083.295773)  can0  181   [8]  27 14 27 44 00 00 2F 00
 (1789633083.296723)  can0  281   [5]  03 00 00 00 00
 (1789633083.301716)  can0  201   [6]  0F 00 00 00 05 00
 (1789633083.311720)  can0  201   [6]  0F 00 00 00 05 00
 (1789633083.321714)  can0  201   [6]  0F 00 00 00 05 00
 (1789633083.331714)  can0  201   [6]  0F 00 00 00 05 00
 (1789633083.341718)  can0  201   [6]  0F 00 00 00 05 00
 (1789633083.345721)  can0  181   [8]  27 14 27 44 00 00 35 00
 (1789633083.346672)  can0  281   [5]  03 00 00 00 00
 (1789633083.351715)  can0  201   [6]  0F 00 00 00 05 00
 (1789633083.361716)  can0  201   [6]  0F 00 00 00 05 00
 (1789633083.371713)  can0  201   [6]  0F 00 00 00 05 00
 (1789633083.381715)  can0  201   [6]  0F 00 00 00 05 00
 (1789633083.391714)  can0  201   [6]  0F 00 00 00 05 00
 (1789633083.395668)  can0  181   [8]  27 94 27 40 00 00 24 00
 (1789633083.395958)  can0  201   [6]  06 00 00 00 00 00
 (1789633083.396619)  can0  281   [5]  03 00 00 00 00
 (1789633083.401716)  can0  201   [6]  06 00 00 00 00 00
 (1789633083.401985)  can0  201   [6]  06 00 00 00 00 00
 (1789633083.445615)  can0  181   [8]  21 94 21 14 00 00 FC FF
 (1789633083.446568)  can0  281   [5]  03 00 00 00 00
 (1789633083.495582)  can0  181   [8]  21 94 21 14 00 00 FF FF
 (1789633083.496517)  can0  281   [5]  03 00 00 00 00
 (1789633083.527329)  can0  701   [1]  05
 (1789633083.545519)  can0  181   [8]  21 94 21 14 00 00 00 00
 (1789633083.546466)  can0  281   [5]  03 00 00 00 00
 (1789633083.595476)  can0  181   [8]  21 94 21 14 00 00 00 00
 (1789633083.596411)  can0  281   [5]  03 00 00 00 00
 (1789633083.645416)  can0  181   [8]  21 94 21 14 00 00 00 00
 (1789633083.646357)  can0  281   [5]  03 00 00 00 00
 (1789633083.695355)  can0  181   [8]  21 94 21 14 00 00 00 00
 (1789633083.696303)  can0  281   [5]  03 00 00 00 00
 (1789633083.696799)  can0  601   [8]  23 FF 60 01 00 00 00 00
 (1789633083.697106)  can0  581   [8]  60 FF 60 01 00 00 00 00
 (1789633083.698730)  can0  601   [8]  40 FF 60 01 00 00 00 00
 (1789633083.699047)  can0  581   [8]  43 FF 60 01 00 00 00 00
 (1789633083.700742)  can0  601   [8]  23 FF 60 02 00 00 00 00
 (1789633083.701096)  can0  581   [8]  60 FF 60 02 00 00 00 00
 (1789633083.702731)  can0  601   [8]  40 FF 60 02 00 00 00 00
 (1789633083.702986)  can0  581   [8]  43 FF 60 02 00 00 00 00
 (1789633083.704679)  can0  601   [8]  2B 40 60 00 00 00 00 00
 (1789633083.705032)  can0  581   [8]  60 40 60 00 00 00 00 00
 (1789633083.706732)  can0  601   [8]  40 40 60 00 00 00 00 00
 (1789633083.707084)  can0  581   [8]  4B 40 60 00 00 00 00 00
 (1789633083.708732)  can0  601   [8]  40 41 60 00 00 00 00 00
 (1789633083.709066)  can0  581   [8]  43 41 60 00 60 94 60 14
 (1789633083.710737)  can0  601   [8]  40 6C 60 01 00 00 00 00
 (1789633083.711069)  can0  581   [8]  43 6C 60 01 00 00 00 00
 (1789633083.712727)  can0  601   [8]  40 6C 60 02 00 00 00 00
 (1789633083.713063)  can0  581   [8]  43 6C 60 02 00 00 00 00
 (1789633083.714730)  can0  601   [8]  40 6C 60 03 00 00 00 00
 (1789633083.715003)  can0  581   [8]  43 6C 60 03 00 00 00 00
 (1789633083.737729)  can0  601   [8]  40 6C 60 01 00 00 00 00
 (1789633083.738068)  can0  581   [8]  43 6C 60 01 00 00 00 00
 (1789633083.739726)  can0  601   [8]  40 6C 60 02 00 00 00 00
 (1789633083.740063)  can0  581   [8]  43 6C 60 02 00 00 00 00
 (1789633083.741730)  can0  601   [8]  40 6C 60 03 00 00 00 00
 (1789633083.742060)  can0  581   [8]  43 6C 60 03 00 00 00 00
 (1789633083.745299)  can0  181   [8]  60 94 60 14 00 00 00 00
 (1789633083.746251)  can0  281   [5]  03 00 00 00 00
 (1789633083.764732)  can0  601   [8]  40 6C 60 01 00 00 00 00
 (1789633083.765070)  can0  581   [8]  43 6C 60 01 00 00 00 00
 (1789633083.766730)  can0  601   [8]  40 6C 60 02 00 00 00 00
 (1789633083.767065)  can0  581   [8]  43 6C 60 02 00 00 00 00
 (1789633083.768730)  can0  601   [8]  40 6C 60 03 00 00 00 00
 (1789633083.769062)  can0  581   [8]  43 6C 60 03 00 00 00 00
 (1789633083.776796)  can0  701   [1]  05
 (1789633083.791729)  can0  601   [8]  40 6C 60 01 00 00 00 00
 (1789633083.792068)  can0  581   [8]  43 6C 60 01 00 00 00 00
 (1789633083.793728)  can0  601   [8]  40 6C 60 02 00 00 00 00
 (1789633083.794064)  can0  581   [8]  43 6C 60 02 00 00 00 00
 (1789633083.795246)  can0  181   [8]  60 94 60 14 00 00 00 00
 (1789633083.795567)  can0  601   [8]  40 6C 60 03 00 00 00 00
 (1789633083.795874)  can0  581   [8]  43 6C 60 03 00 00 00 00
 (1789633083.796351)  can0  281   [5]  03 00 00 00 00
 (1789633083.816741)  can0  601   [8]  40 6C 60 01 00 00 00 00
 (1789633083.817076)  can0  581   [8]  43 6C 60 01 00 00 00 00
 (1789633083.818731)  can0  601   [8]  40 6C 60 02 00 00 00 00
 (1789633083.819066)  can0  581   [8]  43 6C 60 02 00 00 00 00
 (1789633083.820730)  can0  601   [8]  40 6C 60 03 00 00 00 00
 (1789633083.821064)  can0  581   [8]  43 6C 60 03 00 00 00 00
 (1789633083.843731)  can0  601   [8]  40 6C 60 01 00 00 00 00
 (1789633083.844074)  can0  581   [8]  43 6C 60 01 00 00 00 00
 (1789633083.845195)  can0  181   [8]  60 94 60 14 00 00 00 00
 (1789633083.845509)  can0  601   [8]  40 6C 60 02 00 00 00 00
 (1789633083.845819)  can0  581   [8]  43 6C 60 02 00 00 00 00
 (1789633083.846145)  can0  281   [5]  03 00 00 00 00
 (1789633083.846731)  can0  601   [8]  40 6C 60 03 00 00 00 00
 (1789633083.847065)  can0  581   [8]  43 6C 60 03 00 00 00 00
 (1789633083.869727)  can0  601   [8]  40 6C 60 01 00 00 00 00
 (1789633083.870076)  can0  581   [8]  43 6C 60 01 00 00 00 00
 (1789633083.871672)  can0  601   [8]  40 6C 60 02 00 00 00 00
 (1789633083.872072)  can0  581   [8]  43 6C 60 02 00 00 00 00
 (1789633083.873729)  can0  601   [8]  40 6C 60 03 00 00 00 00
 (1789633083.874011)  can0  581   [8]  43 6C 60 03 00 00 00 00
 (1789633083.875629)  can0  000   [2]  80 01
 (1789633084.026354)  can0  701   [1]  7F
 (1789633084.026753)  can0  601   [8]  23 00 14 01 01 02 00 80
 (1789633084.027096)  can0  581   [8]  60 00 14 01 00 00 00 00
 (1789633084.028733)  can0  601   [8]  40 00 14 01 00 00 00 00
 (1789633084.029086)  can0  581   [8]  43 00 14 01 01 02 00 80
 (1789633084.030735)  can0  601   [8]  2F 00 16 00 00 00 00 00
 (1789633084.031087)  can0  581   [8]  60 00 16 00 00 00 00 00
 (1789633084.032732)  can0  601   [8]  40 00 16 00 00 00 00 00
 (1789633084.033079)  can0  581   [8]  4F 00 16 00 00 00 00 00
 (1789633084.034724)  can0  601   [8]  23 00 16 01 10 00 40 60
 (1789633084.035020)  can0  581   [8]  60 00 16 01 00 00 00 00
 (1789633084.036727)  can0  601   [8]  40 00 16 01 00 00 00 00
 (1789633084.037008)  can0  581   [8]  43 00 16 01 10 00 40 60
 (1789633084.038727)  can0  601   [8]  23 00 16 02 08 00 60 60
 (1789633084.039067)  can0  581   [8]  60 00 16 02 00 00 00 00
 (1789633084.040728)  can0  601   [8]  40 00 16 02 00 00 00 00
 (1789633084.041058)  can0  581   [8]  43 00 16 02 08 00 60 60
 (1789633084.042734)  can0  601   [8]  2F 00 16 00 02 00 00 00
 (1789633084.043057)  can0  581   [8]  60 00 16 00 00 00 00 00
 (1789633084.044750)  can0  601   [8]  40 00 16 00 00 00 00 00
 (1789633084.045052)  can0  581   [8]  4F 00 16 00 02 00 00 00
 (1789633084.046730)  can0  601   [8]  23 00 14 01 01 02 00 00
 (1789633084.047047)  can0  581   [8]  60 00 14 01 00 00 00 00
 (1789633084.048728)  can0  601   [8]  40 00 14 01 00 00 00 00
 (1789633084.048983)  can0  581   [8]  43 00 14 01 01 02 00 00
 (1789633084.050674)  can0  601   [8]  23 01 18 01 81 02 00 80
 (1789633084.050986)  can0  581   [8]  60 01 18 01 00 00 00 00
 (1789633084.052726)  can0  601   [8]  40 01 18 01 00 00 00 00
 (1789633084.053030)  can0  581   [8]  43 01 18 01 81 02 00 80
 (1789633084.054731)  can0  601   [8]  2F 01 1A 00 00 00 00 00
 (1789633084.054984)  can0  581   [8]  60 01 1A 00 00 00 00 00
 (1789633084.056729)  can0  601   [8]  40 01 1A 00 00 00 00 00
 (1789633084.057084)  can0  581   [8]  4F 01 1A 00 00 00 00 00
 (1789633084.058728)  can0  601   [8]  23 01 1A 01 00 00 00 00
 (1789633084.059079)  can0  581   [8]  60 01 1A 01 00 00 00 00
 (1789633084.060739)  can0  601   [8]  40 01 1A 01 00 00 00 00
 (1789633084.061015)  can0  581   [8]  43 01 1A 01 00 00 00 00
 (1789633084.062729)  can0  601   [8]  23 01 1A 02 00 00 00 00
 (1789633084.063015)  can0  581   [8]  60 01 1A 02 00 00 00 00
 (1789633084.064670)  can0  601   [8]  40 01 1A 02 00 00 00 00
 (1789633084.065006)  can0  581   [8]  43 01 1A 02 00 00 00 00
 (1789633084.066736)  can0  601   [8]  2F 01 1A 00 00 00 00 00
 (1789633084.067006)  can0  581   [8]  60 01 1A 00 00 00 00 00
 (1789633084.068672)  can0  601   [8]  40 01 1A 00 00 00 00 00
 (1789633084.069002)  can0  581   [8]  4F 01 1A 00 00 00 00 00
 (1789633084.070672)  can0  601   [8]  2B 01 18 05 00 00 00 00
 (1789633084.070998)  can0  581   [8]  60 01 18 05 00 00 00 00
 (1789633084.072725)  can0  601   [8]  40 01 18 05 00 00 00 00
 (1789633084.073045)  can0  581   [8]  4B 01 18 05 00 00 00 00
 (1789633084.074728)  can0  601   [8]  23 01 18 01 81 02 00 00
 (1789633084.074989)  can0  581   [8]  60 01 18 01 00 00 00 00
 (1789633084.076725)  can0  601   [8]  40 01 18 01 00 00 00 00
 (1789633084.077036)  can0  581   [8]  43 01 18 01 81 02 00 00
 (1789633084.078738)  can0  601   [8]  2B 00 20 00 00 00 00 00
 (1789633084.079053)  can0  581   [8]  60 00 20 00 00 00 00 00
 (1789633084.080674)  can0  601   [8]  40 00 20 00 00 00 00 00
 (1789633084.080986)  can0  581   [8]  4B 00 20 00 00 00 00 00
 (1789633084.082728)  can0  601   [8]  2B 17 10 00 00 00 00 00
 (1789633084.083088)  can0  581   [8]  60 17 10 00 00 00 00 00
 (1789633084.084725)  can0  601   [8]  40 17 10 00 00 00 00 00
 (1789633084.085023)  can0  581   [8]  4B 17 10 00 00 00 00 00
