INPUT_WAIT: waiting healthy neutral SBUS; turn transmitter ON if needed; release CH6; total window60s
WINDOW_REMAINING: 59
INPUT_WAIT: turn transmitter ON; neutral and release CH6; waiting healthy input
CONTROL_READY: healthy neutral input; press CH6 once then release
WINDOW_REMAINING: 58
ARMING: new neutral authorization received; keep neutral until MOTION_READY
WINDOW_REMAINING: 57
MOTION_READY: right positive only; forward throttle ONLY, steering neutral; hold and wait for POWER_OFF_READY; maximum8s, keep receiver powered
WINDOW_REMAINING: 56
WINDOW_REMAINING: 55
WINDOW_REMAINING: 54
WINDOW_REMAINING: 53
WINDOW_REMAINING: 52
POWER_OFF_READY: positive right feedback observed for1s; long-press transmitter power OFF now; keep receiver powered; hold throttle until OFF then neutral
WINDOW_REMAINING: 51
WINDOW_REMAINING: 50
WINDOW_REMAINING: 49
WINDOW_REMAINING: 48
WINDOW_REMAINING: 47
WINDOW_REMAINING: 46
APPLICATION_STOPPING: no further operator actions; neutral and wait for cleanup
WINDOW_REMAINING: 45
APPLICATION_EXIT: no further stick stimulus; remain neutral; inspect result
{"passed": false, "arguments": ["--interface", "can0", "--device", "/dev/serial/by-id/usb-1a86_USB_Single_Serial_586D017868-if00", "--duration-ms", "60000", "--right-throttle", "--zero-feedback-tenths-rpm", "15", "--motion-window-ms", "8000"], "artifact_sha256": "38800cfe2e4f9d7de1c338569a07b387ff15ca77b25e4737a4391c9ddaa7f513", "operator_prompted": true, "motion_ready": true, "power_off_prompted": true, "stopping_prompted": true, "application_exit": 1, "application_elapsed_ms": 15351.903984032106, "acceptance": "PENDING independent motion/SBUS-loss/feedback/restoration audit"}
