 (1789012296.256619)  can0  601   [8]  40 00 20 00 00 00 00 00
 (1789012296.256981)  can0  581   [8]  4B 00 20 00 00 00 00 00
 (1789012296.258575)  can0  601   [8]  40 17 10 00 00 00 00 00
 (1789012296.258907)  can0  581   [8]  4B 17 10 00 00 00 00 00
 (1789012296.260566)  can0  601   [8]  2B 17 10 00 F4 01 00 00
 (1789012296.260912)  can0  581   [8]  60 17 10 00 00 00 00 00
 (1789012296.262566)  can0  601   [8]  40 17 10 00 00 00 00 00
 (1789012296.262899)  can0  581   [8]  4B 17 10 00 F4 01 00 00
 (1789012296.510354)  can0  701   [1]  7F
 (1789012296.512579)  can0  601   [8]  40 60 60 00 00 00 00 00
 (1789012296.512909)  can0  581   [8]  4F 60 60 00 03 00 00 00
 (1789012296.514570)  can0  601   [8]  40 61 60 00 00 00 00 00
 (1789012296.514843)  can0  581   [8]  4F 61 60 00 03 00 00 00
 (1789012296.516568)  can0  601   [8]  40 FF 60 01 00 00 00 00
 (1789012296.516900)  can0  581   [8]  43 FF 60 01 00 00 00 00
 (1789012296.518571)  can0  601   [8]  40 FF 60 02 00 00 00 00
 (1789012296.518898)  can0  581   [8]  43 FF 60 02 00 00 00 00
 (1789012296.520570)  can0  601   [8]  40 3F 60 00 00 00 00 00
 (1789012296.520892)  can0  581   [8]  43 3F 60 00 00 00 00 00
 (1789012296.522572)  can0  601   [8]  40 6C 60 01 00 00 00 00
 (1789012296.522826)  can0  581   [8]  43 6C 60 01 00 00 00 00
 (1789012296.523586)  can0  601   [8]  40 6C 60 02 00 00 00 00
 (1789012296.523895)  can0  581   [8]  43 6C 60 02 00 00 00 00
 (1789012296.525569)  can0  601   [8]  40 6C 60 03 00 00 00 00
 (1789012296.525878)  can0  581   [8]  43 6C 60 03 00 00 00 00
 (1789012296.527516)  can0  601   [8]  40 0F 20 00 00 00 00 00
 (1789012296.527876)  can0  581   [8]  4B 0F 20 00 01 00 00 00
 (1789012296.529571)  can0  601   [8]  2B 0F 20 00 00 00 00 00
 (1789012296.529878)  can0  581   [8]  60 0F 20 00 00 00 00 00
 (1789012296.531514)  can0  601   [8]  40 0F 20 00 00 00 00 00
 (1789012296.531928)  can0  581   [8]  4B 0F 20 00 00 00 00 00
 (1789012296.533577)  can0  601   [8]  23 FF 60 01 00 00 00 00
 (1789012296.533869)  can0  581   [8]  60 FF 60 01 00 00 00 00
 (1789012296.535566)  can0  601   [8]  40 FF 60 01 00 00 00 00
 (1789012296.535920)  can0  581   [8]  43 FF 60 01 00 00 00 00
 (1789012296.537519)  can0  601   [8]  23 FF 60 02 00 00 00 00
 (1789012296.537859)  can0  581   [8]  60 FF 60 02 00 00 00 00
 (1789012296.539570)  can0  601   [8]  40 FF 60 02 00 00 00 00
 (1789012296.539857)  can0  581   [8]  43 FF 60 02 00 00 00 00
 (1789012296.541405)  can0  000   [2]  01 01
 (1789012296.541792)  can0  181   [8]  07 14 07 14 00 00 00 00
 (1789012296.541842)  can0  281   [0] 
 (1789012296.541994)  can0  381   [0] 
 (1789012296.542034)  can0  481   [0] 
 (1789012296.591748)  can0  181   [8]  07 14 07 14 00 00 00 00
 (1789012296.641748)  can0  181   [8]  07 14 07 14 00 00 00 00
 (1789012296.691700)  can0  181   [8]  07 14 07 14 00 00 00 00
 (1789012296.741650)  can0  181   [8]  07 14 07 14 00 00 00 00
 (1789012296.759920)  can0  701   [1]  05
 (1789012296.761572)  can0  601   [8]  2F 60 60 00 03 00 00 00
 (1789012296.761921)  can0  581   [8]  60 60 60 00 00 00 00 00
 (1789012296.763569)  can0  601   [8]  40 61 60 00 00 00 00 00
 (1789012296.763852)  can0  581   [8]  4F 61 60 00 03 00 00 00
 (1789012296.765576)  can0  601   [8]  2B 40 60 00 06 00 00 00
 (1789012296.765910)  can0  581   [8]  60 40 60 00 00 00 00 00
 (1789012296.791601)  can0  181   [8]  07 14 07 14 00 00 00 00
 (1789012296.841554)  can0  181   [8]  07 14 07 14 00 00 00 00
 (1789012296.891505)  can0  181   [8]  07 14 07 14 00 00 00 00
 (1789012296.941455)  can0  181   [8]  07 14 07 14 00 00 00 00
 (1789012296.991405)  can0  181   [8]  07 14 07 14 00 00 00 00
 (1789012297.009425)  can0  701   [1]  05
 (1789012297.041358)  can0  181   [8]  07 14 07 14 00 00 00 00
 (1789012297.091307)  can0  181   [8]  07 14 07 14 00 00 00 00
 (1789012297.141259)  can0  181   [8]  07 14 07 14 00 00 00 00
 (1789012297.191211)  can0  181   [8]  07 14 07 14 00 00 00 00
 (1789012297.241162)  can0  181   [8]  07 14 07 14 00 00 00 00
 (1789012297.258994)  can0  701   [1]  05
 (1789012297.291112)  can0  181   [8]  07 14 07 14 00 00 00 00
 (1789012297.341065)  can0  181   [8]  07 14 07 14 00 00 00 00
 (1789012297.391014)  can0  181   [8]  07 14 07 14 00 00 00 00
 (1789012297.440969)  can0  181   [8]  07 14 07 14 00 00 00 00
 (1789012297.490917)  can0  181   [8]  07 14 07 14 00 00 00 00
 (1789012297.508499)  can0  701   [1]  05
 (1789012297.540869)  can0  181   [8]  07 14 07 14 00 00 00 00
 (1789012297.590822)  can0  181   [8]  07 14 07 14 00 00 00 00
 (1789012297.640770)  can0  181   [8]  07 14 07 14 00 00 00 00
 (1789012297.690721)  can0  181   [8]  07 14 07 14 00 00 00 00
 (1789012297.740672)  can0  181   [8]  07 14 07 14 00 00 00 00
 (1789012297.758067)  can0  701   [1]  05
 (1789012297.790623)  can0  181   [8]  07 14 07 14 00 00 00 00
 (1789012297.840576)  can0  181   [8]  07 14 07 14 00 00 00 00
 (1789012297.890526)  can0  181   [8]  07 14 07 14 00 00 00 00
 (1789012297.940478)  can0  181   [8]  07 14 07 14 00 00 00 00
 (1789012297.990427)  can0  181   [8]  07 14 07 14 00 00 00 00
 (1789012298.007575)  can0  701   [1]  05
 (1789012298.040379)  can0  181   [8]  07 14 07 14 00 00 00 00
 (1789012298.090330)  can0  181   [8]  07 14 07 14 00 00 00 00
 (1789012298.140281)  can0  181   [8]  07 14 07 14 00 00 00 00
 (1789012298.190233)  can0  181   [8]  07 14 07 14 00 00 00 00
 (1789012298.240184)  can0  181   [8]  07 14 07 14 00 00 00 00
 (1789012298.257086)  can0  701   [1]  05
 (1789012298.290135)  can0  181   [8]  07 14 07 14 00 00 00 00
 (1789012298.340087)  can0  181   [8]  07 14 07 14 00 00 00 00
 (1789012298.390037)  can0  181   [8]  07 14 07 14 00 00 00 00
 (1789012298.439988)  can0  181   [8]  07 14 07 14 00 00 00 00
 (1789012298.489938)  can0  181   [8]  07 14 07 14 00 00 00 00
 (1789012298.506650)  can0  701   [1]  05
 (1789012298.539891)  can0  181   [8]  07 14 07 14 00 00 00 00
 (1789012298.589841)  can0  181   [8]  07 14 07 14 00 00 00 00
 (1789012298.639793)  can0  181   [8]  07 14 07 14 00 00 00 00
 (1789012298.689744)  can0  181   [8]  07 14 07 14 00 00 00 00
 (1789012298.739694)  can0  181   [8]  07 14 07 14 00 00 00 00
 (1789012298.756158)  can0  701   [1]  05
 (1789012298.766581)  can0  601   [8]  23 FF 60 01 00 00 00 00
 (1789012298.766944)  can0  581   [8]  60 FF 60 01 00 00 00 00
 (1789012298.768566)  can0  601   [8]  40 FF 60 01 00 00 00 00
 (1789012298.768878)  can0  581   [8]  43 FF 60 01 00 00 00 00
 (1789012298.770578)  can0  601   [8]  23 FF 60 02 00 00 00 00
 (1789012298.770937)  can0  581   [8]  60 FF 60 02 00 00 00 00
 (1789012298.772566)  can0  601   [8]  40 FF 60 02 00 00 00 00
 (1789012298.772929)  can0  581   [8]  43 FF 60 02 00 00 00 00
 (1789012298.774573)  can0  601   [8]  2B 40 60 00 06 00 00 00
 (1789012298.774873)  can0  581   [8]  60 40 60 00 00 00 00 00
 (1789012298.789645)  can0  181   [8]  07 14 07 14 00 00 00 00
 (1789012298.839597)  can0  181   [8]  07 14 07 14 00 00 00 00
 (1789012298.889549)  can0  181   [8]  07 14 07 14 00 00 00 00
 (1789012298.939500)  can0  181   [8]  07 14 07 14 00 00 00 00
 (1789012298.989451)  can0  181   [8]  07 14 07 14 00 00 00 00
 (1789012299.005723)  can0  701   [1]  05
 (1789012299.039401)  can0  181   [8]  07 14 07 14 00 00 00 00
 (1789012299.089352)  can0  181   [8]  07 14 07 14 00 00 00 00
 (1789012299.139303)  can0  181   [8]  07 14 07 14 00 00 00 00
 (1789012299.189254)  can0  181   [8]  07 14 07 14 00 00 00 00
 (1789012299.239206)  can0  181   [8]  07 14 07 14 00 00 00 00
 (1789012299.255229)  can0  701   [1]  05
 (1789012299.289159)  can0  181   [8]  07 14 07 14 00 00 00 00
 (1789012299.339108)  can0  181   [8]  07 14 07 14 00 00 00 00
 (1789012299.389060)  can0  181   [8]  07 14 07 14 00 00 00 00
 (1789012299.439010)  can0  181   [8]  07 14 07 14 00 00 00 00
 (1789012299.488961)  can0  181   [8]  07 14 07 14 00 00 00 00
 (1789012299.504798)  can0  701   [1]  05
 (1789012299.538911)  can0  181   [8]  07 14 07 14 00 00 00 00
 (1789012299.588864)  can0  181   [8]  07 14 07 14 00 00 00 00
 (1789012299.638815)  can0  181   [8]  07 14 07 14 00 00 00 00
 (1789012299.688767)  can0  181   [8]  07 14 07 14 00 00 00 00
 (1789012299.738717)  can0  181   [8]  07 14 07 14 00 00 00 00
 (1789012299.754304)  can0  701   [1]  05
 (1789012299.788667)  can0  181   [8]  07 14 07 14 00 00 00 00
 (1789012299.838618)  can0  181   [8]  07 14 07 14 00 00 00 00
 (1789012299.888569)  can0  181   [8]  07 14 07 14 00 00 00 00
 (1789012299.938522)  can0  181   [8]  07 14 07 14 00 00 00 00
 (1789012299.988473)  can0  181   [8]  07 14 07 14 00 00 00 00
 (1789012300.003872)  can0  701   [1]  05
 (1789012300.038408)  can0  181   [8]  07 14 07 14 00 00 00 00
 (1789012300.088376)  can0  181   [8]  07 14 07 14 00 00 00 00
 (1789012300.138326)  can0  181   [8]  07 14 07 14 00 00 00 00
 (1789012300.188276)  can0  181   [8]  07 14 07 14 00 00 00 00
 (1789012300.238228)  can0  181   [8]  07 14 07 14 00 00 00 00
 (1789012300.253379)  can0  701   [1]  05
 (1789012300.288180)  can0  181   [8]  07 14 07 14 00 00 00 00
 (1789012300.338131)  can0  181   [8]  07 14 07 14 00 00 00 00
 (1789012300.388081)  can0  181   [8]  07 14 07 14 00 00 00 00
 (1789012300.438032)  can0  181   [8]  07 14 07 14 00 00 00 00
 (1789012300.487982)  can0  181   [8]  07 14 07 14 00 00 00 00
 (1789012300.502948)  can0  701   [1]  05
 (1789012300.537935)  can0  181   [8]  07 14 07 14 00 00 00 00
 (1789012300.587888)  can0  181   [8]  07 14 07 14 00 00 00 00
 (1789012300.637837)  can0  181   [8]  07 14 07 14 00 00 00 00
 (1789012300.687787)  can0  181   [8]  07 14 07 14 00 00 00 00
 (1789012300.737740)  can0  181   [8]  07 14 07 14 00 00 00 00
 (1789012300.752452)  can0  701   [1]  05
 (1789012300.774474)  can0  000   [2]  80 01
 (1789012300.774719)  can0  601   [8]  2B 0F 20 00 01 00 00 00
 (1789012300.775094)  can0  581   [8]  60 0F 20 00 00 00 00 00
 (1789012300.776573)  can0  601   [8]  40 0F 20 00 00 00 00 00
 (1789012300.776897)  can0  581   [8]  4B 0F 20 00 01 00 00 00
 (1789012300.778569)  can0  601   [8]  2B 17 10 00 00 00 00 00
 (1789012300.778897)  can0  581   [8]  60 17 10 00 00 00 00 00
 (1789012300.780565)  can0  601   [8]  40 17 10 00 00 00 00 00
 (1789012300.780832)  can0  581   [8]  4B 17 10 00 00 00 00 00
