CAPTURE_READY
 (1789037512.513804)  can0  601   [8]  40 41 60 00 00 00 00 00
 (1789037512.514094)  can0  581   [8]  43 41 60 00 21 14 21 14
 (1789037512.663797)  can0  601   [8]  40 FF 60 01 00 00 00 00
 (1789037512.664123)  can0  581   [8]  43 FF 60 01 00 00 00 00
 (1789037512.813535)  can0  601   [8]  40 FF 60 02 00 00 00 00
 (1789037512.813842)  can0  581   [8]  43 FF 60 02 00 00 00 00
 (1789037512.963858)  can0  601   [8]  40 3F 60 00 00 00 00 00
 (1789037512.964179)  can0  581   [8]  43 3F 60 00 00 00 00 00
 (1789037513.113646)  can0  601   [8]  40 60 60 00 00 00 00 00
 (1789037513.113956)  can0  581   [8]  4F 60 60 00 03 00 00 00
 (1789037513.263897)  can0  601   [8]  40 61 60 00 00 00 00 00
 (1789037513.264230)  can0  581   [8]  4F 61 60 00 03 00 00 00
 (1789037513.413738)  can0  601   [8]  40 6C 60 01 00 00 00 00
 (1789037513.414072)  can0  581   [8]  43 6C 60 01 00 00 00 00
 (1789037513.564114)  can0  601   [8]  40 6C 60 02 00 00 00 00
 (1789037513.564416)  can0  581   [8]  43 6C 60 02 00 00 00 00
 (1789037513.713806)  can0  601   [8]  40 6C 60 03 00 00 00 00
 (1789037513.714124)  can0  581   [8]  43 6C 60 03 00 00 00 00
 (1789037513.864314)  can0  601   [8]  40 17 10 00 00 00 00 00
 (1789037513.864653)  can0  581   [8]  4B 17 10 00 00 00 00 00
 (1789037514.013710)  can0  601   [8]  40 00 18 01 00 00 00 00
 (1789037514.014057)  can0  581   [8]  43 00 18 01 81 01 00 00
 (1789037514.163935)  can0  601   [8]  40 00 18 02 00 00 00 00
 (1789037514.164271)  can0  581   [8]  4F 00 18 02 FF 00 00 00
 (1789037514.313687)  can0  601   [8]  40 00 18 05 00 00 00 00
 (1789037514.313990)  can0  581   [8]  4B 00 18 05 64 00 00 00
 (1789037514.463410)  can0  601   [8]  40 00 1A 00 00 00 00 00
 (1789037514.463767)  can0  581   [8]  4F 00 1A 00 02 00 00 00
 (1789037514.613708)  can0  601   [8]  40 00 1A 01 00 00 00 00
 (1789037514.614041)  can0  581   [8]  43 00 1A 01 20 00 41 60
 (1789037514.763815)  can0  601   [8]  40 00 1A 02 00 00 00 00
 (1789037514.764126)  can0  581   [8]  43 00 1A 02 20 03 6C 60
