 (1788841502.595166)  can0  701   [1]  00
 (1788841502.612010)  can0  601   [8]  2B 17 10 00 E8 03 00 00
 (1788841502.612361)  can0  581   [8]  60 17 10 00 00 00 00 00
 (1788841503.111499)  can0  701   [1]  7F
 (1788841503.121247)  can0  601   [8]  40 60 60 00 00 00 00 00
 (1788841503.121601)  can0  581   [8]  4F 60 60 00 03 00 00 00
 (1788841503.123213)  can0  601   [8]  40 61 60 00 00 00 00 00
 (1788841503.123528)  can0  581   [8]  4F 61 60 00 03 00 00 00
 (1788841503.125148)  can0  601   [8]  40 FF 60 01 00 00 00 00
 (1788841503.125473)  can0  581   [8]  43 FF 60 01 00 00 00 00
 (1788841503.127203)  can0  601   [8]  40 FF 60 02 00 00 00 00
 (1788841503.127529)  can0  581   [8]  43 FF 60 02 00 00 00 00
 (1788841503.129203)  can0  601   [8]  40 3F 60 00 00 00 00 00
 (1788841503.129467)  can0  581   [8]  43 3F 60 00 00 00 00 00
 (1788841503.131204)  can0  601   [8]  40 6C 60 01 00 00 00 00
 (1788841503.131514)  can0  581   [8]  43 6C 60 01 00 00 00 00
 (1788841503.133201)  can0  601   [8]  40 6C 60 02 00 00 00 00
 (1788841503.133513)  can0  581   [8]  43 6C 60 02 00 00 00 00
 (1788841503.135201)  can0  601   [8]  40 6C 60 03 00 00 00 00
 (1788841503.135455)  can0  581   [8]  43 6C 60 03 00 00 00 00
 (1788841503.137153)  can0  601   [8]  40 0F 20 00 00 00 00 00
 (1788841503.137569)  can0  581   [8]  4B 0F 20 00 01 00 00 00
 (1788841503.139215)  can0  601   [8]  2B 0F 20 00 00 00 00 00
 (1788841503.139514)  can0  581   [8]  60 0F 20 00 00 00 00 00
 (1788841503.141207)  can0  601   [8]  40 0F 20 00 00 00 00 00
 (1788841503.141565)  can0  581   [8]  4B 0F 20 00 00 00 00 00
 (1788841503.143180)  can0  601   [8]  23 FF 60 01 00 00 00 00
 (1788841503.143561)  can0  581   [8]  60 FF 60 01 00 00 00 00
 (1788841503.145200)  can0  601   [8]  40 FF 60 01 00 00 00 00
 (1788841503.145557)  can0  581   [8]  43 FF 60 01 00 00 00 00
 (1788841503.147214)  can0  601   [8]  23 FF 60 02 00 00 00 00
 (1788841503.147553)  can0  581   [8]  60 FF 60 02 00 00 00 00
 (1788841503.149201)  can0  601   [8]  40 FF 60 02 00 00 00 00
 (1788841503.149493)  can0  581   [8]  43 FF 60 02 00 00 00 00
 (1788841503.151095)  can0  000   [2]  01 01
 (1788841503.151481)  can0  181   [8]  00 14 00 14 00 00 00 00
 (1788841503.151582)  can0  281   [0] 
 (1788841503.151683)  can0  381   [0] 
 (1788841503.151780)  can0  481   [0] 
 (1788841503.201453)  can0  181   [8]  00 14 00 14 00 00 00 00
 (1788841503.251484)  can0  181   [8]  00 14 00 14 00 00 00 00
 (1788841503.301519)  can0  181   [8]  00 14 00 14 00 00 00 00
 (1788841503.351550)  can0  181   [8]  00 14 00 14 00 00 00 00
 (1788841503.401582)  can0  181   [8]  00 14 00 14 00 00 00 00
 (1788841503.451616)  can0  181   [8]  00 14 00 14 00 00 00 00
 (1788841503.501648)  can0  181   [8]  00 14 00 14 00 00 00 00
 (1788841503.551682)  can0  181   [8]  00 14 00 14 00 00 00 00
 (1788841503.601714)  can0  181   [8]  00 14 00 14 00 00 00 00
 (1788841503.610757)  can0  701   [1]  05
 (1788841503.612208)  can0  601   [8]  2F 60 60 00 03 00 00 00
 (1788841503.612571)  can0  581   [8]  60 60 60 00 00 00 00 00
 (1788841503.614200)  can0  601   [8]  40 61 60 00 00 00 00 00
 (1788841503.614561)  can0  581   [8]  4F 61 60 00 03 00 00 00
 (1788841503.616156)  can0  601   [8]  2B 40 60 00 06 00 00 00
 (1788841503.616565)  can0  581   [8]  60 40 60 00 00 00 00 00
 (1788841503.651742)  can0  181   [8]  21 14 21 14 00 00 00 00
 (1788841503.653210)  can0  601   [8]  40 6C 60 01 00 00 00 00
 (1788841503.653554)  can0  581   [8]  43 6C 60 01 00 00 00 00
 (1788841503.655146)  can0  601   [8]  40 6C 60 02 00 00 00 00
 (1788841503.655491)  can0  581   [8]  43 6C 60 02 00 00 00 00
 (1788841503.657202)  can0  601   [8]  40 6C 60 03 00 00 00 00
 (1788841503.657544)  can0  581   [8]  43 6C 60 03 00 00 00 00
 (1788841503.659212)  can0  601   [8]  2B 40 60 00 07 00 00 00
 (1788841503.659547)  can0  581   [8]  60 40 60 00 00 00 00 00
 (1788841503.701767)  can0  181   [8]  23 14 23 14 00 00 00 00
 (1788841503.703208)  can0  601   [8]  40 6C 60 01 00 00 00 00
 (1788841503.703514)  can0  581   [8]  43 6C 60 01 00 00 00 00
 (1788841503.705200)  can0  601   [8]  40 6C 60 02 00 00 00 00
 (1788841503.705511)  can0  581   [8]  43 6C 60 02 00 00 00 00
 (1788841503.707144)  can0  601   [8]  40 6C 60 03 00 00 00 00
 (1788841503.707506)  can0  581   [8]  43 6C 60 03 00 00 00 00
 (1788841503.709153)  can0  601   [8]  2B 40 60 00 0F 00 00 00
 (1788841503.709570)  can0  581   [8]  60 40 60 00 00 00 00 00
 (1788841503.751738)  can0  181   [8]  27 14 27 14 00 00 00 00
 (1788841503.753203)  can0  601   [8]  40 6C 60 01 00 00 00 00
 (1788841503.753546)  can0  581   [8]  43 6C 60 01 00 00 00 00
 (1788841503.755144)  can0  601   [8]  40 6C 60 02 00 00 00 00
 (1788841503.755486)  can0  581   [8]  43 6C 60 02 00 00 00 00
 (1788841503.757202)  can0  601   [8]  40 6C 60 03 00 00 00 00
 (1788841503.757539)  can0  581   [8]  43 6C 60 03 00 00 00 00
 (1788841503.759221)  can0  601   [8]  23 FF 60 01 05 00 00 00
 (1788841503.759482)  can0  581   [8]  60 FF 60 01 00 00 00 00
 (1788841503.761199)  can0  601   [8]  40 FF 60 01 00 00 00 00
 (1788841503.761538)  can0  581   [8]  43 FF 60 01 05 00 00 00
 (1788841503.801710)  can0  181   [8]  27 44 27 14 00 00 00 00
 (1788841503.851680)  can0  181   [8]  27 44 27 14 00 00 00 00
 (1788841503.901649)  can0  181   [8]  27 44 27 14 00 00 00 00
 (1788841503.951618)  can0  181   [8]  27 44 27 14 00 00 00 00
 (1788841504.001588)  can0  181   [8]  27 44 27 14 00 00 00 00
 (1788841504.051558)  can0  181   [8]  27 44 27 14 00 00 00 00
 (1788841504.101530)  can0  181   [8]  27 44 27 14 00 00 00 00
 (1788841504.110017)  can0  701   [1]  05
 (1788841504.151498)  can0  181   [8]  27 44 27 14 00 00 00 00
 (1788841504.201468)  can0  181   [8]  27 44 27 14 00 00 00 00
 (1788841504.251438)  can0  181   [8]  27 44 27 14 00 00 00 00
 (1788841504.301408)  can0  181   [8]  27 44 27 14 00 00 00 00
 (1788841504.351380)  can0  181   [8]  27 44 27 14 00 00 00 00
 (1788841504.401349)  can0  181   [8]  27 44 27 14 00 00 00 00
 (1788841504.451318)  can0  181   [8]  27 44 27 14 00 00 00 00
 (1788841504.501289)  can0  181   [8]  27 44 27 14 00 00 00 00
 (1788841504.551259)  can0  181   [8]  27 44 27 14 00 00 00 00
 (1788841504.601229)  can0  181   [8]  27 44 27 14 00 00 00 00
 (1788841504.609279)  can0  701   [1]  05
 (1788841504.651199)  can0  181   [8]  27 44 27 14 00 00 00 00
 (1788841504.701170)  can0  181   [8]  27 44 27 14 00 00 00 00
 (1788841504.751140)  can0  181   [8]  27 44 27 14 00 00 00 00
 (1788841504.801110)  can0  181   [8]  27 44 27 14 00 00 00 00
 (1788841504.851081)  can0  181   [8]  27 44 27 14 00 00 00 00
 (1788841504.901050)  can0  181   [8]  27 44 27 14 00 00 00 00
 (1788841504.951019)  can0  181   [8]  27 44 27 14 00 00 00 00
 (1788841505.000990)  can0  181   [8]  27 44 27 14 00 00 00 00
 (1788841505.050960)  can0  181   [8]  27 44 27 14 00 00 00 00
 (1788841505.100931)  can0  181   [8]  27 44 27 14 00 00 00 00
 (1788841505.108551)  can0  701   [1]  05
 (1788841505.150900)  can0  181   [8]  27 44 27 14 00 00 00 00
 (1788841505.200870)  can0  181   [8]  27 44 27 14 00 00 00 00
 (1788841505.250841)  can0  181   [8]  27 44 27 14 00 00 00 00
 (1788841505.300810)  can0  181   [8]  27 44 27 14 00 00 00 00
 (1788841505.350781)  can0  181   [8]  27 44 27 14 00 00 00 00
 (1788841505.400751)  can0  181   [8]  27 44 27 14 00 00 00 00
 (1788841505.450720)  can0  181   [8]  27 44 27 14 00 00 00 00
 (1788841505.500691)  can0  181   [8]  27 44 27 14 00 00 00 00
 (1788841505.550662)  can0  181   [8]  27 44 27 14 00 00 00 00
 (1788841505.600633)  can0  181   [8]  27 44 27 14 00 00 00 00
 (1788841505.607810)  can0  701   [1]  05
 (1788841505.650602)  can0  181   [8]  27 44 27 14 00 00 00 00
 (1788841505.700571)  can0  181   [8]  27 44 27 14 00 00 00 00
 (1788841505.750542)  can0  181   [8]  27 44 27 14 00 00 00 00
 (1788841505.800511)  can0  181   [8]  27 44 27 14 00 00 00 00
 (1788841505.850481)  can0  181   [8]  27 44 27 14 00 00 00 00
 (1788841505.900451)  can0  181   [8]  27 44 27 14 00 00 00 00
 (1788841505.950421)  can0  181   [8]  27 44 27 14 00 00 00 00
 (1788841506.000393)  can0  181   [8]  27 44 27 14 00 00 00 00
 (1788841506.050362)  can0  181   [8]  27 44 27 14 00 00 00 00
 (1788841506.100331)  can0  181   [8]  27 44 27 14 00 00 00 00
 (1788841506.107073)  can0  701   [1]  05
 (1788841506.150301)  can0  181   [8]  27 44 27 14 00 00 00 00
 (1788841506.200271)  can0  181   [8]  27 44 27 14 00 00 00 00
 (1788841506.250241)  can0  181   [8]  27 44 27 14 00 00 00 00
 (1788841506.300213)  can0  181   [8]  27 44 27 14 00 00 00 00
 (1788841506.350182)  can0  181   [8]  27 44 27 14 00 00 00 00
 (1788841506.400152)  can0  181   [8]  27 44 27 14 00 00 00 00
 (1788841506.450121)  can0  181   [8]  27 44 27 14 00 00 00 00
 (1788841506.500092)  can0  181   [8]  27 44 27 14 00 00 00 00
 (1788841506.550061)  can0  181   [8]  27 44 27 14 00 00 00 00
 (1788841506.600030)  can0  181   [8]  27 44 27 14 00 00 00 00
 (1788841506.606337)  can0  701   [1]  05
 (1788841506.650002)  can0  181   [8]  27 44 27 14 00 00 00 00
 (1788841506.699972)  can0  181   [8]  27 44 27 14 00 00 00 00
 (1788841506.749943)  can0  181   [8]  27 44 27 14 00 00 00 00
 (1788841506.760215)  can0  601   [8]  23 FF 60 01 00 00 00 00
 (1788841506.760549)  can0  581   [8]  60 FF 60 01 00 00 00 00
 (1788841506.762198)  can0  601   [8]  40 FF 60 01 00 00 00 00
 (1788841506.762546)  can0  581   [8]  43 FF 60 01 00 00 00 00
 (1788841506.764209)  can0  601   [8]  23 FF 60 01 00 00 00 00
 (1788841506.764542)  can0  581   [8]  60 FF 60 01 00 00 00 00
 (1788841506.766194)  can0  601   [8]  40 FF 60 01 00 00 00 00
 (1788841506.766538)  can0  581   [8]  43 FF 60 01 00 00 00 00
 (1788841506.768208)  can0  601   [8]  23 FF 60 02 00 00 00 00
 (1788841506.768536)  can0  581   [8]  60 FF 60 02 00 00 00 00
 (1788841506.770195)  can0  601   [8]  40 FF 60 02 00 00 00 00
 (1788841506.770534)  can0  581   [8]  43 FF 60 02 00 00 00 00
 (1788841506.772206)  can0  601   [8]  2B 40 60 00 06 00 00 00
 (1788841506.772532)  can0  581   [8]  60 40 60 00 00 00 00 00
 (1788841506.799918)  can0  181   [8]  21 54 21 14 00 00 00 00
 (1788841506.802207)  can0  601   [8]  40 6C 60 01 00 00 00 00
 (1788841506.802548)  can0  581   [8]  43 6C 60 01 0C 00 00 00
 (1788841506.849949)  can0  181   [8]  21 14 21 14 00 00 00 00
 (1788841506.855198)  can0  601   [8]  40 6C 60 01 00 00 00 00
 (1788841506.855446)  can0  581   [8]  43 6C 60 01 EE FF FF FF
 (1788841506.899986)  can0  181   [8]  21 14 21 14 00 00 00 00
 (1788841506.908195)  can0  601   [8]  40 6C 60 01 00 00 00 00
 (1788841506.908542)  can0  581   [8]  43 6C 60 01 04 00 00 00
 (1788841506.950014)  can0  181   [8]  21 14 21 14 00 00 00 00
 (1788841506.961198)  can0  601   [8]  40 6C 60 01 00 00 00 00
 (1788841506.961556)  can0  581   [8]  43 6C 60 01 02 00 00 00
 (1788841507.000046)  can0  181   [8]  21 14 21 14 00 00 00 00
 (1788841507.014195)  can0  601   [8]  40 6C 60 01 00 00 00 00
 (1788841507.014471)  can0  581   [8]  43 6C 60 01 00 00 00 00
 (1788841507.016197)  can0  601   [8]  40 6C 60 02 00 00 00 00
 (1788841507.016461)  can0  581   [8]  43 6C 60 02 00 00 00 00
 (1788841507.018198)  can0  601   [8]  40 6C 60 03 00 00 00 00
 (1788841507.018456)  can0  581   [8]  43 6C 60 03 00 00 00 00
 (1788841507.020093)  can0  000   [2]  80 01
 (1788841507.105607)  can0  701   [1]  7F
 (1788841507.106149)  can0  601   [8]  2B 0F 20 00 01 00 00 00
 (1788841507.106543)  can0  581   [8]  60 0F 20 00 00 00 00 00
 (1788841507.108143)  can0  601   [8]  40 0F 20 00 00 00 00 00
 (1788841507.108478)  can0  581   [8]  4B 0F 20 00 01 00 00 00
 (1788841507.114024)  can0  601   [8]  2B 17 10 00 00 00 00 00
 (1788841507.114285)  can0  581   [8]  60 17 10 00 00 00 00 00
